Component: ARM Compiler 5.05 update 2 (build 169) Tool: armlink [4d0f33]

==============================================================================

Section Cross References

    user_main.o(.text) refers to user_sysconfig.o(.text) for RCC_Config
    user_main.o(.text) refers to user_motor.o(.text) for Motor_Config
    user_main.o(.text) refers to user_adc.o(.text) for ADC_Config
    user_main.o(.text) refers to user_dam_adc.o(.text) for DMA_Config
    user_main.o(.text) refers to user_disp_0832k03.o(.text) for LCD_Config
    user_main.o(.text) refers to user_cisusart.o(.text) for CISUsart_Config
    user_main.o(.text) refers to user_voice.o(.text) for Voice_Init
    user_main.o(.text) refers to user_eeprom.o(.text) for First_Use
    user_main.o(.text) refers to user_timer.o(.text) for Timer_Config
    user_main.o(.text) refers to user_display.o(.text) for FillDisplay
    user_main.o(.text) refers to user_udisc.o(.text) for USB_Config
    user_main.o(.text) refers to user_key_0832_12key.o(.text) for OffPowerKeyAnalysis
    user_main.o(.text) refers to user_sensor.o(.text) for Test
    user_main.o(.text) refers to user_fifo.o(.text) for fifo_Init
    user_main.o(.text) refers to user_cisspi.o(.text) for Spi2SlaveInit
    user_main.o(.text) refers to user_beepcon.o(.text) for Beepcon
    user_main.o(.text) refers to user_union.o(.text) for DealBill
    user_main.o(.text) refers to user_sysconfig.o(.bss) for g_SysType
    user_main.o(.text) refers to user_key_0832_12key.o(.bss) for g_KeyType
    user_union.o(.text) refers to user_currency.o(.text) for ClearCurPCS
    user_union.o(.text) refers to user_disp_0832k03.o(.text) for Display
    user_union.o(.text) refers to user_motor.o(.text) for Motor_On
    user_union.o(.text) refers to user_common.o(.text) for ScopeAnalysis
    user_union.o(.text) refers to user_voice.o(.text) for VoiceErr
    user_union.o(.text) refers to user_sysconfig.o(.text) for DelayMs
    user_union.o(.text) refers to user_cisusart.o(.text) for CIS_DealCommand
    user_union.o(.text) refers to user_key_0832_12key.o(.text) for ReadKey
    user_union.o(.text) refers to user_beepcon.o(.text) for Beepcon
    user_union.o(.text) refers to user_sensor.o(.text) for CheckReset
    user_union.o(.text) refers to user_disp_tm1620.o(.text) for Disp_TM1620
    user_union.o(.text) refers to user_sysconfig.o(.bss) for g_SysType
    user_union.o(.text) refers to user_key_0832_12key.o(.bss) for g_KeyType
    user_union.o(.text) refers to user_adc.o(.bss) for ADCConvertedValue
    user_union.o(.text) refers to user_eeprom.o(.bss) for g_Sensitivity
    user_union.o(.text) refers to user_voice.o(.bss) for g_VoiceType
    user_union.o(.text) refers to user_disp_0832k03.o(.bss) for g_LCD
    user_union.o(.text) refers to user_sensor.o(.bss) for g_SensorTestTYPE
    user_disp_tm1620.o(.text) refers to stm32f10x_gpio.o(.text) for GPIO_Init
    user_disp_tm1620.o(.text) refers to user_tm1616.o(.text) for TM1616_Config
    user_disp_tm1620.o(.text) refers to user_sysconfig.o(.text) for DelayUS
    user_disp_tm1620.o(.text) refers to user_disp_tm1620.o(.constdata) for LED_7
    user_disp_tm1620.o(.text) refers to user_disp_tm1620.o(.bss) for g_LCD1629A
    user_disp_tm1620.o(.text) refers to user_disp_0832k03.o(.bss) for g_LCD
    user_disp_tm1620.o(.text) refers to user_sysconfig.o(.bss) for g_SysType
    user_disp_tm1620.o(.text) refers to user_disp_lcd418.o(.text) for Disp_LCD418
    user_disp_tm1620.o(.text) refers to user_eeprom.o(.bss) for g_Sensitivity
    user_display.o(.text) refers to user_disp_0832k03.o(.text) for LCD_Set_Disp
    user_display.o(.text) refers to user_disp_0832k03.o(.bss) for g_LCD
    user_display.o(.text) refers to user_sysconfig.o(.bss) for g_SysType
    user_display.o(.text) refers to user_display.o(.constdata) for g_DispTotalListUSD
    user_display.o(.text) refers to user_sysconfig.o(.text) for DelayMs
    user_display.o(.text) refers to user_disp_tm1620.o(.text) for FillTM1620
    user_display.o(.text) refers to user_key_0832_12key.o(.bss) for g_KeyType
    user_display.o(.text) refers to user_eeprom.o(.bss) for g_Sensitivity
    user_display.o(.constdata) refers to user_sysconfig.o(.bss) for g_SysType
    user_display.o(.constdata) refers to user_adc.o(.bss) for ADCConvertedValue
    user_key_0832_12key.o(.text) refers to stm32f10x_gpio.o(.text) for GPIO_Init
    user_key_0832_12key.o(.text) refers to user_sysconfig.o(.text) for DelayUS
    user_key_0832_12key.o(.text) refers to user_display.o(.text) for DispSetManualYes
    user_key_0832_12key.o(.text) refers to user_key_0832_12key.o(.data) for temp1
    user_key_0832_12key.o(.text) refers to user_sysconfig.o(.bss) for g_SysType
    user_key_0832_12key.o(.text) refers to user_voice.o(.bss) for g_VoiceType
    user_key_0832_12key.o(.text) refers to user_key_0832_12key.o(.bss) for g_KeyType
    user_key_0832_12key.o(.text) refers to user_disp_0832k03.o(.bss) for g_LCD
[...]
    Disp_TotalW9                             0x0801482b   Thumb Code   490  user_tm1616.o(.text)
    Disp_Static                              0x08014a15   Thumb Code   108  user_tm1616.o(.text)
    Fill_Static                              0x08014a81   Thumb Code    34  user_tm1616.o(.text)
    Fill_3NumW                               0x08014aa3   Thumb Code    92  user_tm1616.o(.text)
    Fill_TotalW                              0x08014aff   Thumb Code    92  user_tm1616.o(.text)
    _sys_exit                                0x08014b79   Thumb Code     6  user_usart.o(.text)
    fputc                                    0x08014b7f   Thumb Code    24  user_usart.o(.text)
    SendChar                                 0x08014b97   Thumb Code    28  user_usart.o(.text)
    Usart_Config                             0x08014bb3   Thumb Code   160  user_usart.o(.text)
    SendStr                                  0x08014c53   Thumb Code    22  user_usart.o(.text)
    SendADStr                                0x08014c69   Thumb Code    74  user_usart.o(.text)
    SendIntStr                               0x08014cb3   Thumb Code   200  user_usart.o(.text)
    SendValueStr                             0x08014d7b   Thumb Code    84  user_usart.o(.text)
    USART1_IRQHandler                        0x08014dcf   Thumb Code    22  user_usart.o(.text)
    Delay100us                               0x08014df1   Thumb Code    40  user_voice.o(.text)
    VoiceReset                               0x08014e19   Thumb Code    22  user_voice.o(.text)
    Voice_CheckStar                          0x08014e2f   Thumb Code   142  user_voice.o(.text)
    WAIT_BUSY                                0x08014ebd   Thumb Code   142  user_voice.o(.text)
    Voice_Init                               0x08014f4b   Thumb Code    68  user_voice.o(.text)
    VoiceSeg                                 0x08014f8f   Thumb Code    90  user_voice.o(.text)
    VoiceWelcome                             0x08014fe9   Thumb Code    32  user_voice.o(.text)
    VoiceErr                                 0x08015009   Thumb Code    26  user_voice.o(.text)
    PlayGe                                   0x08015023   Thumb Code    30  user_voice.o(.text)
    PlayShi                                  0x08015041   Thumb Code    38  user_voice.o(.text)
    PlayBai                                  0x08015067   Thumb Code    70  user_voice.o(.text)
    PlayQian                                 0x080150ad   Thumb Code   148  user_voice.o(.text)
    NumToVoice                               0x08015141   Thumb Code    80  user_voice.o(.text)
    VoiceNums                                0x08015191   Thumb Code   378  user_voice.o(.text)
    VoicePre                                 0x0801530b   Thumb Code   202  user_voice.o(.text)
    VoiceJishu                               0x080153d5   Thumb Code    34  user_voice.o(.text)
    VoiceYuzhi                               0x080153f7   Thumb Code    34  user_voice.o(.text)
    VoicePlay                                0x08015419   Thumb Code    36  user_voice.o(.text)
    VoiceBeepTimes                           0x0801543d   Thumb Code    32  user_voice.o(.text)
    USBH_GetDescriptor                       0x080154cd   Thumb Code    68  usbh_stdreq.o(.text)
    USBH_Get_DevDesc                         0x08015511   Thumb Code    56  usbh_stdreq.o(.text)
    USBH_GetNextDesc                         0x0801558f   Thumb Code    18  usbh_stdreq.o(.text)
    USBH_Get_CfgDesc                         0x080156b3   Thumb Code    88  usbh_stdreq.o(.text)
    USBH_Get_StringDesc                      0x08015741   Thumb Code    60  usbh_stdreq.o(.text)
    USBH_SetAddress                          0x0801577d   Thumb Code    38  usbh_stdreq.o(.text)
    USBH_SetCfg                              0x080157a3   Thumb Code    38  usbh_stdreq.o(.text)
    USBH_SetInterface                        0x080157c9   Thumb Code    44  usbh_stdreq.o(.text)
    USBH_ClrFeature                          0x080157f5   Thumb Code    76  usbh_stdreq.o(.text)
    USBH_CtlReq                              0x08015865   Thumb Code   100  usbh_ioreq.o(.text)
    USBH_CtlSendSetup                        0x080158c9   Thumb Code    66  usbh_ioreq.o(.text)
    USBH_CtlSendData                         0x0801590b   Thumb Code   110  usbh_ioreq.o(.text)
    USBH_CtlReceiveData                      0x08015979   Thumb Code    70  usbh_ioreq.o(.text)
    USBH_BulkSendData                        0x080159bf   Thumb Code    94  usbh_ioreq.o(.text)
    USBH_BulkReceiveData                     0x08015a1d   Thumb Code    96  usbh_ioreq.o(.text)
    USBH_InterruptReceiveData                0x08015a7d   Thumb Code   120  usbh_ioreq.o(.text)
    USBH_InterruptSendData                   0x08015af5   Thumb Code   118  usbh_ioreq.o(.text)
    USBH_IsocReceiveData                     0x08015b6b   Thumb Code    70  usbh_ioreq.o(.text)
    USBH_IsocSendData                        0x08015bb1   Thumb Code    68  usbh_ioreq.o(.text)
    USBH_Open_Channel                        0x08015bf5   Thumb Code   154  usbh_hcs.o(.text)
    USBH_Modify_Channel                      0x08015c8f   Thumb Code   100  usbh_hcs.o(.text)
    USBH_Alloc_Channel                       0x08015d1b   Thumb Code    38  usbh_hcs.o(.text)
    USBH_Free_Channel                        0x08015d41   Thumb Code    30  usbh_hcs.o(.text)
    USBH_DeAllocate_AllChannel               0x08015d5f   Thumb Code    28  usbh_hcs.o(.text)
    USBH_Connected                           0x08015d7d   Thumb Code    12  usbh_core.o(.text)
    USBH_Disconnected                        0x08015d89   Thumb Code    12  usbh_core.o(.text)
    USBH_SOF                                 0x08015d95   Thumb Code     6  usbh_core.o(.text)
    USBH_DeInit                              0x08015d9b   Thumb Code    58  usbh_core.o(.text)
    USBH_Init                                0x08015dd5   Thumb Code    62  usbh_core.o(.text)
    USBH_HandleControl                       0x08015e13   Thumb Code   544  usbh_core.o(.text)
    USBH_ErrorHandle                         0x08016033   Thumb Code    46  usbh_core.o(.text)
    USBH_Process                             0x08016239   Thumb Code   412  usbh_core.o(.text)
    USBH_MSC_Init                            0x080163d5   Thumb Code    44  usbh_msc_bot.o(.text)
    USBH_MSC_BOT_Abort                       0x08016401   Thumb Code    86  usbh_msc_bot.o(.text)
    USBH_MSC_DecodeCSW                       0x08016457   Thumb Code   108  usbh_msc_bot.o(.text)
    USBH_MSC_HandleBOTXfer                   0x080164c3   Thumb Code   866  usbh_msc_bot.o(.text)
    USBH_MSC_ErrorHandle                     0x0801693f   Thumb Code    58  usbh_msc_core.o(.text)
    USBH_MSC_TestUnitReady                   0x08016b4d   Thumb Code   162  usbh_msc_scsi.o(.text)
    USBH_MSC_ReadCapacity10                  0x08016bef   Thumb Code   202  usbh_msc_scsi.o(.text)
    USBH_MSC_ModeSense6                      0x08016cb9   Thumb Code   192  usbh_msc_scsi.o(.text)
    USBH_MSC_RequestSense                    0x08016d79   Thumb Code   208  usbh_msc_scsi.o(.text)
    USBH_MSC_Write10                         0x08016e49   Thumb Code   218  usbh_msc_scsi.o(.text)
    USBH_MSC_Read10                          0x08016f23   Thumb Code   272  usbh_msc_scsi.o(.text)
    USB_OTG_WritePacket                      0x080170e1   Thumb Code    64  usb_core.o(.text)
    USB_OTG_ReadPacket                       0x08017121   Thumb Code    40  usb_core.o(.text)
    USB_OTG_SelectCore                       0x08017149   Thumb Code   204  usb_core.o(.text)
    USB_OTG_CoreInit                         0x08017215   Thumb Code   294  usb_core.o(.text)
    USB_OTG_EnableGlobalInt                  0x0801733b   Thumb Code    34  usb_core.o(.text)
    USB_OTG_DisableGlobalInt                 0x0801735d   Thumb Code    34  usb_core.o(.text)
    USB_OTG_FlushTxFifo                      0x0801737f   Thumb Code    80  usb_core.o(.text)
    USB_OTG_FlushRxFifo                      0x080173cf   Thumb Code    70  usb_core.o(.text)
    USB_OTG_SetCurrentMode                   0x08017415   Thumb Code    78  usb_core.o(.text)
    USB_OTG_GetMode                          0x08017463   Thumb Code    22  usb_core.o(.text)
    USB_OTG_IsDeviceMode                     0x08017479   Thumb Code    22  usb_core.o(.text)
    USB_OTG_IsHostMode                       0x0801748f   Thumb Code    20  usb_core.o(.text)
    USB_OTG_ReadCoreItr                      0x080174a3   Thumb Code    16  usb_core.o(.text)
    USB_OTG_ReadOtgItr                       0x080174b3   Thumb Code     8  usb_core.o(.text)
    USB_OTG_EnableHostInt                    0x080174bb   Thumb Code   116  usb_core.o(.text)
    USB_OTG_ReadHPRT0                        0x0801752f   Thumb Code    48  usb_core.o(.text)
    USB_OTG_DriveVbus                        0x0801755f   Thumb Code    92  usb_core.o(.text)
    USB_OTG_ResetPort                        0x080175bb   Thumb Code    64  usb_core.o(.text)
    USB_OTG_InitFSLSPClkSel                  0x080175fb   Thumb Code    24  usb_core.o(.text)
    USB_OTG_CoreInitHost                     0x08017613   Thumb Code   214  usb_core.o(.text)
    USB_OTG_IsEvenFrame                      0x080176e9   Thumb Code    16  usb_core.o(.text)
    USB_OTG_ReadHostAllChannels_intr         0x080176f9   Thumb Code     8  usb_core.o(.text)
    USB_OTG_HC_Init                          0x08017701   Thumb Code   568  usb_core.o(.text)
    USB_OTG_HC_StartXfer                     0x08017939   Thumb Code   502  usb_core.o(.text)
    USB_OTG_HC_Halt                          0x08017b2f   Thumb Code   130  usb_core.o(.text)
    USB_OTG_HC_DoPing                        0x08017bb1   Thumb Code    90  usb_core.o(.text)
    USB_OTG_StopHost                         0x08017c0b   Thumb Code    96  usb_core.o(.text)
    HCD_Init                                 0x08017c6b   Thumb Code    96  usb_hcd.o(.text)
    HCD_GetCurrentSpeed                      0x08017ccb   Thumb Code    20  usb_hcd.o(.text)
    HCD_ResetPort                            0x08017cdf   Thumb Code    14  usb_hcd.o(.text)
    HCD_IsDeviceConnected                    0x08017ced   Thumb Code     8  usb_hcd.o(.text)
    HCD_GetCurrentFrame                      0x08017cf5   Thumb Code    10  usb_hcd.o(.text)
    HCD_GetURB_State                         0x08017cff   Thumb Code    10  usb_hcd.o(.text)
    HCD_GetXferCnt                           0x08017d09   Thumb Code    12  usb_hcd.o(.text)
    HCD_GetHCState                           0x08017d15   Thumb Code    10  usb_hcd.o(.text)
    HCD_HC_Init                              0x08017d1f   Thumb Code    16  usb_hcd.o(.text)
    HCD_SubmitRequest                        0x08017d2f   Thumb Code    32  usb_hcd.o(.text)
    USBH_OTG_ISR_Handler                     0x08018b17   Thumb Code   168  usb_hcd_int.o(.text)
    USB_OTG_BSP_TimerIRQ                     0x08018bc5   Thumb Code    48  user_bsp.o(.text)
    USB_OTG_BSP_Init                         0x08018c1d   Thumb Code    10  user_bsp.o(.text)
    USB_OTG_BSP_EnableInterrupt              0x08018c27   Thumb Code    34  user_bsp.o(.text)
    USB_OTG_BSP_DriveVBUS                    0x08018c49   Thumb Code     2  user_bsp.o(.text)
    USB_OTG_BSP_ConfigVBUS                   0x08018c4b   Thumb Code     2  user_bsp.o(.text)
    USB_OTG_BSP_mDelay                       0x08018cdb   Thumb Code    14  user_bsp.o(.text)
    USB_OTG_BSP_uDelay                       0x08018ce9   Thumb Code    14  user_bsp.o(.text)
    TIM6_IRQHandler                          0x08018cf7   Thumb Code     8  user_bsp.o(.text)
    USBH_USR_Init                            0x08018d09   Thumb Code     2  usbh_msc_usr.o(.text)
    USBH_USR_DeviceAttached                  0x08018d0b   Thumb Code     2  usbh_msc_usr.o(.text)
    USBH_USR_UnrecoveredError                0x08018d0d   Thumb Code     2  usbh_msc_usr.o(.text)
    USBH_USR_DeviceDisconnected              0x08018d0f   Thumb Code     8  usbh_msc_usr.o(.text)
    USBH_USR_ResetDevice                     0x08018d17   Thumb Code     2  usbh_msc_usr.o(.text)
    USBH_USR_DeviceSpeedDetected             0x08018d19   Thumb Code    10  usbh_msc_usr.o(.text)
    USBH_USR_Device_DescAvailable            0x08018d23   Thumb Code     2  usbh_msc_usr.o(.text)
    USBH_USR_DeviceAddressAssigned           0x08018d25   Thumb Code     2  usbh_msc_usr.o(.text)
    USBH_USR_Configuration_DescAvailable     0x08018d27   Thumb Code    16  usbh_msc_usr.o(.text)
    USBH_USR_Manufacturer_String             0x08018d37   Thumb Code     2  usbh_msc_usr.o(.text)
    USBH_USR_Product_String                  0x08018d39   Thumb Code     2  usbh_msc_usr.o(.text)
    USBH_USR_SerialNum_String                0x08018d3b   Thumb Code     2  usbh_msc_usr.o(.text)
    USBH_USR_EnumerationDone                 0x08018d3d   Thumb Code     8  usbh_msc_usr.o(.text)
    USBH_USR_DeviceNotSupported              0x08018d45   Thumb Code     2  usbh_msc_usr.o(.text)
    USBH_USR_UserInput                       0x08018d47   Thumb Code     4  usbh_msc_usr.o(.text)
    USBH_USR_OverCurrentDetected             0x08018d4b   Thumb Code     2  usbh_msc_usr.o(.text)
    USBH_USR_MSC_Application                 0x08018d4d   Thumb Code    42  usbh_msc_usr.o(.text)
    USBH_USR_DeInit                          0x08018d77   Thumb Code     8  usbh_msc_usr.o(.text)
    clust2sect                               0x08018f47   Thumb Code    26  ff.o(.text)
    get_fat                                  0x08018f61   Thumb Code   242  ff.o(.text)
    put_fat                                  0x08019053   Thumb Code   322  ff.o(.text)
    f_mount                                  0x0801a543   Thumb Code    86  ff.o(.text)
    f_open                                   0x0801a599   Thumb Code   360  ff.o(.text)
    f_read                                   0x0801a701   Thumb Code   454  ff.o(.text)
    f_write                                  0x0801a8c7   Thumb Code   490  ff.o(.text)
    f_sync                                   0x0801aab1   Thumb Code   176  ff.o(.text)
    f_close                                  0x0801ab61   Thumb Code    32  ff.o(.text)
    f_chdrive                                0x0801ab81   Thumb Code    26  ff.o(.text)
    f_chdir                                  0x0801ab9b   Thumb Code    88  ff.o(.text)
    f_getcwd                                 0x0801abf3   Thumb Code   310  ff.o(.text)
    f_lseek                                  0x0801ad29   Thumb Code   694  ff.o(.text)
    f_opendir                                0x0801afdf   Thumb Code   114  ff.o(.text)
    f_closedir                               0x0801b051   Thumb Code    22  ff.o(.text)
    f_readdir                                0x0801b067   Thumb Code    92  ff.o(.text)
    f_findnext                               0x0801b0c3   Thumb Code    74  ff.o(.text)
    f_findfirst                              0x0801b10d   Thumb Code    42  ff.o(.text)
    f_stat                                   0x0801b137   Thumb Code    64  ff.o(.text)
    f_getfree                                0x0801b177   Thumb Code   258  ff.o(.text)
    f_truncate                               0x0801b279   Thumb Code   184  ff.o(.text)
    f_unlink                                 0x0801b331   Thumb Code   200  ff.o(.text)
    f_mkdir                                  0x0801b3f9   Thumb Code   368  ff.o(.text)
    f_chmod                                  0x0801b569   Thumb Code   100  ff.o(.text)
    f_rename                                 0x0801b5cd   Thumb Code   274  ff.o(.text)
    f_utime                                  0x0801b6df   Thumb Code   102  ff.o(.text)
    f_getlabel                               0x0801b745   Thumb Code   196  ff.o(.text)
    f_setlabel                               0x0801b809   Thumb Code   480  ff.o(.text)
    f_gets                                   0x0801b9e9   Thumb Code    86  ff.o(.text)
    f_putc                                   0x0801ba8d   Thumb Code    64  ff.o(.text)
    f_puts                                   0x0801bacd   Thumb Code    74  ff.o(.text)
    f_printf                                 0x0801bb17   Thumb Code   648  ff.o(.text)
    disk_initialize                          0x0801bda1   Thumb Code    44  diskio_msc&sd.o(.text)
    disk_status                              0x0801bdcd   Thumb Code    34  diskio_msc&sd.o(.text)
    disk_read                                0x0801bdef   Thumb Code   124  diskio_msc&sd.o(.text)
    disk_write                               0x0801be6b   Thumb Code   138  diskio_msc&sd.o(.text)
    disk_ioctl                               0x0801bef5   Thumb Code   100  diskio_msc&sd.o(.text)
    get_fattime                              0x0801bf59   Thumb Code     4  diskio_msc&sd.o(.text)
    ff_convert                               0x0801bf71   Thumb Code     4  cc932.o(.text)
    ff_wtoupper                              0x0801bf75   Thumb Code    46  cc932.o(.text)
    NVIC_PriorityGroupConfig                 0x0801bfad   Thumb Code    10  misc.o(.text)
    NVIC_Init                                0x0801bfb7   Thumb Code   100  misc.o(.text)
    NVIC_SetVectorTable                      0x0801c01b   Thumb Code    14  misc.o(.text)
    NVIC_SystemLPConfig                      0x0801c029   Thumb Code    34  misc.o(.text)
    SysTick_CLKSourceConfig                  0x0801c04b   Thumb Code    40  misc.o(.text)
    ADC_DeInit                               0x0801c089   Thumb Code    78  stm32f10x_adc.o(.text)
    ADC_Init                                 0x0801c0d7   Thumb Code    70  stm32f10x_adc.o(.text)
    ADC_StructInit                           0x0801c11d   Thumb Code    18  stm32f10x_adc.o(.text)
    ADC_Cmd                                  0x0801c12f   Thumb Code    22  stm32f10x_adc.o(.text)
    ADC_DMACmd                               0x0801c145   Thumb Code    22  stm32f10x_adc.o(.text)
    ADC_ITConfig                             0x0801c15b   Thumb Code    24  stm32f10x_adc.o(.text)
    ADC_ResetCalibration                     0x0801c173   Thumb Code    10  stm32f10x_adc.o(.text)
    ADC_GetResetCalibrationStatus            0x0801c17d   Thumb Code    20  stm32f10x_adc.o(.text)
    ADC_StartCalibration                     0x0801c191   Thumb Code    10  stm32f10x_adc.o(.text)
    ADC_GetCalibrationStatus                 0x0801c19b   Thumb Code    20  stm32f10x_adc.o(.text)
    ADC_SoftwareStartConvCmd                 0x0801c1af   Thumb Code    22  stm32f10x_adc.o(.text)
    ADC_GetSoftwareStartConvStatus           0x0801c1c5   Thumb Code    20  stm32f10x_adc.o(.text)
    ADC_DiscModeChannelCountConfig           0x0801c1d9   Thumb Code    24  stm32f10x_adc.o(.text)
    ADC_DiscModeCmd                          0x0801c1f1   Thumb Code    22  stm32f10x_adc.o(.text)
    ADC_RegularChannelConfig                 0x0801c207   Thumb Code   184  stm32f10x_adc.o(.text)
    ADC_ExternalTrigConvCmd                  0x0801c2bf   Thumb Code    22  stm32f10x_adc.o(.text)
    ADC_GetConversionValue                   0x0801c2d5   Thumb Code     8  stm32f10x_adc.o(.text)
    ADC_GetDualModeConversionValue           0x0801c2dd   Thumb Code     8  stm32f10x_adc.o(.text)
    ADC_AutoInjectedConvCmd                  0x0801c2e5   Thumb Code    22  stm32f10x_adc.o(.text)
    ADC_InjectedDiscModeCmd                  0x0801c2fb   Thumb Code    22  stm32f10x_adc.o(.text)
    ADC_ExternalTrigInjectedConvConfig       0x0801c311   Thumb Code    16  stm32f10x_adc.o(.text)
    ADC_ExternalTrigInjectedConvCmd          0x0801c321   Thumb Code    22  stm32f10x_adc.o(.text)
    ADC_SoftwareStartInjectedConvCmd         0x0801c337   Thumb Code    22  stm32f10x_adc.o(.text)
    ADC_GetSoftwareStartInjectedConvCmdStatus 0x0801c34d   Thumb Code    20  stm32f10x_adc.o(.text)
    ADC_InjectedChannelConfig                0x0801c361   Thumb Code   130  stm32f10x_adc.o(.text)
    ADC_InjectedSequencerLengthConfig        0x0801c3e3   Thumb Code    24  stm32f10x_adc.o(.text)
    ADC_SetInjectedOffset                    0x0801c3fb   Thumb Code    20  stm32f10x_adc.o(.text)
    ADC_GetInjectedConversionValue           0x0801c40f   Thumb Code    28  stm32f10x_adc.o(.text)
    ADC_AnalogWatchdogCmd                    0x0801c42b   Thumb Code    16  stm32f10x_adc.o(.text)
    ADC_AnalogWatchdogThresholdsConfig       0x0801c43b   Thumb Code     6  stm32f10x_adc.o(.text)
    ADC_AnalogWatchdogSingleChannelConfig    0x0801c441   Thumb Code    16  stm32f10x_adc.o(.text)
    ADC_TempSensorVrefintCmd                 0x0801c451   Thumb Code    64  stm32f10x_adc.o(.text)
    ADC_GetFlagStatus                        0x0801c491   Thumb Code    18  stm32f10x_adc.o(.text)
    ADC_ClearFlag                            0x0801c4a3   Thumb Code     6  stm32f10x_adc.o(.text)
    ADC_GetITStatus                          0x0801c4a9   Thumb Code    36  stm32f10x_adc.o(.text)
    ADC_ClearITPendingBit                    0x0801c4cd   Thumb Code    10  stm32f10x_adc.o(.text)
    DMA_DeInit                               0x0801c4d9   Thumb Code   324  stm32f10x_dma.o(.text)
    DMA_Init                                 0x0801c61d   Thumb Code    60  stm32f10x_dma.o(.text)
    DMA_StructInit                           0x0801c659   Thumb Code    26  stm32f10x_dma.o(.text)
    DMA_Cmd                                  0x0801c673   Thumb Code    24  stm32f10x_dma.o(.text)
    DMA_ITConfig                             0x0801c68b   Thumb Code    18  stm32f10x_dma.o(.text)
    DMA_SetCurrDataCounter                   0x0801c69d   Thumb Code     4  stm32f10x_dma.o(.text)
    DMA_GetCurrDataCounter                   0x0801c6a1   Thumb Code     8  stm32f10x_dma.o(.text)
    DMA_GetFlagStatus                        0x0801c6a9   Thumb Code    40  stm32f10x_dma.o(.text)
    DMA_ClearFlag                            0x0801c6d1   Thumb Code    22  stm32f10x_dma.o(.text)
    DMA_GetITStatus                          0x0801c6e7   Thumb Code    40  stm32f10x_dma.o(.text)
    DMA_ClearITPendingBit                    0x0801c70f   Thumb Code    22  stm32f10x_dma.o(.text)
    EXTI_DeInit                              0x0801c72d   Thumb Code    28  stm32f10x_exti.o(.text)
    EXTI_Init                                0x0801c749   Thumb Code   142  stm32f10x_exti.o(.text)
    EXTI_StructInit                          0x0801c7d7   Thumb Code    16  stm32f10x_exti.o(.text)
    EXTI_GenerateSWInterrupt                 0x0801c7e7   Thumb Code    16  stm32f10x_exti.o(.text)
    EXTI_GetFlagStatus                       0x0801c7f7   Thumb Code    22  stm32f10x_exti.o(.text)
    EXTI_ClearFlag                           0x0801c80d   Thumb Code     8  stm32f10x_exti.o(.text)
    EXTI_GetITStatus                         0x0801c815   Thumb Code    34  stm32f10x_exti.o(.text)
    EXTI_ClearITPendingBit                   0x0801c837   Thumb Code     8  stm32f10x_exti.o(.text)
    FLASH_SetLatency                         0x0801c849   Thumb Code    18  stm32f10x_flash.o(.text)
    FLASH_HalfCycleAccessCmd                 0x0801c85b   Thumb Code    22  stm32f10x_flash.o(.text)
    FLASH_PrefetchBufferCmd                  0x0801c871   Thumb Code    22  stm32f10x_flash.o(.text)
    FLASH_Unlock                             0x0801c887   Thumb Code    12  stm32f10x_flash.o(.text)
    FLASH_UnlockBank1                        0x0801c893   Thumb Code    12  stm32f10x_flash.o(.text)
    FLASH_Lock                               0x0801c89f   Thumb Code    14  stm32f10x_flash.o(.text)
    FLASH_LockBank1                          0x0801c8ad   Thumb Code    14  stm32f10x_flash.o(.text)
    FLASH_GetBank1Status                     0x0801c8bb   Thumb Code    48  stm32f10x_flash.o(.text)
    FLASH_WaitForLastOperation               0x0801c8eb   Thumb Code    38  stm32f10x_flash.o(.text)
    FLASH_ErasePage                          0x0801c911   Thumb Code    72  stm32f10x_flash.o(.text)
    FLASH_EraseAllPages                      0x0801c959   Thumb Code    68  stm32f10x_flash.o(.text)
    FLASH_WaitForLastBank1Operation          0x0801c99d   Thumb Code    38  stm32f10x_flash.o(.text)
    FLASH_EraseAllBank1Pages                 0x0801c9c3   Thumb Code    68  stm32f10x_flash.o(.text)
    FLASH_GetReadOutProtectionStatus         0x0801ca07   Thumb Code    20  stm32f10x_flash.o(.text)
    FLASH_EraseOptionBytes                   0x0801ca1b   Thumb Code   150  stm32f10x_flash.o(.text)
    FLASH_ProgramWord                        0x0801cab1   Thumb Code   102  stm32f10x_flash.o(.text)
    FLASH_ProgramHalfWord                    0x0801cb17   Thumb Code    60  stm32f10x_flash.o(.text)
    FLASH_ProgramOptionByteData              0x0801cb53   Thumb Code    72  stm32f10x_flash.o(.text)
    FLASH_EnableWriteProtection              0x0801cb9b   Thumb Code   200  stm32f10x_flash.o(.text)
    FLASH_ReadOutProtection                  0x0801cc63   Thumb Code   156  stm32f10x_flash.o(.text)
    FLASH_UserOptionByteConfig               0x0801ccff   Thumb Code    88  stm32f10x_flash.o(.text)
    FLASH_GetUserOptionByte                  0x0801cd57   Thumb Code     8  stm32f10x_flash.o(.text)
    FLASH_GetWriteProtectionOptionByte       0x0801cd5f   Thumb Code     6  stm32f10x_flash.o(.text)
    FLASH_GetPrefetchBufferStatus            0x0801cd65   Thumb Code    20  stm32f10x_flash.o(.text)
    FLASH_ITConfig                           0x0801cd79   Thumb Code    26  stm32f10x_flash.o(.text)
    FLASH_GetFlagStatus                      0x0801cd93   Thumb Code    42  stm32f10x_flash.o(.text)
    FLASH_ClearFlag                          0x0801cdbd   Thumb Code     6  stm32f10x_flash.o(.text)
    FLASH_GetStatus                          0x0801cdc3   Thumb Code    48  stm32f10x_flash.o(.text)
    GPIO_DeInit                              0x0801ce05   Thumb Code   172  stm32f10x_gpio.o(.text)
    GPIO_AFIODeInit                          0x0801ceb1   Thumb Code    20  stm32f10x_gpio.o(.text)
    GPIO_Init                                0x0801cec5   Thumb Code   278  stm32f10x_gpio.o(.text)
    GPIO_StructInit                          0x0801cfdb   Thumb Code    16  stm32f10x_gpio.o(.text)
    GPIO_ReadInputDataBit                    0x0801cfeb   Thumb Code    18  stm32f10x_gpio.o(.text)
    GPIO_ReadInputData                       0x0801cffd   Thumb Code     8  stm32f10x_gpio.o(.text)
    GPIO_ReadOutputDataBit                   0x0801d005   Thumb Code    18  stm32f10x_gpio.o(.text)
    GPIO_ReadOutputData                      0x0801d017   Thumb Code     8  stm32f10x_gpio.o(.text)
    GPIO_SetBits                             0x0801d01f   Thumb Code     4  stm32f10x_gpio.o(.text)
    GPIO_ResetBits                           0x0801d023   Thumb Code     4  stm32f10x_gpio.o(.text)
    GPIO_WriteBit                            0x0801d027   Thumb Code    10  stm32f10x_gpio.o(.text)
    GPIO_Write                               0x0801d031   Thumb Code     4  stm32f10x_gpio.o(.text)
    GPIO_PinLockConfig                       0x0801d035   Thumb Code    18  stm32f10x_gpio.o(.text)
    GPIO_EventOutputConfig                   0x0801d047   Thumb Code    26  stm32f10x_gpio.o(.text)
    GPIO_EventOutputCmd                      0x0801d061   Thumb Code     6  stm32f10x_gpio.o(.text)
    GPIO_PinRemapConfig                      0x0801d067   Thumb Code   138  stm32f10x_gpio.o(.text)
    GPIO_EXTILineConfig                      0x0801d0f1   Thumb Code    66  stm32f10x_gpio.o(.text)
    GPIO_ETH_MediaInterfaceConfig            0x0801d133   Thumb Code     8  stm32f10x_gpio.o(.text)
    RCC_DeInit                               0x0801d161   Thumb Code    78  stm32f10x_rcc.o(.text)
    RCC_HSEConfig                            0x0801d1af   Thumb Code    70  stm32f10x_rcc.o(.text)
    RCC_GetFlagStatus                        0x0801d1f5   Thumb Code    56  stm32f10x_rcc.o(.text)
    RCC_WaitForHSEStartUp                    0x0801d22d   Thumb Code    56  stm32f10x_rcc.o(.text)
    RCC_AdjustHSICalibrationValue            0x0801d265   Thumb Code    20  stm32f10x_rcc.o(.text)
    RCC_HSICmd                               0x0801d279   Thumb Code     6  stm32f10x_rcc.o(.text)
    RCC_PLLConfig                            0x0801d27f   Thumb Code    24  stm32f10x_rcc.o(.text)
    RCC_PLLCmd                               0x0801d297   Thumb Code     6  stm32f10x_rcc.o(.text)
    RCC_PREDIV1Config                        0x0801d29d   Thumb Code    24  stm32f10x_rcc.o(.text)
    RCC_PREDIV2Config                        0x0801d2b5   Thumb Code    18  stm32f10x_rcc.o(.text)
    RCC_PLL2Config                           0x0801d2c7   Thumb Code    18  stm32f10x_rcc.o(.text)
    RCC_PLL2Cmd                              0x0801d2d9   Thumb Code     6  stm32f10x_rcc.o(.text)
    RCC_PLL3Config                           0x0801d2df   Thumb Code    18  stm32f10x_rcc.o(.text)
    RCC_PLL3Cmd                              0x0801d2f1   Thumb Code     6  stm32f10x_rcc.o(.text)
    RCC_SYSCLKConfig                         0x0801d2f7   Thumb Code    18  stm32f10x_rcc.o(.text)
    RCC_GetSYSCLKSource                      0x0801d309   Thumb Code    10  stm32f10x_rcc.o(.text)
    RCC_HCLKConfig                           0x0801d313   Thumb Code    18  stm32f10x_rcc.o(.text)
    RCC_PCLK1Config                          0x0801d325   Thumb Code    18  stm32f10x_rcc.o(.text)
    RCC_PCLK2Config                          0x0801d337   Thumb Code    20  stm32f10x_rcc.o(.text)
    RCC_ITConfig                             0x0801d34b   Thumb Code    26  stm32f10x_rcc.o(.text)
    RCC_OTGFSCLKConfig                       0x0801d365   Thumb Code     8  stm32f10x_rcc.o(.text)
    RCC_ADCCLKConfig                         0x0801d36d   Thumb Code    18  stm32f10x_rcc.o(.text)
    RCC_I2S2CLKConfig                        0x0801d37f   Thumb Code     6  stm32f10x_rcc.o(.text)
    RCC_I2S3CLKConfig                        0x0801d385   Thumb Code     8  stm32f10x_rcc.o(.text)
    RCC_LSEConfig                            0x0801d38d   Thumb Code    50  stm32f10x_rcc.o(.text)
    RCC_LSICmd                               0x0801d3bf   Thumb Code     6  stm32f10x_rcc.o(.text)
    RCC_RTCCLKConfig                         0x0801d3c5   Thumb Code    12  stm32f10x_rcc.o(.text)
    RCC_RTCCLKCmd                            0x0801d3d1   Thumb Code     8  stm32f10x_rcc.o(.text)
    RCC_GetClocksFreq                        0x0801d3d9   Thumb Code   420  stm32f10x_rcc.o(.text)
    RCC_AHBPeriphClockCmd                    0x0801d57d   Thumb Code    26  stm32f10x_rcc.o(.text)
    RCC_APB2PeriphClockCmd                   0x0801d597   Thumb Code    26  stm32f10x_rcc.o(.text)
    RCC_APB1PeriphClockCmd                   0x0801d5b1   Thumb Code    26  stm32f10x_rcc.o(.text)
    RCC_AHBPeriphResetCmd                    0x0801d5cb   Thumb Code    26  stm32f10x_rcc.o(.text)
    RCC_APB2PeriphResetCmd                   0x0801d5e5   Thumb Code    26  stm32f10x_rcc.o(.text)
    RCC_APB1PeriphResetCmd                   0x0801d5ff   Thumb Code    26  stm32f10x_rcc.o(.text)
    RCC_BackupResetCmd                       0x0801d619   Thumb Code     6  stm32f10x_rcc.o(.text)
    RCC_ClockSecuritySystemCmd               0x0801d61f   Thumb Code     6  stm32f10x_rcc.o(.text)
    RCC_MCOConfig                            0x0801d625   Thumb Code     6  stm32f10x_rcc.o(.text)
    RCC_ClearFlag                            0x0801d62b   Thumb Code    14  stm32f10x_rcc.o(.text)
    RCC_GetITStatus                          0x0801d639   Thumb Code    20  stm32f10x_rcc.o(.text)
    RCC_ClearITPendingBit                    0x0801d64d   Thumb Code     6  stm32f10x_rcc.o(.text)
    SPI_I2S_DeInit                           0x0801d661   Thumb Code    76  stm32f10x_spi.o(.text)
    SPI_Init                                 0x0801d6ad   Thumb Code    60  stm32f10x_spi.o(.text)
    I2S_Init                                 0x0801d6e9   Thumb Code   292  stm32f10x_spi.o(.text)
    SPI_StructInit                           0x0801d80d   Thumb Code    24  stm32f10x_spi.o(.text)
    I2S_StructInit                           0x0801d825   Thumb Code    20  stm32f10x_spi.o(.text)
    SPI_Cmd                                  0x0801d839   Thumb Code    24  stm32f10x_spi.o(.text)
    I2S_Cmd                                  0x0801d851   Thumb Code    24  stm32f10x_spi.o(.text)
    SPI_I2S_ITConfig                         0x0801d869   Thumb Code    32  stm32f10x_spi.o(.text)
    SPI_I2S_DMACmd                           0x0801d889   Thumb Code    18  stm32f10x_spi.o(.text)
    SPI_I2S_SendData                         0x0801d89b   Thumb Code     4  stm32f10x_spi.o(.text)
    SPI_I2S_ReceiveData                      0x0801d89f   Thumb Code     6  stm32f10x_spi.o(.text)
    SPI_NSSInternalSoftwareConfig            0x0801d8a5   Thumb Code    30  stm32f10x_spi.o(.text)
    SPI_SSOutputCmd                          0x0801d8c3   Thumb Code    24  stm32f10x_spi.o(.text)
    SPI_DataSizeConfig                       0x0801d8db   Thumb Code    18  stm32f10x_spi.o(.text)
    SPI_TransmitCRC                          0x0801d8ed   Thumb Code    10  stm32f10x_spi.o(.text)
    SPI_CalculateCRC                         0x0801d8f7   Thumb Code    24  stm32f10x_spi.o(.text)
    SPI_GetCRC                               0x0801d90f   Thumb Code    16  stm32f10x_spi.o(.text)
    SPI_GetCRCPolynomial                     0x0801d91f   Thumb Code     6  stm32f10x_spi.o(.text)
    SPI_BiDirectionalLineConfig              0x0801d925   Thumb Code    28  stm32f10x_spi.o(.text)
    SPI_I2S_GetFlagStatus                    0x0801d941   Thumb Code    18  stm32f10x_spi.o(.text)
    SPI_I2S_ClearFlag                        0x0801d953   Thumb Code     6  stm32f10x_spi.o(.text)
    SPI_I2S_GetITStatus                      0x0801d959   Thumb Code    52  stm32f10x_spi.o(.text)
    SPI_I2S_ClearITPendingBit                0x0801d98d   Thumb Code    20  stm32f10x_spi.o(.text)
    TIM_DeInit                               0x0801d9b5   Thumb Code   424  stm32f10x_tim.o(.text)
    TIM_TimeBaseInit                         0x0801db5d   Thumb Code   122  stm32f10x_tim.o(.text)
    TIM_OC1Init                              0x0801dbd7   Thumb Code   132  stm32f10x_tim.o(.text)
    TIM_OC2Init                              0x0801dc5b   Thumb Code   154  stm32f10x_tim.o(.text)
    TIM_OC3Init                              0x0801dcf5   Thumb Code   150  stm32f10x_tim.o(.text)
    TIM_OC4Init                              0x0801dd8b   Thumb Code   182  stm32f10x_tim.o(.text)
    TIM_SetIC4Prescaler                      0x0801de41   Thumb Code    26  stm32f10x_tim.o(.text)
    TIM_SetIC3Prescaler                      0x0801dedd   Thumb Code    18  stm32f10x_tim.o(.text)
    TIM_SetIC2Prescaler                      0x0801df69   Thumb Code    26  stm32f10x_tim.o(.text)
    TIM_SetIC1Prescaler                      0x0801e005   Thumb Code    18  stm32f10x_tim.o(.text)
    TIM_ICInit                               0x0801e083   Thumb Code   150  stm32f10x_tim.o(.text)
    TIM_PWMIConfig                           0x0801e119   Thumb Code   124  stm32f10x_tim.o(.text)
    TIM_BDTRConfig                           0x0801e195   Thumb Code    32  stm32f10x_tim.o(.text)
    TIM_TimeBaseStructInit                   0x0801e1b5   Thumb Code    18  stm32f10x_tim.o(.text)
    TIM_OCStructInit                         0x0801e1c7   Thumb Code    20  stm32f10x_tim.o(.text)
    TIM_ICStructInit                         0x0801e1db   Thumb Code    18  stm32f10x_tim.o(.text)
    TIM_BDTRStructInit                       0x0801e1ed   Thumb Code    40  stm32f10x_tim.o(.text)
    TIM_Cmd                                  0x0801e215   Thumb Code    24  stm32f10x_tim.o(.text)
    TIM_CtrlPWMOutputs                       0x0801e22d   Thumb Code    30  stm32f10x_tim.o(.text)
    TIM_ITConfig                             0x0801e24b   Thumb Code    18  stm32f10x_tim.o(.text)
    TIM_GenerateEvent                        0x0801e25d   Thumb Code     4  stm32f10x_tim.o(.text)
    TIM_DMAConfig                            0x0801e261   Thumb Code    10  stm32f10x_tim.o(.text)
    TIM_DMACmd                               0x0801e26b   Thumb Code    18  stm32f10x_tim.o(.text)
    TIM_InternalClockConfig                  0x0801e27d   Thumb Code    12  stm32f10x_tim.o(.text)
    TIM_SelectInputTrigger                   0x0801e289   Thumb Code    18  stm32f10x_tim.o(.text)
    TIM_ITRxExternalClockConfig              0x0801e29b   Thumb Code    24  stm32f10x_tim.o(.text)
    TIM_TIxExternalClockConfig               0x0801e2b3   Thumb Code    62  stm32f10x_tim.o(.text)
    TIM_ETRConfig                            0x0801e2f1   Thumb Code    28  stm32f10x_tim.o(.text)
    TIM_ETRClockMode1Config                  0x0801e30d   Thumb Code    54  stm32f10x_tim.o(.text)
    TIM_ETRClockMode2Config                  0x0801e343   Thumb Code    32  stm32f10x_tim.o(.text)
    TIM_PrescalerConfig                      0x0801e363   Thumb Code     6  stm32f10x_tim.o(.text)
    TIM_CounterModeConfig                    0x0801e369   Thumb Code    18  stm32f10x_tim.o(.text)
    TIM_EncoderInterfaceConfig               0x0801e37b   Thumb Code    66  stm32f10x_tim.o(.text)
    TIM_ForcedOC1Config                      0x0801e3bd   Thumb Code    18  stm32f10x_tim.o(.text)
    TIM_ForcedOC2Config                      0x0801e3cf   Thumb Code    26  stm32f10x_tim.o(.text)
    TIM_ForcedOC3Config                      0x0801e3e9   Thumb Code    18  stm32f10x_tim.o(.text)
    TIM_ForcedOC4Config                      0x0801e3fb   Thumb Code    26  stm32f10x_tim.o(.text)
    TIM_ARRPreloadConfig                     0x0801e415   Thumb Code    24  stm32f10x_tim.o(.text)
    TIM_SelectCOM                            0x0801e42d   Thumb Code    24  stm32f10x_tim.o(.text)
    TIM_SelectCCDMA                          0x0801e445   Thumb Code    24  stm32f10x_tim.o(.text)
    TIM_CCPreloadControl                     0x0801e45d   Thumb Code    24  stm32f10x_tim.o(.text)
    TIM_OC1PreloadConfig                     0x0801e475   Thumb Code    18  stm32f10x_tim.o(.text)
    TIM_OC2PreloadConfig                     0x0801e487   Thumb Code    26  stm32f10x_tim.o(.text)
    TIM_OC3PreloadConfig                     0x0801e4a1   Thumb Code    18  stm32f10x_tim.o(.text)
    TIM_OC4PreloadConfig                     0x0801e4b3   Thumb Code    26  stm32f10x_tim.o(.text)
    TIM_OC1FastConfig                        0x0801e4cd   Thumb Code    18  stm32f10x_tim.o(.text)
    TIM_OC2FastConfig                        0x0801e4df   Thumb Code    26  stm32f10x_tim.o(.text)
    TIM_OC3FastConfig                        0x0801e4f9   Thumb Code    18  stm32f10x_tim.o(.text)
    TIM_OC4FastConfig                        0x0801e50b   Thumb Code    26  stm32f10x_tim.o(.text)
    TIM_ClearOC1Ref                          0x0801e525   Thumb Code    18  stm32f10x_tim.o(.text)
    TIM_ClearOC2Ref                          0x0801e537   Thumb Code    24  stm32f10x_tim.o(.text)
    TIM_ClearOC3Ref                          0x0801e54f   Thumb Code    18  stm32f10x_tim.o(.text)
    TIM_ClearOC4Ref                          0x0801e561   Thumb Code    24  stm32f10x_tim.o(.text)
    TIM_OC1PolarityConfig                    0x0801e579   Thumb Code    18  stm32f10x_tim.o(.text)
    TIM_OC1NPolarityConfig                   0x0801e58b   Thumb Code    18  stm32f10x_tim.o(.text)
    TIM_OC2PolarityConfig                    0x0801e59d   Thumb Code    26  stm32f10x_tim.o(.text)
    TIM_OC2NPolarityConfig                   0x0801e5b7   Thumb Code    26  stm32f10x_tim.o(.text)
    TIM_OC3PolarityConfig                    0x0801e5d1   Thumb Code    26  stm32f10x_tim.o(.text)
    TIM_OC3NPolarityConfig                   0x0801e5eb   Thumb Code    26  stm32f10x_tim.o(.text)
    TIM_OC4PolarityConfig                    0x0801e605   Thumb Code    26  stm32f10x_tim.o(.text)
    TIM_CCxCmd                               0x0801e61f   Thumb Code    30  stm32f10x_tim.o(.text)
    TIM_CCxNCmd                              0x0801e63d   Thumb Code    30  stm32f10x_tim.o(.text)
    TIM_SelectOCxM                           0x0801e65b   Thumb Code    82  stm32f10x_tim.o(.text)
    TIM_UpdateDisableConfig                  0x0801e6ad   Thumb Code    24  stm32f10x_tim.o(.text)
    TIM_UpdateRequestConfig                  0x0801e6c5   Thumb Code    24  stm32f10x_tim.o(.text)
    TIM_SelectHallSensor                     0x0801e6dd   Thumb Code    24  stm32f10x_tim.o(.text)
    TIM_SelectOnePulseMode                   0x0801e6f5   Thumb Code    18  stm32f10x_tim.o(.text)
    TIM_SelectOutputTrigger                  0x0801e707   Thumb Code    18  stm32f10x_tim.o(.text)
    TIM_SelectSlaveMode                      0x0801e719   Thumb Code    18  stm32f10x_tim.o(.text)
    TIM_SelectMasterSlaveMode                0x0801e72b   Thumb Code    18  stm32f10x_tim.o(.text)
    TIM_SetCounter                           0x0801e73d   Thumb Code     4  stm32f10x_tim.o(.text)
    TIM_SetAutoreload                        0x0801e741   Thumb Code     4  stm32f10x_tim.o(.text)
    TIM_SetCompare1                          0x0801e745   Thumb Code     4  stm32f10x_tim.o(.text)
    TIM_SetCompare2                          0x0801e749   Thumb Code     4  stm32f10x_tim.o(.text)
    TIM_SetCompare3                          0x0801e74d   Thumb Code     4  stm32f10x_tim.o(.text)
    TIM_SetCompare4                          0x0801e751   Thumb Code     6  stm32f10x_tim.o(.text)
    TIM_SetClockDivision                     0x0801e757   Thumb Code    18  stm32f10x_tim.o(.text)
    TIM_GetCapture1                          0x0801e769   Thumb Code     6  stm32f10x_tim.o(.text)
    TIM_GetCapture2                          0x0801e76f   Thumb Code     6  stm32f10x_tim.o(.text)
    TIM_GetCapture3                          0x0801e775   Thumb Code     6  stm32f10x_tim.o(.text)
    TIM_GetCapture4                          0x0801e77b   Thumb Code     8  stm32f10x_tim.o(.text)
    TIM_GetCounter                           0x0801e783   Thumb Code     6  stm32f10x_tim.o(.text)
    TIM_GetPrescaler                         0x0801e789   Thumb Code     6  stm32f10x_tim.o(.text)
    TIM_GetFlagStatus                        0x0801e78f   Thumb Code    18  stm32f10x_tim.o(.text)
    TIM_ClearFlag                            0x0801e7a1   Thumb Code     6  stm32f10x_tim.o(.text)
    TIM_GetITStatus                          0x0801e7a7   Thumb Code    34  stm32f10x_tim.o(.text)
    TIM_ClearITPendingBit                    0x0801e7c9   Thumb Code     6  stm32f10x_tim.o(.text)
    USART_DeInit                             0x0801e7d1   Thumb Code   134  stm32f10x_usart.o(.text)
    USART_Init                               0x0801e857   Thumb Code   210  stm32f10x_usart.o(.text)
    USART_StructInit                         0x0801e929   Thumb Code    24  stm32f10x_usart.o(.text)
    USART_ClockInit                          0x0801e941   Thumb Code    34  stm32f10x_usart.o(.text)
    USART_ClockStructInit                    0x0801e963   Thumb Code    12  stm32f10x_usart.o(.text)
    USART_Cmd                                0x0801e96f   Thumb Code    24  stm32f10x_usart.o(.text)
    USART_ITConfig                           0x0801e987   Thumb Code    74  stm32f10x_usart.o(.text)
    USART_DMACmd                             0x0801e9d1   Thumb Code    18  stm32f10x_usart.o(.text)
    USART_SetAddress                         0x0801e9e3   Thumb Code    18  stm32f10x_usart.o(.text)
    USART_WakeUpConfig                       0x0801e9f5   Thumb Code    18  stm32f10x_usart.o(.text)
    USART_ReceiverWakeUpCmd                  0x0801ea07   Thumb Code    24  stm32f10x_usart.o(.text)
    USART_LINBreakDetectLengthConfig         0x0801ea1f   Thumb Code    18  stm32f10x_usart.o(.text)
    USART_LINCmd                             0x0801ea31   Thumb Code    24  stm32f10x_usart.o(.text)
    USART_SendData                           0x0801ea49   Thumb Code     8  stm32f10x_usart.o(.text)
    USART_ReceiveData                        0x0801ea51   Thumb Code    10  stm32f10x_usart.o(.text)
    USART_SendBreak                          0x0801ea5b   Thumb Code    10  stm32f10x_usart.o(.text)
    USART_SetGuardTime                       0x0801ea65   Thumb Code    16  stm32f10x_usart.o(.text)
    USART_SetPrescaler                       0x0801ea75   Thumb Code    16  stm32f10x_usart.o(.text)
    USART_SmartCardCmd                       0x0801ea85   Thumb Code    24  stm32f10x_usart.o(.text)
    USART_SmartCardNACKCmd                   0x0801ea9d   Thumb Code    24  stm32f10x_usart.o(.text)
    USART_HalfDuplexCmd                      0x0801eab5   Thumb Code    24  stm32f10x_usart.o(.text)
    USART_OverSampling8Cmd                   0x0801eacd   Thumb Code    22  stm32f10x_usart.o(.text)
    USART_OneBitMethodCmd                    0x0801eae3   Thumb Code    24  stm32f10x_usart.o(.text)
    USART_IrDAConfig                         0x0801eafb   Thumb Code    18  stm32f10x_usart.o(.text)
    USART_IrDACmd                            0x0801eb0d   Thumb Code    24  stm32f10x_usart.o(.text)
    USART_GetFlagStatus                      0x0801eb25   Thumb Code    26  stm32f10x_usart.o(.text)
    USART_ClearFlag                          0x0801eb3f   Thumb Code    18  stm32f10x_usart.o(.text)
    USART_GetITStatus                        0x0801eb51   Thumb Code    84  stm32f10x_usart.o(.text)
    USART_ClearITPendingBit                  0x0801eba5   Thumb Code    52  stm32f10x_usart.o(.text)
    SystemInit                               0x0801ece7   Thumb Code    92  system_stm32f10x.o(.text)
    SystemCoreClockUpdate                    0x0801ed43   Thumb Code   232  system_stm32f10x.o(.text)
    Reset_Handler                            0x0801ee55   Thumb Code     8  startup_stm32f10x_cl.o(.text)
    ADC1_2_IRQHandler                        0x0801ee6f   Thumb Code     0  startup_stm32f10x_cl.o(.text)
    CAN1_RX0_IRQHandler                      0x0801ee6f   Thumb Code     0  startup_stm32f10x_cl.o(.text)
    CAN1_RX1_IRQHandler                      0x0801ee6f   Thumb Code     0  startup_stm32f10x_cl.o(.text)
    CAN1_SCE_IRQHandler                      0x0801ee6f   Thumb Code     0  startup_stm32f10x_cl.o(.text)
    CAN1_TX_IRQHandler                       0x0801ee6f   Thumb Code     0  startup_stm32f10x_cl.o(.text)
    CAN2_RX0_IRQHandler                      0x0801ee6f   Thumb Code     0  startup_stm32f10x_cl.o(.text)
    CAN2_RX1_IRQHandler                      0x0801ee6f   Thumb Code     0  startup_stm32f10x_cl.o(.text)
    CAN2_SCE_IRQHandler                      0x0801ee6f   Thumb Code     0  startup_stm32f10x_cl.o(.text)
    CAN2_TX_IRQHandler                       0x0801ee6f   Thumb Code     0  startup_stm32f10x_cl.o(.text)
    DMA1_Channel2_IRQHandler                 0x0801ee6f   Thumb Code     0  startup_stm32f10x_cl.o(.text)
    DMA1_Channel3_IRQHandler                 0x0801ee6f   Thumb Code     0  startup_stm32f10x_cl.o(.text)
    DMA1_Channel5_IRQHandler                 0x0801ee6f   Thumb Code     0  startup_stm32f10x_cl.o(.text)
    DMA1_Channel6_IRQHandler                 0x0801ee6f   Thumb Code     0  startup_stm32f10x_cl.o(.text)
    DMA1_Channel7_IRQHandler                 0x0801ee6f   Thumb Code     0  startup_stm32f10x_cl.o(.text)
    DMA2_Channel1_IRQHandler                 0x0801ee6f   Thumb Code     0  startup_stm32f10x_cl.o(.text)
    DMA2_Channel2_IRQHandler                 0x0801ee6f   Thumb Code     0  startup_stm32f10x_cl.o(.text)
    DMA2_Channel3_IRQHandler                 0x0801ee6f   Thumb Code     0  startup_stm32f10x_cl.o(.text)
    DMA2_Channel4_IRQHandler                 0x0801ee6f   Thumb Code     0  startup_stm32f10x_cl.o(.text)
    DMA2_Channel5_IRQHandler                 0x0801ee6f   Thumb Code     0  startup_stm32f10x_cl.o(.text)
    ETH_IRQHandler                           0x0801ee6f   Thumb Code     0  startup_stm32f10x_cl.o(.text)
    ETH_WKUP_IRQHandler                      0x0801ee6f   Thumb Code     0  startup_stm32f10x_cl.o(.text)
    EXTI15_10_IRQHandler                     0x0801ee6f   Thumb Code     0  startup_stm32f10x_cl.o(.text)
    EXTI1_IRQHandler                         0x0801ee6f   Thumb Code     0  startup_stm32f10x_cl.o(.text)
    FLASH_IRQHandler                         0x0801ee6f   Thumb Code     0  startup_stm32f10x_cl.o(.text)
    I2C1_ER_IRQHandler                       0x0801ee6f   Thumb Code     0  startup_stm32f10x_cl.o(.text)
    I2C1_EV_IRQHandler                       0x0801ee6f   Thumb Code     0  startup_stm32f10x_cl.o(.text)
    I2C2_ER_IRQHandler                       0x0801ee6f   Thumb Code     0  startup_stm32f10x_cl.o(.text)
    I2C2_EV_IRQHandler                       0x0801ee6f   Thumb Code     0  startup_stm32f10x_cl.o(.text)
    OTG_FS_WKUP_IRQHandler                   0x0801ee6f   Thumb Code     0  startup_stm32f10x_cl.o(.text)
    PVD_IRQHandler                           0x0801ee6f   Thumb Code     0  startup_stm32f10x_cl.o(.text)
    RCC_IRQHandler                           0x0801ee6f   Thumb Code     0  startup_stm32f10x_cl.o(.text)
    RTCAlarm_IRQHandler                      0x0801ee6f   Thumb Code     0  startup_stm32f10x_cl.o(.text)
    SPI1_IRQHandler                          0x0801ee6f   Thumb Code     0  startup_stm32f10x_cl.o(.text)
    SPI2_IRQHandler                          0x0801ee6f   Thumb Code     0  startup_stm32f10x_cl.o(.text)
    SPI3_IRQHandler                          0x0801ee6f   Thumb Code     0  startup_stm32f10x_cl.o(.text)
    TAMPER_IRQHandler                        0x0801ee6f   Thumb Code     0  startup_stm32f10x_cl.o(.text)
    TIM1_BRK_IRQHandler                      0x0801ee6f   Thumb Code     0  startup_stm32f10x_cl.o(.text)
    TIM1_CC_IRQHandler                       0x0801ee6f   Thumb Code     0  startup_stm32f10x_cl.o(.text)
    TIM1_TRG_COM_IRQHandler                  0x0801ee6f   Thumb Code     0  startup_stm32f10x_cl.o(.text)
    TIM1_UP_IRQHandler                       0x0801ee6f   Thumb Code     0  startup_stm32f10x_cl.o(.text)
    TIM3_IRQHandler                          0x0801ee6f   Thumb Code     0  startup_stm32f10x_cl.o(.text)
    TIM4_IRQHandler                          0x0801ee6f   Thumb Code     0  startup_stm32f10x_cl.o(.text)
    TIM5_IRQHandler                          0x0801ee6f   Thumb Code     0  startup_stm32f10x_cl.o(.text)
    TIM7_IRQHandler                          0x0801ee6f   Thumb Code     0  startup_stm32f10x_cl.o(.text)
    UART4_IRQHandler                         0x0801ee6f   Thumb Code     0  startup_stm32f10x_cl.o(.text)
    UART5_IRQHandler                         0x0801ee6f   Thumb Code     0  startup_stm32f10x_cl.o(.text)
    USART2_IRQHandler                        0x0801ee6f   Thumb Code     0  startup_stm32f10x_cl.o(.text)
    WWDG_IRQHandler                          0x0801ee6f   Thumb Code     0  startup_stm32f10x_cl.o(.text)
    __user_initial_stackheap                 0x0801ee71   Thumb Code     0  startup_stm32f10x_cl.o(.text)
    __use_no_semihosting                     0x0801ee95   Thumb Code     2  use_no_semi_2.o(.text)
    __aeabi_memset                           0x0801ee97   Thumb Code    16  aeabi_memset.o(.text)
    __aeabi_memclr                           0x0801eea7   Thumb Code     0  rt_memclr.o(.text)
    __rt_memclr                              0x0801eea7   Thumb Code    68  rt_memclr.o(.text)
    _memset                                  0x0801eeab   Thumb Code     0  rt_memclr.o(.text)
    __aeabi_memclr4                          0x0801eeeb   Thumb Code     0  rt_memclr_w.o(.text)
    __aeabi_memclr8                          0x0801eeeb   Thumb Code     0  rt_memclr_w.o(.text)
    __rt_memclr_w                            0x0801eeeb   Thumb Code    78  rt_memclr_w.o(.text)
    _memset_w                                0x0801eeef   Thumb Code     0  rt_memclr_w.o(.text)
    __use_two_region_memory                  0x0801ef39   Thumb Code     2  heapauxi.o(.text)
    __rt_heap_escrow$2region                 0x0801ef3b   Thumb Code     2  heapauxi.o(.text)
    __rt_heap_expand$2region                 0x0801ef3d   Thumb Code     2  heapauxi.o(.text)
    __I$use$semihosting                      0x0801ef3f   Thumb Code     0  use_no_semi.o(.text)
    __use_no_semihosting_swi                 0x0801ef3f   Thumb Code     2  use_no_semi.o(.text)
    __user_setup_stackheap                   0x0801ef41   Thumb Code    74  sys_stackheap_outer.o(.text)
    exit                                     0x0801ef8b   Thumb Code    12  exit.o(.text)
    __user_libspace                          0x0801ef99   Thumb Code     8  libspace.o(.text)
    __user_perproc_libspace                  0x0801ef99   Thumb Code     0  libspace.o(.text)
    __user_perthread_libspace                0x0801ef99   Thumb Code     0  libspace.o(.text)
    __aeabi_dadd                             0x0801efa1   Thumb Code     0  daddsub_clz.o(x$fpl$dadd)
    _dadd                                    0x0801efa1   Thumb Code   332  daddsub_clz.o(x$fpl$dadd)
    __aeabi_d2iz                             0x0801f0f1   Thumb Code     0  dfix.o(x$fpl$dfix)
    _dfix                                    0x0801f0f1   Thumb Code    94  dfix.o(x$fpl$dfix)
    __aeabi_i2d                              0x0801f14f   Thumb Code     0  dflt_clz.o(x$fpl$dflt)
    _dflt                                    0x0801f14f   Thumb Code    46  dflt_clz.o(x$fpl$dflt)
    __fpl_dnaninf                            0x0801f17d   Thumb Code   156  dnaninf.o(x$fpl$dnaninf)
    __fpl_dretinf                            0x0801f219   Thumb Code    12  dretinf.o(x$fpl$dretinf)
    __aeabi_dsub                             0x0801f225   Thumb Code     0  daddsub_clz.o(x$fpl$dsub)
    _dsub                                    0x0801f225   Thumb Code   464  daddsub_clz.o(x$fpl$dsub)
    DATA_RESTORE                             0x0801f3f8   Data          58  user_main.o(.constdata)
    __I$use$fp                               0x0801f3f8   Number         0  usenofp.o(x$fpl$usenofp)
    g_DispTotalListKES                       0x0801f450   Data          40  user_display.o(.constdata)
    g_DispTotalListINR                       0x0801f478   Data          64  user_display.o(.constdata)
    g_DispTotalListUSD                       0x0801f4b8   Data          56  user_display.o(.constdata)
    g_DispTotalListRMB                       0x0801f4f0   Data          40  user_display.o(.constdata)
    DispErrCode                              0x0801f518   Data          66  user_display.o(.constdata)
    g_DispVol                                0x0801f55c   Data          48  user_display.o(.constdata)
    CurConfigTbl                             0x0801f58c   Data           4  user_key_0832_12key.o(.constdata)
    LED2_7                                   0x0801f590   Data          29  user_disp_0832k03.o(.constdata)
    LED1_7                                   0x0801f5ad   Data          29  user_disp_0832k03.o(.constdata)
    g_DispSetSensitivity                     0x0801f5cc   Data         184  user_disp_0832k03.o(.constdata)
    DSP_UART_VAL                             0x0801f684   Data          10  user_cisusart.o(.constdata)
    CISCommandVal                            0x0801f68e   Data          18  user_cisusart.o(.constdata)
    g_KeySetSensitivity                      0x0801f6a8   Data         184  user_common.o(.constdata)
    mpgs_tab                                 0x0801f760   Data         306  user_common.o(.constdata)
    LED_JS                                   0x0801f8af   Data          29  user_tm1616.o(.constdata)
    LED_TOL                                  0x0801f8cc   Data          29  user_tm1616.o(.constdata)
    Region$$Table$$Base                      0x0801fcb8   Number         0  anon$$obj.o(Region$$Table)
    Region$$Table$$Limit                     0x0801fcd8   Number         0  anon$$obj.o(Region$$Table)
    temp1                                    0x20000000   Data           1  user_key_0832_12key.o(.data)
    temp2                                    0x20000001   Data           1  user_key_0832_12key.o(.data)
    temp3                                    0x20000002   Data           1  user_key_0832_12key.o(.data)
    KeyFunc                                  0x20000004   Data          56  user_key_0832_12key.o(.data)
    LongFunc                                 0x2000003c   Data          56  user_key_0832_12key.o(.data)
    Add_Count                                0x200000c4   Data         136  user_currency.o(.data)
    ClearCurOnePCS                           0x2000014c   Data         136  user_currency.o(.data)
    DataAnaly_Deno                           0x200001d4   Data         136  user_currency.o(.data)
    Disp_Deno                                0x2000025c   Data         136  user_currency.o(.data)
    CurTotalList                             0x200002e4   Data          34  user_currency.o(.data)
    gb_dspSendEnable                         0x20000308   Data           1  user_cisspi.o(.data)
    gb_spi2SlaveRecvData                     0x20000309   Data           1  user_cisspi.o(.data)
    maxSpiRecvWaitTime                       0x2000030a   Data           2  user_cisspi.o(.data)
    dataCollectNum                           0x2000030c   Data           2  user_cisspi.o(.data)
    imgBufLen                                0x20000310   Data           4  user_cisspi.o(.data)
    spi2WorkInMasterMode                     0x20000314   Data           1  user_cisspi.o(.data)
    uart1infifo_front                        0x20000316   Data           2  user_fifo.o(.data)
    uart1infifo_rear                         0x20000318   Data           2  user_fifo.o(.data)
    uart1outfifo_count                       0x2000031a   Data           2  user_fifo.o(.data)
    uart1outfifo_front                       0x2000031c   Data           2  user_fifo.o(.data)
    uart1outfifo_rear                        0x2000031e   Data           2  user_fifo.o(.data)
    uart2infifo_front                        0x20000320   Data           2  user_fifo.o(.data)
    uart2infifo_rear                         0x20000322   Data           2  user_fifo.o(.data)
    uart2outfifo_count                       0x20000324   Data           2  user_fifo.o(.data)
    uart2outfifo_front                       0x20000326   Data           2  user_fifo.o(.data)
    uart2outfifo_rear                        0x20000328   Data           2  user_fifo.o(.data)
    uart3infifo_front                        0x2000032a   Data           2  user_fifo.o(.data)
    uart3infifo_rear                         0x2000032c   Data           2  user_fifo.o(.data)
    uart3outfifo_count                       0x2000032e   Data           2  user_fifo.o(.data)
    uart3outfifo_front                       0x20000330   Data           2  user_fifo.o(.data)
    uart3outfifo_rear                        0x20000332   Data           2  user_fifo.o(.data)
    uart4infifo_front                        0x20000334   Data           2  user_fifo.o(.data)
    uart4infifo_rear                         0x20000336   Data           2  user_fifo.o(.data)
    uart4outfifo_count                       0x20000338   Data           2  user_fifo.o(.data)
    uart4outfifo_front                       0x2000033a   Data           2  user_fifo.o(.data)
    uart4outfifo_rear                        0x2000033c   Data           2  user_fifo.o(.data)
    uart5infifo_front                        0x2000033e   Data           2  user_fifo.o(.data)
    uart5infifo_rear                         0x20000340   Data           2  user_fifo.o(.data)
    uart5outfifo_count                       0x20000342   Data           2  user_fifo.o(.data)
    uart5outfifo_front                       0x20000344   Data           2  user_fifo.o(.data)
    uart5outfifo_rear                        0x20000346   Data           2  user_fifo.o(.data)
    gb_inUpgrade                             0x20000348   Data           1  user_upgrade.o(.data)
    dispRunInBoot                            0x20000349   Data           1  user_upgrade.o(.data)
    dispIndex                                0x2000034a   Data           1  user_upgrade.o(.data)
    EraseCounter                             0x2000034c   Data           4  user_eeprom.o(.data)
    Address                                  0x20000350   Data           4  user_eeprom.o(.data)
    FLASHStatus                              0x20000354   Data           1  user_eeprom.o(.data)
    MemoryProgramStatus                      0x20000355   Data           1  user_eeprom.o(.data)
    EXTI_InitStruct                          0x20000364   Data           8  user_sysconfig.o(.data)
    USBH_HCD_INT_cb                          0x20000374   Data          12  usbh_core.o(.data)
    USBH_HCD_INT_fops                        0x20000380   Data           4  usbh_core.o(.data)
    MSC_Setup                                0x2000039c   Data           8  usbh_msc_core.o(.data)
    MSCErrorCount                            0x200003a4   Data           1  usbh_msc_core.o(.data)
    USBH_MSC_cb                              0x200003a8   Data          16  usbh_msc_core.o(.data)
    HSEStartUpStatus                         0x200003bc   Data           1  user_bsp.o(.data)
    BSP_delay                                0x200003c0   Data           4  user_bsp.o(.data)
    USBH_MSC_EnumDone                        0x200003c4   Data           1  usbh_msc_usr.o(.data)
    USBH_USR_ApplicationState                0x200003c5   Data           1  usbh_msc_usr.o(.data)
    USR_MSC_cb                               0x200003c8   Data          72  usbh_msc_usr.o(.data)
    SystemCoreClock                          0x20000430   Data           4  system_stm32f10x.o(.data)
    AHBPrescTable                            0x20000434   Data          16  system_stm32f10x.o(.data)
    UsartDmaSendBuff                         0x20000444   Data         320  user_union.o(.bss)
    g_LCD1629A                               0x20000584   Data          13  user_disp_tm1620.o(.bss)
    g_LCDDISP1629A                           0x20000591   Data          13  user_disp_tm1620.o(.bss)
    g_KeyType                                0x2000059e   Data          36  user_key_0832_12key.o(.bss)
    g_KeyDebugType                           0x200005c2   Data          10  user_key_0832_12key.o(.bss)
    g_SensorTestTYPE                         0x200005cc   Data          16  user_sensor.o(.bss)
    g_LCDDISP418                             0x200005dc   Data           9  user_disp_lcd418.o(.bss)
    g_LCD                                    0x200005e5   Data          32  user_disp_0832k03.o(.bss)
    g_LCDDISP                                0x20000605   Data          32  user_disp_0832k03.o(.bss)
    g_CISType                                0x20000626   Data          12  user_cisusart.o(.bss)
    spiRxBuffer                              0x20000632   Data        1348  user_cisspi.o(.bss)
    uart1infifo_data                         0x20000b78   Data         500  user_fifo.o(.bss)
    uart1outfifo_data                        0x20000d6c   Data         500  user_fifo.o(.bss)
    uart2infifo_data                         0x20000f60   Data         100  user_fifo.o(.bss)
    uart2outfifo_data                        0x20000fc4   Data         100  user_fifo.o(.bss)
    uart3infifo_data                         0x20001028   Data         200  user_fifo.o(.bss)
    uart3outfifo_data                        0x200010f0   Data         100  user_fifo.o(.bss)
    uart4infifo_data                         0x20001154   Data         100  user_fifo.o(.bss)
    uart4outfifo_data                        0x200011b8   Data         100  user_fifo.o(.bss)
    uart5infifo_data                         0x2000121c   Data         400  user_fifo.o(.bss)
    uart5outfifo_data                        0x200013ac   Data         400  user_fifo.o(.bss)
    DATA2                                    0x2000153c   Data          10  user_fifo.o(.bss)
    allFifo                                  0x20001548   Data          16  user_fifo.o(.bss)
    dataBuf                                  0x20001558   Data        2560  user_upgrade.o(.bss)
    updateFileData                           0x20001f58   Data        2048  user_upgrade.o(.bss)
    updateRecvData                           0x20002758   Data        2056  user_upgrade.o(.bss)
    ADC_InitStruct                           0x20002f60   Data          20  user_adc.o(.bss)
    ADCConvertedValue                        0x20002f74   Data          16  user_adc.o(.bss)
    DMA_InitStruct                           0x20002f84   Data          44  user_dam_adc.o(.bss)
    g_Sensitivity                            0x20002fb0   Data          62  user_eeprom.o(.bss)
    g_MPType                                 0x20002ff0   Data          42  user_sysconfig.o(.bss)
    g_InfType                                0x2000301a   Data          44  user_sysconfig.o(.bss)
    g_SysType                                0x20003048   Data         624  user_sysconfig.o(.bss)
    TIM_TimeBaseStruct                       0x200032b8   Data          10  user_timer.o(.bss)
    TIM_OCInitStruct                         0x200032c2   Data          16  user_timer.o(.bss)
    g_LEDW1629                               0x200032d2   Data          16  user_tm1616.o(.bss)
    g_LEDW91629                              0x200032e2   Data          10  user_tm1616.o(.bss)
    g_VoiceType                              0x200032ec   Data          10  user_voice.o(.bss)
    USBH_CfgDesc                             0x200032f6   Data         512  usbh_stdreq.o(.bss)
    USB_Host                                 0x200034f8   Data         132  usbh_core.o(.bss)
    USBH_MSC_CBWData                         0x2000357c   Data          32  usbh_msc_bot.o(.bss)
    USBH_MSC_CSWData                         0x2000359c   Data          16  usbh_msc_bot.o(.bss)
    USBH_MSC_BOTXferParam                    0x200035ac   Data          16  usbh_msc_bot.o(.bss)
    MSC_Machine                              0x200035bc   Data         522  usbh_msc_core.o(.bss)
    USBH_MSC_Param                           0x200037c8   Data          16  usbh_msc_scsi.o(.bss)
    USBH_DataInBuffer                        0x200037d8   Data         512  usbh_msc_scsi.o(.bss)
    USBH_DataOutBuffer                       0x200039d8   Data         512  usbh_msc_scsi.o(.bss)
    USB_OTG_Core                             0x20003bd8   Data        1452  usb_core.o(.bss)
    fs                                       0x20004184   Data         564  fatfs_demo.o(.bss)
    file                                     0x200043b8   Data         552  fatfs_demo.o(.bss)
    pathname                                 0x200045e0   Data          51  fatfs_demo.o(.bss)
    g_TestBuf                                0x20004613   Data         512  fatfs_demo.o(.bss)
    __libspace_start                         0x200048ac   Data          96  libspace.o(.bss)
    __temporary_stack_top$libspace           0x2000490c   Data           0  libspace.o(.bss)



==============================================================================

Memory Map of the image

  Image Entry point : 0x0800a151

  Load Region LR_IROM1 (Base: 0x0800a000, Size: 0x0001611c, Max: 0x00040000, ABSOLUTE, COMPRESSED[0x00015f98])

    Execution Region ER_IROM1 (Base: 0x0800a000, Size: 0x00015cd8, Max: 0x00040000, ABSOLUTE)

    Base Addr    Size         Type   Attr      Idx    E Section Name        Object

    0x0800a000   0x00000150   Data   RO         1266    RESET               startup_stm32f10x_cl.o
    0x0800a150   0x00000008   Code   RO         1315  * !!!main             c_w.l(__main.o)
    0x0800a158   0x00000034   Code   RO         1501    !!!scatter          c_w.l(__scatter.o)
    0x0800a18c   0x0000005a   Code   RO         1499    !!dczerorl2         c_w.l(__dczerorl2.o)
    0x0800a1e6   0x00000002   PAD
    0x0800a1e8   0x0000001c   Code   RO         1503    !!handler_zi        c_w.l(__scatter_zi.o)
    0x0800a204   0x00000002   Code   RO         1374    .ARM.Collect$$libinit$$00000000  c_w.l(libinit.o)
    0x0800a206   0x00000000   Code   RO         1381    .ARM.Collect$$libinit$$00000002  c_w.l(libinit2.o)
    0x0800a206   0x00000000   Code   RO         1383    .ARM.Collect$$libinit$$00000004  c_w.l(libinit2.o)
    0x0800a206   0x00000000   Code   RO         1386    .ARM.Collect$$libinit$$0000000A  c_w.l(libinit2.o)
    0x0800a206   0x00000000   Code   RO         1388    .ARM.Collect$$libinit$$0000000C  c_w.l(libinit2.o)
    0x0800a206   0x00000000   Code   RO         1390    .ARM.Collect$$libinit$$0000000E  c_w.l(libinit2.o)
    0x0800a206   0x00000000   Code   RO         1393    .ARM.Collect$$libinit$$00000011  c_w.l(libinit2.o)
    0x0800a206   0x00000000   Code   RO         1395    .ARM.Collect$$libinit$$00000013  c_w.l(libinit2.o)
    0x0800a206   0x00000000   Code   RO         1397    .ARM.Collect$$libinit$$00000015  c_w.l(libinit2.o)
    0x0800a206   0x00000000   Code   RO         1399    .ARM.Collect$$libinit$$00000017  c_w.l(libinit2.o)
    0x0800a206   0x00000000   Code   RO         1401    .ARM.Collect$$libinit$$00000019  c_w.l(libinit2.o)
    0x0800a206   0x00000000   Code   RO         1403    .ARM.Collect$$libinit$$0000001B  c_w.l(libinit2.o)
    0x0800a206   0x00000000   Code   RO         1405    .ARM.Collect$$libinit$$0000001D  c_w.l(libinit2.o)
    0x0800a206   0x00000000   Code   RO         1407    .ARM.Collect$$libinit$$0000001F  c_w.l(libinit2.o)
    0x0800a206   0x00000000   Code   RO         1409    .ARM.Collect$$libinit$$00000021  c_w.l(libinit2.o)
    0x0800a206   0x00000000   Code   RO         1411    .ARM.Collect$$libinit$$00000023  c_w.l(libinit2.o)
    0x0800a206   0x00000000   Code   RO         1413    .ARM.Collect$$libinit$$00000025  c_w.l(libinit2.o)
    0x0800a206   0x00000000   Code   RO         1417    .ARM.Collect$$libinit$$0000002C  c_w.l(libinit2.o)
    0x0800a206   0x00000000   Code   RO         1419    .ARM.Collect$$libinit$$0000002E  c_w.l(libinit2.o)
    0x0800a206   0x00000000   Code   RO         1421    .ARM.Collect$$libinit$$00000030  c_w.l(libinit2.o)
    0x0800a206   0x00000000   Code   RO         1423    .ARM.Collect$$libinit$$00000032  c_w.l(libinit2.o)
    0x0800a206   0x00000002   Code   RO         1424    .ARM.Collect$$libinit$$00000033  c_w.l(libinit2.o)
    0x0800a208   0x00000002   Code   RO         1442    .ARM.Collect$$libshutdown$$00000000  c_w.l(libshutdown.o)
    0x0800a20a   0x00000000   Code   RO         1453    .ARM.Collect$$libshutdown$$00000003  c_w.l(libshutdown2.o)
    0x0800a20a   0x00000000   Code   RO         1456    .ARM.Collect$$libshutdown$$00000006  c_w.l(libshutdown2.o)
    0x0800a20a   0x00000000   Code   RO         1459    .ARM.Collect$$libshutdown$$00000009  c_w.l(libshutdown2.o)
    0x0800a20a   0x00000000   Code   RO         1461    .ARM.Collect$$libshutdown$$0000000B  c_w.l(libshutdown2.o)
    0x0800a20a   0x00000000   Code   RO         1464    .ARM.Collect$$libshutdown$$0000000E  c_w.l(libshutdown2.o)
    0x0800a20a   0x00000002   Code   RO         1465    .ARM.Collect$$libshutdown$$0000000F  c_w.l(libshutdown2.o)
    0x0800a20c   0x00000000   Code   RO         1335    .ARM.Collect$$rtentry$$00000000  c_w.l(__rtentry.o)
    0x0800a20c   0x00000000   Code   RO         1349    .ARM.Collect$$rtentry$$00000002  c_w.l(__rtentry2.o)
    0x0800a20c   0x00000006   Code   RO         1361    .ARM.Collect$$rtentry$$00000004  c_w.l(__rtentry4.o)
    0x0800a212   0x00000000   Code   RO         1351    .ARM.Collect$$rtentry$$00000009  c_w.l(__rtentry2.o)
    0x0800a212   0x00000004   Code   RO         1352    .ARM.Collect$$rtentry$$0000000A  c_w.l(__rtentry2.o)
    0x0800a216   0x00000000   Code   RO         1354    .ARM.Collect$$rtentry$$0000000C  c_w.l(__rtentry2.o)
    0x0800a216   0x00000008   Code   RO         1355    .ARM.Collect$$rtentry$$0000000D  c_w.l(__rtentry2.o)
    0x0800a21e   0x00000002   Code   RO         1378    .ARM.Collect$$rtexit$$00000000  c_w.l(rtexit.o)
    0x0800a220   0x00000000   Code   RO         1426    .ARM.Collect$$rtexit$$00000002  c_w.l(rtexit2.o)
    0x0800a220   0x00000004   Code   RO         1427    .ARM.Collect$$rtexit$$00000003  c_w.l(rtexit2.o)
    0x0800a224   0x00000006   Code   RO         1428    .ARM.Collect$$rtexit$$00000004  c_w.l(rtexit2.o)
    0x0800a22a   0x00000002   PAD
    0x0800a22c   0x000000e4   Code   RO            1    .text               user_main.o
    0x0800a310   0x00000364   Code   RO          263    .text               user_union.o
    0x0800a674   0x0000072c   Code   RO          285    .text               user_disp_tm1620.o
    0x0800ada0   0x000019c0   Code   RO          304    .text               user_display.o
    0x0800c760   0x000016c4   Code   RO          319    .text               user_key_0832_12key.o
    0x0800de24   0x00000bec   Code   RO          343    .text               user_sensor.o
    0x0800ea10   0x00000430   Code   RO          363    .text               user_disp_lcd418.o
    0x0800ee40   0x00001060   Code   RO          382    .text               user_disp_0832k03.o
    0x0800fea0   0x000001c8   Code   RO          401    .text               user_currency.o
    0x08010068   0x00000534   Code   RO          420    .text               user_india.o
    0x0801059c   0x000003c4   Code   RO          432    .text               user_kenya.o
    0x08010960   0x000004c8   Code   RO          444    .text               user_usd.o
    0x08010e28   0x0000040e   Code   RO          456    .text               user_cny.o
    0x08011236   0x00000002   PAD
    0x08011238   0x0000049c   Code   RO          468    .text               user_cisusart.o
    0x080116d4   0x00000400   Code   RO          508    .text               user_cisspi.o
    0x08011ad4   0x00000854   Code   RO          531    .text               user_fifo.o
    0x08012328   0x00000138   Code   RO          554    .text               user_udisc.o
    0x08012460   0x00000c00   Code   RO          566    .text               user_upgrade.o
    0x08013060   0x00000150   Code   RO          588    .text               user_adc.o
    0x080131b0   0x000001a8   Code   RO          607    .text               user_beepcon.o
    0x08013358   0x000002f8   Code   RO          619    .text               user_common.o
    0x08013650   0x00000078   Code   RO          634    .text               user_dam_adc.o
    0x080136c8   0x0000071c   Code   RO          649    .text               user_eeprom.o
    0x08013de4   0x000000f0   Code   RO          669    .text               user_motor.o
    0x08013ed4   0x000001cc   Code   RO          681    .text               user_stm32f10x_it.o
    0x080140a0   0x00000290   Code   RO          695    .text               user_sysconfig.o
    0x08014330   0x000001a0   Code   RO          719    .text               user_timer.o
    0x080144d0   0x000006a8   Code   RO          734    .text               user_tm1616.o
    0x08014b78   0x00000278   Code   RO          753    .text               user_usart.o
    0x08014df0   0x00000684   Code   RO          772    .text               user_voice.o
    0x08015474   0x000003d8   Code   RO          792    .text               usbh_stdreq.o
    0x0801584c   0x000003a8   Code   RO          811    .text               usbh_ioreq.o
    0x08015bf4   0x00000186   Code   RO          823    .text               usbh_hcs.o
    0x08015d7a   0x00000002   PAD
    0x08015d7c   0x00000658   Code   RO          835    .text               usbh_core.o
    0x080163d4   0x00000454   Code   RO          857    .text               usbh_msc_bot.o
    0x08016828   0x00000324   Code   RO          876    .text               usbh_msc_core.o
    0x08016b4c   0x000004f4   Code   RO          895    .text               usbh_msc_scsi.o
    0x08017040   0x00000c2a   Code   RO          914    .text               usb_core.o
    0x08017c6a   0x000000e4   Code   RO          932    .text               usb_hcd.o
    0x08017d4e   0x00000002   PAD
    0x08017d50   0x00000e74   Code   RO          944    .text               usb_hcd_int.o
    0x08018bc4   0x00000144   Code   RO          956    .text               user_bsp.o
    0x08018d08   0x00000088   Code   RO          995    .text               usbh_msc_usr.o
    0x08018d90   0x0000300e   Code   RO         1043    .text               ff.o
    0x0801bd9e   0x00000002   PAD
    0x0801bda0   0x000001d0   Code   RO         1065    .text               diskio_msc&sd.o
    0x0801bf70   0x0000003c   Code   RO         1079    .text               cc932.o
    0x0801bfac   0x000000dc   Code   RO         1101    .text               misc.o
    0x0801c088   0x0000044e   Code   RO         1113    .text               stm32f10x_adc.o
    0x0801c4d6   0x00000002   PAD
    0x0801c4d8   0x00000254   Code   RO         1125    .text               stm32f10x_dma.o
    0x0801c72c   0x0000011c   Code   RO         1137    .text               stm32f10x_exti.o
    0x0801c848   0x000005bc   Code   RO         1149    .text               stm32f10x_flash.o
    0x0801ce04   0x0000035c   Code   RO         1161    .text               stm32f10x_gpio.o
    0x0801d160   0x00000500   Code   RO         1185    .text               stm32f10x_rcc.o
    0x0801d660   0x00000354   Code   RO         1199    .text               stm32f10x_spi.o
    0x0801d9b4   0x00000e1a   Code   RO         1211    .text               stm32f10x_tim.o
    0x0801e7ce   0x00000002   PAD
    0x0801e7d0   0x00000408   Code   RO         1223    .text               stm32f10x_usart.o
    0x0801ebd8   0x0000027c   Code   RO         1246    .text               system_stm32f10x.o
    0x0801ee54   0x00000040   Code   RO         1267    .text               startup_stm32f10x_cl.o
    0x0801ee94   0x00000002   Code   RO         1273    .text               c_w.l(use_no_semi_2.o)
    0x0801ee96   0x00000010   Code   RO         1307    .text               c_w.l(aeabi_memset.o)
    0x0801eea6   0x00000044   Code   RO         1309    .text               c_w.l(rt_memclr.o)
    0x0801eeea   0x0000004e   Code   RO         1311    .text               c_w.l(rt_memclr_w.o)
    0x0801ef38   0x00000006   Code   RO         1313    .text               c_w.l(heapauxi.o)
    0x0801ef3e   0x00000002   Code   RO         1333    .text               c_w.l(use_no_semi.o)
    0x0801ef40   0x0000004a   Code   RO         1365    .text               c_w.l(sys_stackheap_outer.o)
    0x0801ef8a   0x0000000c   Code   RO         1367    .text               c_w.l(exit.o)
    0x0801ef96   0x00000002   PAD
    0x0801ef98   0x00000008   Code   RO         1375    .text               c_w.l(libspace.o)
    0x0801efa0   0x00000150   Code   RO         1317    x$fpl$dadd          fz_ws.l(daddsub_clz.o)
    0x0801f0f0   0x0000005e   Code   RO         1323    x$fpl$dfix          fz_ws.l(dfix.o)
    0x0801f14e   0x0000002e   Code   RO         1328    x$fpl$dflt          fz_ws.l(dflt_clz.o)
    0x0801f17c   0x0000009c   Code   RO         1343    x$fpl$dnaninf       fz_ws.l(dnaninf.o)
    0x0801f218   0x0000000c   Code   RO         1345    x$fpl$dretinf       fz_ws.l(dretinf.o)
    0x0801f224   0x000001d4   Code   RO         1319    x$fpl$dsub          fz_ws.l(daddsub_clz.o)
    0x0801f3f8   0x00000000   Code   RO         1347    x$fpl$usenofp       fz_ws.l(usenofp.o)
    0x0801f3f8   0x0000003a   Data   RO            2    .constdata          user_main.o
    0x0801f432   0x0000001d   Data   RO          287    .constdata          user_disp_tm1620.o
    0x0801f44f   0x00000001   PAD
    0x0801f450   0x0000013c   Data   RO          305    .constdata          user_display.o
    0x0801f58c   0x00000004   Data   RO          321    .constdata          user_key_0832_12key.o
    0x0801f590   0x000000f4   Data   RO          384    .constdata          user_disp_0832k03.o
    0x0801f684   0x0000001c   Data   RO          470    .constdata          user_cisusart.o
    0x0801f6a0   0x00000008   Data   RO          533    .constdata          user_fifo.o
    0x0801f6a8   0x000001ea   Data   RO          620    .constdata          user_common.o
    0x0801f892   0x00000057   Data   RO          736    .constdata          user_tm1616.o
    0x0801f8e9   0x0000000d   Data   RO         1045    .constdata          ff.o
    0x0801f8f6   0x000003c0   Data   RO         1080    .constdata          cc932.o
    0x0801fcb6   0x00000002   PAD
    0x0801fcb8   0x00000020   Data   RO         1497    Region$$Table       anon$$obj.o


    Execution Region RW_IRAM1 (Base: 0x20000000, Size: 0x00004f10, Max: 0x00010000, ABSOLUTE, COMPRESSED[0x000002c0])

    Base Addr    Size         Type   Attr      Idx    E Section Name        Object

    0x20000000   0x0000007c   Data   RW          322    .data               user_key_0832_12key.o
    0x2000007c   0x0000000c   Data   RW          345    .data               user_sensor.o
    0x20000088   0x0000003a   Data   RW          365    .data               user_disp_lcd418.o
    0x200000c2   0x00000002   PAD
    0x200000c4   0x00000242   Data   RW          403    .data               user_currency.o
    0x20000306   0x00000002   PAD
    0x20000308   0x0000000d   Data   RW          510    .data               user_cisspi.o
    0x20000315   0x00000001   PAD
    0x20000316   0x00000032   Data   RW          534    .data               user_fifo.o
    0x20000348   0x00000003   Data   RW          568    .data               user_upgrade.o
    0x2000034b   0x00000001   PAD
    0x2000034c   0x0000000a   Data   RW          651    .data               user_eeprom.o
    0x20000356   0x00000002   PAD
    0x20000358   0x0000000c   Data   RW          682    .data               user_stm32f10x_it.o
    0x20000364   0x00000008   Data   RW          697    .data               user_sysconfig.o
    0x2000036c   0x00000004   Data   RW          774    .data               user_voice.o
    0x20000370   0x00000003   Data   RW          794    .data               usbh_stdreq.o
    0x20000373   0x00000001   PAD
    0x20000374   0x00000012   Data   RW          837    .data               usbh_core.o
    0x20000386   0x00000002   PAD
    0x20000388   0x00000011   Data   RW          859    .data               usbh_msc_bot.o
    0x20000399   0x00000003   PAD
    0x2000039c   0x0000001d   Data   RW          878    .data               usbh_msc_core.o
    0x200003b9   0x00000001   Data   RW          897    .data               usbh_msc_scsi.o
    0x200003ba   0x00000002   PAD
    0x200003bc   0x00000008   Data   RW          957    .data               user_bsp.o
    0x200003c4   0x0000004c   Data   RW          996    .data               usbh_msc_usr.o
    0x20000410   0x0000000b   Data   RW         1046    .data               ff.o
    0x2000041b   0x00000001   Data   RW         1066    .data               diskio_msc&sd.o
    0x2000041c   0x00000014   Data   RW         1186    .data               stm32f10x_rcc.o
    0x20000430   0x00000014   Data   RW         1247    .data               system_stm32f10x.o
    0x20000444   0x00000140   Zero   RW          264    .bss                user_union.o
    0x20000584   0x0000001a   Zero   RW          286    .bss                user_disp_tm1620.o
    0x2000059e   0x0000002e   Zero   RW          320    .bss                user_key_0832_12key.o
    0x200005cc   0x00000010   Zero   RW          344    .bss                user_sensor.o
    0x200005dc   0x00000009   Zero   RW          364    .bss                user_disp_lcd418.o
    0x200005e5   0x00000040   Zero   RW          383    .bss                user_disp_0832k03.o
    0x20000625   0x00000001   PAD
    0x20000626   0x0000000c   Zero   RW          469    .bss                user_cisusart.o
    0x20000632   0x00000544   Zero   RW          509    .bss                user_cisspi.o
    0x20000b76   0x00000002   PAD
    0x20000b78   0x000009e0   Zero   RW          532    .bss                user_fifo.o
    0x20001558   0x00001a08   Zero   RW          567    .bss                user_upgrade.o
    0x20002f60   0x00000024   Zero   RW          589    .bss                user_adc.o
    0x20002f84   0x0000002c   Zero   RW          635    .bss                user_dam_adc.o
    0x20002fb0   0x0000003e   Zero   RW          650    .bss                user_eeprom.o
    0x20002fee   0x00000002   PAD
    0x20002ff0   0x000002c8   Zero   RW          696    .bss                user_sysconfig.o
    0x200032b8   0x0000001a   Zero   RW          720    .bss                user_timer.o
    0x200032d2   0x0000001a   Zero   RW          735    .bss                user_tm1616.o
    0x200032ec   0x0000000a   Zero   RW          773    .bss                user_voice.o
    0x200032f6   0x00000200   Zero   RW          793    .bss                usbh_stdreq.o
    0x200034f6   0x00000002   PAD
    0x200034f8   0x00000084   Zero   RW          836    .bss                usbh_core.o
    0x2000357c   0x00000040   Zero   RW          858    .bss                usbh_msc_bot.o
    0x200035bc   0x0000020a   Zero   RW          877    .bss                usbh_msc_core.o
    0x200037c6   0x00000002   PAD
    0x200037c8   0x00000410   Zero   RW          896    .bss                usbh_msc_scsi.o
    0x20003bd8   0x000005ac   Zero   RW          915    .bss                usb_core.o
    0x20004184   0x000006c2   Zero   RW         1015    .bss                fatfs_demo.o
    0x20004846   0x00000066   Zero   RW         1044    .bss                ff.o
    0x200048ac   0x00000060   Zero   RW         1376    .bss                c_w.l(libspace.o)
    0x2000490c   0x00000004   PAD
    0x20004910   0x00000200   Zero   RW         1265    HEAP                startup_stm32f10x_cl.o
    0x20004b10   0x00000400   Zero   RW         1264    STACK               startup_stm32f10x_cl.o


==============================================================================

Image component sizes


      Code (inc. data)   RO Data    RW Data    ZI Data      Debug   Object Name

        60         10        960          0          0       1641   cc932.o
         0          0          0          0          0         32   core_cm3.o
       464         20          0          1          0       2910   diskio_msc&sd.o
         0          0          0          0       1730       5487   fatfs_demo.o
     12302        102         13         11        102      34709   ff.o
       220         22          0          0          0       1897   misc.o
        64         26        336          0       1536        892   startup_stm32f10x_cl.o
      1102         26          0          0          0      10933   stm32f10x_adc.o
       596          8          0          0          0       4426   stm32f10x_dma.o
       284         10          0          0          0       2335   stm32f10x_exti.o
      1468         34          0          0          0       8126   stm32f10x_flash.o
       860         38          0          0          0       5745   stm32f10x_gpio.o
      1280         60          0         20          0      11298   stm32f10x_rcc.o
       852         20          0          0          0       6678   stm32f10x_spi.o
      3610         88          0          0          0      22232   stm32f10x_tim.o
      1032         22          0          0          0       8464   stm32f10x_usart.o
       636         42          0         20          0       2191   system_stm32f10x.o
      3114         10          0          0       1452      14357   usb_core.o
       228          0          0          0          0       2992   usb_hcd.o
      3700         10          0          0          0       6607   usb_hcd_int.o
      1624         42          0         18        132       9012   usbh_core.o
       390          0          0          0          0       2476   usbh_hcs.o
       936          0          0          0          0       4320   usbh_ioreq.o
      1108         68          0         17         64       5319   usbh_msc_bot.o
       804         28          0         29        522       3949   usbh_msc_core.o
      1268         40          0          1       1040       4998   usbh_msc_scsi.o
       136         18          0         76          0       4066   usbh_msc_usr.o
       984         12          0          3        512       5709   usbh_stdreq.o
       336         20          0          0         36       1424   user_adc.o
       424         18          0          0          0        979   user_beepcon.o
       324         10          0          8          0       3044   user_bsp.o
      1024         36          0         13       1348       6064   user_cisspi.o
      1180         30         28          0         12      16749   user_cisusart.o
      1038         32          0          0          0       1141   user_cny.o
       760         38        490          0          0       2187   user_common.o
       456         30          0        578          0      11826   user_currency.o
       120         16          0          0         44        942   user_dam_adc.o
      4192        132        244          0         64       9011   user_disp_0832k03.o
      1072         42          0         58          9       3116   user_disp_lcd418.o
      1836        104         29          0         26       4382   user_disp_tm1620.o
      6592        164        316          0          0       7630   user_display.o
      1820        136          0         10         62       6035   user_eeprom.o
      2132        238          8         50       2528      13305   user_fifo.o
      1332         70          0          0          0       1337   user_india.o
       964         34          0          0          0       1109   user_kenya.o
      5828        184          4        124         46      14907   user_key_0832_12key.o
       228         10         58          0          0     337699   user_main.o
       240         20          0          0          0       1018   user_motor.o
      3052        132          0         12         16      10140   user_sensor.o
       460         64          0         12          0       2505   user_stm32f10x_it.o
       656         70          0          8        712      22808   user_sysconfig.o
       416         28          0          0         26       2060   user_timer.o
      1704         82         87          0         26       4208   user_tm1616.o
       312         28          0          0          0       2228   user_udisc.o
       868         44          0          0        320       2060   user_union.o
      3072        626          0          3       6664       6822   user_upgrade.o
       632         12          0          0          0       3659   user_usart.o
      1224         86          0          0          0       1225   user_usd.o
      1668         66          0          4         10      10390   user_voice.o

    ----------------------------------------------------------------------
     85096       3358       2608       1092      19048     705811   Object Totals
         0          0         32          0          0          0   (incl. Generated)
        12          0          3         16          9          0   (incl. Padding)

    ----------------------------------------------------------------------

      Code (inc. data)   RO Data    RW Data    ZI Data      Debug   Library Member Name

        90          0          0          0          0          0   __dczerorl2.o
         8          0          0          0          0         68   __main.o
         0          0          0          0          0          0   __rtentry.o
        12          0          0          0          0          0   __rtentry2.o
         6          0          0          0          0          0   __rtentry4.o
        52          8          0          0          0          0   __scatter.o
        28          0          0          0          0          0   __scatter_zi.o
        16          0          0          0          0         68   aeabi_memset.o
        12          0          0          0          0         72   exit.o
         6          0          0          0          0        152   heapauxi.o
         2          0          0          0          0          0   libinit.o
         2          0          0          0          0          0   libinit2.o
         2          0          0          0          0          0   libshutdown.o
         2          0          0          0          0          0   libshutdown2.o
         8          4          0          0         96         68   libspace.o
        68          0          0          0          0         68   rt_memclr.o
        78          0          0          0          0         80   rt_memclr_w.o
         2          0          0          0          0          0   rtexit.o
        10          0          0          0          0          0   rtexit2.o
        74          0          0          0          0         80   sys_stackheap_outer.o
         2          0          0          0          0         68   use_no_semi.o
         2          0          0          0          0         68   use_no_semi_2.o
       804         16          0          0          0        272   daddsub_clz.o
        94          4          0          0          0         92   dfix.o
        46          0          0          0          0         68   dflt_clz.o
       156          4          0          0          0         92   dnaninf.o
        12          0          0          0          0         68   dretinf.o
         0          0          0          0          0          0   usenofp.o

    ----------------------------------------------------------------------
      1600         36          0          0        100       1384   Library Totals
         6          0          0          0          4          0   (incl. Padding)

    ----------------------------------------------------------------------

      Code (inc. data)   RO Data    RW Data    ZI Data      Debug   Library Name

       482         12          0          0         96        792   c_w.l
      1112         24          0          0          0        592   fz_ws.l

    ----------------------------------------------------------------------
      1600         36          0          0        100       1384   Library Totals

    ----------------------------------------------------------------------

==============================================================================


      Code (inc. data)   RO Data    RW Data    ZI Data      Debug   

     86696       3394       2608       1092      19148     701003   Grand Totals
     86696       3394       2608        704      19148     701003   ELF Image Totals (compressed)
     86696       3394       2608        704          0          0   ROM Totals

==============================================================================

    Total RO  Size (Code + RO Data)                89304 (  87.21kB)
    Total RW  Size (RW Data + ZI Data)             20240 (  19.77kB)
    Total ROM Size (Code + RO Data + RW Data)      90008 (  87.90kB)

==============================================================================

