Component: ARM Compiler 5.05 update 2 (build 169) Tool: armlink [4d0f33]

==============================================================================

Section Cross References

    fifo.o(.text) refers to fifo.o(.data) for uart3outfifo_front
    fifo.o(.text) refers to fifo.o(.constdata) for FIFO_PD
    fifo.o(.text) refers to fifo.o(.bss) for allFifo
    fifo.o(.constdata) refers to fifo.o(.bss) for DATA2
    flash.o(.text) refers to stm32f10x_flash.o(.text) for FLASH_Unlock
    flash.o(.text) refers to flash.o(.bss) for savedPara
    main_70.o(.text) refers to rt_memclr_w.o(.text) for __aeabi_memclr4
    main_70.o(.text) refers to uart_1.o(.text) for uart_SendDataToUart3
    main_70.o(.text) refers to rt_memclr.o(.text) for __aeabi_memclr
    main_70.o(.text) refers to main_70.o(.data) for tempMgDataLen
    main_70.o(.text) refers to main_70.o(.bss) for tempMgData
    main_70.o(.text) refers to mr.o(.bss) for colorData
    main_70.o(.text) refers to fifo.o(.data) for uart1outfifo_count
    main_70.o(.text) refers to stm32f10x_gpio.o(.text) for GPIO_ReadInputDataBit
    main_70.o(.text) refers to disp.o(.text) for disp_setPenColor
    main_70.o(.text) refers to motor.o(.text) for motor1_ForwardRun
    main_70.o(.text) refers to flash.o(.text) for flash_SaveUpdateFlag
    main_70.o(.text) refers to delay.o(.text) for delay_DelayMs
    main_70.o(.text) refers to flash.o(.bss) for savedPara
    main_70.o(.text) refers to main_70.o(.constdata) for ONOFF_STR
    main_70.o(.text) refers to flash.o(.data) for systemState
    main_70.o(.text) refers to fifo.o(.text) for fifo_GetCount
    main_70.o(.text) refers to strlen.o(.text) for strlen
    main_70.o(.text) refers to main_70.o(.conststring) for .conststring
    main_70.o(.text) refers to uart_1.o(.data) for gb_needDealUart3Data
    main_70.o(.text) refers to rt_memcpy_v6.o(.text) for __aeabi_memcpy
    main_70.o(.text) refers to aeabi_memset.o(.text) for __aeabi_memset
    main_70.o(.text) refers to motor.o(.data) for g_motor1State
    main_70.o(.text) refers to mr.o(.data) for gb_inCollabration
    main_70.o(.text) refers to bill.o(.data) for billValue
    main_70.o(.text) refers to fflt_clz.o(x$fpl$ffltu) for __aeabi_ui2f
    main_70.o(.text) refers to fdiv.o(x$fpl$fdiv) for __aeabi_fdiv
    main_70.o(.text) refers to feqf.o(x$fpl$feqf) for __aeabi_cfcmpeq
    main_70.o(.text) refers to faddsub_clz.o(x$fpl$fsub) for __aeabi_fsub
    main_70.o(.text) refers to fmul.o(x$fpl$fmul) for __aeabi_fmul
    main_70.o(.text) refers to mr.o(.text) for length_collabrationCompute
    main_70.o(.text) refers to bill.o(.text) for billIrad_Judge
    main_70.o(.text) refers to stm32f10x_adc.o(.text) for ADC_SoftwareStartConvCmd
    main_70.o(.text) refers to stm32f10x_dma.o(.text) for DMA_GetFlagStatus
    main_70.o(.text) refers to stm32f10x_rcc.o(.text) for RCC_APB2PeriphClockCmd
    main_70.o(.text) refers to misc.o(.text) for NVIC_Init
    main_70.o(.text) refers to stm32f10x_tim.o(.text) for TIM_TimeBaseInit
    main_70.o(.text) refers to system_stm32f10x.o(.text) for SystemInit
    main_70.o(.text) refers to stm32f10x_exti.o(.text) for EXTI_Init
    main_70.o(.text) refers to faddsub_clz.o(x$fpl$fadd) for __aeabi_fadd
    main_70.o(.text) refers to f2d.o(x$fpl$f2d) for __aeabi_f2d
    main_70.o(.text) refers to dleqf.o(x$fpl$dleqf) for __aeabi_cdcmple
    main_70.o(.text) refers to drleqf.o(x$fpl$drleqf) for __aeabi_cdrcmple
    main_70.o(.text) refers to ffixu.o(x$fpl$ffixu) for __aeabi_f2uiz
    main_70.o(.text) refers to core_cm3.o(.emb_text) for __set_MSP
    main_70.o(.text) refers to stm32f10x_usart.o(.text) for USART_GetFlagStatus
    main_70.o(.constdata) refers to main_70.o(.conststring) for .conststring
    main_70.o(.data) refers to main_70.o(.conststring) for .conststring
    motor.o(.text) refers to main_70.o(.text) for SetSmpleRatioTimer
    motor.o(.text) refers to stm32f10x_gpio.o(.text) for GPIO_Init
    motor.o(.text) refers to stm32f10x_rcc.o(.text) for RCC_APB1PeriphClockCmd
    motor.o(.text) refers to stm32f10x_tim.o(.text) for TIM_TimeBaseInit
    motor.o(.text) refers to delay.o(.text) for delay_DelayMs
    motor.o(.text) refers to motor.o(.data) for currentSpeed
    motor.o(.text) refers to flash.o(.bss) for savedPara
    mr.o(.text) refers to rt_memclr.o(.text) for __aeabi_memclr
    mr.o(.text) refers to mr.o(.bss) for collabrationValue
    mr.o(.text) refers to mr.o(.data) for lengthDataLen
    uart_1.o(.text) refers to stm32f10x_gpio.o(.text) for GPIO_Init
    uart_1.o(.text) refers to stm32f10x_usart.o(.text) for USART_Init
    uart_1.o(.text) refers to misc.o(.text) for NVIC_PriorityGroupConfig
    uart_1.o(.text) refers to stm32f10x_rcc.o(.text) for RCC_APB1PeriphClockCmd
    uart_1.o(.text) refers to fifo.o(.text) for uart1outfifo_GetSpace
    uart_1.o(.text) refers to uart_1.o(.data) for gb_needDealUart1Data
    bill.o(.text) refers to rt_memclr.o(.text) for __aeabi_memclr
[...]
    DMA_ClearITPendingBit                    0x08018377   Thumb Code    22  stm32f10x_dma.o(.text)
    EXTI_DeInit                              0x08018395   Thumb Code    28  stm32f10x_exti.o(.text)
    EXTI_Init                                0x080183b1   Thumb Code   142  stm32f10x_exti.o(.text)
    EXTI_StructInit                          0x0801843f   Thumb Code    16  stm32f10x_exti.o(.text)
    EXTI_GenerateSWInterrupt                 0x0801844f   Thumb Code    16  stm32f10x_exti.o(.text)
    EXTI_GetFlagStatus                       0x0801845f   Thumb Code    22  stm32f10x_exti.o(.text)
    EXTI_ClearFlag                           0x08018475   Thumb Code     8  stm32f10x_exti.o(.text)
    EXTI_GetITStatus                         0x0801847d   Thumb Code    34  stm32f10x_exti.o(.text)
    EXTI_ClearITPendingBit                   0x0801849f   Thumb Code     8  stm32f10x_exti.o(.text)
    FLASH_SetLatency                         0x080184b1   Thumb Code    18  stm32f10x_flash.o(.text)
    FLASH_HalfCycleAccessCmd                 0x080184c3   Thumb Code    22  stm32f10x_flash.o(.text)
    FLASH_PrefetchBufferCmd                  0x080184d9   Thumb Code    22  stm32f10x_flash.o(.text)
    FLASH_Unlock                             0x080184ef   Thumb Code    20  stm32f10x_flash.o(.text)
    FLASH_UnlockBank1                        0x08018503   Thumb Code    12  stm32f10x_flash.o(.text)
    FLASH_UnlockBank2                        0x0801850f   Thumb Code    12  stm32f10x_flash.o(.text)
    FLASH_Lock                               0x0801851b   Thumb Code    24  stm32f10x_flash.o(.text)
    FLASH_LockBank1                          0x08018533   Thumb Code    14  stm32f10x_flash.o(.text)
    FLASH_LockBank2                          0x08018541   Thumb Code    14  stm32f10x_flash.o(.text)
    FLASH_GetBank2Status                     0x0801854f   Thumb Code    48  stm32f10x_flash.o(.text)
    FLASH_WaitForLastBank2Operation          0x0801857f   Thumb Code    38  stm32f10x_flash.o(.text)
    FLASH_GetBank1Status                     0x080185a5   Thumb Code    48  stm32f10x_flash.o(.text)
    FLASH_WaitForLastBank1Operation          0x080185d5   Thumb Code    38  stm32f10x_flash.o(.text)
    FLASH_ErasePage                          0x080185fb   Thumb Code   142  stm32f10x_flash.o(.text)
    FLASH_EraseAllPages                      0x08018689   Thumb Code   118  stm32f10x_flash.o(.text)
    FLASH_EraseAllBank1Pages                 0x080186ff   Thumb Code    68  stm32f10x_flash.o(.text)
    FLASH_EraseAllBank2Pages                 0x08018743   Thumb Code    68  stm32f10x_flash.o(.text)
    FLASH_WaitForLastOperation               0x08018787   Thumb Code    38  stm32f10x_flash.o(.text)
    FLASH_GetReadOutProtectionStatus         0x080187ad   Thumb Code    20  stm32f10x_flash.o(.text)
    FLASH_EraseOptionBytes                   0x080187c1   Thumb Code   150  stm32f10x_flash.o(.text)
    FLASH_ProgramWord                        0x08018857   Thumb Code   370  stm32f10x_flash.o(.text)
    FLASH_ProgramHalfWord                    0x080189c9   Thumb Code   110  stm32f10x_flash.o(.text)
    FLASH_ProgramOptionByteData              0x08018a37   Thumb Code    72  stm32f10x_flash.o(.text)
    FLASH_EnableWriteProtection              0x08018a7f   Thumb Code   180  stm32f10x_flash.o(.text)
    FLASH_ReadOutProtection                  0x08018b33   Thumb Code   160  stm32f10x_flash.o(.text)
    FLASH_UserOptionByteConfig               0x08018bd3   Thumb Code    88  stm32f10x_flash.o(.text)
    FLASH_BootConfig                         0x08018c2b   Thumb Code   110  stm32f10x_flash.o(.text)
    FLASH_GetUserOptionByte                  0x08018c99   Thumb Code     8  stm32f10x_flash.o(.text)
    FLASH_GetWriteProtectionOptionByte       0x08018ca1   Thumb Code    28  stm32f10x_flash.o(.text)
    FLASH_GetPrefetchBufferStatus            0x08018cbd   Thumb Code    20  stm32f10x_flash.o(.text)
    FLASH_ITConfig                           0x08018cd1   Thumb Code    66  stm32f10x_flash.o(.text)
    FLASH_GetFlagStatus                      0x08018d13   Thumb Code    64  stm32f10x_flash.o(.text)
    FLASH_ClearFlag                          0x08018d53   Thumb Code    18  stm32f10x_flash.o(.text)
    FLASH_GetStatus                          0x08018d65   Thumb Code    48  stm32f10x_flash.o(.text)
    GPIO_DeInit                              0x08018d99   Thumb Code   172  stm32f10x_gpio.o(.text)
    GPIO_AFIODeInit                          0x08018e45   Thumb Code    20  stm32f10x_gpio.o(.text)
    GPIO_Init                                0x08018e59   Thumb Code   278  stm32f10x_gpio.o(.text)
    GPIO_StructInit                          0x08018f6f   Thumb Code    16  stm32f10x_gpio.o(.text)
    GPIO_ReadInputDataBit                    0x08018f7f   Thumb Code    18  stm32f10x_gpio.o(.text)
    GPIO_ReadInputData                       0x08018f91   Thumb Code     8  stm32f10x_gpio.o(.text)
    GPIO_ReadOutputDataBit                   0x08018f99   Thumb Code    18  stm32f10x_gpio.o(.text)
    GPIO_ReadOutputData                      0x08018fab   Thumb Code     8  stm32f10x_gpio.o(.text)
    GPIO_SetBits                             0x08018fb3   Thumb Code     4  stm32f10x_gpio.o(.text)
    GPIO_ResetBits                           0x08018fb7   Thumb Code     4  stm32f10x_gpio.o(.text)
    GPIO_WriteBit                            0x08018fbb   Thumb Code    10  stm32f10x_gpio.o(.text)
    GPIO_Write                               0x08018fc5   Thumb Code     4  stm32f10x_gpio.o(.text)
    GPIO_PinLockConfig                       0x08018fc9   Thumb Code    18  stm32f10x_gpio.o(.text)
    GPIO_EventOutputConfig                   0x08018fdb   Thumb Code    26  stm32f10x_gpio.o(.text)
    GPIO_EventOutputCmd                      0x08018ff5   Thumb Code     6  stm32f10x_gpio.o(.text)
    GPIO_PinRemapConfig                      0x08018ffb   Thumb Code   138  stm32f10x_gpio.o(.text)
    GPIO_EXTILineConfig                      0x08019085   Thumb Code    66  stm32f10x_gpio.o(.text)
    GPIO_ETH_MediaInterfaceConfig            0x080190c7   Thumb Code     8  stm32f10x_gpio.o(.text)
    RCC_DeInit                               0x080190f5   Thumb Code    78  stm32f10x_rcc.o(.text)
    RCC_HSEConfig                            0x08019143   Thumb Code    70  stm32f10x_rcc.o(.text)
    RCC_GetFlagStatus                        0x08019189   Thumb Code    56  stm32f10x_rcc.o(.text)
    RCC_WaitForHSEStartUp                    0x080191c1   Thumb Code    56  stm32f10x_rcc.o(.text)
    RCC_AdjustHSICalibrationValue            0x080191f9   Thumb Code    20  stm32f10x_rcc.o(.text)
    RCC_HSICmd                               0x0801920d   Thumb Code     6  stm32f10x_rcc.o(.text)
    RCC_PLLConfig                            0x08019213   Thumb Code    24  stm32f10x_rcc.o(.text)
    RCC_PLLCmd                               0x0801922b   Thumb Code     6  stm32f10x_rcc.o(.text)
    RCC_PREDIV1Config                        0x08019231   Thumb Code    24  stm32f10x_rcc.o(.text)
    RCC_PREDIV2Config                        0x08019249   Thumb Code    18  stm32f10x_rcc.o(.text)
    RCC_PLL2Config                           0x0801925b   Thumb Code    18  stm32f10x_rcc.o(.text)
    RCC_PLL2Cmd                              0x0801926d   Thumb Code     6  stm32f10x_rcc.o(.text)
    RCC_PLL3Config                           0x08019273   Thumb Code    18  stm32f10x_rcc.o(.text)
    RCC_PLL3Cmd                              0x08019285   Thumb Code     6  stm32f10x_rcc.o(.text)
    RCC_SYSCLKConfig                         0x0801928b   Thumb Code    18  stm32f10x_rcc.o(.text)
    RCC_GetSYSCLKSource                      0x0801929d   Thumb Code    10  stm32f10x_rcc.o(.text)
    RCC_HCLKConfig                           0x080192a7   Thumb Code    18  stm32f10x_rcc.o(.text)
    RCC_PCLK1Config                          0x080192b9   Thumb Code    18  stm32f10x_rcc.o(.text)
    RCC_PCLK2Config                          0x080192cb   Thumb Code    20  stm32f10x_rcc.o(.text)
    RCC_ITConfig                             0x080192df   Thumb Code    26  stm32f10x_rcc.o(.text)
    RCC_OTGFSCLKConfig                       0x080192f9   Thumb Code     8  stm32f10x_rcc.o(.text)
    RCC_ADCCLKConfig                         0x08019301   Thumb Code    18  stm32f10x_rcc.o(.text)
    RCC_I2S2CLKConfig                        0x08019313   Thumb Code     6  stm32f10x_rcc.o(.text)
    RCC_I2S3CLKConfig                        0x08019319   Thumb Code     8  stm32f10x_rcc.o(.text)
    RCC_LSEConfig                            0x08019321   Thumb Code    50  stm32f10x_rcc.o(.text)
    RCC_LSICmd                               0x08019353   Thumb Code     6  stm32f10x_rcc.o(.text)
    RCC_RTCCLKConfig                         0x08019359   Thumb Code    12  stm32f10x_rcc.o(.text)
    RCC_RTCCLKCmd                            0x08019365   Thumb Code     8  stm32f10x_rcc.o(.text)
    RCC_GetClocksFreq                        0x0801936d   Thumb Code   420  stm32f10x_rcc.o(.text)
    RCC_AHBPeriphClockCmd                    0x08019511   Thumb Code    26  stm32f10x_rcc.o(.text)
    RCC_APB2PeriphClockCmd                   0x0801952b   Thumb Code    26  stm32f10x_rcc.o(.text)
    RCC_APB1PeriphClockCmd                   0x08019545   Thumb Code    26  stm32f10x_rcc.o(.text)
    RCC_AHBPeriphResetCmd                    0x0801955f   Thumb Code    26  stm32f10x_rcc.o(.text)
    RCC_APB2PeriphResetCmd                   0x08019579   Thumb Code    26  stm32f10x_rcc.o(.text)
    RCC_APB1PeriphResetCmd                   0x08019593   Thumb Code    26  stm32f10x_rcc.o(.text)
    RCC_BackupResetCmd                       0x080195ad   Thumb Code     6  stm32f10x_rcc.o(.text)
    RCC_ClockSecuritySystemCmd               0x080195b3   Thumb Code     6  stm32f10x_rcc.o(.text)
    RCC_MCOConfig                            0x080195b9   Thumb Code     6  stm32f10x_rcc.o(.text)
    RCC_ClearFlag                            0x080195bf   Thumb Code    14  stm32f10x_rcc.o(.text)
    RCC_GetITStatus                          0x080195cd   Thumb Code    20  stm32f10x_rcc.o(.text)
    RCC_ClearITPendingBit                    0x080195e1   Thumb Code     6  stm32f10x_rcc.o(.text)
    TIM_DeInit                               0x080195f5   Thumb Code   424  stm32f10x_tim.o(.text)
    TIM_TimeBaseInit                         0x0801979d   Thumb Code   122  stm32f10x_tim.o(.text)
    TIM_OC1Init                              0x08019817   Thumb Code   132  stm32f10x_tim.o(.text)
    TIM_OC2Init                              0x0801989b   Thumb Code   154  stm32f10x_tim.o(.text)
    TIM_OC3Init                              0x08019935   Thumb Code   150  stm32f10x_tim.o(.text)
    TIM_OC4Init                              0x080199cb   Thumb Code   182  stm32f10x_tim.o(.text)
    TIM_SetIC4Prescaler                      0x08019a81   Thumb Code    26  stm32f10x_tim.o(.text)
    TIM_SetIC3Prescaler                      0x08019b1d   Thumb Code    18  stm32f10x_tim.o(.text)
    TIM_SetIC2Prescaler                      0x08019ba9   Thumb Code    26  stm32f10x_tim.o(.text)
    TIM_SetIC1Prescaler                      0x08019c45   Thumb Code    18  stm32f10x_tim.o(.text)
    TIM_ICInit                               0x08019cc3   Thumb Code   150  stm32f10x_tim.o(.text)
    TIM_PWMIConfig                           0x08019d59   Thumb Code   124  stm32f10x_tim.o(.text)
    TIM_BDTRConfig                           0x08019dd5   Thumb Code    32  stm32f10x_tim.o(.text)
    TIM_TimeBaseStructInit                   0x08019df5   Thumb Code    18  stm32f10x_tim.o(.text)
    TIM_OCStructInit                         0x08019e07   Thumb Code    20  stm32f10x_tim.o(.text)
    TIM_ICStructInit                         0x08019e1b   Thumb Code    18  stm32f10x_tim.o(.text)
    TIM_BDTRStructInit                       0x08019e2d   Thumb Code    40  stm32f10x_tim.o(.text)
    TIM_Cmd                                  0x08019e55   Thumb Code    24  stm32f10x_tim.o(.text)
    TIM_CtrlPWMOutputs                       0x08019e6d   Thumb Code    30  stm32f10x_tim.o(.text)
    TIM_ITConfig                             0x08019e8b   Thumb Code    18  stm32f10x_tim.o(.text)
    TIM_GenerateEvent                        0x08019e9d   Thumb Code     4  stm32f10x_tim.o(.text)
    TIM_DMAConfig                            0x08019ea1   Thumb Code    10  stm32f10x_tim.o(.text)
    TIM_DMACmd                               0x08019eab   Thumb Code    18  stm32f10x_tim.o(.text)
    TIM_InternalClockConfig                  0x08019ebd   Thumb Code    12  stm32f10x_tim.o(.text)
    TIM_SelectInputTrigger                   0x08019ec9   Thumb Code    18  stm32f10x_tim.o(.text)
    TIM_ITRxExternalClockConfig              0x08019edb   Thumb Code    24  stm32f10x_tim.o(.text)
    TIM_TIxExternalClockConfig               0x08019ef3   Thumb Code    62  stm32f10x_tim.o(.text)
    TIM_ETRConfig                            0x08019f31   Thumb Code    28  stm32f10x_tim.o(.text)
    TIM_ETRClockMode1Config                  0x08019f4d   Thumb Code    54  stm32f10x_tim.o(.text)
    TIM_ETRClockMode2Config                  0x08019f83   Thumb Code    32  stm32f10x_tim.o(.text)
    TIM_PrescalerConfig                      0x08019fa3   Thumb Code     6  stm32f10x_tim.o(.text)
    TIM_CounterModeConfig                    0x08019fa9   Thumb Code    18  stm32f10x_tim.o(.text)
    TIM_EncoderInterfaceConfig               0x08019fbb   Thumb Code    66  stm32f10x_tim.o(.text)
    TIM_ForcedOC1Config                      0x08019ffd   Thumb Code    18  stm32f10x_tim.o(.text)
    TIM_ForcedOC2Config                      0x0801a00f   Thumb Code    26  stm32f10x_tim.o(.text)
    TIM_ForcedOC3Config                      0x0801a029   Thumb Code    18  stm32f10x_tim.o(.text)
    TIM_ForcedOC4Config                      0x0801a03b   Thumb Code    26  stm32f10x_tim.o(.text)
    TIM_ARRPreloadConfig                     0x0801a055   Thumb Code    24  stm32f10x_tim.o(.text)
    TIM_SelectCOM                            0x0801a06d   Thumb Code    24  stm32f10x_tim.o(.text)
    TIM_SelectCCDMA                          0x0801a085   Thumb Code    24  stm32f10x_tim.o(.text)
    TIM_CCPreloadControl                     0x0801a09d   Thumb Code    24  stm32f10x_tim.o(.text)
    TIM_OC1PreloadConfig                     0x0801a0b5   Thumb Code    18  stm32f10x_tim.o(.text)
    TIM_OC2PreloadConfig                     0x0801a0c7   Thumb Code    26  stm32f10x_tim.o(.text)
    TIM_OC3PreloadConfig                     0x0801a0e1   Thumb Code    18  stm32f10x_tim.o(.text)
    TIM_OC4PreloadConfig                     0x0801a0f3   Thumb Code    26  stm32f10x_tim.o(.text)
    TIM_OC1FastConfig                        0x0801a10d   Thumb Code    18  stm32f10x_tim.o(.text)
    TIM_OC2FastConfig                        0x0801a11f   Thumb Code    26  stm32f10x_tim.o(.text)
    TIM_OC3FastConfig                        0x0801a139   Thumb Code    18  stm32f10x_tim.o(.text)
    TIM_OC4FastConfig                        0x0801a14b   Thumb Code    26  stm32f10x_tim.o(.text)
    TIM_ClearOC1Ref                          0x0801a165   Thumb Code    18  stm32f10x_tim.o(.text)
    TIM_ClearOC2Ref                          0x0801a177   Thumb Code    24  stm32f10x_tim.o(.text)
    TIM_ClearOC3Ref                          0x0801a18f   Thumb Code    18  stm32f10x_tim.o(.text)
    TIM_ClearOC4Ref                          0x0801a1a1   Thumb Code    24  stm32f10x_tim.o(.text)
    TIM_OC1PolarityConfig                    0x0801a1b9   Thumb Code    18  stm32f10x_tim.o(.text)
    TIM_OC1NPolarityConfig                   0x0801a1cb   Thumb Code    18  stm32f10x_tim.o(.text)
    TIM_OC2PolarityConfig                    0x0801a1dd   Thumb Code    26  stm32f10x_tim.o(.text)
    TIM_OC2NPolarityConfig                   0x0801a1f7   Thumb Code    26  stm32f10x_tim.o(.text)
    TIM_OC3PolarityConfig                    0x0801a211   Thumb Code    26  stm32f10x_tim.o(.text)
    TIM_OC3NPolarityConfig                   0x0801a22b   Thumb Code    26  stm32f10x_tim.o(.text)
    TIM_OC4PolarityConfig                    0x0801a245   Thumb Code    26  stm32f10x_tim.o(.text)
    TIM_CCxCmd                               0x0801a25f   Thumb Code    30  stm32f10x_tim.o(.text)
    TIM_CCxNCmd                              0x0801a27d   Thumb Code    30  stm32f10x_tim.o(.text)
    TIM_SelectOCxM                           0x0801a29b   Thumb Code    82  stm32f10x_tim.o(.text)
    TIM_UpdateDisableConfig                  0x0801a2ed   Thumb Code    24  stm32f10x_tim.o(.text)
    TIM_UpdateRequestConfig                  0x0801a305   Thumb Code    24  stm32f10x_tim.o(.text)
    TIM_SelectHallSensor                     0x0801a31d   Thumb Code    24  stm32f10x_tim.o(.text)
    TIM_SelectOnePulseMode                   0x0801a335   Thumb Code    18  stm32f10x_tim.o(.text)
    TIM_SelectOutputTrigger                  0x0801a347   Thumb Code    18  stm32f10x_tim.o(.text)
    TIM_SelectSlaveMode                      0x0801a359   Thumb Code    18  stm32f10x_tim.o(.text)
    TIM_SelectMasterSlaveMode                0x0801a36b   Thumb Code    18  stm32f10x_tim.o(.text)
    TIM_SetCounter                           0x0801a37d   Thumb Code     4  stm32f10x_tim.o(.text)
    TIM_SetAutoreload                        0x0801a381   Thumb Code     4  stm32f10x_tim.o(.text)
    TIM_SetCompare1                          0x0801a385   Thumb Code     4  stm32f10x_tim.o(.text)
    TIM_SetCompare2                          0x0801a389   Thumb Code     4  stm32f10x_tim.o(.text)
    TIM_SetCompare3                          0x0801a38d   Thumb Code     4  stm32f10x_tim.o(.text)
    TIM_SetCompare4                          0x0801a391   Thumb Code     6  stm32f10x_tim.o(.text)
    TIM_SetClockDivision                     0x0801a397   Thumb Code    18  stm32f10x_tim.o(.text)
    TIM_GetCapture1                          0x0801a3a9   Thumb Code     6  stm32f10x_tim.o(.text)
    TIM_GetCapture2                          0x0801a3af   Thumb Code     6  stm32f10x_tim.o(.text)
    TIM_GetCapture3                          0x0801a3b5   Thumb Code     6  stm32f10x_tim.o(.text)
    TIM_GetCapture4                          0x0801a3bb   Thumb Code     8  stm32f10x_tim.o(.text)
    TIM_GetCounter                           0x0801a3c3   Thumb Code     6  stm32f10x_tim.o(.text)
    TIM_GetPrescaler                         0x0801a3c9   Thumb Code     6  stm32f10x_tim.o(.text)
    TIM_GetFlagStatus                        0x0801a3cf   Thumb Code    18  stm32f10x_tim.o(.text)
    TIM_ClearFlag                            0x0801a3e1   Thumb Code     6  stm32f10x_tim.o(.text)
    TIM_GetITStatus                          0x0801a3e7   Thumb Code    34  stm32f10x_tim.o(.text)
    TIM_ClearITPendingBit                    0x0801a409   Thumb Code     6  stm32f10x_tim.o(.text)
    USART_DeInit                             0x0801a411   Thumb Code   134  stm32f10x_usart.o(.text)
    USART_Init                               0x0801a497   Thumb Code   210  stm32f10x_usart.o(.text)
    USART_StructInit                         0x0801a569   Thumb Code    24  stm32f10x_usart.o(.text)
    USART_ClockInit                          0x0801a581   Thumb Code    34  stm32f10x_usart.o(.text)
    USART_ClockStructInit                    0x0801a5a3   Thumb Code    12  stm32f10x_usart.o(.text)
    USART_Cmd                                0x0801a5af   Thumb Code    24  stm32f10x_usart.o(.text)
    USART_ITConfig                           0x0801a5c7   Thumb Code    74  stm32f10x_usart.o(.text)
    USART_DMACmd                             0x0801a611   Thumb Code    18  stm32f10x_usart.o(.text)
    USART_SetAddress                         0x0801a623   Thumb Code    18  stm32f10x_usart.o(.text)
    USART_WakeUpConfig                       0x0801a635   Thumb Code    18  stm32f10x_usart.o(.text)
    USART_ReceiverWakeUpCmd                  0x0801a647   Thumb Code    24  stm32f10x_usart.o(.text)
    USART_LINBreakDetectLengthConfig         0x0801a65f   Thumb Code    18  stm32f10x_usart.o(.text)
    USART_LINCmd                             0x0801a671   Thumb Code    24  stm32f10x_usart.o(.text)
    USART_SendData                           0x0801a689   Thumb Code     8  stm32f10x_usart.o(.text)
    USART_ReceiveData                        0x0801a691   Thumb Code    10  stm32f10x_usart.o(.text)
    USART_SendBreak                          0x0801a69b   Thumb Code    10  stm32f10x_usart.o(.text)
    USART_SetGuardTime                       0x0801a6a5   Thumb Code    16  stm32f10x_usart.o(.text)
    USART_SetPrescaler                       0x0801a6b5   Thumb Code    16  stm32f10x_usart.o(.text)
    USART_SmartCardCmd                       0x0801a6c5   Thumb Code    24  stm32f10x_usart.o(.text)
    USART_SmartCardNACKCmd                   0x0801a6dd   Thumb Code    24  stm32f10x_usart.o(.text)
    USART_HalfDuplexCmd                      0x0801a6f5   Thumb Code    24  stm32f10x_usart.o(.text)
    USART_OverSampling8Cmd                   0x0801a70d   Thumb Code    22  stm32f10x_usart.o(.text)
    USART_OneBitMethodCmd                    0x0801a723   Thumb Code    24  stm32f10x_usart.o(.text)
    USART_IrDAConfig                         0x0801a73b   Thumb Code    18  stm32f10x_usart.o(.text)
    USART_IrDACmd                            0x0801a74d   Thumb Code    24  stm32f10x_usart.o(.text)
    USART_GetFlagStatus                      0x0801a765   Thumb Code    26  stm32f10x_usart.o(.text)
    USART_ClearFlag                          0x0801a77f   Thumb Code    18  stm32f10x_usart.o(.text)
    USART_GetITStatus                        0x0801a791   Thumb Code    84  stm32f10x_usart.o(.text)
    USART_ClearITPendingBit                  0x0801a7e5   Thumb Code    52  stm32f10x_usart.o(.text)
    SystemInit                               0x0801a927   Thumb Code    92  system_stm32f10x.o(.text)
    SystemCoreClockUpdate                    0x0801a983   Thumb Code   232  system_stm32f10x.o(.text)
    Reset_Handler                            0x0801aa95   Thumb Code     8  startup_stm32f10x_cl.o(.text)
    CAN1_RX0_IRQHandler                      0x0801aaaf   Thumb Code     0  startup_stm32f10x_cl.o(.text)
    CAN1_RX1_IRQHandler                      0x0801aaaf   Thumb Code     0  startup_stm32f10x_cl.o(.text)
    CAN1_SCE_IRQHandler                      0x0801aaaf   Thumb Code     0  startup_stm32f10x_cl.o(.text)
    CAN1_TX_IRQHandler                       0x0801aaaf   Thumb Code     0  startup_stm32f10x_cl.o(.text)
    CAN2_RX0_IRQHandler                      0x0801aaaf   Thumb Code     0  startup_stm32f10x_cl.o(.text)
    CAN2_RX1_IRQHandler                      0x0801aaaf   Thumb Code     0  startup_stm32f10x_cl.o(.text)
    CAN2_SCE_IRQHandler                      0x0801aaaf   Thumb Code     0  startup_stm32f10x_cl.o(.text)
    CAN2_TX_IRQHandler                       0x0801aaaf   Thumb Code     0  startup_stm32f10x_cl.o(.text)
    DMA1_Channel2_IRQHandler                 0x0801aaaf   Thumb Code     0  startup_stm32f10x_cl.o(.text)
    DMA1_Channel3_IRQHandler                 0x0801aaaf   Thumb Code     0  startup_stm32f10x_cl.o(.text)
    DMA1_Channel4_IRQHandler                 0x0801aaaf   Thumb Code     0  startup_stm32f10x_cl.o(.text)
    DMA1_Channel5_IRQHandler                 0x0801aaaf   Thumb Code     0  startup_stm32f10x_cl.o(.text)
    DMA1_Channel6_IRQHandler                 0x0801aaaf   Thumb Code     0  startup_stm32f10x_cl.o(.text)
    DMA1_Channel7_IRQHandler                 0x0801aaaf   Thumb Code     0  startup_stm32f10x_cl.o(.text)
    DMA2_Channel1_IRQHandler                 0x0801aaaf   Thumb Code     0  startup_stm32f10x_cl.o(.text)
    DMA2_Channel2_IRQHandler                 0x0801aaaf   Thumb Code     0  startup_stm32f10x_cl.o(.text)
    DMA2_Channel3_IRQHandler                 0x0801aaaf   Thumb Code     0  startup_stm32f10x_cl.o(.text)
    DMA2_Channel4_IRQHandler                 0x0801aaaf   Thumb Code     0  startup_stm32f10x_cl.o(.text)
    DMA2_Channel5_IRQHandler                 0x0801aaaf   Thumb Code     0  startup_stm32f10x_cl.o(.text)
    ETH_IRQHandler                           0x0801aaaf   Thumb Code     0  startup_stm32f10x_cl.o(.text)
    ETH_WKUP_IRQHandler                      0x0801aaaf   Thumb Code     0  startup_stm32f10x_cl.o(.text)
    EXTI0_IRQHandler                         0x0801aaaf   Thumb Code     0  startup_stm32f10x_cl.o(.text)
    EXTI15_10_IRQHandler                     0x0801aaaf   Thumb Code     0  startup_stm32f10x_cl.o(.text)
    EXTI1_IRQHandler                         0x0801aaaf   Thumb Code     0  startup_stm32f10x_cl.o(.text)
    EXTI2_IRQHandler                         0x0801aaaf   Thumb Code     0  startup_stm32f10x_cl.o(.text)
    EXTI3_IRQHandler                         0x0801aaaf   Thumb Code     0  startup_stm32f10x_cl.o(.text)
    EXTI4_IRQHandler                         0x0801aaaf   Thumb Code     0  startup_stm32f10x_cl.o(.text)
    FLASH_IRQHandler                         0x0801aaaf   Thumb Code     0  startup_stm32f10x_cl.o(.text)
    I2C1_ER_IRQHandler                       0x0801aaaf   Thumb Code     0  startup_stm32f10x_cl.o(.text)
    I2C1_EV_IRQHandler                       0x0801aaaf   Thumb Code     0  startup_stm32f10x_cl.o(.text)
    I2C2_ER_IRQHandler                       0x0801aaaf   Thumb Code     0  startup_stm32f10x_cl.o(.text)
    I2C2_EV_IRQHandler                       0x0801aaaf   Thumb Code     0  startup_stm32f10x_cl.o(.text)
    OTG_FS_IRQHandler                        0x0801aaaf   Thumb Code     0  startup_stm32f10x_cl.o(.text)
    OTG_FS_WKUP_IRQHandler                   0x0801aaaf   Thumb Code     0  startup_stm32f10x_cl.o(.text)
    PVD_IRQHandler                           0x0801aaaf   Thumb Code     0  startup_stm32f10x_cl.o(.text)
    RCC_IRQHandler                           0x0801aaaf   Thumb Code     0  startup_stm32f10x_cl.o(.text)
    RTCAlarm_IRQHandler                      0x0801aaaf   Thumb Code     0  startup_stm32f10x_cl.o(.text)
    RTC_IRQHandler                           0x0801aaaf   Thumb Code     0  startup_stm32f10x_cl.o(.text)
    SPI1_IRQHandler                          0x0801aaaf   Thumb Code     0  startup_stm32f10x_cl.o(.text)
    SPI2_IRQHandler                          0x0801aaaf   Thumb Code     0  startup_stm32f10x_cl.o(.text)
    SPI3_IRQHandler                          0x0801aaaf   Thumb Code     0  startup_stm32f10x_cl.o(.text)
    TAMPER_IRQHandler                        0x0801aaaf   Thumb Code     0  startup_stm32f10x_cl.o(.text)
    TIM1_BRK_IRQHandler                      0x0801aaaf   Thumb Code     0  startup_stm32f10x_cl.o(.text)
    TIM1_CC_IRQHandler                       0x0801aaaf   Thumb Code     0  startup_stm32f10x_cl.o(.text)
    TIM1_TRG_COM_IRQHandler                  0x0801aaaf   Thumb Code     0  startup_stm32f10x_cl.o(.text)
    TIM1_UP_IRQHandler                       0x0801aaaf   Thumb Code     0  startup_stm32f10x_cl.o(.text)
    TIM3_IRQHandler                          0x0801aaaf   Thumb Code     0  startup_stm32f10x_cl.o(.text)
    TIM5_IRQHandler                          0x0801aaaf   Thumb Code     0  startup_stm32f10x_cl.o(.text)
    TIM7_IRQHandler                          0x0801aaaf   Thumb Code     0  startup_stm32f10x_cl.o(.text)
    UART4_IRQHandler                         0x0801aaaf   Thumb Code     0  startup_stm32f10x_cl.o(.text)
    UART5_IRQHandler                         0x0801aaaf   Thumb Code     0  startup_stm32f10x_cl.o(.text)
    USART2_IRQHandler                        0x0801aaaf   Thumb Code     0  startup_stm32f10x_cl.o(.text)
    WWDG_IRQHandler                          0x0801aaaf   Thumb Code     0  startup_stm32f10x_cl.o(.text)
    __user_initial_stackheap                 0x0801aab1   Thumb Code     0  startup_stm32f10x_cl.o(.text)
    __2sprintf                               0x0801aad5   Thumb Code    34  noretval__2sprintf.o(.text)
    __printf                                 0x0801aafd   Thumb Code   104  __printf.o(.text)
    _printf_str                              0x0801ab65   Thumb Code    82  _printf_str.o(.text)
    _printf_int_dec                          0x0801abb9   Thumb Code   104  _printf_dec.o(.text)
    strlen                                   0x0801ac31   Thumb Code    62  strlen.o(.text)
    __aeabi_memcpy                           0x0801ac6f   Thumb Code     0  rt_memcpy_v6.o(.text)
    __rt_memcpy                              0x0801ac6f   Thumb Code   138  rt_memcpy_v6.o(.text)
    _memcpy_lastbytes                        0x0801acd5   Thumb Code     0  rt_memcpy_v6.o(.text)
    __aeabi_memset                           0x0801acf9   Thumb Code    16  aeabi_memset.o(.text)
    __aeabi_memclr                           0x0801ad09   Thumb Code     0  rt_memclr.o(.text)
    __rt_memclr                              0x0801ad09   Thumb Code    68  rt_memclr.o(.text)
    _memset                                  0x0801ad0d   Thumb Code     0  rt_memclr.o(.text)
    __aeabi_memclr4                          0x0801ad4d   Thumb Code     0  rt_memclr_w.o(.text)
    __aeabi_memclr8                          0x0801ad4d   Thumb Code     0  rt_memclr_w.o(.text)
    __rt_memclr_w                            0x0801ad4d   Thumb Code    78  rt_memclr_w.o(.text)
    _memset_w                                0x0801ad51   Thumb Code     0  rt_memclr_w.o(.text)
    __use_two_region_memory                  0x0801ad9b   Thumb Code     2  heapauxi.o(.text)
    __rt_heap_escrow$2region                 0x0801ad9d   Thumb Code     2  heapauxi.o(.text)
    __rt_heap_expand$2region                 0x0801ad9f   Thumb Code     2  heapauxi.o(.text)
    __read_errno                             0x0801ada1   Thumb Code    10  _rserrno.o(.text)
    __set_errno                              0x0801adab   Thumb Code    12  _rserrno.o(.text)
    _printf_int_common                       0x0801adb7   Thumb Code   178  _printf_intcommon.o(.text)
    _printf_char_common                      0x0801ae73   Thumb Code    32  _printf_char_common.o(.text)
    _sputc                                   0x0801ae99   Thumb Code    10  _sputc.o(.text)
    _printf_cs_common                        0x0801aea3   Thumb Code    20  _printf_char.o(.text)
    _printf_char                             0x0801aeb7   Thumb Code    16  _printf_char.o(.text)
    _printf_string                           0x0801aec7   Thumb Code     8  _printf_char.o(.text)
    __aeabi_memcpy4                          0x0801aecf   Thumb Code     0  rt_memcpy_w.o(.text)
    __aeabi_memcpy8                          0x0801aecf   Thumb Code     0  rt_memcpy_w.o(.text)
    __rt_memcpy_w                            0x0801aecf   Thumb Code   100  rt_memcpy_w.o(.text)
    _memcpy_lastbytes_aligned                0x0801af17   Thumb Code     0  rt_memcpy_w.o(.text)
    __aeabi_errno_addr                       0x0801af35   Thumb Code     8  rt_errno_addr_intlibspace.o(.text)
    __errno$intlibspace                      0x0801af35   Thumb Code     0  rt_errno_addr_intlibspace.o(.text)
    __rt_errno_addr$intlibspace              0x0801af35   Thumb Code     0  rt_errno_addr_intlibspace.o(.text)
    __user_libspace                          0x0801af3d   Thumb Code     8  libspace.o(.text)
    __user_perproc_libspace                  0x0801af3d   Thumb Code     0  libspace.o(.text)
    __user_perthread_libspace                0x0801af3d   Thumb Code     0  libspace.o(.text)
    __user_setup_stackheap                   0x0801af45   Thumb Code    74  sys_stackheap_outer.o(.text)
    exit                                     0x0801af8f   Thumb Code    12  exit.o(.text)
    _sys_exit                                0x0801af9d   Thumb Code     8  sys_exit.o(.text)
    __I$use$semihosting                      0x0801afa9   Thumb Code     0  use_no_semi.o(.text)
    __use_no_semihosting_swi                 0x0801afa9   Thumb Code     2  use_no_semi.o(.text)
    __ARM_fpclassify                         0x0801afab   Thumb Code    40  fpclassify.o(i.__ARM_fpclassify)
    __semihosting_library_function           0x0801afab   Thumb Code     0  indicate_semi.o(.text)
    __kernel_poly                            0x0801afd3   Thumb Code   170  poly.o(i.__kernel_poly)
    __mathlib_dbl_infnan                     0x0801b07d   Thumb Code     6  dunder.o(i.__mathlib_dbl_infnan)
    __mathlib_dbl_overflow                   0x0801b083   Thumb Code    14  dunder.o(i.__mathlib_dbl_overflow)
    __mathlib_dbl_underflow                  0x0801b091   Thumb Code    10  dunder.o(i.__mathlib_dbl_underflow)
    exp                                      0x0801b0a1   Thumb Code   554  exp.o(i.exp)
    __aeabi_dadd                             0x0801b325   Thumb Code     0  daddsub_clz.o(x$fpl$dadd)
    _dadd                                    0x0801b325   Thumb Code   332  daddsub_clz.o(x$fpl$dadd)
    __fpl_dcheck_NaN1                        0x0801b475   Thumb Code    10  dcheck1.o(x$fpl$dcheck1)
    __fpl_dcmp_Inf                           0x0801b485   Thumb Code    24  dcmpi.o(x$fpl$dcmpinf)
    __aeabi_ddiv                             0x0801b49d   Thumb Code     0  ddiv.o(x$fpl$ddiv)
    _ddiv                                    0x0801b49d   Thumb Code   552  ddiv.o(x$fpl$ddiv)
    __aeabi_d2iz                             0x0801b74d   Thumb Code     0  dfix.o(x$fpl$dfix)
    _dfix                                    0x0801b74d   Thumb Code    94  dfix.o(x$fpl$dfix)
    __aeabi_i2d                              0x0801b7ab   Thumb Code     0  dflt_clz.o(x$fpl$dflt)
    _dflt                                    0x0801b7ab   Thumb Code    46  dflt_clz.o(x$fpl$dflt)
    __aeabi_cdcmple                          0x0801b7d9   Thumb Code     0  dleqf.o(x$fpl$dleqf)
    _dcmple                                  0x0801b7d9   Thumb Code   120  dleqf.o(x$fpl$dleqf)
    __fpl_dcmple_InfNaN                      0x0801b83b   Thumb Code     0  dleqf.o(x$fpl$dleqf)
    __aeabi_dmul                             0x0801b851   Thumb Code     0  dmul.o(x$fpl$dmul)
    _dmul                                    0x0801b851   Thumb Code   332  dmul.o(x$fpl$dmul)
    __fpl_dnaninf                            0x0801b9a5   Thumb Code   156  dnaninf.o(x$fpl$dnaninf)
    __fpl_dretinf                            0x0801ba41   Thumb Code    12  dretinf.o(x$fpl$dretinf)
    __aeabi_cdrcmple                         0x0801ba4d   Thumb Code     0  drleqf.o(x$fpl$drleqf)
    _drcmple                                 0x0801ba4d   Thumb Code   108  drleqf.o(x$fpl$drleqf)
    __aeabi_drsub                            0x0801bab9   Thumb Code     0  daddsub_clz.o(x$fpl$drsb)
    _drsb                                    0x0801bab9   Thumb Code    22  daddsub_clz.o(x$fpl$drsb)
    __aeabi_dsub                             0x0801bad1   Thumb Code     0  daddsub_clz.o(x$fpl$dsub)
    _dsub                                    0x0801bad1   Thumb Code   464  daddsub_clz.o(x$fpl$dsub)
    __aeabi_f2d                              0x0801bca5   Thumb Code     0  f2d.o(x$fpl$f2d)
    _f2d                                     0x0801bca5   Thumb Code    86  f2d.o(x$fpl$f2d)
    __aeabi_fadd                             0x0801bcfd   Thumb Code     0  faddsub_clz.o(x$fpl$fadd)
    _fadd                                    0x0801bcfd   Thumb Code   196  faddsub_clz.o(x$fpl$fadd)
    __fpl_fcmp_Inf                           0x0801bdc1   Thumb Code    24  fcmpi.o(x$fpl$fcmpinf)
    __aeabi_fdiv                             0x0801bdd9   Thumb Code     0  fdiv.o(x$fpl$fdiv)
    _fdiv                                    0x0801bdd9   Thumb Code   384  fdiv.o(x$fpl$fdiv)
    __aeabi_cfcmpeq                          0x0801bf5d   Thumb Code     0  feqf.o(x$fpl$feqf)
    _fcmpeq                                  0x0801bf5d   Thumb Code   104  feqf.o(x$fpl$feqf)
    __aeabi_f2uiz                            0x0801bfc5   Thumb Code     0  ffixu.o(x$fpl$ffixu)
    _ffixu                                   0x0801bfc5   Thumb Code    62  ffixu.o(x$fpl$ffixu)
    __aeabi_i2f                              0x0801c005   Thumb Code     0  fflt_clz.o(x$fpl$fflt)
    _fflt                                    0x0801c005   Thumb Code    48  fflt_clz.o(x$fpl$fflt)
    __aeabi_ui2f                             0x0801c035   Thumb Code     0  fflt_clz.o(x$fpl$ffltu)
    _ffltu                                   0x0801c035   Thumb Code    38  fflt_clz.o(x$fpl$ffltu)
    __aeabi_fmul                             0x0801c05d   Thumb Code     0  fmul.o(x$fpl$fmul)
    _fmul                                    0x0801c05d   Thumb Code   258  fmul.o(x$fpl$fmul)
    __fpl_fnaninf                            0x0801c15f   Thumb Code   140  fnaninf.o(x$fpl$fnaninf)
    __fpl_fretinf                            0x0801c1eb   Thumb Code    10  fretinf.o(x$fpl$fretinf)
    __aeabi_frsub                            0x0801c1f5   Thumb Code     0  faddsub_clz.o(x$fpl$frsb)
    _frsb                                    0x0801c1f5   Thumb Code    20  faddsub_clz.o(x$fpl$frsb)
    __aeabi_fsub                             0x0801c209   Thumb Code     0  faddsub_clz.o(x$fpl$fsub)
    _fsub                                    0x0801c209   Thumb Code   234  faddsub_clz.o(x$fpl$fsub)
    __fpl_return_NaN                         0x0801c2f3   Thumb Code   100  retnan.o(x$fpl$retnan)
    __ARM_scalbn                             0x0801c357   Thumb Code    92  scalbn.o(x$fpl$scalbn)
    __fpl_cmpreturn                          0x0801c3b3   Thumb Code    48  trapv.o(x$fpl$trapveneer)
    __I$use$fp                               0x0801c3e2   Number         0  usenofp.o(x$fpl$usenofp)
    BATCH_NUM                                0x0801c420   Data           5  main_70.o(.constdata)
    CHUANGSHU_MOTOR_PWM_PARA                 0x0801c425   Data           4  main_70.o(.constdata)
    CSMP_NUM_IN_50MS                         0x0801c429   Data           4  main_70.o(.constdata)
    VAL_FEN_GE                               0x0801c42d   Data          30  main_70.o(.constdata)
    LONG_LCD_KEY_ADDVAL                      0x0801c44b   Data           1  main_70.o(.constdata)
    RMB_NOTE_VALUE                           0x0801c44c   Data           9  main_70.o(.constdata)
    USD_NOTE_VALUE                           0x0801c455   Data          10  main_70.o(.constdata)
    EUR_NOTE_VALUE                           0x0801c460   Data          20  main_70.o(.constdata)
    RUB_NOTE_VALUE                           0x0801c474   Data          20  main_70.o(.constdata)
    TRY_NOTE_VALUE                           0x0801c488   Data          20  main_70.o(.constdata)
    CURRENCY_TITLE_STR_ENGLISH               0x0801c49c   Data           4  main_70.o(.constdata)
    CURRENCY_MENU_TITLE_STR_ENGLISH          0x0801c4a0   Data           4  main_70.o(.constdata)
    CURRENCY_TITLE_STR_CHINESE               0x0801c4a4   Data           4  main_70.o(.constdata)
    ONOFF_STR                                0x0801c4a8   Data           8  main_70.o(.constdata)
    Direction_STR                            0x0801c4b0   Data           8  main_70.o(.constdata)
    HEX_CODE                                 0x0801c4b8   Data          16  main_70.o(.constdata)
    SEND                                     0x0801c4c8   Data           5  main_70.o(.constdata)
    USD_iradFvt_Int                          0x0801c4ce   Data       23076  bill.o(.constdata)
    USD_colorFvt_Int                         0x08021ef2   Data       23364  bill.o(.constdata)
    EUR_iradFvt_Int                          0x08027a36   Data       10256  bill.o(.constdata)
    EUR_colorFvt_Int                         0x0802a246   Data       10384  bill.o(.constdata)
    RUB_iradFvt_Int                          0x0802cad6   Data       14102  bill.o(.constdata)
    RUB_colorFvt_Int                         0x080301ec   Data       14278  bill.o(.constdata)
    TRY_iradFvt_Int                          0x080339b2   Data        8974  bill.o(.constdata)
    TRY_colorFvt_Int                         0x08035cc0   Data        9086  bill.o(.constdata)
    Region$$Table$$Base                      0x080382fc   Number         0  anon$$obj.o(Region$$Table)
    Region$$Table$$Limit                     0x0803831c   Number         0  anon$$obj.o(Region$$Table)
    uart1infifo_front                        0x20000000   Data           2  fifo.o(.data)
    uart1infifo_rear                         0x20000002   Data           2  fifo.o(.data)
    uart1outfifo_count                       0x20000004   Data           2  fifo.o(.data)
    uart1outfifo_front                       0x20000006   Data           2  fifo.o(.data)
    uart1outfifo_rear                        0x20000008   Data           2  fifo.o(.data)
    uart2infifo_front                        0x2000000a   Data           2  fifo.o(.data)
    uart2infifo_rear                         0x2000000c   Data           2  fifo.o(.data)
    uart2outfifo_count                       0x2000000e   Data           2  fifo.o(.data)
    uart2outfifo_front                       0x20000010   Data           2  fifo.o(.data)
    uart2outfifo_rear                        0x20000012   Data           2  fifo.o(.data)
    uart3infifo_front                        0x20000014   Data           2  fifo.o(.data)
    uart3infifo_rear                         0x20000016   Data           2  fifo.o(.data)
    uart3outfifo_count                       0x20000018   Data           2  fifo.o(.data)
    uart3outfifo_front                       0x2000001a   Data           2  fifo.o(.data)
    uart3outfifo_rear                        0x2000001c   Data           2  fifo.o(.data)
    systemState                              0x2000001e   Data           1  flash.o(.data)
    gb_hwVccIsOn                             0x20000020   Data           1  main_70.o(.data)
    gb_uvVccIsOn                             0x20000021   Data           1  main_70.o(.data)
    gb_jinChaoFaSheIsOn                      0x20000022   Data           1  main_70.o(.data)
    g_colorFsRGB                             0x20000023   Data           1  main_70.o(.data)
    chanelIndexOf4051                        0x20000024   Data           1  main_70.o(.data)
    g_colorFsStopWork                        0x20000025   Data           1  main_70.o(.data)
    gb_needStopMotorTimeout                  0x20000026   Data           1  main_70.o(.data)
    gb_mpPeriodRecordCnt                     0x20000027   Data           1  main_70.o(.data)
    g_needSaveMpPeriodFlag                   0x20000028   Data           1  main_70.o(.data)
    fbPosition                               0x20000029   Data           1  main_70.o(.data)
    fbInUse                                  0x2000002a   Data           1  main_70.o(.data)
    mrValue                                  0x2000002b   Data           2  main_70.o(.data)
    UvValue                                  0x2000002d   Data           1  main_70.o(.data)
    enteranceSensorVal                       0x2000002e   Data           1  main_70.o(.data)
    tdjsValue                                0x2000002f   Data           2  main_70.o(.data)
    uvCnt                                    0x20000031   Data           1  main_70.o(.data)
    lengthFlag                               0x20000032   Data           1  main_70.o(.data)
    gb_lengthHaveNote                        0x20000033   Data           1  main_70.o(.data)
    gb_lengthCovered                         0x20000034   Data           1  main_70.o(.data)
    dubiRecoverCnt                           0x20000035   Data           1  main_70.o(.data)
    lastFsOffVal                             0x20000036   Data           2  main_70.o(.data)
    lastFsOnVal                              0x20000038   Data           2  main_70.o(.data)
    entergatePulseNumCounter                 0x2000003a   Data           1  main_70.o(.data)
    ps1PulseNumCounter                       0x2000003b   Data           1  main_70.o(.data)
    ps2PulseNumCounter                       0x2000003c   Data           1  main_70.o(.data)
    scanEntergateTimer                       0x2000003d   Data           1  main_70.o(.data)
    gb_haveNoteInEntergate                   0x2000003e   Data           1  main_70.o(.data)
    PS1Flag                                  0x20000040   Data           4  main_70.o(.data)
    motor1StopRecord                         0x20000044   Data           1  main_70.o(.data)
    motor1SataRecord                         0x20000045   Data           1  main_70.o(.data)
    motor1SataRecord2                        0x20000046   Data           1  main_70.o(.data)
    PS1ValueRecordCnt                        0x20000048   Data           2  main_70.o(.data)
    PS2ValueRecordCnt                        0x2000004a   Data           2  main_70.o(.data)
    gb_motorNeedEndOneNoteCnt                0x2000004c   Data           1  main_70.o(.data)
    PS2Flag                                  0x2000004d   Data           1  main_70.o(.data)
    PS2FlagCnt                               0x2000004e   Data           1  main_70.o(.data)
    gb_haveNoteInPS1                         0x2000004f   Data           1  main_70.o(.data)
    PS3Flag                                  0x20000050   Data           1  main_70.o(.data)
    PS3FlagCnt                               0x20000051   Data           1  main_70.o(.data)
    gb_haveNoteInPS3                         0x20000052   Data           1  main_70.o(.data)
    scanMotorTimer                           0x20000053   Data           1  main_70.o(.data)
    gb_haveNoteInPS2                         0x20000054   Data           1  main_70.o(.data)
    gb_startRGBSample                        0x20000055   Data           1  main_70.o(.data)
    gb_endRGBSample                          0x20000056   Data           1  main_70.o(.data)
    gb_colorSampleStart                      0x20000057   Data           1  main_70.o(.data)
    gb_colorSampleEnd                        0x20000058   Data           1  main_70.o(.data)
    gb_colorSampleEnable                     0x20000059   Data           1  main_70.o(.data)
    msecCnt                                  0x2000005c   Data           4  main_70.o(.data)
    gb_uartWorkMode                          0x20000060   Data           1  main_70.o(.data)
    irHaveNoteContinuslyCnt                  0x20000062   Data           2  main_70.o(.data)
    gb_inHwAdjusting                         0x20000064   Data           1  main_70.o(.data)
    gb_inKdAdjusting                         0x20000065   Data           1  main_70.o(.data)
    gb_oneNotePass                           0x20000066   Data           1  main_70.o(.data)
    irNoteNum                                0x20000067   Data           1  main_70.o(.data)
    currentSlant                             0x20000068   Data           1  main_70.o(.data)
    gb_leftIsFirst                           0x20000069   Data           1  main_70.o(.data)
    slant                                    0x2000006a   Data           2  main_70.o(.data)
    slantAvg                                 0x2000006c   Data           2  main_70.o(.data)
    slantSum                                 0x2000006e   Data           2  main_70.o(.data)
    slantNum                                 0x20000070   Data           2  main_70.o(.data)
    gb_cntMgComputeTime                      0x20000072   Data           1  main_70.o(.data)
    mgComputeMpNum                           0x20000073   Data           1  main_70.o(.data)
    g_workMode                               0x20000074   Data           1  main_70.o(.data)
    g_needAddValue                           0x20000075   Data           1  main_70.o(.data)
    g_funDispChanger                         0x20000076   Data           1  main_70.o(.data)
    mpCnt                                    0x20000078   Data           2  main_70.o(.data)
    lengthMpCnt                              0x2000007a   Data           2  main_70.o(.data)
    mpStartCnt                               0x2000007c   Data           2  main_70.o(.data)
    mpEndCnt                                 0x2000007e   Data           2  main_70.o(.data)
    time1                                    0x20000080   Data           4  main_70.o(.data)
    time2                                    0x20000084   Data           4  main_70.o(.data)
    timeCnt                                  0x20000088   Data           4  main_70.o(.data)
    sampleStartNum                           0x2000008c   Data           4  main_70.o(.data)
    dmaEndNum                                0x20000090   Data           4  main_70.o(.data)
    needSampleIdleNum                        0x20000094   Data           2  main_70.o(.data)
    gb_sampleIdleOver                        0x20000096   Data           1  main_70.o(.data)
    gb_enableSample                          0x20000097   Data           1  main_70.o(.data)
    gb_needStopCsddj                         0x20000098   Data           1  main_70.o(.data)
    g_yuZhiNum                               0x20000099   Data           1  main_70.o(.data)
    g_btachNumIndex                          0x2000009a   Data           1  main_70.o(.data)
    gb_batchIsOn                             0x2000009b   Data           1  main_70.o(.data)
    gb_inDispBatch                           0x2000009c   Data           1  main_70.o(.data)
    gb_work                                  0x2000009d   Data           1  main_70.o(.data)
    gb_oneSec                                0x2000009e   Data           1  main_70.o(.data)
    gb_oneSecAutoRefresh                     0x2000009f   Data           1  main_70.o(.data)
    gb_keyFuWeiDown                          0x200000a0   Data           1  main_70.o(.data)
    gb_runInManual                           0x200000a1   Data           1  main_70.o(.data)
    g_turnOffHwfsDelayTimer                  0x200000a2   Data           2  main_70.o(.data)
    gb_needTurnOffLed                        0x200000a4   Data           1  main_70.o(.data)
    g_haveNoNoteCounter                      0x200000a6   Data           2  main_70.o(.data)
    gb_inSelfcheck                           0x200000a8   Data           1  main_70.o(.data)
    selfcheckResult                          0x200000a9   Data           1  main_70.o(.data)
    beepTimes                                0x200000aa   Data           1  main_70.o(.data)
    beepType                                 0x200000ab   Data           1  main_70.o(.data)
    timerForBeep                             0x200000ac   Data           1  main_70.o(.data)
    outputDeatalDataCnt                      0x200000ad   Data           1  main_70.o(.data)
    gb_autoOutputDetailData                  0x200000ae   Data           1  main_70.o(.data)
    gb_lengthInOriginData                    0x200000af   Data           1  main_70.o(.data)
    gb_colorInOriginData                     0x200000b0   Data           1  main_70.o(.data)
    g_lengthSampleIndex                      0x200000b4   Data           4  main_70.o(.data)
    g_lengthIrMpNum                          0x200000b8   Data           2  main_70.o(.data)
    gb_debugErrFlag                          0x200000ba   Data           1  main_70.o(.data)
    gb_FristInPS2                            0x200000bb   Data           1  main_70.o(.data)
    gb_FristOutPS2                           0x200000bc   Data           1  main_70.o(.data)
    gb_uvNeedStartSampleflag                 0x200000bd   Data           1  main_70.o(.data)
    gb_uvNeedStartSampleCnt                  0x200000be   Data           1  main_70.o(.data)
    gb_uvNeedEndSampleCnt                    0x200000bf   Data           1  main_70.o(.data)
    gb_needStopMotorCnt                      0x200000c0   Data           1  main_70.o(.data)
    gb_needBackMotorCnt                      0x200000c1   Data           1  main_70.o(.data)
    gb_lengthIrNeedStartSampleflag           0x200000c2   Data           1  main_70.o(.data)
    gb_lengthIrNeedStartSampleCnt            0x200000c3   Data           1  main_70.o(.data)
    gb_lengthIrNeedEndSampleCnt              0x200000c4   Data           1  main_70.o(.data)
    g_uvSampleIndex                          0x200000c6   Data           2  main_70.o(.data)
    g_mgSampleIndex                          0x200000c8   Data           2  main_70.o(.data)
    gb_needSampleMr                          0x200000ca   Data           1  main_70.o(.data)
    lastMgDataIndex                          0x200000cb   Data           1  main_70.o(.data)
    tempMgDataLen                            0x200000cc   Data           2  main_70.o(.data)
    g_colorSampleIndex                       0x200000ce   Data           2  main_70.o(.data)
    csmpNumInCurrentCycle                    0x200000d0   Data           2  main_70.o(.data)
    csmpNumCnt                               0x200000d2   Data           1  main_70.o(.data)
    gb_isJammed                              0x200000d3   Data           1  main_70.o(.data)
    gb_dispJamInfo                           0x200000d4   Data           1  main_70.o(.data)
    csddjJamTimes                            0x200000d6   Data           2  main_70.o(.data)
    g_machineTestMode                        0x200000d8   Data           1  main_70.o(.data)
    gb_identificationWays                    0x200000d9   Data           1  main_70.o(.data)
    maxSampleNumOneMp                        0x200000da   Data           1  main_70.o(.data)
    selectedItemIndex                        0x200000db   Data           1  main_70.o(.data)
    lastSelectedItemIndex                    0x200000dc   Data           1  main_70.o(.data)
    gb_paraChanged                           0x200000dd   Data           1  main_70.o(.data)
    gb_motorState1                           0x200000de   Data           1  main_70.o(.data)
    gb_motorState2                           0x200000df   Data           1  main_70.o(.data)
    noteState                                0x200000e0   Data           2  main_70.o(.data)
    g_maxMpFromPs1ToPs2                      0x200000e2   Data           2  main_70.o(.data)
    g_maxMpFromEnteranceToPs1                0x200000e4   Data           2  main_70.o(.data)
    g_maxMpFromPs1ToEnterance                0x200000e6   Data           1  main_70.o(.data)
    g_maxMpFromPs2ToLeave                    0x200000e7   Data           1  main_70.o(.data)
    g_maxMpFromComputeToPS1                  0x200000e8   Data           2  main_70.o(.data)
    gb_needStopMotor                         0x200000ea   Data           1  main_70.o(.data)
    laoHuaSingleTime                         0x200000eb   Data           1  main_70.o(.data)
    laoHuaTime                               0x200000ec   Data           2  main_70.o(.data)
    gb_inLaoHua                              0x200000ee   Data           1  main_70.o(.data)
    oneMinLaoHuaTime                         0x200000ef   Data           1  main_70.o(.data)
    shortLcdKeyTimer                         0x200000f0   Data           1  main_70.o(.data)
    enterLongLcdKeyTimer                     0x200000f2   Data           2  main_70.o(.data)
    longLcdKeyIntervalTimer                  0x200000f4   Data           1  main_70.o(.data)
    shortLcdKey                              0x200000f5   Data           1  main_70.o(.data)
    longLcdKey                               0x200000f6   Data           1  main_70.o(.data)
    gb_longLcdKey                            0x200000f7   Data           1  main_70.o(.data)
    gb_needCheckKey                          0x200000f8   Data           1  main_70.o(.data)
    gb_needCheckTpClick                      0x200000f9   Data           1  main_70.o(.data)
    checkKeyCnt                              0x200000fa   Data           1  main_70.o(.data)
    currentLcdKey                            0x200000fb   Data           1  main_70.o(.data)
    lastLcdKey                               0x200000fc   Data           1  main_70.o(.data)
    keyFlag                                  0x200000fd   Data           1  main_70.o(.data)
    g_errFlag                                0x200000fe   Data           2  main_70.o(.data)
    gb_noteState                             0x20000100   Data           1  main_70.o(.data)
    g_currency                               0x20000101   Data           1  main_70.o(.data)
    g_subStateOfNormal                       0x20000102   Data           1  main_70.o(.data)
    gb_needOutPutLength                      0x20000104   Data           2  main_70.o(.data)
    noteNum                                  0x20000108   Data           4  main_70.o(.data)
    noteSum                                  0x2000010c   Data           4  main_70.o(.data)
    noteDenoValue                            0x20000110   Data           2  main_70.o(.data)
    JbmpAddress                              0x20000114   Data          44  main_70.o(.data)
    YbmpAddress                              0x20000140   Data          44  main_70.o(.data)
    SbmpAddress                              0x2000016c   Data          44  main_70.o(.data)
    SBmpDispXY                               0x20000198   Data          36  main_70.o(.data)
    TimingDelay                              0x200001bc   Data           2  main_70.o(.data)
    motorTest                                0x200001be   Data           1  main_70.o(.data)
    DENO_STR                                 0x200001c0   Data          32  main_70.o(.data)
    WIDTH_BETWEEN_IR2_IR3_EXP2               0x200001e0   Data           2  main_70.o(.data)
    ctlSend                                  0x200001e2   Data           1  main_70.o(.data)
    oneSecCnt                                0x200001ec   Data           2  main_70.o(.data)
    gb_SecCnt                                0x200001ee   Data           2  main_70.o(.data)
    fiveMsCnt                                0x200001f0   Data           1  main_70.o(.data)
    cnt                                      0x200001f1   Data           1  main_70.o(.data)
    mpValue                                  0x200001f2   Data           1  main_70.o(.data)
    mpPeriodCnt                              0x200001f4   Data           2  main_70.o(.data)
    g_motor1State                            0x200001f6   Data           1  motor.o(.data)
    currentSpeed                             0x200001f7   Data           1  motor.o(.data)
    g_motorSpeedCountVal                     0x200001f8   Data           2  motor.o(.data)
    g_codePanCountForCsMp                    0x200001fa   Data           2  motor.o(.data)
    forwardPwmValue                          0x200001fc   Data           1  motor.o(.data)
    backwardPwmValue                         0x200001fd   Data           1  motor.o(.data)
    lengthDataLen                            0x20000200   Data           2  mr.o(.data)
    mgDataLen                                0x20000202   Data           2  mr.o(.data)
    uvDataLen                                0x20000204   Data           2  mr.o(.data)
    colorDataLen                             0x20000206   Data           2  mr.o(.data)
    errorCode                                0x20000208   Data           1  mr.o(.data)
    currentNoteType                          0x20000209   Data           1  mr.o(.data)
    gb_inCollabration                        0x2000020a   Data           1  mr.o(.data)
    collabrationNoteNum                      0x2000020b   Data           1  mr.o(.data)
    test                                     0x2000020c   Data           1  mr.o(.data)
    speedIsSlow                              0x2000020d   Data           1  mr.o(.data)
    headMrStartPos                           0x2000020e   Data           1  mr.o(.data)
    m_gzhMrIndex                             0x2000020f   Data           1  mr.o(.data)
    frontGzhStartPos                         0x20000210   Data           2  mr.o(.data)
    frontGzhEndPos                           0x20000212   Data           2  mr.o(.data)
    backGzhStartPos                          0x20000214   Data           2  mr.o(.data)
    backGzhEndPos                            0x20000216   Data           2  mr.o(.data)
    pdGzhMrData                              0x20000218   Data           4  mr.o(.data)
    aqxCodeNum                               0x2000021c   Data           1  mr.o(.data)
    gb_needDealUart1Data                     0x2000021e   Data           1  uart_1.o(.data)
    uart1DelayTimer                          0x2000021f   Data           1  uart_1.o(.data)
    gb_needDealUart3Data                     0x20000220   Data           1  uart_1.o(.data)
    uart3DelayTimer                          0x20000221   Data           1  uart_1.o(.data)
    billIsFake                               0x20000222   Data           1  bill.o(.data)
    billValue                                0x20000223   Data           1  bill.o(.data)
    billFlag                                 0x20000224   Data           1  bill.o(.data)
    billUVFvt                                0x20000225   Data           1  bill.o(.data)
    g_flag                                   0x20000226   Data           1  bill.o(.data)
    billIradMask                             0x20000227   Data           1  bill.o(.data)
    irJudgeValue                             0x20000228   Data           1  bill.o(.data)
    irJudgeFlag                              0x20000229   Data           1  bill.o(.data)
    colorJudgeValue                          0x2000022a   Data           1  bill.o(.data)
    colorJudgeFlag                           0x2000022b   Data           1  bill.o(.data)
    g_IradRes                                0x2000022c   Data           1  bill.o(.data)
    noteType                                 0x2000022d   Data           1  bill.o(.data)
    mgFvtFlag                                0x2000022e   Data           1  bill.o(.data)
    iradImgW                                 0x20000230   Data           2  bill.o(.data)
    iradImgH                                 0x20000232   Data           2  bill.o(.data)
    g_USD_noteClass                          0x20000234   Data          18  bill.o(.data)
    g_EUR_noteClass                          0x20000246   Data           8  bill.o(.data)
    g_RUB_noteClass                          0x2000024e   Data          11  bill.o(.data)
    g_TRY_noteClass                          0x20000259   Data           7  bill.o(.data)
    currentProgress                          0x20000260   Data           1  disp.o(.data)
    progressX                                0x20000262   Data           2  disp.o(.data)
    progressY                                0x20000264   Data           2  disp.o(.data)
    progressW                                0x20000266   Data           2  disp.o(.data)
    progressH                                0x20000268   Data           2  disp.o(.data)
    progressBackColor                        0x2000026a   Data           2  disp.o(.data)
    progressFrontColor                       0x2000026c   Data           2  disp.o(.data)
    CurrentFont                              0x2000026e   Data           1  disp.o(.data)
    CurrentBackColor                         0x20000270   Data           2  disp.o(.data)
    CurrentPenColor                          0x20000272   Data           2  disp.o(.data)
    LastFont                                 0x20000274   Data           1  disp.o(.data)
    lastProgress                             0x20000275   Data           1  disp.o(.data)
    HSEStartUpStatus                         0x20000278   Data           1  user_bsp.o(.data)
    BSP_delay                                0x2000027c   Data           4  user_bsp.o(.data)
    SystemCoreClock                          0x20000294   Data           4  system_stm32f10x.o(.data)
    AHBPrescTable                            0x20000298   Data          16  system_stm32f10x.o(.data)
    uart1infifo_data                         0x200002a8   Data        1000  fifo.o(.bss)
    uart1outfifo_data                        0x20000690   Data        1000  fifo.o(.bss)
    uart2infifo_data                         0x20000a78   Data          20  fifo.o(.bss)
    uart2outfifo_data                        0x20000a8c   Data          20  fifo.o(.bss)
    uart3infifo_data                         0x20000aa0   Data        1000  fifo.o(.bss)
    uart3outfifo_data                        0x20000e88   Data        1000  fifo.o(.bss)
    DATA2                                    0x20001270   Data          10  fifo.o(.bss)
    DATA7                                    0x2000127a   Data          10  fifo.o(.bss)
    DATA8                                    0x20001284   Data          10  fifo.o(.bss)
    DATA9                                    0x2000128e   Data          10  fifo.o(.bss)
    DATA10                                   0x20001298   Data          10  fifo.o(.bss)
    DATA11                                   0x200012a2   Data          10  fifo.o(.bss)
    DATA12                                   0x200012ac   Data          10  fifo.o(.bss)
    DATA13                                   0x200012b6   Data          10  fifo.o(.bss)
    DATA14                                   0x200012c0   Data          10  fifo.o(.bss)
    DATA15                                   0x200012ca   Data          10  fifo.o(.bss)
    allFifo                                  0x200012d4   Data         160  fifo.o(.bss)
    savedPara                                0x20001374   Data         356  flash.o(.bss)
    gb_mpPeriodRecord                        0x200014d8   Data         100  main_70.o(.bss)
    DMA_InitStructure                        0x2000153c   Data          44  main_70.o(.bss)
    adcResult                                0x20001568   Data          20  main_70.o(.bss)
    adData                                   0x2000157c   Data          10  main_70.o(.bss)
    irValue                                  0x20001586   Data          21  main_70.o(.bss)
    colorRGB                                 0x2000159b   Data          12  main_70.o(.bss)
    enteranceSensorValall                    0x200015a7   Data         200  main_70.o(.bss)
    IRlengthBuffer                           0x2000166f   Data        8192  main_70.o(.bss)
    PS1ValueRecord                           0x2000366f   Data        1500  main_70.o(.bss)
    PS2ValueRecord                           0x20003c4b   Data        1500  main_70.o(.bss)
    mpCntRecode                              0x20004227   Data        1000  main_70.o(.bss)
    msCntRecode                              0x2000460f   Data        1000  main_70.o(.bss)
    kAdjust                                  0x200049f8   Data          84  main_70.o(.bss)
    bAdjust                                  0x20004a4c   Data          84  main_70.o(.bss)
    lastMgData                               0x20004aa0   Data         100  main_70.o(.bss)
    tempMgData                               0x20004b04   Data        4000  main_70.o(.bss)
    csmpNumRecord                            0x20005aa4   Data         200  main_70.o(.bss)
    dispStr                                  0x20005b6c   Data         100  main_70.o(.bss)
    gb_testbuf                               0x20005bd0   Data          20  main_70.o(.bss)
    denoNoteNum                              0x20005be4   Data          20  main_70.o(.bss)
    timeTest                                 0x20005bf8   Data          32  main_70.o(.bss)
    lengthData                               0x20005c18   Data       19800  mr.o(.bss)
    lengthIdleOriginValue                    0x2000a970   Data          21  mr.o(.bss)
    mgData                                   0x2000a985   Data        1700  mr.o(.bss)
    uvData                                   0x2000b029   Data         900  mr.o(.bss)
    colorData                                0x2000b3ae   Data        7200  mr.o(.bss)
    collabrationSum                          0x2000cfd0   Data          84  mr.o(.bss)
    collabrationNum                          0x2000d024   Data          21  mr.o(.bss)
    collabrationValue                        0x2000d03a   Data          42  mr.o(.bss)
    collabrationMax                          0x2000d064   Data          42  mr.o(.bss)
    collabrationMin                          0x2000d08e   Data          42  mr.o(.bss)
    lengthData_Tmp2                          0x2000d0b8   Data         740  bill.o(.bss)
    colorData_tmp                            0x2000d39c   Data        1920  bill.o(.bss)
    colorFvtTotal                            0x2000db1c   Data        1296  bill.o(.bss)
    projH                                    0x2000e02c   Data        3600  bill.o(.bss)
    TFTStr                                   0x2000ee3c   Data         300  disp.o(.bss)
    TFTTmpStr                                0x2000ef68   Data         300  disp.o(.bss)
    __libspace_start                         0x2000f094   Data          96  libspace.o(.bss)
    __temporary_stack_top$libspace           0x2000f0f4   Data           0  libspace.o(.bss)



==============================================================================

Memory Map of the image

  Image Entry point : 0x08010151

  Load Region LR_IROM1 (Base: 0x08010000, Size: 0x000285c4, Max: 0x000f0000, ABSOLUTE, COMPRESSED[0x00028438])

    Execution Region ER_IROM1 (Base: 0x08010000, Size: 0x0002831c, Max: 0x000f0000, ABSOLUTE)

    Base Addr    Size         Type   Attr      Idx    E Section Name        Object

    0x08010000   0x00000150   Data   RO          902    RESET               startup_stm32f10x_cl.o
    0x08010150   0x00000008   Code   RO          956  * !!!main             c_w.l(__main.o)
    0x08010158   0x00000034   Code   RO         1236    !!!scatter          c_w.l(__scatter.o)
    0x0801018c   0x0000005a   Code   RO         1234    !!dczerorl2         c_w.l(__dczerorl2.o)
    0x080101e6   0x00000002   PAD
    0x080101e8   0x0000001c   Code   RO         1238    !!handler_zi        c_w.l(__scatter_zi.o)
    0x08010204   0x00000000   Code   RO          941    .ARM.Collect$$_printf_percent$$00000000  c_w.l(_printf_percent.o)
    0x08010204   0x00000006   Code   RO          940    .ARM.Collect$$_printf_percent$$00000009  c_w.l(_printf_d.o)
    0x0801020a   0x00000006   Code   RO          939    .ARM.Collect$$_printf_percent$$00000014  c_w.l(_printf_s.o)
    0x08010210   0x00000004   Code   RO         1025    .ARM.Collect$$_printf_percent$$00000017  c_w.l(_printf_percent_end.o)
    0x08010214   0x00000002   Code   RO         1104    .ARM.Collect$$libinit$$00000000  c_w.l(libinit.o)
    0x08010216   0x00000000   Code   RO         1110    .ARM.Collect$$libinit$$00000002  c_w.l(libinit2.o)
    0x08010216   0x00000000   Code   RO         1112    .ARM.Collect$$libinit$$00000004  c_w.l(libinit2.o)
    0x08010216   0x00000000   Code   RO         1115    .ARM.Collect$$libinit$$0000000A  c_w.l(libinit2.o)
    0x08010216   0x00000000   Code   RO         1117    .ARM.Collect$$libinit$$0000000C  c_w.l(libinit2.o)
    0x08010216   0x00000000   Code   RO         1119    .ARM.Collect$$libinit$$0000000E  c_w.l(libinit2.o)
    0x08010216   0x00000000   Code   RO         1122    .ARM.Collect$$libinit$$00000011  c_w.l(libinit2.o)
    0x08010216   0x00000000   Code   RO         1124    .ARM.Collect$$libinit$$00000013  c_w.l(libinit2.o)
    0x08010216   0x00000000   Code   RO         1126    .ARM.Collect$$libinit$$00000015  c_w.l(libinit2.o)
    0x08010216   0x00000000   Code   RO         1128    .ARM.Collect$$libinit$$00000017  c_w.l(libinit2.o)
    0x08010216   0x00000000   Code   RO         1130    .ARM.Collect$$libinit$$00000019  c_w.l(libinit2.o)
    0x08010216   0x00000000   Code   RO         1132    .ARM.Collect$$libinit$$0000001B  c_w.l(libinit2.o)
    0x08010216   0x00000000   Code   RO         1134    .ARM.Collect$$libinit$$0000001D  c_w.l(libinit2.o)
    0x08010216   0x00000000   Code   RO         1136    .ARM.Collect$$libinit$$0000001F  c_w.l(libinit2.o)
    0x08010216   0x00000000   Code   RO         1138    .ARM.Collect$$libinit$$00000021  c_w.l(libinit2.o)
    0x08010216   0x00000000   Code   RO         1140    .ARM.Collect$$libinit$$00000023  c_w.l(libinit2.o)
    0x08010216   0x00000000   Code   RO         1142    .ARM.Collect$$libinit$$00000025  c_w.l(libinit2.o)
    0x08010216   0x00000000   Code   RO         1146    .ARM.Collect$$libinit$$0000002C  c_w.l(libinit2.o)
    0x08010216   0x00000000   Code   RO         1148    .ARM.Collect$$libinit$$0000002E  c_w.l(libinit2.o)
    0x08010216   0x00000000   Code   RO         1150    .ARM.Collect$$libinit$$00000030  c_w.l(libinit2.o)
    0x08010216   0x00000000   Code   RO         1152    .ARM.Collect$$libinit$$00000032  c_w.l(libinit2.o)
    0x08010216   0x00000002   Code   RO         1153    .ARM.Collect$$libinit$$00000033  c_w.l(libinit2.o)
    0x08010218   0x00000002   Code   RO         1175    .ARM.Collect$$libshutdown$$00000000  c_w.l(libshutdown.o)
    0x0801021a   0x00000000   Code   RO         1189    .ARM.Collect$$libshutdown$$00000003  c_w.l(libshutdown2.o)
    0x0801021a   0x00000000   Code   RO         1192    .ARM.Collect$$libshutdown$$00000006  c_w.l(libshutdown2.o)
    0x0801021a   0x00000000   Code   RO         1195    .ARM.Collect$$libshutdown$$00000009  c_w.l(libshutdown2.o)
    0x0801021a   0x00000000   Code   RO         1197    .ARM.Collect$$libshutdown$$0000000B  c_w.l(libshutdown2.o)
    0x0801021a   0x00000000   Code   RO         1200    .ARM.Collect$$libshutdown$$0000000E  c_w.l(libshutdown2.o)
    0x0801021a   0x00000002   Code   RO         1201    .ARM.Collect$$libshutdown$$0000000F  c_w.l(libshutdown2.o)
    0x0801021c   0x00000000   Code   RO         1014    .ARM.Collect$$rtentry$$00000000  c_w.l(__rtentry.o)
    0x0801021c   0x00000000   Code   RO         1069    .ARM.Collect$$rtentry$$00000002  c_w.l(__rtentry2.o)
    0x0801021c   0x00000006   Code   RO         1081    .ARM.Collect$$rtentry$$00000004  c_w.l(__rtentry4.o)
    0x08010222   0x00000000   Code   RO         1071    .ARM.Collect$$rtentry$$00000009  c_w.l(__rtentry2.o)
    0x08010222   0x00000004   Code   RO         1072    .ARM.Collect$$rtentry$$0000000A  c_w.l(__rtentry2.o)
    0x08010226   0x00000000   Code   RO         1074    .ARM.Collect$$rtentry$$0000000C  c_w.l(__rtentry2.o)
    0x08010226   0x00000008   Code   RO         1075    .ARM.Collect$$rtentry$$0000000D  c_w.l(__rtentry2.o)
    0x0801022e   0x00000002   Code   RO         1107    .ARM.Collect$$rtexit$$00000000  c_w.l(rtexit.o)
    0x08010230   0x00000000   Code   RO         1157    .ARM.Collect$$rtexit$$00000002  c_w.l(rtexit2.o)
    0x08010230   0x00000004   Code   RO         1158    .ARM.Collect$$rtexit$$00000003  c_w.l(rtexit2.o)
    0x08010234   0x00000006   Code   RO         1159    .ARM.Collect$$rtexit$$00000004  c_w.l(rtexit2.o)
    0x0801023a   0x00000002   PAD
    0x0801023c   0x00000020   Code   RO          871    .emb_text           core_cm3.o
    0x0801025c   0x00000088   Code   RO            1    .text               delay.o
    0x080102e4   0x000005bc   Code   RO           79    .text               fifo.o
    0x080108a0   0x000000ec   Code   RO          106    .text               flash.o
    0x0801098c   0x00005da8   Code   RO          128    .text               main_70.o
    0x08016734   0x000001b8   Code   RO          190    .text               motor.o
    0x080168ec   0x00000234   Code   RO          212    .text               mr.o
    0x08016b20   0x00000254   Code   RO          235    .text               uart_1.o
    0x08016d74   0x00000a80   Code   RO          256    .text               bill.o
    0x080177f4   0x000002dc   Code   RO          310    .text               disp.o
    0x08017ad0   0x00000144   Code   RO          579    .text               user_bsp.o
    0x08017c14   0x000000dc   Code   RO          737    .text               misc.o
    0x08017cf0   0x0000044e   Code   RO          749    .text               stm32f10x_adc.o
    0x0801813e   0x00000002   PAD
    0x08018140   0x00000254   Code   RO          761    .text               stm32f10x_dma.o
    0x08018394   0x0000011c   Code   RO          773    .text               stm32f10x_exti.o
    0x080184b0   0x000008e8   Code   RO          785    .text               stm32f10x_flash.o
    0x08018d98   0x0000035c   Code   RO          797    .text               stm32f10x_gpio.o
    0x080190f4   0x00000500   Code   RO          821    .text               stm32f10x_rcc.o
    0x080195f4   0x00000e1a   Code   RO          847    .text               stm32f10x_tim.o
    0x0801a40e   0x00000002   PAD
    0x0801a410   0x00000408   Code   RO          859    .text               stm32f10x_usart.o
    0x0801a818   0x0000027c   Code   RO          882    .text               system_stm32f10x.o
    0x0801aa94   0x00000040   Code   RO          903    .text               startup_stm32f10x_cl.o
    0x0801aad4   0x00000028   Code   RO          911    .text               c_w.l(noretval__2sprintf.o)
    0x0801aafc   0x00000068   Code   RO          913    .text               c_w.l(__printf.o)
    0x0801ab64   0x00000052   Code   RO          915    .text               c_w.l(_printf_str.o)
    0x0801abb6   0x00000002   PAD
    0x0801abb8   0x00000078   Code   RO          917    .text               c_w.l(_printf_dec.o)
    0x0801ac30   0x0000003e   Code   RO          944    .text               c_w.l(strlen.o)
    0x0801ac6e   0x0000008a   Code   RO          946    .text               c_w.l(rt_memcpy_v6.o)
    0x0801acf8   0x00000010   Code   RO          948    .text               c_w.l(aeabi_memset.o)
    0x0801ad08   0x00000044   Code   RO          950    .text               c_w.l(rt_memclr.o)
    0x0801ad4c   0x0000004e   Code   RO          952    .text               c_w.l(rt_memclr_w.o)
    0x0801ad9a   0x00000006   Code   RO          954    .text               c_w.l(heapauxi.o)
    0x0801ada0   0x00000016   Code   RO         1015    .text               c_w.l(_rserrno.o)
    0x0801adb6   0x000000b2   Code   RO         1017    .text               c_w.l(_printf_intcommon.o)
    0x0801ae68   0x00000030   Code   RO         1019    .text               c_w.l(_printf_char_common.o)
    0x0801ae98   0x0000000a   Code   RO         1021    .text               c_w.l(_sputc.o)
    0x0801aea2   0x0000002c   Code   RO         1023    .text               c_w.l(_printf_char.o)
    0x0801aece   0x00000064   Code   RO         1026    .text               c_w.l(rt_memcpy_w.o)
    0x0801af32   0x00000002   PAD
    0x0801af34   0x00000008   Code   RO         1086    .text               c_w.l(rt_errno_addr_intlibspace.o)
    0x0801af3c   0x00000008   Code   RO         1092    .text               c_w.l(libspace.o)
    0x0801af44   0x0000004a   Code   RO         1095    .text               c_w.l(sys_stackheap_outer.o)
    0x0801af8e   0x0000000c   Code   RO         1097    .text               c_w.l(exit.o)
    0x0801af9a   0x00000002   PAD
    0x0801af9c   0x0000000c   Code   RO         1167    .text               c_w.l(sys_exit.o)
    0x0801afa8   0x00000002   Code   RO         1178    .text               c_w.l(use_no_semi.o)
    0x0801afaa   0x00000000   Code   RO         1180    .text               c_w.l(indicate_semi.o)
    0x0801afaa   0x00000028   Code   RO         1063    i.__ARM_fpclassify  m_ws.l(fpclassify.o)
    0x0801afd2   0x000000aa   Code   RO         1065    i.__kernel_poly     m_ws.l(poly.o)
    0x0801b07c   0x00000006   Code   RO         1050    i.__mathlib_dbl_infnan  m_ws.l(dunder.o)
    0x0801b082   0x0000000e   Code   RO         1053    i.__mathlib_dbl_overflow  m_ws.l(dunder.o)
    0x0801b090   0x00000010   Code   RO         1055    i.__mathlib_dbl_underflow  m_ws.l(dunder.o)
    0x0801b0a0   0x00000284   Code   RO         1005    i.exp               m_ws.l(exp.o)
    0x0801b324   0x00000150   Code   RO          958    x$fpl$dadd          fz_ws.l(daddsub_clz.o)
    0x0801b474   0x00000010   Code   RO         1090    x$fpl$dcheck1       fz_ws.l(dcheck1.o)
    0x0801b484   0x00000018   Code   RO         1028    x$fpl$dcmpinf       fz_ws.l(dcmpi.o)
    0x0801b49c   0x000002b0   Code   RO          965    x$fpl$ddiv          fz_ws.l(ddiv.o)
    0x0801b74c   0x0000005e   Code   RO         1030    x$fpl$dfix          fz_ws.l(dfix.o)
    0x0801b7aa   0x0000002e   Code   RO          969    x$fpl$dflt          fz_ws.l(dflt_clz.o)
    0x0801b7d8   0x00000078   Code   RO          974    x$fpl$dleqf         fz_ws.l(dleqf.o)
    0x0801b850   0x00000154   Code   RO         1034    x$fpl$dmul          fz_ws.l(dmul.o)
    0x0801b9a4   0x0000009c   Code   RO         1036    x$fpl$dnaninf       fz_ws.l(dnaninf.o)
    0x0801ba40   0x0000000c   Code   RO         1038    x$fpl$dretinf       fz_ws.l(dretinf.o)
    0x0801ba4c   0x0000006c   Code   RO          976    x$fpl$drleqf        fz_ws.l(drleqf.o)
    0x0801bab8   0x00000016   Code   RO          959    x$fpl$drsb          fz_ws.l(daddsub_clz.o)
    0x0801bace   0x00000002   PAD
    0x0801bad0   0x000001d4   Code   RO          960    x$fpl$dsub          fz_ws.l(daddsub_clz.o)
    0x0801bca4   0x00000056   Code   RO          978    x$fpl$f2d           fz_ws.l(f2d.o)
    0x0801bcfa   0x00000002   PAD
    0x0801bcfc   0x000000c4   Code   RO          980    x$fpl$fadd          fz_ws.l(faddsub_clz.o)
    0x0801bdc0   0x00000018   Code   RO         1040    x$fpl$fcmpinf       fz_ws.l(fcmpi.o)
    0x0801bdd8   0x00000184   Code   RO          987    x$fpl$fdiv          fz_ws.l(fdiv.o)
    0x0801bf5c   0x00000068   Code   RO          990    x$fpl$feqf          fz_ws.l(feqf.o)
    0x0801bfc4   0x0000003e   Code   RO          992    x$fpl$ffixu         fz_ws.l(ffixu.o)
    0x0801c002   0x00000002   PAD
    0x0801c004   0x00000030   Code   RO          997    x$fpl$fflt          fz_ws.l(fflt_clz.o)
    0x0801c034   0x00000026   Code   RO          996    x$fpl$ffltu         fz_ws.l(fflt_clz.o)
    0x0801c05a   0x00000002   PAD
    0x0801c05c   0x00000102   Code   RO         1002    x$fpl$fmul          fz_ws.l(fmul.o)
    0x0801c15e   0x0000008c   Code   RO         1042    x$fpl$fnaninf       fz_ws.l(fnaninf.o)
    0x0801c1ea   0x0000000a   Code   RO         1044    x$fpl$fretinf       fz_ws.l(fretinf.o)
    0x0801c1f4   0x00000014   Code   RO          981    x$fpl$frsb          fz_ws.l(faddsub_clz.o)
    0x0801c208   0x000000ea   Code   RO          982    x$fpl$fsub          fz_ws.l(faddsub_clz.o)
    0x0801c2f2   0x00000064   Code   RO         1105    x$fpl$retnan        fz_ws.l(retnan.o)
    0x0801c356   0x0000005c   Code   RO         1046    x$fpl$scalbn        fz_ws.l(scalbn.o)
    0x0801c3b2   0x00000030   Code   RO         1154    x$fpl$trapveneer    fz_ws.l(trapv.o)
    0x0801c3e2   0x00000000   Code   RO         1048    x$fpl$usenofp       fz_ws.l(usenofp.o)
    0x0801c3e2   0x00000002   PAD
    0x0801c3e4   0x0000003c   Data   RO           81    .constdata          fifo.o
    0x0801c420   0x000000ad   Data   RO          130    .constdata          main_70.o
    0x0801c4cd   0x00000001   PAD
    0x0801c4ce   0x0001bb70   Data   RO          258    .constdata          bill.o
    0x0803803e   0x00000002   PAD
    0x08038040   0x00000058   Data   RO         1006    .constdata          m_ws.l(exp.o)
    0x08038098   0x00000261   Data   RO          131    .conststring        main_70.o
    0x080382f9   0x00000003   PAD
    0x080382fc   0x00000020   Data   RO         1232    Region$$Table       anon$$obj.o


    Execution Region RW_IRAM1 (Base: 0x20000000, Size: 0x0000f6f8, Max: 0x00018000, ABSOLUTE, COMPRESSED[0x0000011c])

    Base Addr    Size         Type   Attr      Idx    E Section Name        Object

    0x20000000   0x0000001e   Data   RW           82    .data               fifo.o
    0x2000001e   0x00000001   Data   RW          108    .data               flash.o
    0x2000001f   0x00000001   PAD
    0x20000020   0x000001d6   Data   RW          132    .data               main_70.o
    0x200001f6   0x00000008   Data   RW          191    .data               motor.o
    0x200001fe   0x00000002   PAD
    0x20000200   0x0000001e   Data   RW          215    .data               mr.o
    0x2000021e   0x00000004   Data   RW          236    .data               uart_1.o
    0x20000222   0x0000003e   Data   RW          259    .data               bill.o
    0x20000260   0x00000016   Data   RW          312    .data               disp.o
    0x20000276   0x00000002   PAD
    0x20000278   0x00000008   Data   RW          580    .data               user_bsp.o
    0x20000280   0x00000014   Data   RW          822    .data               stm32f10x_rcc.o
    0x20000294   0x00000014   Data   RW          883    .data               system_stm32f10x.o
    0x200002a8   0x000010cc   Zero   RW           80    .bss                fifo.o
    0x20001374   0x00000164   Zero   RW          107    .bss                flash.o
    0x200014d8   0x00004740   Zero   RW          129    .bss                main_70.o
    0x20005c18   0x000074a0   Zero   RW          213    .bss                mr.o
    0x2000d0b8   0x00001d84   Zero   RW          257    .bss                bill.o
    0x2000ee3c   0x00000258   Zero   RW          311    .bss                disp.o
    0x2000f094   0x00000060   Zero   RW         1093    .bss                c_w.l(libspace.o)
    0x2000f0f4   0x00000004   PAD
    0x2000f0f8   0x00000200   Zero   RW          901    HEAP                startup_stm32f10x_cl.o
    0x2000f2f8   0x00000400   Zero   RW          900    STACK               startup_stm32f10x_cl.o


==============================================================================

Image component sizes


      Code (inc. data)   RO Data    RW Data    ZI Data      Debug   Object Name

      2688        176     113520         62       7556      12113   bill.o
        32          0          0          0          0        592   core_cm3.o
       136         12          0          0          0     321271   delay.o
       732        228          0         22        600       7414   disp.o
      1468        132         60         30       4300      10019   fifo.o
       236         14          0          1        356       4280   flash.o
     23976       3044        782        470      18240      68923   main_70.o
       220         22          0          0          0       1849   misc.o
       440         28          0          8          0       2139   motor.o
       564         32          0         30      29856       7359   mr.o
        64         26        336          0       1536        880   startup_stm32f10x_cl.o
      1102         26          0          0          0      10881   stm32f10x_adc.o
       596          8          0          0          0       4374   stm32f10x_dma.o
       284         10          0          0          0       2283   stm32f10x_exti.o
      2280         46          0          0          0       9519   stm32f10x_flash.o
       860         38          0          0          0       5693   stm32f10x_gpio.o
      1280         60          0         20          0      11218   stm32f10x_rcc.o
      3610         88          0          0          0      22180   stm32f10x_tim.o
      1032         22          0          0          0       8412   stm32f10x_usart.o
       636         42          0         20          0       2119   system_stm32f10x.o
       596         32          0          4          0       2247   uart_1.o
         0          0          0          0          0     249487   usbh_stdreq.o
       324         10          0          8          0       2968   user_bsp.o

    ----------------------------------------------------------------------
     43160       4096     114736        680      62444     768220   Object Totals
         0          0         32          0          0          0   (incl. Generated)
         4          0          6          5          0          0   (incl. Padding)

    ----------------------------------------------------------------------

      Code (inc. data)   RO Data    RW Data    ZI Data      Debug   Library Member Name

        90          0          0          0          0          0   __dczerorl2.o
         8          0          0          0          0         68   __main.o
       104          0          0          0          0         84   __printf.o
         0          0          0          0          0          0   __rtentry.o
        12          0          0          0          0          0   __rtentry2.o
         6          0          0          0          0          0   __rtentry4.o
        52          8          0          0          0          0   __scatter.o
        28          0          0          0          0          0   __scatter_zi.o
        44          0          0          0          0        108   _printf_char.o
        48          6          0          0          0         96   _printf_char_common.o
         6          0          0          0          0          0   _printf_d.o
       120         16          0          0          0         92   _printf_dec.o
       178          0          0          0          0         88   _printf_intcommon.o
         0          0          0          0          0          0   _printf_percent.o
         4          0          0          0          0          0   _printf_percent_end.o
         6          0          0          0          0          0   _printf_s.o
        82          0          0          0          0         80   _printf_str.o
        22          0          0          0          0        100   _rserrno.o
        10          0          0          0          0         68   _sputc.o
        16          0          0          0          0         68   aeabi_memset.o
        12          0          0          0          0         72   exit.o
         6          0          0          0          0        152   heapauxi.o
         0          0          0          0          0          0   indicate_semi.o
         2          0          0          0          0          0   libinit.o
         2          0          0          0          0          0   libinit2.o
         2          0          0          0          0          0   libshutdown.o
         2          0          0          0          0          0   libshutdown2.o
         8          4          0          0         96         68   libspace.o
        40          6          0          0          0         84   noretval__2sprintf.o
         8          4          0          0          0         68   rt_errno_addr_intlibspace.o
        68          0          0          0          0         68   rt_memclr.o
        78          0          0          0          0         80   rt_memclr_w.o
       138          0          0          0          0         68   rt_memcpy_v6.o
       100          0          0          0          0         80   rt_memcpy_w.o
         2          0          0          0          0          0   rtexit.o
        10          0          0          0          0          0   rtexit2.o
        62          0          0          0          0         76   strlen.o
        12          4          0          0          0         68   sys_exit.o
        74          0          0          0          0         80   sys_stackheap_outer.o
         2          0          0          0          0         68   use_no_semi.o
       826         16          0          0          0        348   daddsub_clz.o
        16          4          0          0          0         68   dcheck1.o
        24          0          0          0          0         68   dcmpi.o
       688        140          0          0          0        208   ddiv.o
        94          4          0          0          0         92   dfix.o
        46          0          0          0          0         68   dflt_clz.o
       120          4          0          0          0         92   dleqf.o
       340         12          0          0          0        104   dmul.o
       156          4          0          0          0         92   dnaninf.o
        12          0          0          0          0         68   dretinf.o
       108          0          0          0          0         80   drleqf.o
        86          4          0          0          0         84   f2d.o
       450          8          0          0          0        236   faddsub_clz.o
        24          0          0          0          0         68   fcmpi.o
       388         76          0          0          0         96   fdiv.o
       104          4          0          0          0         84   feqf.o
        62          4          0          0          0         84   ffixu.o
        86          0          0          0          0        136   fflt_clz.o
       258          4          0          0          0         84   fmul.o
       140          4          0          0          0         84   fnaninf.o
        10          0          0          0          0         68   fretinf.o
       100          0          0          0          0         68   retnan.o
        92          0          0          0          0         68   scalbn.o
        48          0          0          0          0         68   trapv.o
         0          0          0          0          0          0   usenofp.o
        36          6          0          0          0        204   dunder.o
       644         90         88          0          0        204   exp.o
        40          0          0          0          0         68   fpclassify.o
       170          0          0          0          0         96   poly.o

    ----------------------------------------------------------------------
      6652        432         88          0        100       4972   Library Totals
        20          0          0          0          4          0   (incl. Padding)

    ----------------------------------------------------------------------

      Code (inc. data)   RO Data    RW Data    ZI Data      Debug   Library Name

      1464         48          0          0         96       1884   c_w.l
      4278        288          0          0          0       2516   fz_ws.l
       890         96         88          0          0        572   m_ws.l

    ----------------------------------------------------------------------
      6652        432         88          0        100       4972   Library Totals

    ----------------------------------------------------------------------

==============================================================================


      Code (inc. data)   RO Data    RW Data    ZI Data      Debug   

     49812       4528     114824        680      62544     767572   Grand Totals
     49812       4528     114824        284      62544     767572   ELF Image Totals (compressed)
     49812       4528     114824        284          0          0   ROM Totals

==============================================================================

    Total RO  Size (Code + RO Data)               164636 ( 160.78kB)
    Total RW  Size (RW Data + ZI Data)             63224 (  61.74kB)
    Total ROM Size (Code + RO Data + RW Data)     164920 ( 161.05kB)

==============================================================================

