Component: ARM Compiler 5.05 update 2 (build 169) Tool: armlink [4d0f33]

==============================================================================

Section Cross References

    fifo.o(.text) refers to fifo.o(.data) for uart3outfifo_front
    fifo.o(.text) refers to fifo.o(.constdata) for FIFO_PD
    fifo.o(.text) refers to fifo.o(.bss) for allFifo
    fifo.o(.constdata) refers to fifo.o(.bss) for DATA2
    flash.o(.text) refers to stm32f10x_flash.o(.text) for FLASH_Unlock
    flash.o(.text) refers to flash.o(.bss) for savedPara
    main_70.o(.text) refers to rt_memclr_w.o(.text) for __aeabi_memclr4
    main_70.o(.text) refers to uart_1.o(.text) for uart_SendDataToUart3
    main_70.o(.text) refers to main_70.o(.data) for tempMgDataLen
    main_70.o(.text) refers to main_70.o(.bss) for tempMgData
    main_70.o(.text) refers to mr.o(.bss) for colorData
    main_70.o(.text) refers to fifo.o(.data) for uart1outfifo_count
    main_70.o(.text) refers to stm32f10x_gpio.o(.text) for GPIO_ReadInputDataBit
    main_70.o(.text) refers to disp.o(.text) for disp_setFont
    main_70.o(.text) refers to rt_memcpy_v6.o(.text) for __aeabi_memcpy
    main_70.o(.text) refers to strlen.o(.text) for strlen
    main_70.o(.text) refers to main_70.o(.constdata) for USD_NOTE_VALUE
    main_70.o(.text) refers to flash.o(.data) for systemState
    main_70.o(.text) refers to rt_memclr.o(.text) for __aeabi_memclr
    main_70.o(.text) refers to flash.o(.text) for flash_SaveUpdateFlag
    main_70.o(.text) refers to delay.o(.text) for delay_DelayMs
    main_70.o(.text) refers to fifo.o(.text) for fifo_GetCount
    main_70.o(.text) refers to main_70.o(.conststring) for .conststring
    main_70.o(.text) refers to uart_1.o(.data) for gb_needDealUart3Data
    main_70.o(.text) refers to motor.o(.text) for motor1_Stop
    main_70.o(.text) refers to aeabi_memset.o(.text) for __aeabi_memset
    main_70.o(.text) refers to motor.o(.data) for g_motor1State
    main_70.o(.text) refers to flash.o(.bss) for savedPara
    main_70.o(.text) refers to mr.o(.data) for gb_inCollabration
    main_70.o(.text) refers to fflt_clz.o(x$fpl$ffltu) for __aeabi_ui2f
    main_70.o(.text) refers to fdiv.o(x$fpl$fdiv) for __aeabi_fdiv
    main_70.o(.text) refers to feqf.o(x$fpl$feqf) for __aeabi_cfcmpeq
    main_70.o(.text) refers to faddsub_clz.o(x$fpl$fsub) for __aeabi_fsub
    main_70.o(.text) refers to fmul.o(x$fpl$fmul) for __aeabi_fmul
    main_70.o(.text) refers to bill.o(.data) for billValue
    main_70.o(.text) refers to mr.o(.text) for length_collabrationCompute
    main_70.o(.text) refers to bill.o(.text) for billIrad_Judge_USD
    main_70.o(.text) refers to stm32f10x_adc.o(.text) for ADC_SoftwareStartConvCmd
    main_70.o(.text) refers to stm32f10x_dma.o(.text) for DMA_GetFlagStatus
    main_70.o(.text) refers to stm32f10x_rcc.o(.text) for RCC_APB2PeriphClockCmd
    main_70.o(.text) refers to misc.o(.text) for NVIC_Init
    main_70.o(.text) refers to stm32f10x_tim.o(.text) for TIM_TimeBaseInit
    main_70.o(.text) refers to system_stm32f10x.o(.text) for SystemInit
    main_70.o(.text) refers to stm32f10x_exti.o(.text) for EXTI_Init
    main_70.o(.text) refers to faddsub_clz.o(x$fpl$fadd) for __aeabi_fadd
    main_70.o(.text) refers to f2d.o(x$fpl$f2d) for __aeabi_f2d
    main_70.o(.text) refers to dleqf.o(x$fpl$dleqf) for __aeabi_cdcmple
    main_70.o(.text) refers to drleqf.o(x$fpl$drleqf) for __aeabi_cdrcmple
    main_70.o(.text) refers to ffixu.o(x$fpl$ffixu) for __aeabi_f2uiz
    main_70.o(.text) refers to core_cm3.o(.emb_text) for __set_MSP
    main_70.o(.text) refers to stm32f10x_usart.o(.text) for USART_GetFlagStatus
    main_70.o(.constdata) refers to main_70.o(.conststring) for .conststring
    main_70.o(.data) refers to main_70.o(.conststring) for .conststring
    motor.o(.text) refers to main_70.o(.text) for SetSmpleRatioTimer
    motor.o(.text) refers to stm32f10x_gpio.o(.text) for GPIO_Init
    motor.o(.text) refers to stm32f10x_rcc.o(.text) for RCC_APB1PeriphClockCmd
    motor.o(.text) refers to stm32f10x_tim.o(.text) for TIM_TimeBaseInit
    motor.o(.text) refers to delay.o(.text) for delay_DelayMs
    motor.o(.text) refers to motor.o(.data) for currentSpeed
    motor.o(.text) refers to flash.o(.bss) for savedPara
    mr.o(.text) refers to rt_memclr.o(.text) for __aeabi_memclr
    mr.o(.text) refers to mr.o(.bss) for collabrationValue
    mr.o(.text) refers to mr.o(.data) for lengthDataLen
    uart_1.o(.text) refers to stm32f10x_gpio.o(.text) for GPIO_Init
    uart_1.o(.text) refers to stm32f10x_usart.o(.text) for USART_Init
    uart_1.o(.text) refers to misc.o(.text) for NVIC_PriorityGroupConfig
    uart_1.o(.text) refers to stm32f10x_rcc.o(.text) for RCC_APB1PeriphClockCmd
    uart_1.o(.text) refers to fifo.o(.text) for uart1outfifo_GetSpace
    uart_1.o(.text) refers to uart_1.o(.data) for gb_needDealUart1Data
    bill.o(.text) refers to rt_memclr.o(.text) for __aeabi_memclr
[...]
    USB_OTG_BSP_DriveVBUS                    0x08016471   Thumb Code     2  user_bsp.o(.text)
    USB_OTG_BSP_ConfigVBUS                   0x08016473   Thumb Code     2  user_bsp.o(.text)
    USB_OTG_BSP_mDelay                       0x08016503   Thumb Code    14  user_bsp.o(.text)
    USB_OTG_BSP_uDelay                       0x08016511   Thumb Code    14  user_bsp.o(.text)
    TIM6_IRQHandler                          0x0801651f   Thumb Code     8  user_bsp.o(.text)
    NVIC_PriorityGroupConfig                 0x08016531   Thumb Code    10  misc.o(.text)
    NVIC_Init                                0x0801653b   Thumb Code   100  misc.o(.text)
    NVIC_SetVectorTable                      0x0801659f   Thumb Code    14  misc.o(.text)
    NVIC_SystemLPConfig                      0x080165ad   Thumb Code    34  misc.o(.text)
    SysTick_CLKSourceConfig                  0x080165cf   Thumb Code    40  misc.o(.text)
    ADC_DeInit                               0x0801660d   Thumb Code    78  stm32f10x_adc.o(.text)
    ADC_Init                                 0x0801665b   Thumb Code    70  stm32f10x_adc.o(.text)
    ADC_StructInit                           0x080166a1   Thumb Code    18  stm32f10x_adc.o(.text)
    ADC_Cmd                                  0x080166b3   Thumb Code    22  stm32f10x_adc.o(.text)
    ADC_DMACmd                               0x080166c9   Thumb Code    22  stm32f10x_adc.o(.text)
    ADC_ITConfig                             0x080166df   Thumb Code    24  stm32f10x_adc.o(.text)
    ADC_ResetCalibration                     0x080166f7   Thumb Code    10  stm32f10x_adc.o(.text)
    ADC_GetResetCalibrationStatus            0x08016701   Thumb Code    20  stm32f10x_adc.o(.text)
    ADC_StartCalibration                     0x08016715   Thumb Code    10  stm32f10x_adc.o(.text)
    ADC_GetCalibrationStatus                 0x0801671f   Thumb Code    20  stm32f10x_adc.o(.text)
    ADC_SoftwareStartConvCmd                 0x08016733   Thumb Code    22  stm32f10x_adc.o(.text)
    ADC_GetSoftwareStartConvStatus           0x08016749   Thumb Code    20  stm32f10x_adc.o(.text)
    ADC_DiscModeChannelCountConfig           0x0801675d   Thumb Code    24  stm32f10x_adc.o(.text)
    ADC_DiscModeCmd                          0x08016775   Thumb Code    22  stm32f10x_adc.o(.text)
    ADC_RegularChannelConfig                 0x0801678b   Thumb Code   184  stm32f10x_adc.o(.text)
    ADC_ExternalTrigConvCmd                  0x08016843   Thumb Code    22  stm32f10x_adc.o(.text)
    ADC_GetConversionValue                   0x08016859   Thumb Code     8  stm32f10x_adc.o(.text)
    ADC_GetDualModeConversionValue           0x08016861   Thumb Code     8  stm32f10x_adc.o(.text)
    ADC_AutoInjectedConvCmd                  0x08016869   Thumb Code    22  stm32f10x_adc.o(.text)
    ADC_InjectedDiscModeCmd                  0x0801687f   Thumb Code    22  stm32f10x_adc.o(.text)
    ADC_ExternalTrigInjectedConvConfig       0x08016895   Thumb Code    16  stm32f10x_adc.o(.text)
    ADC_ExternalTrigInjectedConvCmd          0x080168a5   Thumb Code    22  stm32f10x_adc.o(.text)
    ADC_SoftwareStartInjectedConvCmd         0x080168bb   Thumb Code    22  stm32f10x_adc.o(.text)
    ADC_GetSoftwareStartInjectedConvCmdStatus 0x080168d1   Thumb Code    20  stm32f10x_adc.o(.text)
    ADC_InjectedChannelConfig                0x080168e5   Thumb Code   130  stm32f10x_adc.o(.text)
    ADC_InjectedSequencerLengthConfig        0x08016967   Thumb Code    24  stm32f10x_adc.o(.text)
    ADC_SetInjectedOffset                    0x0801697f   Thumb Code    20  stm32f10x_adc.o(.text)
    ADC_GetInjectedConversionValue           0x08016993   Thumb Code    28  stm32f10x_adc.o(.text)
    ADC_AnalogWatchdogCmd                    0x080169af   Thumb Code    16  stm32f10x_adc.o(.text)
    ADC_AnalogWatchdogThresholdsConfig       0x080169bf   Thumb Code     6  stm32f10x_adc.o(.text)
    ADC_AnalogWatchdogSingleChannelConfig    0x080169c5   Thumb Code    16  stm32f10x_adc.o(.text)
    ADC_TempSensorVrefintCmd                 0x080169d5   Thumb Code    64  stm32f10x_adc.o(.text)
    ADC_GetFlagStatus                        0x08016a15   Thumb Code    18  stm32f10x_adc.o(.text)
    ADC_ClearFlag                            0x08016a27   Thumb Code     6  stm32f10x_adc.o(.text)
    ADC_GetITStatus                          0x08016a2d   Thumb Code    36  stm32f10x_adc.o(.text)
    ADC_ClearITPendingBit                    0x08016a51   Thumb Code    10  stm32f10x_adc.o(.text)
    DMA_DeInit                               0x08016a5d   Thumb Code   324  stm32f10x_dma.o(.text)
    DMA_Init                                 0x08016ba1   Thumb Code    60  stm32f10x_dma.o(.text)
    DMA_StructInit                           0x08016bdd   Thumb Code    26  stm32f10x_dma.o(.text)
    DMA_Cmd                                  0x08016bf7   Thumb Code    24  stm32f10x_dma.o(.text)
    DMA_ITConfig                             0x08016c0f   Thumb Code    18  stm32f10x_dma.o(.text)
    DMA_SetCurrDataCounter                   0x08016c21   Thumb Code     4  stm32f10x_dma.o(.text)
    DMA_GetCurrDataCounter                   0x08016c25   Thumb Code     8  stm32f10x_dma.o(.text)
    DMA_GetFlagStatus                        0x08016c2d   Thumb Code    40  stm32f10x_dma.o(.text)
    DMA_ClearFlag                            0x08016c55   Thumb Code    22  stm32f10x_dma.o(.text)
    DMA_GetITStatus                          0x08016c6b   Thumb Code    40  stm32f10x_dma.o(.text)
    DMA_ClearITPendingBit                    0x08016c93   Thumb Code    22  stm32f10x_dma.o(.text)
    EXTI_DeInit                              0x08016cb1   Thumb Code    28  stm32f10x_exti.o(.text)
    EXTI_Init                                0x08016ccd   Thumb Code   142  stm32f10x_exti.o(.text)
    EXTI_StructInit                          0x08016d5b   Thumb Code    16  stm32f10x_exti.o(.text)
    EXTI_GenerateSWInterrupt                 0x08016d6b   Thumb Code    16  stm32f10x_exti.o(.text)
    EXTI_GetFlagStatus                       0x08016d7b   Thumb Code    22  stm32f10x_exti.o(.text)
    EXTI_ClearFlag                           0x08016d91   Thumb Code     8  stm32f10x_exti.o(.text)
    EXTI_GetITStatus                         0x08016d99   Thumb Code    34  stm32f10x_exti.o(.text)
    EXTI_ClearITPendingBit                   0x08016dbb   Thumb Code     8  stm32f10x_exti.o(.text)
    FLASH_SetLatency                         0x08016dcd   Thumb Code    18  stm32f10x_flash.o(.text)
    FLASH_HalfCycleAccessCmd                 0x08016ddf   Thumb Code    22  stm32f10x_flash.o(.text)
    FLASH_PrefetchBufferCmd                  0x08016df5   Thumb Code    22  stm32f10x_flash.o(.text)
    FLASH_Unlock                             0x08016e0b   Thumb Code    12  stm32f10x_flash.o(.text)
    FLASH_UnlockBank1                        0x08016e17   Thumb Code    12  stm32f10x_flash.o(.text)
    FLASH_Lock                               0x08016e23   Thumb Code    14  stm32f10x_flash.o(.text)
    FLASH_LockBank1                          0x08016e31   Thumb Code    14  stm32f10x_flash.o(.text)
    FLASH_GetBank1Status                     0x08016e3f   Thumb Code    48  stm32f10x_flash.o(.text)
    FLASH_WaitForLastOperation               0x08016e6f   Thumb Code    38  stm32f10x_flash.o(.text)
    FLASH_ErasePage                          0x08016e95   Thumb Code    72  stm32f10x_flash.o(.text)
    FLASH_EraseAllPages                      0x08016edd   Thumb Code    68  stm32f10x_flash.o(.text)
    FLASH_WaitForLastBank1Operation          0x08016f21   Thumb Code    38  stm32f10x_flash.o(.text)
    FLASH_EraseAllBank1Pages                 0x08016f47   Thumb Code    68  stm32f10x_flash.o(.text)
    FLASH_GetReadOutProtectionStatus         0x08016f8b   Thumb Code    20  stm32f10x_flash.o(.text)
    FLASH_EraseOptionBytes                   0x08016f9f   Thumb Code   150  stm32f10x_flash.o(.text)
    FLASH_ProgramWord                        0x08017035   Thumb Code   102  stm32f10x_flash.o(.text)
    FLASH_ProgramHalfWord                    0x0801709b   Thumb Code    60  stm32f10x_flash.o(.text)
    FLASH_ProgramOptionByteData              0x080170d7   Thumb Code    72  stm32f10x_flash.o(.text)
    FLASH_EnableWriteProtection              0x0801711f   Thumb Code   200  stm32f10x_flash.o(.text)
    FLASH_ReadOutProtection                  0x080171e7   Thumb Code   156  stm32f10x_flash.o(.text)
    FLASH_UserOptionByteConfig               0x08017283   Thumb Code    88  stm32f10x_flash.o(.text)
    FLASH_GetUserOptionByte                  0x080172db   Thumb Code     8  stm32f10x_flash.o(.text)
    FLASH_GetWriteProtectionOptionByte       0x080172e3   Thumb Code     6  stm32f10x_flash.o(.text)
    FLASH_GetPrefetchBufferStatus            0x080172e9   Thumb Code    20  stm32f10x_flash.o(.text)
    FLASH_ITConfig                           0x080172fd   Thumb Code    26  stm32f10x_flash.o(.text)
    FLASH_GetFlagStatus                      0x08017317   Thumb Code    42  stm32f10x_flash.o(.text)
    FLASH_ClearFlag                          0x08017341   Thumb Code     6  stm32f10x_flash.o(.text)
    FLASH_GetStatus                          0x08017347   Thumb Code    48  stm32f10x_flash.o(.text)
    GPIO_DeInit                              0x08017389   Thumb Code   172  stm32f10x_gpio.o(.text)
    GPIO_AFIODeInit                          0x08017435   Thumb Code    20  stm32f10x_gpio.o(.text)
    GPIO_Init                                0x08017449   Thumb Code   278  stm32f10x_gpio.o(.text)
    GPIO_StructInit                          0x0801755f   Thumb Code    16  stm32f10x_gpio.o(.text)
    GPIO_ReadInputDataBit                    0x0801756f   Thumb Code    18  stm32f10x_gpio.o(.text)
    GPIO_ReadInputData                       0x08017581   Thumb Code     8  stm32f10x_gpio.o(.text)
    GPIO_ReadOutputDataBit                   0x08017589   Thumb Code    18  stm32f10x_gpio.o(.text)
    GPIO_ReadOutputData                      0x0801759b   Thumb Code     8  stm32f10x_gpio.o(.text)
    GPIO_SetBits                             0x080175a3   Thumb Code     4  stm32f10x_gpio.o(.text)
    GPIO_ResetBits                           0x080175a7   Thumb Code     4  stm32f10x_gpio.o(.text)
    GPIO_WriteBit                            0x080175ab   Thumb Code    10  stm32f10x_gpio.o(.text)
    GPIO_Write                               0x080175b5   Thumb Code     4  stm32f10x_gpio.o(.text)
    GPIO_PinLockConfig                       0x080175b9   Thumb Code    18  stm32f10x_gpio.o(.text)
    GPIO_EventOutputConfig                   0x080175cb   Thumb Code    26  stm32f10x_gpio.o(.text)
    GPIO_EventOutputCmd                      0x080175e5   Thumb Code     6  stm32f10x_gpio.o(.text)
    GPIO_PinRemapConfig                      0x080175eb   Thumb Code   138  stm32f10x_gpio.o(.text)
    GPIO_EXTILineConfig                      0x08017675   Thumb Code    66  stm32f10x_gpio.o(.text)
    GPIO_ETH_MediaInterfaceConfig            0x080176b7   Thumb Code     8  stm32f10x_gpio.o(.text)
    RCC_DeInit                               0x080176e5   Thumb Code    78  stm32f10x_rcc.o(.text)
    RCC_HSEConfig                            0x08017733   Thumb Code    70  stm32f10x_rcc.o(.text)
    RCC_GetFlagStatus                        0x08017779   Thumb Code    56  stm32f10x_rcc.o(.text)
    RCC_WaitForHSEStartUp                    0x080177b1   Thumb Code    56  stm32f10x_rcc.o(.text)
    RCC_AdjustHSICalibrationValue            0x080177e9   Thumb Code    20  stm32f10x_rcc.o(.text)
    RCC_HSICmd                               0x080177fd   Thumb Code     6  stm32f10x_rcc.o(.text)
    RCC_PLLConfig                            0x08017803   Thumb Code    24  stm32f10x_rcc.o(.text)
    RCC_PLLCmd                               0x0801781b   Thumb Code     6  stm32f10x_rcc.o(.text)
    RCC_PREDIV1Config                        0x08017821   Thumb Code    24  stm32f10x_rcc.o(.text)
    RCC_PREDIV2Config                        0x08017839   Thumb Code    18  stm32f10x_rcc.o(.text)
    RCC_PLL2Config                           0x0801784b   Thumb Code    18  stm32f10x_rcc.o(.text)
    RCC_PLL2Cmd                              0x0801785d   Thumb Code     6  stm32f10x_rcc.o(.text)
    RCC_PLL3Config                           0x08017863   Thumb Code    18  stm32f10x_rcc.o(.text)
    RCC_PLL3Cmd                              0x08017875   Thumb Code     6  stm32f10x_rcc.o(.text)
    RCC_SYSCLKConfig                         0x0801787b   Thumb Code    18  stm32f10x_rcc.o(.text)
    RCC_GetSYSCLKSource                      0x0801788d   Thumb Code    10  stm32f10x_rcc.o(.text)
    RCC_HCLKConfig                           0x08017897   Thumb Code    18  stm32f10x_rcc.o(.text)
    RCC_PCLK1Config                          0x080178a9   Thumb Code    18  stm32f10x_rcc.o(.text)
    RCC_PCLK2Config                          0x080178bb   Thumb Code    20  stm32f10x_rcc.o(.text)
    RCC_ITConfig                             0x080178cf   Thumb Code    26  stm32f10x_rcc.o(.text)
    RCC_OTGFSCLKConfig                       0x080178e9   Thumb Code     8  stm32f10x_rcc.o(.text)
    RCC_ADCCLKConfig                         0x080178f1   Thumb Code    18  stm32f10x_rcc.o(.text)
    RCC_I2S2CLKConfig                        0x08017903   Thumb Code     6  stm32f10x_rcc.o(.text)
    RCC_I2S3CLKConfig                        0x08017909   Thumb Code     8  stm32f10x_rcc.o(.text)
    RCC_LSEConfig                            0x08017911   Thumb Code    50  stm32f10x_rcc.o(.text)
    RCC_LSICmd                               0x08017943   Thumb Code     6  stm32f10x_rcc.o(.text)
    RCC_RTCCLKConfig                         0x08017949   Thumb Code    12  stm32f10x_rcc.o(.text)
    RCC_RTCCLKCmd                            0x08017955   Thumb Code     8  stm32f10x_rcc.o(.text)
    RCC_GetClocksFreq                        0x0801795d   Thumb Code   420  stm32f10x_rcc.o(.text)
    RCC_AHBPeriphClockCmd                    0x08017b01   Thumb Code    26  stm32f10x_rcc.o(.text)
    RCC_APB2PeriphClockCmd                   0x08017b1b   Thumb Code    26  stm32f10x_rcc.o(.text)
    RCC_APB1PeriphClockCmd                   0x08017b35   Thumb Code    26  stm32f10x_rcc.o(.text)
    RCC_AHBPeriphResetCmd                    0x08017b4f   Thumb Code    26  stm32f10x_rcc.o(.text)
    RCC_APB2PeriphResetCmd                   0x08017b69   Thumb Code    26  stm32f10x_rcc.o(.text)
    RCC_APB1PeriphResetCmd                   0x08017b83   Thumb Code    26  stm32f10x_rcc.o(.text)
    RCC_BackupResetCmd                       0x08017b9d   Thumb Code     6  stm32f10x_rcc.o(.text)
    RCC_ClockSecuritySystemCmd               0x08017ba3   Thumb Code     6  stm32f10x_rcc.o(.text)
    RCC_MCOConfig                            0x08017ba9   Thumb Code     6  stm32f10x_rcc.o(.text)
    RCC_ClearFlag                            0x08017baf   Thumb Code    14  stm32f10x_rcc.o(.text)
    RCC_GetITStatus                          0x08017bbd   Thumb Code    20  stm32f10x_rcc.o(.text)
    RCC_ClearITPendingBit                    0x08017bd1   Thumb Code     6  stm32f10x_rcc.o(.text)
    TIM_DeInit                               0x08017be5   Thumb Code   424  stm32f10x_tim.o(.text)
    TIM_TimeBaseInit                         0x08017d8d   Thumb Code   122  stm32f10x_tim.o(.text)
    TIM_OC1Init                              0x08017e07   Thumb Code   132  stm32f10x_tim.o(.text)
    TIM_OC2Init                              0x08017e8b   Thumb Code   154  stm32f10x_tim.o(.text)
    TIM_OC3Init                              0x08017f25   Thumb Code   150  stm32f10x_tim.o(.text)
    TIM_OC4Init                              0x08017fbb   Thumb Code   182  stm32f10x_tim.o(.text)
    TIM_SetIC4Prescaler                      0x08018071   Thumb Code    26  stm32f10x_tim.o(.text)
    TIM_SetIC3Prescaler                      0x0801810d   Thumb Code    18  stm32f10x_tim.o(.text)
    TIM_SetIC2Prescaler                      0x08018199   Thumb Code    26  stm32f10x_tim.o(.text)
    TIM_SetIC1Prescaler                      0x08018235   Thumb Code    18  stm32f10x_tim.o(.text)
    TIM_ICInit                               0x080182b3   Thumb Code   150  stm32f10x_tim.o(.text)
    TIM_PWMIConfig                           0x08018349   Thumb Code   124  stm32f10x_tim.o(.text)
    TIM_BDTRConfig                           0x080183c5   Thumb Code    32  stm32f10x_tim.o(.text)
    TIM_TimeBaseStructInit                   0x080183e5   Thumb Code    18  stm32f10x_tim.o(.text)
    TIM_OCStructInit                         0x080183f7   Thumb Code    20  stm32f10x_tim.o(.text)
    TIM_ICStructInit                         0x0801840b   Thumb Code    18  stm32f10x_tim.o(.text)
    TIM_BDTRStructInit                       0x0801841d   Thumb Code    40  stm32f10x_tim.o(.text)
    TIM_Cmd                                  0x08018445   Thumb Code    24  stm32f10x_tim.o(.text)
    TIM_CtrlPWMOutputs                       0x0801845d   Thumb Code    30  stm32f10x_tim.o(.text)
    TIM_ITConfig                             0x0801847b   Thumb Code    18  stm32f10x_tim.o(.text)
    TIM_GenerateEvent                        0x0801848d   Thumb Code     4  stm32f10x_tim.o(.text)
    TIM_DMAConfig                            0x08018491   Thumb Code    10  stm32f10x_tim.o(.text)
    TIM_DMACmd                               0x0801849b   Thumb Code    18  stm32f10x_tim.o(.text)
    TIM_InternalClockConfig                  0x080184ad   Thumb Code    12  stm32f10x_tim.o(.text)
    TIM_SelectInputTrigger                   0x080184b9   Thumb Code    18  stm32f10x_tim.o(.text)
    TIM_ITRxExternalClockConfig              0x080184cb   Thumb Code    24  stm32f10x_tim.o(.text)
    TIM_TIxExternalClockConfig               0x080184e3   Thumb Code    62  stm32f10x_tim.o(.text)
    TIM_ETRConfig                            0x08018521   Thumb Code    28  stm32f10x_tim.o(.text)
    TIM_ETRClockMode1Config                  0x0801853d   Thumb Code    54  stm32f10x_tim.o(.text)
    TIM_ETRClockMode2Config                  0x08018573   Thumb Code    32  stm32f10x_tim.o(.text)
    TIM_PrescalerConfig                      0x08018593   Thumb Code     6  stm32f10x_tim.o(.text)
    TIM_CounterModeConfig                    0x08018599   Thumb Code    18  stm32f10x_tim.o(.text)
    TIM_EncoderInterfaceConfig               0x080185ab   Thumb Code    66  stm32f10x_tim.o(.text)
    TIM_ForcedOC1Config                      0x080185ed   Thumb Code    18  stm32f10x_tim.o(.text)
    TIM_ForcedOC2Config                      0x080185ff   Thumb Code    26  stm32f10x_tim.o(.text)
    TIM_ForcedOC3Config                      0x08018619   Thumb Code    18  stm32f10x_tim.o(.text)
    TIM_ForcedOC4Config                      0x0801862b   Thumb Code    26  stm32f10x_tim.o(.text)
    TIM_ARRPreloadConfig                     0x08018645   Thumb Code    24  stm32f10x_tim.o(.text)
    TIM_SelectCOM                            0x0801865d   Thumb Code    24  stm32f10x_tim.o(.text)
    TIM_SelectCCDMA                          0x08018675   Thumb Code    24  stm32f10x_tim.o(.text)
    TIM_CCPreloadControl                     0x0801868d   Thumb Code    24  stm32f10x_tim.o(.text)
    TIM_OC1PreloadConfig                     0x080186a5   Thumb Code    18  stm32f10x_tim.o(.text)
    TIM_OC2PreloadConfig                     0x080186b7   Thumb Code    26  stm32f10x_tim.o(.text)
    TIM_OC3PreloadConfig                     0x080186d1   Thumb Code    18  stm32f10x_tim.o(.text)
    TIM_OC4PreloadConfig                     0x080186e3   Thumb Code    26  stm32f10x_tim.o(.text)
    TIM_OC1FastConfig                        0x080186fd   Thumb Code    18  stm32f10x_tim.o(.text)
    TIM_OC2FastConfig                        0x0801870f   Thumb Code    26  stm32f10x_tim.o(.text)
    TIM_OC3FastConfig                        0x08018729   Thumb Code    18  stm32f10x_tim.o(.text)
    TIM_OC4FastConfig                        0x0801873b   Thumb Code    26  stm32f10x_tim.o(.text)
    TIM_ClearOC1Ref                          0x08018755   Thumb Code    18  stm32f10x_tim.o(.text)
    TIM_ClearOC2Ref                          0x08018767   Thumb Code    24  stm32f10x_tim.o(.text)
    TIM_ClearOC3Ref                          0x0801877f   Thumb Code    18  stm32f10x_tim.o(.text)
    TIM_ClearOC4Ref                          0x08018791   Thumb Code    24  stm32f10x_tim.o(.text)
    TIM_OC1PolarityConfig                    0x080187a9   Thumb Code    18  stm32f10x_tim.o(.text)
    TIM_OC1NPolarityConfig                   0x080187bb   Thumb Code    18  stm32f10x_tim.o(.text)
    TIM_OC2PolarityConfig                    0x080187cd   Thumb Code    26  stm32f10x_tim.o(.text)
    TIM_OC2NPolarityConfig                   0x080187e7   Thumb Code    26  stm32f10x_tim.o(.text)
    TIM_OC3PolarityConfig                    0x08018801   Thumb Code    26  stm32f10x_tim.o(.text)
    TIM_OC3NPolarityConfig                   0x0801881b   Thumb Code    26  stm32f10x_tim.o(.text)
    TIM_OC4PolarityConfig                    0x08018835   Thumb Code    26  stm32f10x_tim.o(.text)
    TIM_CCxCmd                               0x0801884f   Thumb Code    30  stm32f10x_tim.o(.text)
    TIM_CCxNCmd                              0x0801886d   Thumb Code    30  stm32f10x_tim.o(.text)
    TIM_SelectOCxM                           0x0801888b   Thumb Code    82  stm32f10x_tim.o(.text)
    TIM_UpdateDisableConfig                  0x080188dd   Thumb Code    24  stm32f10x_tim.o(.text)
    TIM_UpdateRequestConfig                  0x080188f5   Thumb Code    24  stm32f10x_tim.o(.text)
    TIM_SelectHallSensor                     0x0801890d   Thumb Code    24  stm32f10x_tim.o(.text)
    TIM_SelectOnePulseMode                   0x08018925   Thumb Code    18  stm32f10x_tim.o(.text)
    TIM_SelectOutputTrigger                  0x08018937   Thumb Code    18  stm32f10x_tim.o(.text)
    TIM_SelectSlaveMode                      0x08018949   Thumb Code    18  stm32f10x_tim.o(.text)
    TIM_SelectMasterSlaveMode                0x0801895b   Thumb Code    18  stm32f10x_tim.o(.text)
    TIM_SetCounter                           0x0801896d   Thumb Code     4  stm32f10x_tim.o(.text)
    TIM_SetAutoreload                        0x08018971   Thumb Code     4  stm32f10x_tim.o(.text)
    TIM_SetCompare1                          0x08018975   Thumb Code     4  stm32f10x_tim.o(.text)
    TIM_SetCompare2                          0x08018979   Thumb Code     4  stm32f10x_tim.o(.text)
    TIM_SetCompare3                          0x0801897d   Thumb Code     4  stm32f10x_tim.o(.text)
    TIM_SetCompare4                          0x08018981   Thumb Code     6  stm32f10x_tim.o(.text)
    TIM_SetClockDivision                     0x08018987   Thumb Code    18  stm32f10x_tim.o(.text)
    TIM_GetCapture1                          0x08018999   Thumb Code     6  stm32f10x_tim.o(.text)
    TIM_GetCapture2                          0x0801899f   Thumb Code     6  stm32f10x_tim.o(.text)
    TIM_GetCapture3                          0x080189a5   Thumb Code     6  stm32f10x_tim.o(.text)
    TIM_GetCapture4                          0x080189ab   Thumb Code     8  stm32f10x_tim.o(.text)
    TIM_GetCounter                           0x080189b3   Thumb Code     6  stm32f10x_tim.o(.text)
    TIM_GetPrescaler                         0x080189b9   Thumb Code     6  stm32f10x_tim.o(.text)
    TIM_GetFlagStatus                        0x080189bf   Thumb Code    18  stm32f10x_tim.o(.text)
    TIM_ClearFlag                            0x080189d1   Thumb Code     6  stm32f10x_tim.o(.text)
    TIM_GetITStatus                          0x080189d7   Thumb Code    34  stm32f10x_tim.o(.text)
    TIM_ClearITPendingBit                    0x080189f9   Thumb Code     6  stm32f10x_tim.o(.text)
    USART_DeInit                             0x08018a01   Thumb Code   134  stm32f10x_usart.o(.text)
    USART_Init                               0x08018a87   Thumb Code   210  stm32f10x_usart.o(.text)
    USART_StructInit                         0x08018b59   Thumb Code    24  stm32f10x_usart.o(.text)
    USART_ClockInit                          0x08018b71   Thumb Code    34  stm32f10x_usart.o(.text)
    USART_ClockStructInit                    0x08018b93   Thumb Code    12  stm32f10x_usart.o(.text)
    USART_Cmd                                0x08018b9f   Thumb Code    24  stm32f10x_usart.o(.text)
    USART_ITConfig                           0x08018bb7   Thumb Code    74  stm32f10x_usart.o(.text)
    USART_DMACmd                             0x08018c01   Thumb Code    18  stm32f10x_usart.o(.text)
    USART_SetAddress                         0x08018c13   Thumb Code    18  stm32f10x_usart.o(.text)
    USART_WakeUpConfig                       0x08018c25   Thumb Code    18  stm32f10x_usart.o(.text)
    USART_ReceiverWakeUpCmd                  0x08018c37   Thumb Code    24  stm32f10x_usart.o(.text)
    USART_LINBreakDetectLengthConfig         0x08018c4f   Thumb Code    18  stm32f10x_usart.o(.text)
    USART_LINCmd                             0x08018c61   Thumb Code    24  stm32f10x_usart.o(.text)
    USART_SendData                           0x08018c79   Thumb Code     8  stm32f10x_usart.o(.text)
    USART_ReceiveData                        0x08018c81   Thumb Code    10  stm32f10x_usart.o(.text)
    USART_SendBreak                          0x08018c8b   Thumb Code    10  stm32f10x_usart.o(.text)
    USART_SetGuardTime                       0x08018c95   Thumb Code    16  stm32f10x_usart.o(.text)
    USART_SetPrescaler                       0x08018ca5   Thumb Code    16  stm32f10x_usart.o(.text)
    USART_SmartCardCmd                       0x08018cb5   Thumb Code    24  stm32f10x_usart.o(.text)
    USART_SmartCardNACKCmd                   0x08018ccd   Thumb Code    24  stm32f10x_usart.o(.text)
    USART_HalfDuplexCmd                      0x08018ce5   Thumb Code    24  stm32f10x_usart.o(.text)
    USART_OverSampling8Cmd                   0x08018cfd   Thumb Code    22  stm32f10x_usart.o(.text)
    USART_OneBitMethodCmd                    0x08018d13   Thumb Code    24  stm32f10x_usart.o(.text)
    USART_IrDAConfig                         0x08018d2b   Thumb Code    18  stm32f10x_usart.o(.text)
    USART_IrDACmd                            0x08018d3d   Thumb Code    24  stm32f10x_usart.o(.text)
    USART_GetFlagStatus                      0x08018d55   Thumb Code    26  stm32f10x_usart.o(.text)
    USART_ClearFlag                          0x08018d6f   Thumb Code    18  stm32f10x_usart.o(.text)
    USART_GetITStatus                        0x08018d81   Thumb Code    84  stm32f10x_usart.o(.text)
    USART_ClearITPendingBit                  0x08018dd5   Thumb Code    52  stm32f10x_usart.o(.text)
    SystemInit                               0x08018f17   Thumb Code    92  system_stm32f10x.o(.text)
    SystemCoreClockUpdate                    0x08018f73   Thumb Code   232  system_stm32f10x.o(.text)
    Reset_Handler                            0x08019085   Thumb Code     8  startup_stm32f10x_cl.o(.text)
    CAN1_RX0_IRQHandler                      0x0801909f   Thumb Code     0  startup_stm32f10x_cl.o(.text)
    CAN1_RX1_IRQHandler                      0x0801909f   Thumb Code     0  startup_stm32f10x_cl.o(.text)
    CAN1_SCE_IRQHandler                      0x0801909f   Thumb Code     0  startup_stm32f10x_cl.o(.text)
    CAN1_TX_IRQHandler                       0x0801909f   Thumb Code     0  startup_stm32f10x_cl.o(.text)
    CAN2_RX0_IRQHandler                      0x0801909f   Thumb Code     0  startup_stm32f10x_cl.o(.text)
    CAN2_RX1_IRQHandler                      0x0801909f   Thumb Code     0  startup_stm32f10x_cl.o(.text)
    CAN2_SCE_IRQHandler                      0x0801909f   Thumb Code     0  startup_stm32f10x_cl.o(.text)
    CAN2_TX_IRQHandler                       0x0801909f   Thumb Code     0  startup_stm32f10x_cl.o(.text)
    DMA1_Channel2_IRQHandler                 0x0801909f   Thumb Code     0  startup_stm32f10x_cl.o(.text)
    DMA1_Channel3_IRQHandler                 0x0801909f   Thumb Code     0  startup_stm32f10x_cl.o(.text)
    DMA1_Channel4_IRQHandler                 0x0801909f   Thumb Code     0  startup_stm32f10x_cl.o(.text)
    DMA1_Channel5_IRQHandler                 0x0801909f   Thumb Code     0  startup_stm32f10x_cl.o(.text)
    DMA1_Channel6_IRQHandler                 0x0801909f   Thumb Code     0  startup_stm32f10x_cl.o(.text)
    DMA1_Channel7_IRQHandler                 0x0801909f   Thumb Code     0  startup_stm32f10x_cl.o(.text)
    DMA2_Channel1_IRQHandler                 0x0801909f   Thumb Code     0  startup_stm32f10x_cl.o(.text)
    DMA2_Channel2_IRQHandler                 0x0801909f   Thumb Code     0  startup_stm32f10x_cl.o(.text)
    DMA2_Channel3_IRQHandler                 0x0801909f   Thumb Code     0  startup_stm32f10x_cl.o(.text)
    DMA2_Channel4_IRQHandler                 0x0801909f   Thumb Code     0  startup_stm32f10x_cl.o(.text)
    DMA2_Channel5_IRQHandler                 0x0801909f   Thumb Code     0  startup_stm32f10x_cl.o(.text)
    ETH_IRQHandler                           0x0801909f   Thumb Code     0  startup_stm32f10x_cl.o(.text)
    ETH_WKUP_IRQHandler                      0x0801909f   Thumb Code     0  startup_stm32f10x_cl.o(.text)
    EXTI0_IRQHandler                         0x0801909f   Thumb Code     0  startup_stm32f10x_cl.o(.text)
    EXTI15_10_IRQHandler                     0x0801909f   Thumb Code     0  startup_stm32f10x_cl.o(.text)
    EXTI1_IRQHandler                         0x0801909f   Thumb Code     0  startup_stm32f10x_cl.o(.text)
    EXTI2_IRQHandler                         0x0801909f   Thumb Code     0  startup_stm32f10x_cl.o(.text)
    EXTI3_IRQHandler                         0x0801909f   Thumb Code     0  startup_stm32f10x_cl.o(.text)
    EXTI4_IRQHandler                         0x0801909f   Thumb Code     0  startup_stm32f10x_cl.o(.text)
    FLASH_IRQHandler                         0x0801909f   Thumb Code     0  startup_stm32f10x_cl.o(.text)
    I2C1_ER_IRQHandler                       0x0801909f   Thumb Code     0  startup_stm32f10x_cl.o(.text)
    I2C1_EV_IRQHandler                       0x0801909f   Thumb Code     0  startup_stm32f10x_cl.o(.text)
    I2C2_ER_IRQHandler                       0x0801909f   Thumb Code     0  startup_stm32f10x_cl.o(.text)
    I2C2_EV_IRQHandler                       0x0801909f   Thumb Code     0  startup_stm32f10x_cl.o(.text)
    OTG_FS_IRQHandler                        0x0801909f   Thumb Code     0  startup_stm32f10x_cl.o(.text)
    OTG_FS_WKUP_IRQHandler                   0x0801909f   Thumb Code     0  startup_stm32f10x_cl.o(.text)
    PVD_IRQHandler                           0x0801909f   Thumb Code     0  startup_stm32f10x_cl.o(.text)
    RCC_IRQHandler                           0x0801909f   Thumb Code     0  startup_stm32f10x_cl.o(.text)
    RTCAlarm_IRQHandler                      0x0801909f   Thumb Code     0  startup_stm32f10x_cl.o(.text)
    RTC_IRQHandler                           0x0801909f   Thumb Code     0  startup_stm32f10x_cl.o(.text)
    SPI1_IRQHandler                          0x0801909f   Thumb Code     0  startup_stm32f10x_cl.o(.text)
    SPI2_IRQHandler                          0x0801909f   Thumb Code     0  startup_stm32f10x_cl.o(.text)
    SPI3_IRQHandler                          0x0801909f   Thumb Code     0  startup_stm32f10x_cl.o(.text)
    TAMPER_IRQHandler                        0x0801909f   Thumb Code     0  startup_stm32f10x_cl.o(.text)
    TIM1_BRK_IRQHandler                      0x0801909f   Thumb Code     0  startup_stm32f10x_cl.o(.text)
    TIM1_CC_IRQHandler                       0x0801909f   Thumb Code     0  startup_stm32f10x_cl.o(.text)
    TIM1_TRG_COM_IRQHandler                  0x0801909f   Thumb Code     0  startup_stm32f10x_cl.o(.text)
    TIM1_UP_IRQHandler                       0x0801909f   Thumb Code     0  startup_stm32f10x_cl.o(.text)
    TIM3_IRQHandler                          0x0801909f   Thumb Code     0  startup_stm32f10x_cl.o(.text)
    TIM5_IRQHandler                          0x0801909f   Thumb Code     0  startup_stm32f10x_cl.o(.text)
    TIM7_IRQHandler                          0x0801909f   Thumb Code     0  startup_stm32f10x_cl.o(.text)
    UART4_IRQHandler                         0x0801909f   Thumb Code     0  startup_stm32f10x_cl.o(.text)
    UART5_IRQHandler                         0x0801909f   Thumb Code     0  startup_stm32f10x_cl.o(.text)
    USART2_IRQHandler                        0x0801909f   Thumb Code     0  startup_stm32f10x_cl.o(.text)
    WWDG_IRQHandler                          0x0801909f   Thumb Code     0  startup_stm32f10x_cl.o(.text)
    __user_initial_stackheap                 0x080190a1   Thumb Code     0  startup_stm32f10x_cl.o(.text)
    __2sprintf                               0x080190c5   Thumb Code    34  noretval__2sprintf.o(.text)
    __printf                                 0x080190ed   Thumb Code   104  __printf.o(.text)
    _printf_str                              0x08019155   Thumb Code    82  _printf_str.o(.text)
    _printf_int_dec                          0x080191a9   Thumb Code   104  _printf_dec.o(.text)
    strlen                                   0x08019221   Thumb Code    62  strlen.o(.text)
    __aeabi_memcpy                           0x0801925f   Thumb Code     0  rt_memcpy_v6.o(.text)
    __rt_memcpy                              0x0801925f   Thumb Code   138  rt_memcpy_v6.o(.text)
    _memcpy_lastbytes                        0x080192c5   Thumb Code     0  rt_memcpy_v6.o(.text)
    __aeabi_memset                           0x080192e9   Thumb Code    16  aeabi_memset.o(.text)
    __aeabi_memclr                           0x080192f9   Thumb Code     0  rt_memclr.o(.text)
    __rt_memclr                              0x080192f9   Thumb Code    68  rt_memclr.o(.text)
    _memset                                  0x080192fd   Thumb Code     0  rt_memclr.o(.text)
    __aeabi_memclr4                          0x0801933d   Thumb Code     0  rt_memclr_w.o(.text)
    __aeabi_memclr8                          0x0801933d   Thumb Code     0  rt_memclr_w.o(.text)
    __rt_memclr_w                            0x0801933d   Thumb Code    78  rt_memclr_w.o(.text)
    _memset_w                                0x08019341   Thumb Code     0  rt_memclr_w.o(.text)
    __use_two_region_memory                  0x0801938b   Thumb Code     2  heapauxi.o(.text)
    __rt_heap_escrow$2region                 0x0801938d   Thumb Code     2  heapauxi.o(.text)
    __rt_heap_expand$2region                 0x0801938f   Thumb Code     2  heapauxi.o(.text)
    __read_errno                             0x08019391   Thumb Code    10  _rserrno.o(.text)
    __set_errno                              0x0801939b   Thumb Code    12  _rserrno.o(.text)
    _printf_int_common                       0x080193a7   Thumb Code   178  _printf_intcommon.o(.text)
    _printf_char_common                      0x08019463   Thumb Code    32  _printf_char_common.o(.text)
    _sputc                                   0x08019489   Thumb Code    10  _sputc.o(.text)
    _printf_cs_common                        0x08019493   Thumb Code    20  _printf_char.o(.text)
    _printf_char                             0x080194a7   Thumb Code    16  _printf_char.o(.text)
    _printf_string                           0x080194b7   Thumb Code     8  _printf_char.o(.text)
    __aeabi_memcpy4                          0x080194bf   Thumb Code     0  rt_memcpy_w.o(.text)
    __aeabi_memcpy8                          0x080194bf   Thumb Code     0  rt_memcpy_w.o(.text)
    __rt_memcpy_w                            0x080194bf   Thumb Code   100  rt_memcpy_w.o(.text)
    _memcpy_lastbytes_aligned                0x08019507   Thumb Code     0  rt_memcpy_w.o(.text)
    __aeabi_errno_addr                       0x08019525   Thumb Code     8  rt_errno_addr_intlibspace.o(.text)
    __errno$intlibspace                      0x08019525   Thumb Code     0  rt_errno_addr_intlibspace.o(.text)
    __rt_errno_addr$intlibspace              0x08019525   Thumb Code     0  rt_errno_addr_intlibspace.o(.text)
    __user_libspace                          0x0801952d   Thumb Code     8  libspace.o(.text)
    __user_perproc_libspace                  0x0801952d   Thumb Code     0  libspace.o(.text)
    __user_perthread_libspace                0x0801952d   Thumb Code     0  libspace.o(.text)
    __user_setup_stackheap                   0x08019535   Thumb Code    74  sys_stackheap_outer.o(.text)
    exit                                     0x0801957f   Thumb Code    12  exit.o(.text)
    _sys_exit                                0x0801958d   Thumb Code     8  sys_exit.o(.text)
    __I$use$semihosting                      0x08019599   Thumb Code     0  use_no_semi.o(.text)
    __use_no_semihosting_swi                 0x08019599   Thumb Code     2  use_no_semi.o(.text)
    __ARM_fpclassify                         0x0801959b   Thumb Code    40  fpclassify.o(i.__ARM_fpclassify)
    __semihosting_library_function           0x0801959b   Thumb Code     0  indicate_semi.o(.text)
    __kernel_poly                            0x080195c3   Thumb Code   170  poly.o(i.__kernel_poly)
    __mathlib_dbl_infnan                     0x0801966d   Thumb Code     6  dunder.o(i.__mathlib_dbl_infnan)
    __mathlib_dbl_overflow                   0x08019673   Thumb Code    14  dunder.o(i.__mathlib_dbl_overflow)
    __mathlib_dbl_underflow                  0x08019681   Thumb Code    10  dunder.o(i.__mathlib_dbl_underflow)
    exp                                      0x08019691   Thumb Code   554  exp.o(i.exp)
    __aeabi_dadd                             0x08019915   Thumb Code     0  daddsub_clz.o(x$fpl$dadd)
    _dadd                                    0x08019915   Thumb Code   332  daddsub_clz.o(x$fpl$dadd)
    __fpl_dcheck_NaN1                        0x08019a65   Thumb Code    10  dcheck1.o(x$fpl$dcheck1)
    __fpl_dcmp_Inf                           0x08019a75   Thumb Code    24  dcmpi.o(x$fpl$dcmpinf)
    __aeabi_ddiv                             0x08019a8d   Thumb Code     0  ddiv.o(x$fpl$ddiv)
    _ddiv                                    0x08019a8d   Thumb Code   552  ddiv.o(x$fpl$ddiv)
    __aeabi_d2iz                             0x08019d3d   Thumb Code     0  dfix.o(x$fpl$dfix)
    _dfix                                    0x08019d3d   Thumb Code    94  dfix.o(x$fpl$dfix)
    __aeabi_i2d                              0x08019d9b   Thumb Code     0  dflt_clz.o(x$fpl$dflt)
    _dflt                                    0x08019d9b   Thumb Code    46  dflt_clz.o(x$fpl$dflt)
    __aeabi_cdcmple                          0x08019dc9   Thumb Code     0  dleqf.o(x$fpl$dleqf)
    _dcmple                                  0x08019dc9   Thumb Code   120  dleqf.o(x$fpl$dleqf)
    __fpl_dcmple_InfNaN                      0x08019e2b   Thumb Code     0  dleqf.o(x$fpl$dleqf)
    __aeabi_dmul                             0x08019e41   Thumb Code     0  dmul.o(x$fpl$dmul)
    _dmul                                    0x08019e41   Thumb Code   332  dmul.o(x$fpl$dmul)
    __fpl_dnaninf                            0x08019f95   Thumb Code   156  dnaninf.o(x$fpl$dnaninf)
    __fpl_dretinf                            0x0801a031   Thumb Code    12  dretinf.o(x$fpl$dretinf)
    __aeabi_cdrcmple                         0x0801a03d   Thumb Code     0  drleqf.o(x$fpl$drleqf)
    _drcmple                                 0x0801a03d   Thumb Code   108  drleqf.o(x$fpl$drleqf)
    __aeabi_drsub                            0x0801a0a9   Thumb Code     0  daddsub_clz.o(x$fpl$drsb)
    _drsb                                    0x0801a0a9   Thumb Code    22  daddsub_clz.o(x$fpl$drsb)
    __aeabi_dsub                             0x0801a0c1   Thumb Code     0  daddsub_clz.o(x$fpl$dsub)
    _dsub                                    0x0801a0c1   Thumb Code   464  daddsub_clz.o(x$fpl$dsub)
    __aeabi_f2d                              0x0801a295   Thumb Code     0  f2d.o(x$fpl$f2d)
    _f2d                                     0x0801a295   Thumb Code    86  f2d.o(x$fpl$f2d)
    __aeabi_fadd                             0x0801a2ed   Thumb Code     0  faddsub_clz.o(x$fpl$fadd)
    _fadd                                    0x0801a2ed   Thumb Code   196  faddsub_clz.o(x$fpl$fadd)
    __fpl_fcmp_Inf                           0x0801a3b1   Thumb Code    24  fcmpi.o(x$fpl$fcmpinf)
    __aeabi_fdiv                             0x0801a3c9   Thumb Code     0  fdiv.o(x$fpl$fdiv)
    _fdiv                                    0x0801a3c9   Thumb Code   384  fdiv.o(x$fpl$fdiv)
    __aeabi_cfcmpeq                          0x0801a54d   Thumb Code     0  feqf.o(x$fpl$feqf)
    _fcmpeq                                  0x0801a54d   Thumb Code   104  feqf.o(x$fpl$feqf)
    __aeabi_f2uiz                            0x0801a5b5   Thumb Code     0  ffixu.o(x$fpl$ffixu)
    _ffixu                                   0x0801a5b5   Thumb Code    62  ffixu.o(x$fpl$ffixu)
    __aeabi_i2f                              0x0801a5f5   Thumb Code     0  fflt_clz.o(x$fpl$fflt)
    _fflt                                    0x0801a5f5   Thumb Code    48  fflt_clz.o(x$fpl$fflt)
    __aeabi_ui2f                             0x0801a625   Thumb Code     0  fflt_clz.o(x$fpl$ffltu)
    _ffltu                                   0x0801a625   Thumb Code    38  fflt_clz.o(x$fpl$ffltu)
    __aeabi_fmul                             0x0801a64d   Thumb Code     0  fmul.o(x$fpl$fmul)
    _fmul                                    0x0801a64d   Thumb Code   258  fmul.o(x$fpl$fmul)
    __fpl_fnaninf                            0x0801a74f   Thumb Code   140  fnaninf.o(x$fpl$fnaninf)
    __fpl_fretinf                            0x0801a7db   Thumb Code    10  fretinf.o(x$fpl$fretinf)
    __aeabi_frsub                            0x0801a7e5   Thumb Code     0  faddsub_clz.o(x$fpl$frsb)
    _frsb                                    0x0801a7e5   Thumb Code    20  faddsub_clz.o(x$fpl$frsb)
    __aeabi_fsub                             0x0801a7f9   Thumb Code     0  faddsub_clz.o(x$fpl$fsub)
    _fsub                                    0x0801a7f9   Thumb Code   234  faddsub_clz.o(x$fpl$fsub)
    __fpl_return_NaN                         0x0801a8e3   Thumb Code   100  retnan.o(x$fpl$retnan)
    __ARM_scalbn                             0x0801a947   Thumb Code    92  scalbn.o(x$fpl$scalbn)
    __fpl_cmpreturn                          0x0801a9a3   Thumb Code    48  trapv.o(x$fpl$trapveneer)
    __I$use$fp                               0x0801a9d2   Number         0  usenofp.o(x$fpl$usenofp)
    BATCH_NUM                                0x0801aa10   Data           5  main_70.o(.constdata)
    CHUANGSHU_MOTOR_PWM_PARA                 0x0801aa15   Data           4  main_70.o(.constdata)
    CSMP_NUM_IN_50MS                         0x0801aa19   Data           4  main_70.o(.constdata)
    VAL_FEN_GE                               0x0801aa1d   Data          30  main_70.o(.constdata)
    LONG_LCD_KEY_ADDVAL                      0x0801aa3b   Data           1  main_70.o(.constdata)
    RMB_NOTE_VALUE                           0x0801aa3c   Data          10  main_70.o(.constdata)
    USD_NOTE_VALUE                           0x0801aa46   Data          10  main_70.o(.constdata)
    EUR_NOTE_VALUE                           0x0801aa50   Data          20  main_70.o(.constdata)
    CURRENCY_TITLE_STR_ENGLISH               0x0801aa64   Data           4  main_70.o(.constdata)
    CURRENCY_MENU_TITLE_STR_ENGLISH          0x0801aa68   Data           4  main_70.o(.constdata)
    CURRENCY_TITLE_STR_CHINESE               0x0801aa6c   Data           4  main_70.o(.constdata)
    HEX_CODE                                 0x0801aa70   Data          16  main_70.o(.constdata)
    SEND                                     0x0801aa80   Data           5  main_70.o(.constdata)
    USD_iradFvt_Int                          0x0801aa86   Data       88458  bill.o(.constdata)
    EUR_iradFvt_Int                          0x08030410   Data       51280  bill.o(.constdata)
    USD_colorFvt_Int                         0x0803cc60   Data       53130  bill.o(.constdata)
    Region$$Table$$Base                      0x08049e8c   Number         0  anon$$obj.o(Region$$Table)
    Region$$Table$$Limit                     0x08049eac   Number         0  anon$$obj.o(Region$$Table)
    uart1infifo_front                        0x20000000   Data           2  fifo.o(.data)
    uart1infifo_rear                         0x20000002   Data           2  fifo.o(.data)
    uart1outfifo_count                       0x20000004   Data           2  fifo.o(.data)
    uart1outfifo_front                       0x20000006   Data           2  fifo.o(.data)
    uart1outfifo_rear                        0x20000008   Data           2  fifo.o(.data)
    uart2infifo_front                        0x2000000a   Data           2  fifo.o(.data)
    uart2infifo_rear                         0x2000000c   Data           2  fifo.o(.data)
    uart2outfifo_count                       0x2000000e   Data           2  fifo.o(.data)
    uart2outfifo_front                       0x20000010   Data           2  fifo.o(.data)
    uart2outfifo_rear                        0x20000012   Data           2  fifo.o(.data)
    uart3infifo_front                        0x20000014   Data           2  fifo.o(.data)
    uart3infifo_rear                         0x20000016   Data           2  fifo.o(.data)
    uart3outfifo_count                       0x20000018   Data           2  fifo.o(.data)
    uart3outfifo_front                       0x2000001a   Data           2  fifo.o(.data)
    uart3outfifo_rear                        0x2000001c   Data           2  fifo.o(.data)
    systemState                              0x2000001e   Data           1  flash.o(.data)
    gb_hwVccIsOn                             0x20000020   Data           1  main_70.o(.data)
    gb_uvVccIsOn                             0x20000021   Data           1  main_70.o(.data)
    gb_jinChaoFaSheIsOn                      0x20000022   Data           1  main_70.o(.data)
    g_colorFsRGB                             0x20000023   Data           1  main_70.o(.data)
    chanelIndexOf4051                        0x20000024   Data           1  main_70.o(.data)
    g_colorFsStopWork                        0x20000025   Data           1  main_70.o(.data)
    fbPosition                               0x20000026   Data           1  main_70.o(.data)
    fbInUse                                  0x20000027   Data           1  main_70.o(.data)
    mrValue                                  0x20000028   Data           2  main_70.o(.data)
    UvValue                                  0x2000002a   Data           1  main_70.o(.data)
    enteranceSensorVal                       0x2000002b   Data           1  main_70.o(.data)
    tdjsValue                                0x2000002c   Data           2  main_70.o(.data)
    uvCnt                                    0x2000002e   Data           1  main_70.o(.data)
    lengthFlag                               0x2000002f   Data           1  main_70.o(.data)
    gb_lengthHaveNote                        0x20000030   Data           1  main_70.o(.data)
    gb_lengthCovered                         0x20000031   Data           1  main_70.o(.data)
    dubiRecoverCnt                           0x20000032   Data           1  main_70.o(.data)
    lastFsOffVal                             0x20000034   Data           2  main_70.o(.data)
    lastFsOnVal                              0x20000036   Data           2  main_70.o(.data)
    entergatePulseNumCounter                 0x20000038   Data           1  main_70.o(.data)
    ps1PulseNumCounter                       0x20000039   Data           1  main_70.o(.data)
    ps2PulseNumCounter                       0x2000003a   Data           1  main_70.o(.data)
    scanEntergateTimer                       0x2000003b   Data           1  main_70.o(.data)
    gb_haveNoteInEntergate                   0x2000003c   Data           1  main_70.o(.data)
    PS1Flag                                  0x2000003d   Data           1  main_70.o(.data)
    PS2Flag                                  0x2000003e   Data           1  main_70.o(.data)
    gb_haveNoteInPS1                         0x2000003f   Data           1  main_70.o(.data)
    scanMotorTimer                           0x20000040   Data           1  main_70.o(.data)
    gb_haveNoteInPS2                         0x20000041   Data           1  main_70.o(.data)
    gb_startRGBSample                        0x20000042   Data           1  main_70.o(.data)
    gb_endRGBSample                          0x20000043   Data           1  main_70.o(.data)
    gb_colorSampleStart                      0x20000044   Data           1  main_70.o(.data)
    gb_colorSampleEnd                        0x20000045   Data           1  main_70.o(.data)
    gb_colorSampleEnable                     0x20000046   Data           1  main_70.o(.data)
    msecCnt                                  0x20000048   Data           4  main_70.o(.data)
    gb_uartWorkMode                          0x2000004c   Data           1  main_70.o(.data)
    irHaveNoteContinuslyCnt                  0x2000004e   Data           2  main_70.o(.data)
    gb_inHwAdjusting                         0x20000050   Data           1  main_70.o(.data)
    gb_inKdAdjusting                         0x20000051   Data           1  main_70.o(.data)
    gb_oneNotePass                           0x20000052   Data           1  main_70.o(.data)
    irNoteNum                                0x20000053   Data           1  main_70.o(.data)
    currentSlant                             0x20000054   Data           1  main_70.o(.data)
    gb_leftIsFirst                           0x20000055   Data           1  main_70.o(.data)
    slant                                    0x20000056   Data           2  main_70.o(.data)
    slantAvg                                 0x20000058   Data           2  main_70.o(.data)
    slantSum                                 0x2000005a   Data           2  main_70.o(.data)
    slantNum                                 0x2000005c   Data           2  main_70.o(.data)
    gb_cntMgComputeTime                      0x2000005e   Data           1  main_70.o(.data)
    mgComputeMpNum                           0x2000005f   Data           1  main_70.o(.data)
    g_workMode                               0x20000060   Data           1  main_70.o(.data)
    mpCnt                                    0x20000062   Data           2  main_70.o(.data)
    lengthMpCnt                              0x20000064   Data           2  main_70.o(.data)
    sampleStartNum                           0x20000068   Data           4  main_70.o(.data)
    dmaEndNum                                0x2000006c   Data           4  main_70.o(.data)
    needSampleIdleNum                        0x20000070   Data           2  main_70.o(.data)
    gb_sampleIdleOver                        0x20000072   Data           1  main_70.o(.data)
    gb_enableSample                          0x20000073   Data           1  main_70.o(.data)
    gb_needStopCsddj                         0x20000074   Data           1  main_70.o(.data)
    g_yuZhiNum                               0x20000075   Data           1  main_70.o(.data)
    g_btachNumIndex                          0x20000076   Data           1  main_70.o(.data)
    gb_batchIsOn                             0x20000077   Data           1  main_70.o(.data)
    gb_inDispBatch                           0x20000078   Data           1  main_70.o(.data)
    gb_work                                  0x20000079   Data           1  main_70.o(.data)
    gb_oneSec                                0x2000007a   Data           1  main_70.o(.data)
    gb_oneSecAutoRefresh                     0x2000007b   Data           1  main_70.o(.data)
    gb_keyFuWeiDown                          0x2000007c   Data           1  main_70.o(.data)
    gb_runInManual                           0x2000007d   Data           1  main_70.o(.data)
    g_turnOffHwfsDelayTimer                  0x2000007e   Data           2  main_70.o(.data)
    gb_needTurnOffLed                        0x20000080   Data           1  main_70.o(.data)
    g_haveNoNoteCounter                      0x20000082   Data           2  main_70.o(.data)
    gb_inSelfcheck                           0x20000084   Data           1  main_70.o(.data)
    selfcheckResult                          0x20000085   Data           1  main_70.o(.data)
    beepTimes                                0x20000086   Data           1  main_70.o(.data)
    beepType                                 0x20000087   Data           1  main_70.o(.data)
    timerForBeep                             0x20000088   Data           1  main_70.o(.data)
    outputDeatalDataCnt                      0x20000089   Data           1  main_70.o(.data)
    gb_autoOutputDetailData                  0x2000008a   Data           1  main_70.o(.data)
    gb_lengthInOriginData                    0x2000008b   Data           1  main_70.o(.data)
    gb_colorInOriginData                     0x2000008c   Data           1  main_70.o(.data)
    g_lengthSampleIndex                      0x20000090   Data           4  main_70.o(.data)
    g_lengthIrMpNum                          0x20000094   Data           2  main_70.o(.data)
    gb_FristInPS2                            0x20000096   Data           1  main_70.o(.data)
    gb_FristOutPS2                           0x20000097   Data           1  main_70.o(.data)
    gb_uvNeedStartSampleflag                 0x20000098   Data           1  main_70.o(.data)
    gb_uvNeedStartSampleCnt                  0x20000099   Data           1  main_70.o(.data)
    gb_uvNeedEndSampleCnt                    0x2000009a   Data           1  main_70.o(.data)
    gb_lengthIrNeedStartSampleflag           0x2000009b   Data           1  main_70.o(.data)
    gb_lengthIrNeedStartSampleCnt            0x2000009c   Data           1  main_70.o(.data)
    gb_lengthIrNeedEndSampleCnt              0x2000009d   Data           1  main_70.o(.data)
    g_uvSampleIndex                          0x2000009e   Data           2  main_70.o(.data)
    g_mgSampleIndex                          0x200000a0   Data           2  main_70.o(.data)
    gb_needSampleMr                          0x200000a2   Data           1  main_70.o(.data)
    lastMgDataIndex                          0x200000a3   Data           1  main_70.o(.data)
    tempMgDataLen                            0x200000a4   Data           2  main_70.o(.data)
    g_colorSampleIndex                       0x200000a6   Data           2  main_70.o(.data)
    csmpNumInCurrentCycle                    0x200000a8   Data           2  main_70.o(.data)
    csmpNumCnt                               0x200000aa   Data           1  main_70.o(.data)
    gb_isJammed                              0x200000ab   Data           1  main_70.o(.data)
    gb_dispJamInfo                           0x200000ac   Data           1  main_70.o(.data)
    csddjJamTimes                            0x200000ae   Data           2  main_70.o(.data)
    g_machineTestMode                        0x200000b0   Data           1  main_70.o(.data)
    maxSampleNumOneMp                        0x200000b1   Data           1  main_70.o(.data)
    selectedItemIndex                        0x200000b2   Data           1  main_70.o(.data)
    lastSelectedItemIndex                    0x200000b3   Data           1  main_70.o(.data)
    gb_paraChanged                           0x200000b4   Data           1  main_70.o(.data)
    noteState                                0x200000b6   Data           2  main_70.o(.data)
    g_maxMpFromPs1ToPs2                      0x200000b8   Data           1  main_70.o(.data)
    g_maxMpFromEnteranceToPs1                0x200000b9   Data           1  main_70.o(.data)
    g_maxMpFromPs1ToEnterance                0x200000ba   Data           1  main_70.o(.data)
    g_maxMpFromPs2ToLeave                    0x200000bb   Data           1  main_70.o(.data)
    g_maxMpFromComputeToPS1                  0x200000bc   Data           1  main_70.o(.data)
    gb_noteBackLeave                         0x200000bd   Data           1  main_70.o(.data)
    gb_needStopMotor                         0x200000be   Data           1  main_70.o(.data)
    g_needUpGradeCnt                         0x200000bf   Data           1  main_70.o(.data)
    g_needUpGrade                            0x200000c0   Data           1  main_70.o(.data)
    laoHuaSingleTime                         0x200000c1   Data           1  main_70.o(.data)
    laoHuaTime                               0x200000c2   Data           2  main_70.o(.data)
    gb_inLaoHua                              0x200000c4   Data           1  main_70.o(.data)
    oneMinLaoHuaTime                         0x200000c5   Data           1  main_70.o(.data)
    shortLcdKeyTimer                         0x200000c6   Data           1  main_70.o(.data)
    enterLongLcdKeyTimer                     0x200000c7   Data           1  main_70.o(.data)
    longLcdKeyIntervalTimer                  0x200000c8   Data           1  main_70.o(.data)
    shortLcdKey                              0x200000c9   Data           1  main_70.o(.data)
    longLcdKey                               0x200000ca   Data           1  main_70.o(.data)
    gb_longLcdKey                            0x200000cb   Data           1  main_70.o(.data)
    gb_needCheckKey                          0x200000cc   Data           1  main_70.o(.data)
    gb_needCheckTpClick                      0x200000cd   Data           1  main_70.o(.data)
    checkKeyCnt                              0x200000ce   Data           1  main_70.o(.data)
    currentLcdKey                            0x200000cf   Data           1  main_70.o(.data)
    lastLcdKey                               0x200000d0   Data           1  main_70.o(.data)
    keyFlag                                  0x200000d1   Data           1  main_70.o(.data)
    g_currency                               0x200000d2   Data           1  main_70.o(.data)
    g_subStateOfNormal                       0x200000d3   Data           1  main_70.o(.data)
    noteNum                                  0x200000d4   Data           4  main_70.o(.data)
    noteSum                                  0x200000d8   Data           4  main_70.o(.data)
    noteDenoValue                            0x200000dc   Data           2  main_70.o(.data)
    TimingDelay                              0x200000de   Data           2  main_70.o(.data)
    motorTest                                0x200000e0   Data           1  main_70.o(.data)
    DENO_STR                                 0x200000e4   Data          32  main_70.o(.data)
    WIDTH_BETWEEN_IR2_IR3_EXP2               0x20000104   Data           2  main_70.o(.data)
    ctlSend                                  0x20000106   Data           1  main_70.o(.data)
    oneSecCnt                                0x20000110   Data           2  main_70.o(.data)
    gb_SecCnt                                0x20000112   Data           2  main_70.o(.data)
    fiveMsCnt                                0x20000114   Data           1  main_70.o(.data)
    cnt                                      0x20000115   Data           1  main_70.o(.data)
    g_motor1State                            0x20000116   Data           1  motor.o(.data)
    currentSpeed                             0x20000117   Data           1  motor.o(.data)
    g_motorSpeedCountVal                     0x20000118   Data           2  motor.o(.data)
    g_codePanCountForCsMp                    0x2000011a   Data           2  motor.o(.data)
    forwardPwmValue                          0x2000011c   Data           1  motor.o(.data)
    backwardPwmValue                         0x2000011d   Data           1  motor.o(.data)
    lengthDataLen                            0x20000120   Data           2  mr.o(.data)
    mgDataLen                                0x20000122   Data           2  mr.o(.data)
    uvDataLen                                0x20000124   Data           2  mr.o(.data)
    colorDataLen                             0x20000126   Data           2  mr.o(.data)
    errorCode                                0x20000128   Data           1  mr.o(.data)
    currentNoteType                          0x20000129   Data           1  mr.o(.data)
    gb_inCollabration                        0x2000012a   Data           1  mr.o(.data)
    collabrationNoteNum                      0x2000012b   Data           1  mr.o(.data)
    test                                     0x2000012c   Data           1  mr.o(.data)
    speedIsSlow                              0x2000012d   Data           1  mr.o(.data)
    headMrStartPos                           0x2000012e   Data           1  mr.o(.data)
    m_gzhMrIndex                             0x2000012f   Data           1  mr.o(.data)
    frontGzhStartPos                         0x20000130   Data           2  mr.o(.data)
    frontGzhEndPos                           0x20000132   Data           2  mr.o(.data)
    backGzhStartPos                          0x20000134   Data           2  mr.o(.data)
    backGzhEndPos                            0x20000136   Data           2  mr.o(.data)
    pdGzhMrData                              0x20000138   Data           4  mr.o(.data)
    aqxCodeNum                               0x2000013c   Data           1  mr.o(.data)
    gb_needDealUart1Data                     0x2000013e   Data           1  uart_1.o(.data)
    uart1DelayTimer                          0x2000013f   Data           1  uart_1.o(.data)
    gb_needDealUart3Data                     0x20000140   Data           1  uart_1.o(.data)
    uart3DelayTimer                          0x20000141   Data           1  uart_1.o(.data)
    billIsFake                               0x20000142   Data           1  bill.o(.data)
    billValue                                0x20000143   Data           1  bill.o(.data)
    billFlag                                 0x20000144   Data           1  bill.o(.data)
    billUVFvt                                0x20000145   Data           1  bill.o(.data)
    g_flag                                   0x20000146   Data           1  bill.o(.data)
    billIradMask                             0x20000147   Data           1  bill.o(.data)
    irJudgeValue                             0x20000148   Data           1  bill.o(.data)
    irJudgeFlag                              0x20000149   Data           1  bill.o(.data)
    colorJudgeValue                          0x2000014a   Data           1  bill.o(.data)
    colorJudgeFlag                           0x2000014b   Data           1  bill.o(.data)
    g_IradRes                                0x2000014c   Data           1  bill.o(.data)
    noteType                                 0x2000014d   Data           1  bill.o(.data)
    g_USD_noteClass                          0x2000014e   Data          69  bill.o(.data)
    g_EUR_noteClass                          0x20000193   Data          40  bill.o(.data)
    currentProgress                          0x200001bc   Data           1  disp.o(.data)
    progressX                                0x200001be   Data           2  disp.o(.data)
    progressY                                0x200001c0   Data           2  disp.o(.data)
    progressW                                0x200001c2   Data           2  disp.o(.data)
    progressH                                0x200001c4   Data           2  disp.o(.data)
    progressBackColor                        0x200001c6   Data           2  disp.o(.data)
    progressFrontColor                       0x200001c8   Data           2  disp.o(.data)
    CurrentFont                              0x200001ca   Data           1  disp.o(.data)
    CurrentBackColor                         0x200001cc   Data           2  disp.o(.data)
    CurrentPenColor                          0x200001ce   Data           2  disp.o(.data)
    LastFont                                 0x200001d0   Data           1  disp.o(.data)
    lastProgress                             0x200001d1   Data           1  disp.o(.data)
    HSEStartUpStatus                         0x200001d4   Data           1  user_bsp.o(.data)
    BSP_delay                                0x200001d8   Data           4  user_bsp.o(.data)
    SystemCoreClock                          0x200001f0   Data           4  system_stm32f10x.o(.data)
    AHBPrescTable                            0x200001f4   Data          16  system_stm32f10x.o(.data)
    uart1infifo_data                         0x20000204   Data        1000  fifo.o(.bss)
    uart1outfifo_data                        0x200005ec   Data        1000  fifo.o(.bss)
    uart2infifo_data                         0x200009d4   Data          20  fifo.o(.bss)
    uart2outfifo_data                        0x200009e8   Data          20  fifo.o(.bss)
    uart3infifo_data                         0x200009fc   Data        1000  fifo.o(.bss)
    uart3outfifo_data                        0x20000de4   Data        1000  fifo.o(.bss)
    DATA2                                    0x200011cc   Data          10  fifo.o(.bss)
    DATA7                                    0x200011d6   Data          10  fifo.o(.bss)
    DATA8                                    0x200011e0   Data          10  fifo.o(.bss)
    DATA9                                    0x200011ea   Data          10  fifo.o(.bss)
    DATA10                                   0x200011f4   Data          10  fifo.o(.bss)
    DATA11                                   0x200011fe   Data          10  fifo.o(.bss)
    DATA12                                   0x20001208   Data          10  fifo.o(.bss)
    DATA13                                   0x20001212   Data          10  fifo.o(.bss)
    DATA14                                   0x2000121c   Data          10  fifo.o(.bss)
    DATA15                                   0x20001226   Data          10  fifo.o(.bss)
    allFifo                                  0x20001230   Data         160  fifo.o(.bss)
    savedPara                                0x200012d0   Data         356  flash.o(.bss)
    DMA_InitStructure                        0x20001434   Data          44  main_70.o(.bss)
    adcResult                                0x20001460   Data          20  main_70.o(.bss)
    adData                                   0x20001474   Data          10  main_70.o(.bss)
    irValue                                  0x2000147e   Data          21  main_70.o(.bss)
    colorRGB                                 0x20001493   Data          12  main_70.o(.bss)
    enteranceSensorValall                    0x2000149f   Data         200  main_70.o(.bss)
    IRlengthBuffer                           0x20001567   Data        8192  main_70.o(.bss)
    kAdjust                                  0x20003568   Data          84  main_70.o(.bss)
    bAdjust                                  0x200035bc   Data          84  main_70.o(.bss)
    lastMgData                               0x20003610   Data         100  main_70.o(.bss)
    tempMgData                               0x20003674   Data        4000  main_70.o(.bss)
    csmpNumRecord                            0x20004614   Data         200  main_70.o(.bss)
    dispStr                                  0x200046dc   Data         100  main_70.o(.bss)
    denoNoteNum                              0x20004740   Data          20  main_70.o(.bss)
    timeTest                                 0x20004754   Data          32  main_70.o(.bss)
    lengthData                               0x20004774   Data       19800  mr.o(.bss)
    lengthIdleOriginValue                    0x200094cc   Data          21  mr.o(.bss)
    mgData                                   0x200094e1   Data        1700  mr.o(.bss)
    uvData                                   0x20009b85   Data         900  mr.o(.bss)
    colorData                                0x20009f09   Data        3600  mr.o(.bss)
    collabrationSum                          0x2000ad1c   Data          84  mr.o(.bss)
    collabrationNum                          0x2000ad70   Data          21  mr.o(.bss)
    collabrationValue                        0x2000ad86   Data          42  mr.o(.bss)
    collabrationMax                          0x2000adb0   Data          42  mr.o(.bss)
    collabrationMin                          0x2000adda   Data          42  mr.o(.bss)
    lengthData_Tmp2                          0x2000ae04   Data         740  bill.o(.bss)
    colorData_tmp                            0x2000b0e8   Data         768  bill.o(.bss)
    colorFvtTotal                            0x2000b3e8   Data         768  bill.o(.bss)
    TFTStr                                   0x2000b6e8   Data         300  disp.o(.bss)
    TFTTmpStr                                0x2000b814   Data         300  disp.o(.bss)
    __libspace_start                         0x2000b940   Data          96  libspace.o(.bss)
    __temporary_stack_top$libspace           0x2000b9a0   Data           0  libspace.o(.bss)



==============================================================================

Memory Map of the image

  Image Entry point : 0x08010151

  Load Region LR_IROM1 (Base: 0x08010000, Size: 0x0003a0b0, Max: 0x000f0000, ABSOLUTE, COMPRESSED[0x00039f4c])

    Execution Region ER_IROM1 (Base: 0x08010000, Size: 0x00039eac, Max: 0x000f0000, ABSOLUTE)

    Base Addr    Size         Type   Attr      Idx    E Section Name        Object

    0x08010000   0x00000150   Data   RO          887    RESET               startup_stm32f10x_cl.o
    0x08010150   0x00000008   Code   RO          941  * !!!main             c_w.l(__main.o)
    0x08010158   0x00000034   Code   RO         1221    !!!scatter          c_w.l(__scatter.o)
    0x0801018c   0x0000005a   Code   RO         1219    !!dczerorl2         c_w.l(__dczerorl2.o)
    0x080101e6   0x00000002   PAD
    0x080101e8   0x0000001c   Code   RO         1223    !!handler_zi        c_w.l(__scatter_zi.o)
    0x08010204   0x00000000   Code   RO          926    .ARM.Collect$$_printf_percent$$00000000  c_w.l(_printf_percent.o)
    0x08010204   0x00000006   Code   RO          925    .ARM.Collect$$_printf_percent$$00000009  c_w.l(_printf_d.o)
    0x0801020a   0x00000006   Code   RO          924    .ARM.Collect$$_printf_percent$$00000014  c_w.l(_printf_s.o)
    0x08010210   0x00000004   Code   RO         1010    .ARM.Collect$$_printf_percent$$00000017  c_w.l(_printf_percent_end.o)
    0x08010214   0x00000002   Code   RO         1089    .ARM.Collect$$libinit$$00000000  c_w.l(libinit.o)
    0x08010216   0x00000000   Code   RO         1095    .ARM.Collect$$libinit$$00000002  c_w.l(libinit2.o)
    0x08010216   0x00000000   Code   RO         1097    .ARM.Collect$$libinit$$00000004  c_w.l(libinit2.o)
    0x08010216   0x00000000   Code   RO         1100    .ARM.Collect$$libinit$$0000000A  c_w.l(libinit2.o)
    0x08010216   0x00000000   Code   RO         1102    .ARM.Collect$$libinit$$0000000C  c_w.l(libinit2.o)
    0x08010216   0x00000000   Code   RO         1104    .ARM.Collect$$libinit$$0000000E  c_w.l(libinit2.o)
    0x08010216   0x00000000   Code   RO         1107    .ARM.Collect$$libinit$$00000011  c_w.l(libinit2.o)
    0x08010216   0x00000000   Code   RO         1109    .ARM.Collect$$libinit$$00000013  c_w.l(libinit2.o)
    0x08010216   0x00000000   Code   RO         1111    .ARM.Collect$$libinit$$00000015  c_w.l(libinit2.o)
    0x08010216   0x00000000   Code   RO         1113    .ARM.Collect$$libinit$$00000017  c_w.l(libinit2.o)
    0x08010216   0x00000000   Code   RO         1115    .ARM.Collect$$libinit$$00000019  c_w.l(libinit2.o)
    0x08010216   0x00000000   Code   RO         1117    .ARM.Collect$$libinit$$0000001B  c_w.l(libinit2.o)
    0x08010216   0x00000000   Code   RO         1119    .ARM.Collect$$libinit$$0000001D  c_w.l(libinit2.o)
    0x08010216   0x00000000   Code   RO         1121    .ARM.Collect$$libinit$$0000001F  c_w.l(libinit2.o)
    0x08010216   0x00000000   Code   RO         1123    .ARM.Collect$$libinit$$00000021  c_w.l(libinit2.o)
    0x08010216   0x00000000   Code   RO         1125    .ARM.Collect$$libinit$$00000023  c_w.l(libinit2.o)
    0x08010216   0x00000000   Code   RO         1127    .ARM.Collect$$libinit$$00000025  c_w.l(libinit2.o)
    0x08010216   0x00000000   Code   RO         1131    .ARM.Collect$$libinit$$0000002C  c_w.l(libinit2.o)
    0x08010216   0x00000000   Code   RO         1133    .ARM.Collect$$libinit$$0000002E  c_w.l(libinit2.o)
    0x08010216   0x00000000   Code   RO         1135    .ARM.Collect$$libinit$$00000030  c_w.l(libinit2.o)
    0x08010216   0x00000000   Code   RO         1137    .ARM.Collect$$libinit$$00000032  c_w.l(libinit2.o)
    0x08010216   0x00000002   Code   RO         1138    .ARM.Collect$$libinit$$00000033  c_w.l(libinit2.o)
    0x08010218   0x00000002   Code   RO         1160    .ARM.Collect$$libshutdown$$00000000  c_w.l(libshutdown.o)
    0x0801021a   0x00000000   Code   RO         1174    .ARM.Collect$$libshutdown$$00000003  c_w.l(libshutdown2.o)
    0x0801021a   0x00000000   Code   RO         1177    .ARM.Collect$$libshutdown$$00000006  c_w.l(libshutdown2.o)
    0x0801021a   0x00000000   Code   RO         1180    .ARM.Collect$$libshutdown$$00000009  c_w.l(libshutdown2.o)
    0x0801021a   0x00000000   Code   RO         1182    .ARM.Collect$$libshutdown$$0000000B  c_w.l(libshutdown2.o)
    0x0801021a   0x00000000   Code   RO         1185    .ARM.Collect$$libshutdown$$0000000E  c_w.l(libshutdown2.o)
    0x0801021a   0x00000002   Code   RO         1186    .ARM.Collect$$libshutdown$$0000000F  c_w.l(libshutdown2.o)
    0x0801021c   0x00000000   Code   RO          999    .ARM.Collect$$rtentry$$00000000  c_w.l(__rtentry.o)
    0x0801021c   0x00000000   Code   RO         1054    .ARM.Collect$$rtentry$$00000002  c_w.l(__rtentry2.o)
    0x0801021c   0x00000006   Code   RO         1066    .ARM.Collect$$rtentry$$00000004  c_w.l(__rtentry4.o)
    0x08010222   0x00000000   Code   RO         1056    .ARM.Collect$$rtentry$$00000009  c_w.l(__rtentry2.o)
    0x08010222   0x00000004   Code   RO         1057    .ARM.Collect$$rtentry$$0000000A  c_w.l(__rtentry2.o)
    0x08010226   0x00000000   Code   RO         1059    .ARM.Collect$$rtentry$$0000000C  c_w.l(__rtentry2.o)
    0x08010226   0x00000008   Code   RO         1060    .ARM.Collect$$rtentry$$0000000D  c_w.l(__rtentry2.o)
    0x0801022e   0x00000002   Code   RO         1092    .ARM.Collect$$rtexit$$00000000  c_w.l(rtexit.o)
    0x08010230   0x00000000   Code   RO         1142    .ARM.Collect$$rtexit$$00000002  c_w.l(rtexit2.o)
    0x08010230   0x00000004   Code   RO         1143    .ARM.Collect$$rtexit$$00000003  c_w.l(rtexit2.o)
    0x08010234   0x00000006   Code   RO         1144    .ARM.Collect$$rtexit$$00000004  c_w.l(rtexit2.o)
    0x0801023a   0x00000002   PAD
    0x0801023c   0x00000020   Code   RO          856    .emb_text           core_cm3.o
    0x0801025c   0x00000088   Code   RO            1    .text               delay.o
    0x080102e4   0x000005bc   Code   RO           79    .text               fifo.o
    0x080108a0   0x000000ec   Code   RO          106    .text               flash.o
    0x0801098c   0x00004680   Code   RO          128    .text               main_70.o
    0x0801500c   0x000001b0   Code   RO          190    .text               motor.o
    0x080151bc   0x00000234   Code   RO          212    .text               mr.o
    0x080153f0   0x00000254   Code   RO          235    .text               uart_1.o
    0x08015644   0x00000b0c   Code   RO          256    .text               bill.o
    0x08016150   0x0000029c   Code   RO          295    .text               disp.o
    0x080163ec   0x00000144   Code   RO          564    .text               user_bsp.o
    0x08016530   0x000000dc   Code   RO          722    .text               misc.o
    0x0801660c   0x0000044e   Code   RO          734    .text               stm32f10x_adc.o
    0x08016a5a   0x00000002   PAD
    0x08016a5c   0x00000254   Code   RO          746    .text               stm32f10x_dma.o
    0x08016cb0   0x0000011c   Code   RO          758    .text               stm32f10x_exti.o
    0x08016dcc   0x000005bc   Code   RO          770    .text               stm32f10x_flash.o
    0x08017388   0x0000035c   Code   RO          782    .text               stm32f10x_gpio.o
    0x080176e4   0x00000500   Code   RO          806    .text               stm32f10x_rcc.o
    0x08017be4   0x00000e1a   Code   RO          832    .text               stm32f10x_tim.o
    0x080189fe   0x00000002   PAD
    0x08018a00   0x00000408   Code   RO          844    .text               stm32f10x_usart.o
    0x08018e08   0x0000027c   Code   RO          867    .text               system_stm32f10x.o
    0x08019084   0x00000040   Code   RO          888    .text               startup_stm32f10x_cl.o
    0x080190c4   0x00000028   Code   RO          896    .text               c_w.l(noretval__2sprintf.o)
    0x080190ec   0x00000068   Code   RO          898    .text               c_w.l(__printf.o)
    0x08019154   0x00000052   Code   RO          900    .text               c_w.l(_printf_str.o)
    0x080191a6   0x00000002   PAD
    0x080191a8   0x00000078   Code   RO          902    .text               c_w.l(_printf_dec.o)
    0x08019220   0x0000003e   Code   RO          929    .text               c_w.l(strlen.o)
    0x0801925e   0x0000008a   Code   RO          931    .text               c_w.l(rt_memcpy_v6.o)
    0x080192e8   0x00000010   Code   RO          933    .text               c_w.l(aeabi_memset.o)
    0x080192f8   0x00000044   Code   RO          935    .text               c_w.l(rt_memclr.o)
    0x0801933c   0x0000004e   Code   RO          937    .text               c_w.l(rt_memclr_w.o)
    0x0801938a   0x00000006   Code   RO          939    .text               c_w.l(heapauxi.o)
    0x08019390   0x00000016   Code   RO         1000    .text               c_w.l(_rserrno.o)
    0x080193a6   0x000000b2   Code   RO         1002    .text               c_w.l(_printf_intcommon.o)
    0x08019458   0x00000030   Code   RO         1004    .text               c_w.l(_printf_char_common.o)
    0x08019488   0x0000000a   Code   RO         1006    .text               c_w.l(_sputc.o)
    0x08019492   0x0000002c   Code   RO         1008    .text               c_w.l(_printf_char.o)
    0x080194be   0x00000064   Code   RO         1011    .text               c_w.l(rt_memcpy_w.o)
    0x08019522   0x00000002   PAD
    0x08019524   0x00000008   Code   RO         1071    .text               c_w.l(rt_errno_addr_intlibspace.o)
    0x0801952c   0x00000008   Code   RO         1077    .text               c_w.l(libspace.o)
    0x08019534   0x0000004a   Code   RO         1080    .text               c_w.l(sys_stackheap_outer.o)
    0x0801957e   0x0000000c   Code   RO         1082    .text               c_w.l(exit.o)
    0x0801958a   0x00000002   PAD
    0x0801958c   0x0000000c   Code   RO         1152    .text               c_w.l(sys_exit.o)
    0x08019598   0x00000002   Code   RO         1163    .text               c_w.l(use_no_semi.o)
    0x0801959a   0x00000000   Code   RO         1165    .text               c_w.l(indicate_semi.o)
    0x0801959a   0x00000028   Code   RO         1048    i.__ARM_fpclassify  m_ws.l(fpclassify.o)
    0x080195c2   0x000000aa   Code   RO         1050    i.__kernel_poly     m_ws.l(poly.o)
    0x0801966c   0x00000006   Code   RO         1035    i.__mathlib_dbl_infnan  m_ws.l(dunder.o)
    0x08019672   0x0000000e   Code   RO         1038    i.__mathlib_dbl_overflow  m_ws.l(dunder.o)
    0x08019680   0x00000010   Code   RO         1040    i.__mathlib_dbl_underflow  m_ws.l(dunder.o)
    0x08019690   0x00000284   Code   RO          990    i.exp               m_ws.l(exp.o)
    0x08019914   0x00000150   Code   RO          943    x$fpl$dadd          fz_ws.l(daddsub_clz.o)
    0x08019a64   0x00000010   Code   RO         1075    x$fpl$dcheck1       fz_ws.l(dcheck1.o)
    0x08019a74   0x00000018   Code   RO         1013    x$fpl$dcmpinf       fz_ws.l(dcmpi.o)
    0x08019a8c   0x000002b0   Code   RO          950    x$fpl$ddiv          fz_ws.l(ddiv.o)
    0x08019d3c   0x0000005e   Code   RO         1015    x$fpl$dfix          fz_ws.l(dfix.o)
    0x08019d9a   0x0000002e   Code   RO          954    x$fpl$dflt          fz_ws.l(dflt_clz.o)
    0x08019dc8   0x00000078   Code   RO          959    x$fpl$dleqf         fz_ws.l(dleqf.o)
    0x08019e40   0x00000154   Code   RO         1019    x$fpl$dmul          fz_ws.l(dmul.o)
    0x08019f94   0x0000009c   Code   RO         1021    x$fpl$dnaninf       fz_ws.l(dnaninf.o)
    0x0801a030   0x0000000c   Code   RO         1023    x$fpl$dretinf       fz_ws.l(dretinf.o)
    0x0801a03c   0x0000006c   Code   RO          961    x$fpl$drleqf        fz_ws.l(drleqf.o)
    0x0801a0a8   0x00000016   Code   RO          944    x$fpl$drsb          fz_ws.l(daddsub_clz.o)
    0x0801a0be   0x00000002   PAD
    0x0801a0c0   0x000001d4   Code   RO          945    x$fpl$dsub          fz_ws.l(daddsub_clz.o)
    0x0801a294   0x00000056   Code   RO          963    x$fpl$f2d           fz_ws.l(f2d.o)
    0x0801a2ea   0x00000002   PAD
    0x0801a2ec   0x000000c4   Code   RO          965    x$fpl$fadd          fz_ws.l(faddsub_clz.o)
    0x0801a3b0   0x00000018   Code   RO         1025    x$fpl$fcmpinf       fz_ws.l(fcmpi.o)
    0x0801a3c8   0x00000184   Code   RO          972    x$fpl$fdiv          fz_ws.l(fdiv.o)
    0x0801a54c   0x00000068   Code   RO          975    x$fpl$feqf          fz_ws.l(feqf.o)
    0x0801a5b4   0x0000003e   Code   RO          977    x$fpl$ffixu         fz_ws.l(ffixu.o)
    0x0801a5f2   0x00000002   PAD
    0x0801a5f4   0x00000030   Code   RO          982    x$fpl$fflt          fz_ws.l(fflt_clz.o)
    0x0801a624   0x00000026   Code   RO          981    x$fpl$ffltu         fz_ws.l(fflt_clz.o)
    0x0801a64a   0x00000002   PAD
    0x0801a64c   0x00000102   Code   RO          987    x$fpl$fmul          fz_ws.l(fmul.o)
    0x0801a74e   0x0000008c   Code   RO         1027    x$fpl$fnaninf       fz_ws.l(fnaninf.o)
    0x0801a7da   0x0000000a   Code   RO         1029    x$fpl$fretinf       fz_ws.l(fretinf.o)
    0x0801a7e4   0x00000014   Code   RO          966    x$fpl$frsb          fz_ws.l(faddsub_clz.o)
    0x0801a7f8   0x000000ea   Code   RO          967    x$fpl$fsub          fz_ws.l(faddsub_clz.o)
    0x0801a8e2   0x00000064   Code   RO         1090    x$fpl$retnan        fz_ws.l(retnan.o)
    0x0801a946   0x0000005c   Code   RO         1031    x$fpl$scalbn        fz_ws.l(scalbn.o)
    0x0801a9a2   0x00000030   Code   RO         1139    x$fpl$trapveneer    fz_ws.l(trapv.o)
    0x0801a9d2   0x00000000   Code   RO         1033    x$fpl$usenofp       fz_ws.l(usenofp.o)
    0x0801a9d2   0x00000002   PAD
    0x0801a9d4   0x0000003c   Data   RO           81    .constdata          fifo.o
    0x0801aa10   0x00000075   Data   RO          130    .constdata          main_70.o
    0x0801aa85   0x00000001   PAD
    0x0801aa86   0x0002f164   Data   RO          258    .constdata          bill.o
    0x08049bea   0x00000006   PAD
    0x08049bf0   0x00000058   Data   RO          991    .constdata          m_ws.l(exp.o)
    0x08049c48   0x00000241   Data   RO          131    .conststring        main_70.o
    0x08049e89   0x00000003   PAD
    0x08049e8c   0x00000020   Data   RO         1217    Region$$Table       anon$$obj.o


    Execution Region RW_IRAM1 (Base: 0x20000000, Size: 0x0000bfa0, Max: 0x00018000, ABSOLUTE, COMPRESSED[0x000000a0])

    Base Addr    Size         Type   Attr      Idx    E Section Name        Object

    0x20000000   0x0000001e   Data   RW           82    .data               fifo.o
    0x2000001e   0x00000001   Data   RW          108    .data               flash.o
    0x2000001f   0x00000001   PAD
    0x20000020   0x000000f6   Data   RW          132    .data               main_70.o
    0x20000116   0x00000008   Data   RW          191    .data               motor.o
    0x2000011e   0x00000002   PAD
    0x20000120   0x0000001e   Data   RW          215    .data               mr.o
    0x2000013e   0x00000004   Data   RW          236    .data               uart_1.o
    0x20000142   0x00000079   Data   RW          259    .data               bill.o
    0x200001bb   0x00000001   PAD
    0x200001bc   0x00000016   Data   RW          297    .data               disp.o
    0x200001d2   0x00000002   PAD
    0x200001d4   0x00000008   Data   RW          565    .data               user_bsp.o
    0x200001dc   0x00000014   Data   RW          807    .data               stm32f10x_rcc.o
    0x200001f0   0x00000014   Data   RW          868    .data               system_stm32f10x.o
    0x20000204   0x000010cc   Zero   RW           80    .bss                fifo.o
    0x200012d0   0x00000164   Zero   RW          107    .bss                flash.o
    0x20001434   0x00003340   Zero   RW          129    .bss                main_70.o
    0x20004774   0x00006690   Zero   RW          213    .bss                mr.o
    0x2000ae04   0x000008e4   Zero   RW          257    .bss                bill.o
    0x2000b6e8   0x00000258   Zero   RW          296    .bss                disp.o
    0x2000b940   0x00000060   Zero   RW         1078    .bss                c_w.l(libspace.o)
    0x2000b9a0   0x00000200   Zero   RW          886    HEAP                startup_stm32f10x_cl.o
    0x2000bba0   0x00000400   Zero   RW          885    STACK               startup_stm32f10x_cl.o


==============================================================================

Image component sizes


      Code (inc. data)   RO Data    RW Data    ZI Data      Debug   Object Name

      2828        122     192868        121       2276      11042   bill.o
        32          0          0          0          0        592   core_cm3.o
       136         12          0          0          0     320571   delay.o
       668        198          0         22        600       7454   disp.o
      1468        132         60         30       4300       9983   fifo.o
       236         14          0          1        356       4236   flash.o
     18048       2238        694        246      13120      62414   main_70.o
       220         22          0          0          0       1849   misc.o
       432         30          0          8          0       2127   motor.o
       564         32          0         30      26256       7359   mr.o
        64         26        336          0       1536        880   startup_stm32f10x_cl.o
      1102         26          0          0          0      10881   stm32f10x_adc.o
       596          8          0          0          0       4374   stm32f10x_dma.o
       284         10          0          0          0       2283   stm32f10x_exti.o
      1468         34          0          0          0       8074   stm32f10x_flash.o
       860         38          0          0          0       5693   stm32f10x_gpio.o
      1280         60          0         20          0      11218   stm32f10x_rcc.o
      3610         88          0          0          0      22180   stm32f10x_tim.o
      1032         22          0          0          0       8412   stm32f10x_usart.o
       636         42          0         20          0       2119   system_stm32f10x.o
       596         32          0          4          0       2247   uart_1.o
         0          0          0          0          0     249391   usbh_stdreq.o
       324         10          0          8          0       2968   user_bsp.o

    ----------------------------------------------------------------------
     36488       3196     194000        516      48444     758347   Object Totals
         0          0         32          0          0          0   (incl. Generated)
         4          0         10          6          0          0   (incl. Padding)

    ----------------------------------------------------------------------

      Code (inc. data)   RO Data    RW Data    ZI Data      Debug   Library Member Name

        90          0          0          0          0          0   __dczerorl2.o
         8          0          0          0          0         68   __main.o
       104          0          0          0          0         84   __printf.o
         0          0          0          0          0          0   __rtentry.o
        12          0          0          0          0          0   __rtentry2.o
         6          0          0          0          0          0   __rtentry4.o
        52          8          0          0          0          0   __scatter.o
        28          0          0          0          0          0   __scatter_zi.o
        44          0          0          0          0        108   _printf_char.o
        48          6          0          0          0         96   _printf_char_common.o
         6          0          0          0          0          0   _printf_d.o
       120         16          0          0          0         92   _printf_dec.o
       178          0          0          0          0         88   _printf_intcommon.o
         0          0          0          0          0          0   _printf_percent.o
         4          0          0          0          0          0   _printf_percent_end.o
         6          0          0          0          0          0   _printf_s.o
        82          0          0          0          0         80   _printf_str.o
        22          0          0          0          0        100   _rserrno.o
        10          0          0          0          0         68   _sputc.o
        16          0          0          0          0         68   aeabi_memset.o
        12          0          0          0          0         72   exit.o
         6          0          0          0          0        152   heapauxi.o
         0          0          0          0          0          0   indicate_semi.o
         2          0          0          0          0          0   libinit.o
         2          0          0          0          0          0   libinit2.o
         2          0          0          0          0          0   libshutdown.o
         2          0          0          0          0          0   libshutdown2.o
         8          4          0          0         96         68   libspace.o
        40          6          0          0          0         84   noretval__2sprintf.o
         8          4          0          0          0         68   rt_errno_addr_intlibspace.o
        68          0          0          0          0         68   rt_memclr.o
        78          0          0          0          0         80   rt_memclr_w.o
       138          0          0          0          0         68   rt_memcpy_v6.o
       100          0          0          0          0         80   rt_memcpy_w.o
         2          0          0          0          0          0   rtexit.o
        10          0          0          0          0          0   rtexit2.o
        62          0          0          0          0         76   strlen.o
        12          4          0          0          0         68   sys_exit.o
        74          0          0          0          0         80   sys_stackheap_outer.o
         2          0          0          0          0         68   use_no_semi.o
       826         16          0          0          0        348   daddsub_clz.o
        16          4          0          0          0         68   dcheck1.o
        24          0          0          0          0         68   dcmpi.o
       688        140          0          0          0        208   ddiv.o
        94          4          0          0          0         92   dfix.o
        46          0          0          0          0         68   dflt_clz.o
       120          4          0          0          0         92   dleqf.o
       340         12          0          0          0        104   dmul.o
       156          4          0          0          0         92   dnaninf.o
        12          0          0          0          0         68   dretinf.o
       108          0          0          0          0         80   drleqf.o
        86          4          0          0          0         84   f2d.o
       450          8          0          0          0        236   faddsub_clz.o
        24          0          0          0          0         68   fcmpi.o
       388         76          0          0          0         96   fdiv.o
       104          4          0          0          0         84   feqf.o
        62          4          0          0          0         84   ffixu.o
        86          0          0          0          0        136   fflt_clz.o
       258          4          0          0          0         84   fmul.o
       140          4          0          0          0         84   fnaninf.o
        10          0          0          0          0         68   fretinf.o
       100          0          0          0          0         68   retnan.o
        92          0          0          0          0         68   scalbn.o
        48          0          0          0          0         68   trapv.o
         0          0          0          0          0          0   usenofp.o
        36          6          0          0          0        204   dunder.o
       644         90         88          0          0        204   exp.o
        40          0          0          0          0         68   fpclassify.o
       170          0          0          0          0         96   poly.o

    ----------------------------------------------------------------------
      6652        432         88          0         96       4972   Library Totals
        20          0          0          0          0          0   (incl. Padding)

    ----------------------------------------------------------------------

      Code (inc. data)   RO Data    RW Data    ZI Data      Debug   Library Name

      1464         48          0          0         96       1884   c_w.l
      4278        288          0          0          0       2516   fz_ws.l
       890         96         88          0          0        572   m_ws.l

    ----------------------------------------------------------------------
      6652        432         88          0         96       4972   Library Totals

    ----------------------------------------------------------------------

==============================================================================


      Code (inc. data)   RO Data    RW Data    ZI Data      Debug   

     43140       3628     194088        516      48540     757699   Grand Totals
     43140       3628     194088        160      48540     757699   ELF Image Totals (compressed)
     43140       3628     194088        160          0          0   ROM Totals

==============================================================================

    Total RO  Size (Code + RO Data)               237228 ( 231.67kB)
    Total RW  Size (RW Data + ZI Data)             49056 (  47.91kB)
    Total ROM Size (Code + RO Data + RW Data)     237388 ( 231.82kB)

==============================================================================

