<html>
<body>
<pre>
<h1>µVision Build Log</h1>
<h2>Tool Versions:</h2>
IDE-Version: ¦ÌVision V5.14.2
Copyright (C) 2015 ARM Ltd and ARM Germany GmbH. All rights reserved.
License Information: Cortex-M3, qq, LIC=58574-FR7G4-MLVCI-T3M0J-B2KW3-A6LML
 
Tool Versions:
Toolchain:       MDK-ARM Standard  Version: 5.15.0
Toolchain Path:  C:\Keil_v5\ARM\ARMCC\Bin
C Compiler:      Armcc.exe V5.05 update 2 (build 169)
Assembler:       Armasm.exe V5.05 update 2 (build 169)
Linker/Locator:  ArmLink.exe V5.05 update 2 (build 169)
Library Manager: ArmAr.exe V5.05 update 2 (build 169)
Hex Converter:   FromElf.exe V5.05 update 2 (build 169)
CPU DLL:         SARMCM3.DLL V5.15.0
Dialog DLL:      DCM.DLL V1.13.2.0
Target DLL:      Segger\JL2CM3.dll V2.99.15.0
Dialog DLL:      TCM.DLL V1.14.5.0
 
<h2>Project:</h2>
D:\ProjectFile\JBY\CISProgram\A9\CISA9.uvprojx
Project File Date:  09/05/2018

<h2>Output:</h2>
*** Using Compiler 'V5.05 update 2 (build 169)', folder: 'C:\Keil_v5\ARM\ARMCC\Bin'
Rebuild target 'CISA9'
compiling delay.C...
compiling fifo.C...
..\UserSoftwareLib\JBY_10\inc\_fifo.h(63): warning:  #144-D: a value of type "volatile u8 *" cannot be used to initialize an entity of type "u8 *const"
        DATA2, DATA7,DATA8,DATA9,DATA10,DATA11, DATA12 ,DATA13,DATA14,DATA15,
..\UserSoftwareLib\JBY_10\inc\_fifo.h(63): warning:  #144-D: a value of type "volatile u8 *" cannot be used to initialize an entity of type "u8 *const"
        DATA2, DATA7,DATA8,DATA9,DATA10,DATA11, DATA12 ,DATA13,DATA14,DATA15,
..\UserSoftwareLib\JBY_10\inc\_fifo.h(63): warning:  #144-D: a value of type "volatile u8 *" cannot be used to initialize an entity of type "u8 *const"
        DATA2, DATA7,DATA8,DATA9,DATA10,DATA11, DATA12 ,DATA13,DATA14,DATA15,
..\UserSoftwareLib\JBY_10\inc\_fifo.h(63): warning:  #144-D: a value of type "volatile u8 *" cannot be used to initialize an entity of type "u8 *const"
        DATA2, DATA7,DATA8,DATA9,DATA10,DATA11, DATA12 ,DATA13,DATA14,DATA15,
..\UserSoftwareLib\JBY_10\inc\_fifo.h(63): warning:  #144-D: a value of type "volatile u8 *" cannot be used to initialize an entity of type "u8 *const"
        DATA2, DATA7,DATA8,DATA9,DATA10,DATA11, DATA12 ,DATA13,DATA14,DATA15,
..\UserSoftwareLib\JBY_10\inc\_fifo.h(63): warning:  #144-D: a value of type "volatile u8 *" cannot be used to initialize an entity of type "u8 *const"
        DATA2, DATA7,DATA8,DATA9,DATA10,DATA11, DATA12 ,DATA13,DATA14,DATA15,
..\UserSoftwareLib\JBY_10\inc\_fifo.h(63): warning:  #144-D: a value of type "volatile u8 *" cannot be used to initialize an entity of type "u8 *const"
        DATA2, DATA7,DATA8,DATA9,DATA10,DATA11, DATA12 ,DATA13,DATA14,DATA15,
..\UserSoftwareLib\JBY_10\inc\_fifo.h(63): warning:  #144-D: a value of type "volatile u8 *" cannot be used to initialize an entity of type "u8 *const"
        DATA2, DATA7,DATA8,DATA9,DATA10,DATA11, DATA12 ,DATA13,DATA14,DATA15,
..\UserSoftwareLib\JBY_10\inc\_fifo.h(63): warning:  #144-D: a value of type "volatile u8 *" cannot be used to initialize an entity of type "u8 *const"
        DATA2, DATA7,DATA8,DATA9,DATA10,DATA11, DATA12 ,DATA13,DATA14,DATA15,
..\UserSoftwareLib\JBY_10\inc\_fifo.h(63): warning:  #144-D: a value of type "volatile u8 *" cannot be used to initialize an entity of type "u8 *const"
        DATA2, DATA7,DATA8,DATA9,DATA10,DATA11, DATA12 ,DATA13,DATA14,DATA15,
..\UserSoftwareLib\JBY_10\src\fifo.C: 10 warnings, 0 errors
compiling flash.c...
compiling main_70.C...
..\UserSoftwareLib\JBY_10\src\uartOutput.c(11): warning:  #223-D: function "memset" declared implicitly
        memset(buffer,0,sizeof(buffer));
..\UserSoftwareLib\JBY_10\src\uartOutput.c(51): warning:  #223-D: function "uart_SendDataToUart3" declared implicitly
                uart_SendDataToUart3(buffer,ONE_MG_LINE_NUM);
..\UserSoftwareLib\JBY_10\src\uartOutput.c(67): warning:  #223-D: function "uart_SendDataToUart3" declared implicitly
        uart_SendDataToUart3(buffer,ONE_MG_LINE_NUM);
..\UserSoftwareLib\JBY_10\src\uartOutput.c(302): warning:  #223-D: function "uart_SendDataToUart3" declared implicitly
                uart_SendDataToUart3(buffer,LENGTH_IR_CHANNEL_NUM+6);
..\UserSoftwareLib\JBY_10\src\uartOutput.c(316): warning:  #223-D: function "uart_SendDataToUart3" declared implicitly
                uart_SendDataToUart3(buffer,LENGTH_IR_CHANNEL_NUM+6);
..\UserSoftwareLib\JBY_10\src\uartOutput.c(177): warning:  #177-D: variable "maxLen" was declared but never referenced
        u16 i,maxLen;
..\UserSoftwareLib\JBY_10\src\uartOutput.c(335): warning:  #223-D: function "uart_SendDataToUart3" declared implicitly
        uart_SendDataToUart3(buf,7);
..\UserSoftwareLib\JBY_10\inc\menu.h(401): warning:  #1-D: last line of file ends without a newline
  #endif
..\UserSoftwareLib\JBY_10\src\main_70.C(46): warning:  #177-D: variable "i" was declared but never referenced
        u8 i,k;
..\UserSoftwareLib\JBY_10\src\main_70.C(46): warning:  #177-D: variable "k" was declared but never referenced
        u8 i,k;
..\UserSoftwareLib\JBY_10\src\main_70.C(47): warning:  #177-D: variable "tmpBuf" was declared but never referenced
        u8 tmpBuf[10];
..\UserSoftwareLib\JBY_10\src\main_70.C(48): warning:  #177-D: variable "temp" was declared but never referenced
        u16 temp;
..\UserSoftwareLib\JBY_10\src\main_70.C(195): warning:  #223-D: function "memcpy" declared implicitly
        memcpy(lengthIdleOriginValue,savedPara.adjustPara.irIdleStandard,REAL_IR_NUM);
..\UserSoftwareLib\JBY_10\src\main_70.C(162): warning:  #177-D: variable "buffer" was declared but never referenced
        u8 buffer[10];
..\UserSoftwareLib\JBY_10\src\main_70.C(163): warning:  #177-D: variable "d" was declared but never referenced
        u8 d;
..\UserSoftwareLib\JBY_10\src\main_70.C(164): warning:  #177-D: variable "j" was declared but never referenced
        u16 j,k;
..\UserSoftwareLib\JBY_10\src\main_70.C(164): warning:  #177-D: variable "k" was declared but never referenced
        u16 j,k;
..\UserSoftwareLib\JBY_10\src\main_70.C(165): warning:  #177-D: variable "sum" was declared but never referenced
        u32 sum;
..\UserSoftwareLib\JBY_10\src\main_70.C(566): warning:  #223-D: function "memcpy" declared implicitly
                                                memcpy(savedPara.adjustPara.irIdleStandard,irValue,REAL_IR_NUM);
..\UserSoftwareLib\JBY_10\src\main_70.C(579): warning:  #223-D: function "memset" declared implicitly
                                                memset(collabrationSum,0,REAL_IR_NUM*4);
..\UserSoftwareLib\JBY_10\src\main_70.C(849): warning:  #177-D: variable "i" was declared but never referenced
        u8 i;
..\UserSoftwareLib\JBY_10\src\main_70.C(989): warning:  #223-D: function "strlen" declared implicitly
                for(j=2; j<strlen(pd); j++)
..\UserSoftwareLib\JBY_10\src\main_70.C(997): warning:  #223-D: function "memset" declared implicitly
                                        memset(tempString,'\0',sizeof(tempString));
..\UserSoftwareLib\JBY_10\src\main_70.C(1004): warning:  #223-D: function "memcpy" declared implicitly
                                                memcpy(pCertainStr,tempString,k+1);
..\UserSoftwareLib\JBY_10\src\main_70.C(1011): warning:  #223-D: function "memset" declared implicitly
                                        memset(tempString,'\0',sizeof(tempString));
..\UserSoftwareLib\JBY_10\src\main_70.C(1027): warning:  #223-D: function "memcpy" declared implicitly
                                memcpy(pCertainStr,tempString,k+1);
..\UserSoftwareLib\JBY_10\src\main_70.C(1032): warning:  #940-D: missing return statement at end of non-void function "GetCertainStrFromLongStr"
  }
..\UserSoftwareLib\JBY_10\src\main_70.C(961): warning:  #177-D: variable "i" was declared but never referenced
        u16 i,j;
..\UserSoftwareLib\JBY_10\src\main_70.C(962): warning:  #177-D: variable "x" was declared but never referenced
        u16 x,y;
..\UserSoftwareLib\JBY_10\src\main_70.C(962): warning:  #177-D: variable "y" was declared but never referenced
        u16 x,y;
..\UserSoftwareLib\JBY_10\src\main_70.C(1054): warning:  #177-D: variable "i" was declared but never referenced
        u8 i;
..\UserSoftwareLib\JBY_10\src\main_70.C(1186): warning:  #223-D: function "memcpy" declared implicitly
                memcpy(dispStr,"JAM:",4);
..\UserSoftwareLib\JBY_10\src\main_70.C(1195): warning:  #223-D: function "memcpy" declared implicitly
                memcpy(dispStr,"JAM:88",7);
..\UserSoftwareLib\JBY_10\src\main_70.C(1202): warning:  #550-D: variable "oneMin" was set but never used
        u8 oneMin;
..\UserSoftwareLib\JBY_10\src\main_70.C(1203): warning:  #177-D: variable "u16Tmp" was declared but never referenced
        u16 u16Tmp;
..\UserSoftwareLib\JBY_10\src\main_70.C(1299): warning:  #223-D: function "memcpy" declared implicitly
                memcpy(dispStr+k,DENO_STR[currentNoteType],8);
..\UserSoftwareLib\JBY_10\src\main_70.C(1306): warning:  #223-D: function "memcpy" declared implicitly
                memcpy(dispStr+k,DENO_STR[currentNoteType],12);
..\UserSoftwareLib\JBY_10\src\main_70.C(1445): warning:  #223-D: function "memset" declared implicitly
                        memset(collabrationSum,0,REAL_IR_NUM*4);
..\UserSoftwareLib\JBY_10\src\main_70.C(1769): warning:  #223-D: function "uart_SendDataToUart3" declared implicitly
                                                uart_SendDataToUart3(gb_testbuf,7);
..\UserSoftwareLib\JBY_10\src\main_70.C(1675): warning:  #177-D: variable "r" was declared but never referenced
        u8 r;
..\UserSoftwareLib\JBY_10\src\main_70.C(1814): warning:  #223-D: function "strlen" declared implicitly
        len = strlen(str);      
..\UserSoftwareLib\JBY_10\src\main_70.C(1815): warning:  #223-D: function "uart_SendDataToUart3" declared implicitly
        uart_SendDataToUart3(str,len);
..\UserSoftwareLib\JBY_10\src\main_70.C(1831): warning:  #223-D: function "memcpy" declared implicitly
        memcpy(dispStr+i,"?â³?:",5);
..\UserSoftwareLib\JBY_10\src\main_70.C(1827): warning:  #177-D: variable "k" was declared but never referenced
        u8 i,j,k;
..\UserSoftwareLib\JBY_10\src\main_70.C(2034): warning:  #223-D: function "motor1_Break" declared implicitly
        motor1_Break();
..\UserSoftwareLib\JBY_10\src\main_70.C(2052): warning:  #223-D: function "motor1_Break" declared implicitly
        motor1_Break();
..\UserSoftwareLib\JBY_10\src\main_70.C(2084): warning:  #223-D: function "memset" declared implicitly
        memset(denoNoteNum,0,24);
..\UserSoftwareLib\JBY_10\src\main_70.C(2194): warning:  #177-D: variable "denoSum" was declared but never referenced
        u32 denoSum;
..\UserSoftwareLib\JBY_10\src\main_70.C(2368): warning:  #177-D: variable "key" was declared but never referenced
        u8 key;
..\UserSoftwareLib\JBY_10\src\main_70.C(2581): warning:  #177-D: variable "i" was declared but never referenced
        u8 i;
..\UserSoftwareLib\JBY_10\src\main_70.C(2755): warning:  #188-D: enumerated type mixed with another type
        systemState = d;
..\UserSoftwareLib\JBY_10\src\main_70.C(2763): warning:  #223-D: function "memcpy" declared implicitly
                memcpy(dispStr," E",2);
..\UserSoftwareLib\JBY_10\src\main_70.C(2796): warning:  #223-D: function "memset" declared implicitly
        memset(savedPara.adjustPara.irBz40gStandard,0,REAL_IR_NUM*2);
..\UserSoftwareLib\JBY_10\src\main_70.C(2941): warning:  #550-D: variable "g" was set but never used
        u16  g;
..\UserSoftwareLib\JBY_10\src\main_70.C(3038): warning:  #177-D: variable "i" was declared but never referenced
        u8 i;
..\UserSoftwareLib\JBY_10\src\main_70.C(3236): warning:  #177-D: variable "k" was declared but never referenced
        u8 i,j,k;
..\UserSoftwareLib\JBY_10\src\main_70.C(3237): warning:  #177-D: variable "index" was declared but never referenced
        u8 index;
..\UserSoftwareLib\JBY_10\src\main_70.C(3238): warning:  #177-D: variable "colorBg" was declared but never referenced
        u8 colorBg;
..\UserSoftwareLib\JBY_10\src\main_70.C(3393): warning:  #550-D: variable "Period" was set but never used
        u16 Period;
..\UserSoftwareLib\JBY_10\src\main_70.C(4095): warning:  #177-D: variable "i" was declared but never referenced
        u8 i;
..\UserSoftwareLib\JBY_10\src\main_70.C(4475): warning:  #177-D: variable "j" was declared but never referenced
        u8 i,j;
..\UserSoftwareLib\JBY_10\src\main_70.C(4476): warning:  #177-D: variable "index" was declared but never referenced
        u8 index;
..\UserSoftwareLib\JBY_10\src\main_70.C(4829): warning:  #177-D: variable "i" was declared but never referenced
        u8 i;
..\UserSoftwareLib\JBY_10\src\main_70.C: 63 warnings, 0 errors
compiling motor.c...
compiling mr.c...
..\UserSoftwareLib\JBY_10\src\mr.c(23): warning:  #223-D: function "memset" declared implicitly
        memset(collabrationValue,0,REAL_IR_NUM*2);
..\UserSoftwareLib\JBY_10\src\mr.c(17): warning:  #177-D: variable "k" was declared but never referenced
        u16 i,j,k;
..\UserSoftwareLib\JBY_10\src\mr.c(224): warning:  #177-D: variable "i" was declared but never referenced
        u16 i;
..\UserSoftwareLib\JBY_10\src\mr.c: 3 warnings, 0 errors
compiling uart.C...
..\UserSoftwareLib\JBY_10\src\uart.C(110): warning:  #550-D: variable "i" was set but never used
        u8 i;
..\UserSoftwareLib\JBY_10\src\uart.C(135): warning:  #550-D: variable "i" was set but never used
        u8 i;
..\UserSoftwareLib\JBY_10\src\uart.C(161): warning:  #550-D: variable "i" was set but never used
        u8 i;
..\UserSoftwareLib\JBY_10\src\uart.C: 3 warnings, 0 errors
compiling bill.C...
..\UserSoftwareLib\JBY_10\src\bill.C(217): warning:  #550-D: variable "pImg" was set but never used
        u8 *pImg;
..\UserSoftwareLib\JBY_10\src\bill.C: 1 warning, 0 errors
compiling disp.C...
..\UserSoftwareLib\JBY_10\src\disp.C(36): warning:  #223-D: function "sprintf" declared implicitly
        sprintf(TFTStr,"void LCD_Clear(%d)\r\n",cl);
..\UserSoftwareLib\JBY_10\src\disp.C(37): warning:  #223-D: function "strlen" declared implicitly
        len = strlen(TFTStr);   
..\UserSoftwareLib\JBY_10\src\disp.C(38): warning:  #167-D: argument of type "char *" is incompatible with parameter of type "u8 *"
        uart_SendDataToUart1(TFTStr,len);
..\UserSoftwareLib\JBY_10\src\disp.C(59): warning:  #223-D: function "strlen" declared implicitly
        len = strlen(str);
..\UserSoftwareLib\JBY_10\src\disp.C(66): warning:  #223-D: function "memcpy" declared implicitly
        memcpy(TFTTmpStr+1,str,len);
..\UserSoftwareLib\JBY_10\src\disp.C(70): warning:  #223-D: function "sprintf" declared implicitly
        sprintf(TFTStr,"void LCDLS_Str(%d,%d,%d,%d,%d,%s)\r\n",xAxis,yAxis,CurrentBackColor,CurrentPenColor,CurrentFont,(u8 *)TFTTmpStr);
..\UserSoftwareLib\JBY_10\src\disp.C(73): warning:  #167-D: argument of type "char *" is incompatible with parameter of type "u8 *"
        uart_SendDataToUart1(TFTStr,len);
..\UserSoftwareLib\JBY_10\src\disp.C(80): warning:  #223-D: function "sprintf" declared implicitly
        sprintf(TFTStr,"void LCDLS_Num(%d,%d,%d,%d,%d,%d,%d)\r\n",xAxis,yAxis,CurrentBackColor,CurrentPenColor,num,bitLen,CurrentFont);
..\UserSoftwareLib\JBY_10\src\disp.C(81): warning:  #223-D: function "strlen" declared implicitly
        len = strlen(TFTStr);   
..\UserSoftwareLib\JBY_10\src\disp.C(82): warning:  #167-D: argument of type "char *" is incompatible with parameter of type "u8 *"
        uart_SendDataToUart1(TFTStr,len);
..\UserSoftwareLib\JBY_10\src\disp.C(88): warning:  #223-D: function "sprintf" declared implicitly
        sprintf(TFTStr,"void LCDLS_Frame(%d,%d,%d,%d,%d,%d,%d)\r\n",x,y,x+w-1,y+h-1,rowNum,colNum,backColor);
..\UserSoftwareLib\JBY_10\src\disp.C(89): warning:  #223-D: function "strlen" declared implicitly
        len = strlen(TFTStr);   
..\UserSoftwareLib\JBY_10\src\disp.C(90): warning:  #167-D: argument of type "char *" is incompatible with parameter of type "u8 *"
        uart_SendDataToUart1(TFTStr,len);       
..\UserSoftwareLib\JBY_10\src\disp.C(138): warning:  #223-D: function "sprintf" declared implicitly
        sprintf(TFTStr,"void LCD_Fill(%d,%d,%d,%d,%d)\r\n",x,y,x+w-1,y+h-1,color);
..\UserSoftwareLib\JBY_10\src\disp.C(139): warning:  #223-D: function "strlen" declared implicitly
        len = strlen(TFTStr);   
..\UserSoftwareLib\JBY_10\src\disp.C(140): warning:  #167-D: argument of type "char *" is incompatible with parameter of type "u8 *"
        uart_SendDataToUart1(TFTStr,len);
..\UserSoftwareLib\JBY_10\src\disp.C(193): warning:  #223-D: function "sprintf" declared implicitly
        sprintf(TFTStr,"void LCDLS_FlashBMP(%d,%d,%d)\r\n",x,y,bmp_address);
..\UserSoftwareLib\JBY_10\src\disp.C(194): warning:  #223-D: function "strlen" declared implicitly
        len = strlen(TFTStr);   
..\UserSoftwareLib\JBY_10\src\disp.C(195): warning:  #167-D: argument of type "char *" is incompatible with parameter of type "u8 *"
        uart_SendDataToUart1(TFTStr,len);
..\UserSoftwareLib\JBY_10\src\disp.C: 19 warnings, 0 errors
compiling usbh_stdreq.c...
compiling usbh_ioreq.c...
compiling usbh_hcs.c...
compiling usbh_core.c...
compiling usbh_msc_bot.c...
compiling usbh_msc_core.c...
compiling usbh_msc_scsi.c...
compiling usb_core.c...
compiling usb_hcd.c...
compiling usb_hcd_int.c...
compiling user_bsp.c...
compiling usbh_usr.c...
compiling usbh_msc_usr.c...
compiling fatfs_demo.c...
compiling ff.c...
compiling diskio_msc&sd.c...
compiling cc932.c...
compiling misc.c...
compiling stm32f10x_adc.c...
compiling stm32f10x_dma.c...
compiling stm32f10x_exti.c...
compiling stm32f10x_flash.c...
compiling stm32f10x_gpio.c...
compiling stm32f10x_pwr.c...
compiling stm32f10x_rcc.c...
compiling stm32f10x_spi.c...
compiling stm32f10x_tim.c...
compiling stm32f10x_usart.c...
compiling core_cm3.c...
compiling system_stm32f10x.c...
assembling startup_stm32f10x_cl.s...
linking...
Program Size: Code=45704 RO-data=340620 RW-data=752 ZI-data=49232  
FromELF: creating hex file...
After Build - User command #1: fromelf --bin -o "D:\ProjectFile\JBY\CISProgram\A9\obj\JBY.bin" "D:\ProjectFile\JBY\CISProgram\A9\obj\JBY.axf"
".\obj\JBY.axf" - 0 Error(s), 99 Warning(s).

<h2>Collection of Component include folders:</h2>
  D:\ProjectFile\JBY\CISProgram\A9\RTE
  C:\Keil_v5\ARM\PACK\Keil\GD32F1xx_DFP\1.1.0\Device\GD32F10x\Include

<h2>Collection of Component Files used:</h2>
</pre>
</body>
</html>
