<!doctype html public "-//w3c//dtd html 4.0 transitional//en">
<html><head>
<title>Static Call Graph - [.\obj\JBY.axf]</title></head>
<body><HR>
<H1>Static Call Graph for image .\obj\JBY.axf</H1><HR>
<BR><P>#&#060CALLGRAPH&#062# ARM Linker, 5050169: Last Updated: Tue Oct 16 22:01:58 2018
<BR><P>
<H3>Maximum Stack Usage =        248 bytes + Unknown(Functions without stacksize, Cycles, Untraceable Function Pointers)</H3><H3>
Call chain for Maximum Stack Depth:</H3>
__rt_entry_main &rArr; main &rArr; DealNotePass &rArr; billIrad_Judge &rArr; exp &rArr; __kernel_poly &rArr; __aeabi_dmul
<P>
<H3>
Functions with no stack information
</H3><UL>
 <LI><a href="#[185]">__user_initial_stackheap</a>
</UL>
</UL>
<P>
<H3>
Mutually Recursive functions
</H3> <LI><a href="#[21]">CAN1_RX0_IRQHandler</a>&nbsp;&nbsp;&nbsp;&rArr;&nbsp;&nbsp;&nbsp;<a href="#[21]">CAN1_RX0_IRQHandler</a><BR>
</UL>
<P>
<H3>
Function Pointers
</H3><UL>
 <LI><a href="#[1f]">ADC1_2_IRQHandler</a> from main_70.o(.text) referenced from startup_stm32f10x_cl.o(RESET)
 <LI><a href="#[7]">BusFault_Handler</a> from main_70.o(.text) referenced from startup_stm32f10x_cl.o(RESET)
 <LI><a href="#[21]">CAN1_RX0_IRQHandler</a> from startup_stm32f10x_cl.o(.text) referenced from startup_stm32f10x_cl.o(RESET)
 <LI><a href="#[22]">CAN1_RX1_IRQHandler</a> from startup_stm32f10x_cl.o(.text) referenced from startup_stm32f10x_cl.o(RESET)
 <LI><a href="#[23]">CAN1_SCE_IRQHandler</a> from startup_stm32f10x_cl.o(.text) referenced from startup_stm32f10x_cl.o(RESET)
 <LI><a href="#[20]">CAN1_TX_IRQHandler</a> from startup_stm32f10x_cl.o(.text) referenced from startup_stm32f10x_cl.o(RESET)
 <LI><a href="#[46]">CAN2_RX0_IRQHandler</a> from startup_stm32f10x_cl.o(.text) referenced from startup_stm32f10x_cl.o(RESET)
 <LI><a href="#[47]">CAN2_RX1_IRQHandler</a> from startup_stm32f10x_cl.o(.text) referenced from startup_stm32f10x_cl.o(RESET)
 <LI><a href="#[48]">CAN2_SCE_IRQHandler</a> from startup_stm32f10x_cl.o(.text) referenced from startup_stm32f10x_cl.o(RESET)
 <LI><a href="#[45]">CAN2_TX_IRQHandler</a> from startup_stm32f10x_cl.o(.text) referenced from startup_stm32f10x_cl.o(RESET)
 <LI><a href="#[18]">DMA1_Channel1_IRQHandler</a> from main_70.o(.text) referenced from startup_stm32f10x_cl.o(RESET)
 <LI><a href="#[19]">DMA1_Channel2_IRQHandler</a> from startup_stm32f10x_cl.o(.text) referenced from startup_stm32f10x_cl.o(RESET)
 <LI><a href="#[1a]">DMA1_Channel3_IRQHandler</a> from startup_stm32f10x_cl.o(.text) referenced from startup_stm32f10x_cl.o(RESET)
 <LI><a href="#[1b]">DMA1_Channel4_IRQHandler</a> from startup_stm32f10x_cl.o(.text) referenced from startup_stm32f10x_cl.o(RESET)
 <LI><a href="#[1c]">DMA1_Channel5_IRQHandler</a> from startup_stm32f10x_cl.o(.text) referenced from startup_stm32f10x_cl.o(RESET)
 <LI><a href="#[1d]">DMA1_Channel6_IRQHandler</a> from startup_stm32f10x_cl.o(.text) referenced from startup_stm32f10x_cl.o(RESET)
 <LI><a href="#[1e]">DMA1_Channel7_IRQHandler</a> from startup_stm32f10x_cl.o(.text) referenced from startup_stm32f10x_cl.o(RESET)
 <LI><a href="#[3e]">DMA2_Channel1_IRQHandler</a> from startup_stm32f10x_cl.o(.text) referenced from startup_stm32f10x_cl.o(RESET)
 <LI><a href="#[3f]">DMA2_Channel2_IRQHandler</a> from startup_stm32f10x_cl.o(.text) referenced from startup_stm32f10x_cl.o(RESET)
 <LI><a href="#[40]">DMA2_Channel3_IRQHandler</a> from startup_stm32f10x_cl.o(.text) referenced from startup_stm32f10x_cl.o(RESET)
 <LI><a href="#[41]">DMA2_Channel4_IRQHandler</a> from startup_stm32f10x_cl.o(.text) referenced from startup_stm32f10x_cl.o(RESET)
 <LI><a href="#[42]">DMA2_Channel5_IRQHandler</a> from startup_stm32f10x_cl.o(.text) referenced from startup_stm32f10x_cl.o(RESET)
 <LI><a href="#[a]">DebugMon_Handler</a> from main_70.o(.text) referenced from startup_stm32f10x_cl.o(RESET)
 <LI><a href="#[43]">ETH_IRQHandler</a> from startup_stm32f10x_cl.o(.text) referenced from startup_stm32f10x_cl.o(RESET)
 <LI><a href="#[44]">ETH_WKUP_IRQHandler</a> from startup_stm32f10x_cl.o(.text) referenced from startup_stm32f10x_cl.o(RESET)
 <LI><a href="#[13]">EXTI0_IRQHandler</a> from startup_stm32f10x_cl.o(.text) referenced from startup_stm32f10x_cl.o(RESET)
 <LI><a href="#[35]">EXTI15_10_IRQHandler</a> from startup_stm32f10x_cl.o(.text) referenced from startup_stm32f10x_cl.o(RESET)
 <LI><a href="#[14]">EXTI1_IRQHandler</a> from startup_stm32f10x_cl.o(.text) referenced from startup_stm32f10x_cl.o(RESET)
 <LI><a href="#[15]">EXTI2_IRQHandler</a> from startup_stm32f10x_cl.o(.text) referenced from startup_stm32f10x_cl.o(RESET)
 <LI><a href="#[16]">EXTI3_IRQHandler</a> from startup_stm32f10x_cl.o(.text) referenced from startup_stm32f10x_cl.o(RESET)
 <LI><a href="#[17]">EXTI4_IRQHandler</a> from startup_stm32f10x_cl.o(.text) referenced from startup_stm32f10x_cl.o(RESET)
 <LI><a href="#[24]">EXTI9_5_IRQHandler</a> from main_70.o(.text) referenced from startup_stm32f10x_cl.o(RESET)
 <LI><a href="#[11]">FLASH_IRQHandler</a> from startup_stm32f10x_cl.o(.text) referenced from startup_stm32f10x_cl.o(RESET)
 <LI><a href="#[5]">HardFault_Handler</a> from main_70.o(.text) referenced from startup_stm32f10x_cl.o(RESET)
 <LI><a href="#[2d]">I2C1_ER_IRQHandler</a> from startup_stm32f10x_cl.o(.text) referenced from startup_stm32f10x_cl.o(RESET)
 <LI><a href="#[2c]">I2C1_EV_IRQHandler</a> from startup_stm32f10x_cl.o(.text) referenced from startup_stm32f10x_cl.o(RESET)
 <LI><a href="#[2f]">I2C2_ER_IRQHandler</a> from startup_stm32f10x_cl.o(.text) referenced from startup_stm32f10x_cl.o(RESET)
 <LI><a href="#[2e]">I2C2_EV_IRQHandler</a> from startup_stm32f10x_cl.o(.text) referenced from startup_stm32f10x_cl.o(RESET)
 <LI><a href="#[6]">MemManage_Handler</a> from main_70.o(.text) referenced from startup_stm32f10x_cl.o(RESET)
 <LI><a href="#[4]">NMI_Handler</a> from main_70.o(.text) referenced from startup_stm32f10x_cl.o(RESET)
 <LI><a href="#[49]">OTG_FS_IRQHandler</a> from startup_stm32f10x_cl.o(.text) referenced from startup_stm32f10x_cl.o(RESET)
 <LI><a href="#[37]">OTG_FS_WKUP_IRQHandler</a> from startup_stm32f10x_cl.o(.text) referenced from startup_stm32f10x_cl.o(RESET)
 <LI><a href="#[e]">PVD_IRQHandler</a> from startup_stm32f10x_cl.o(.text) referenced from startup_stm32f10x_cl.o(RESET)
 <LI><a href="#[b]">PendSV_Handler</a> from main_70.o(.text) referenced from startup_stm32f10x_cl.o(RESET)
 <LI><a href="#[12]">RCC_IRQHandler</a> from startup_stm32f10x_cl.o(.text) referenced from startup_stm32f10x_cl.o(RESET)
 <LI><a href="#[36]">RTCAlarm_IRQHandler</a> from startup_stm32f10x_cl.o(.text) referenced from startup_stm32f10x_cl.o(RESET)
 <LI><a href="#[10]">RTC_IRQHandler</a> from startup_stm32f10x_cl.o(.text) referenced from startup_stm32f10x_cl.o(RESET)
 <LI><a href="#[3]">Reset_Handler</a> from startup_stm32f10x_cl.o(.text) referenced from startup_stm32f10x_cl.o(RESET)
 <LI><a href="#[30]">SPI1_IRQHandler</a> from startup_stm32f10x_cl.o(.text) referenced from startup_stm32f10x_cl.o(RESET)
 <LI><a href="#[31]">SPI2_IRQHandler</a> from startup_stm32f10x_cl.o(.text) referenced from startup_stm32f10x_cl.o(RESET)
 <LI><a href="#[39]">SPI3_IRQHandler</a> from startup_stm32f10x_cl.o(.text) referenced from startup_stm32f10x_cl.o(RESET)
 <LI><a href="#[9]">SVC_Handler</a> from main_70.o(.text) referenced from startup_stm32f10x_cl.o(RESET)
 <LI><a href="#[c]">SysTick_Handler</a> from main_70.o(.text) referenced from startup_stm32f10x_cl.o(RESET)
 <LI><a href="#[4a]">SystemInit</a> from system_stm32f10x.o(.text) referenced from startup_stm32f10x_cl.o(.text)
 <LI><a href="#[f]">TAMPER_IRQHandler</a> from startup_stm32f10x_cl.o(.text) referenced from startup_stm32f10x_cl.o(RESET)
 <LI><a href="#[25]">TIM1_BRK_IRQHandler</a> from startup_stm32f10x_cl.o(.text) referenced from startup_stm32f10x_cl.o(RESET)
 <LI><a href="#[28]">TIM1_CC_IRQHandler</a> from startup_stm32f10x_cl.o(.text) referenced from startup_stm32f10x_cl.o(RESET)
 <LI><a href="#[27]">TIM1_TRG_COM_IRQHandler</a> from startup_stm32f10x_cl.o(.text) referenced from startup_stm32f10x_cl.o(RESET)
 <LI><a href="#[26]">TIM1_UP_IRQHandler</a> from startup_stm32f10x_cl.o(.text) referenced from startup_stm32f10x_cl.o(RESET)
 <LI><a href="#[29]">TIM2_IRQHandler</a> from main_70.o(.text) referenced from startup_stm32f10x_cl.o(RESET)
 <LI><a href="#[2a]">TIM3_IRQHandler</a> from startup_stm32f10x_cl.o(.text) referenced from startup_stm32f10x_cl.o(RESET)
 <LI><a href="#[2b]">TIM4_IRQHandler</a> from main_70.o(.text) referenced from startup_stm32f10x_cl.o(RESET)
 <LI><a href="#[38]">TIM5_IRQHandler</a> from startup_stm32f10x_cl.o(.text) referenced from startup_stm32f10x_cl.o(RESET)
 <LI><a href="#[3c]">TIM6_IRQHandler</a> from user_bsp.o(.text) referenced from startup_stm32f10x_cl.o(RESET)
 <LI><a href="#[3d]">TIM7_IRQHandler</a> from startup_stm32f10x_cl.o(.text) referenced from startup_stm32f10x_cl.o(RESET)
 <LI><a href="#[3a]">UART4_IRQHandler</a> from startup_stm32f10x_cl.o(.text) referenced from startup_stm32f10x_cl.o(RESET)
 <LI><a href="#[3b]">UART5_IRQHandler</a> from startup_stm32f10x_cl.o(.text) referenced from startup_stm32f10x_cl.o(RESET)
 <LI><a href="#[32]">USART1_IRQHandler</a> from main_70.o(.text) referenced from startup_stm32f10x_cl.o(RESET)
 <LI><a href="#[33]">USART2_IRQHandler</a> from startup_stm32f10x_cl.o(.text) referenced from startup_stm32f10x_cl.o(RESET)
 <LI><a href="#[34]">USART3_IRQHandler</a> from main_70.o(.text) referenced from startup_stm32f10x_cl.o(RESET)
 <LI><a href="#[8]">UsageFault_Handler</a> from main_70.o(.text) referenced from startup_stm32f10x_cl.o(RESET)
 <LI><a href="#[d]">WWDG_IRQHandler</a> from startup_stm32f10x_cl.o(.text) referenced from startup_stm32f10x_cl.o(RESET)
 <LI><a href="#[4e]">__main</a> from __main.o(!!!main) referenced from startup_stm32f10x_cl.o(.text)
 <LI><a href="#[4d]">_printf_input_char</a> from _printf_char_common.o(.text) referenced from _printf_char_common.o(.text)
 <LI><a href="#[4c]">_sputc</a> from _sputc.o(.text) referenced from noretval__2sprintf.o(.text)
</UL>
<P>
<H3>
Global Symbols
</H3>
<P><STRONG><a name="[4e]"></a>__main</STRONG> (Thumb, 8 bytes, Stack size 0 bytes, __main.o(!!!main))
<BR><BR>[Calls]<UL><LI><a href="#[50]">&gt;&gt;</a>&nbsp;&nbsp;&nbsp;__rt_entry
<LI><a href="#[4f]">&gt;&gt;</a>&nbsp;&nbsp;&nbsp;__scatterload
</UL>

<P><STRONG><a name="[4f]"></a>__scatterload</STRONG> (Thumb, 0 bytes, Stack size unknown bytes, __scatter.o(!!!scatter))
<BR><BR>[Called By]<UL><LI><a href="#[4e]">&gt;&gt;</a>&nbsp;&nbsp;&nbsp;__main
</UL>

<P><STRONG><a name="[51]"></a>__scatterload_rt2</STRONG> (Thumb, 44 bytes, Stack size unknown bytes, __scatter.o(!!!scatter), UNUSED)
<BR><BR>[Calls]<UL><LI><a href="#[50]">&gt;&gt;</a>&nbsp;&nbsp;&nbsp;__rt_entry
</UL>

<P><STRONG><a name="[1af]"></a>__scatterload_rt2_thumb_only</STRONG> (Thumb, 0 bytes, Stack size unknown bytes, __scatter.o(!!!scatter), UNUSED)

<P><STRONG><a name="[1b0]"></a>__scatterload_null</STRONG> (Thumb, 0 bytes, Stack size unknown bytes, __scatter.o(!!!scatter), UNUSED)

<P><STRONG><a name="[1b1]"></a>__decompress</STRONG> (Thumb, 90 bytes, Stack size unknown bytes, __dczerorl2.o(!!dczerorl2), UNUSED)

<P><STRONG><a name="[1b2]"></a>__decompress1</STRONG> (Thumb, 0 bytes, Stack size unknown bytes, __dczerorl2.o(!!dczerorl2), UNUSED)

<P><STRONG><a name="[1b3]"></a>__scatterload_zeroinit</STRONG> (Thumb, 28 bytes, Stack size unknown bytes, __scatter_zi.o(!!handler_zi), UNUSED)

<P><STRONG><a name="[52]"></a>_printf_d</STRONG> (Thumb, 0 bytes, Stack size unknown bytes, _printf_d.o(.ARM.Collect$$_printf_percent$$00000009))
<BR><BR>[Stack]<UL><LI>Max Depth = 56 + Unknown Stack Size
<LI>Call Chain = _printf_d &rArr; _printf_int_dec &rArr; _printf_int_common
</UL>
<BR>[Calls]<UL><LI><a href="#[53]">&gt;&gt;</a>&nbsp;&nbsp;&nbsp;_printf_int_dec
</UL>

<P><STRONG><a name="[177]"></a>_printf_percent</STRONG> (Thumb, 0 bytes, Stack size unknown bytes, _printf_percent.o(.ARM.Collect$$_printf_percent$$00000000))
<BR><BR>[Called By]<UL><LI><a href="#[176]">&gt;&gt;</a>&nbsp;&nbsp;&nbsp;__printf
</UL>

<P><STRONG><a name="[54]"></a>_printf_s</STRONG> (Thumb, 0 bytes, Stack size unknown bytes, _printf_s.o(.ARM.Collect$$_printf_percent$$00000014))
<BR><BR>[Stack]<UL><LI>Max Depth = 24 + Unknown Stack Size
<LI>Call Chain = _printf_s &rArr; _printf_string &rArr; _printf_cs_common &rArr; _printf_str
</UL>
<BR>[Calls]<UL><LI><a href="#[55]">&gt;&gt;</a>&nbsp;&nbsp;&nbsp;_printf_string
</UL>

<P><STRONG><a name="[1b4]"></a>_printf_percent_end</STRONG> (Thumb, 0 bytes, Stack size unknown bytes, _printf_percent_end.o(.ARM.Collect$$_printf_percent$$00000017))

<P><STRONG><a name="[59]"></a>__rt_lib_init</STRONG> (Thumb, 0 bytes, Stack size unknown bytes, libinit.o(.ARM.Collect$$libinit$$00000000))
<BR><BR>[Called By]<UL><LI><a href="#[58]">&gt;&gt;</a>&nbsp;&nbsp;&nbsp;__rt_entry_li
</UL>

<P><STRONG><a name="[1b5]"></a>__rt_lib_init_alloca_1</STRONG> (Thumb, 0 bytes, Stack size unknown bytes, libinit2.o(.ARM.Collect$$libinit$$0000002E))

<P><STRONG><a name="[1b6]"></a>__rt_lib_init_argv_1</STRONG> (Thumb, 0 bytes, Stack size unknown bytes, libinit2.o(.ARM.Collect$$libinit$$0000002C))

<P><STRONG><a name="[1b7]"></a>__rt_lib_init_atexit_1</STRONG> (Thumb, 0 bytes, Stack size unknown bytes, libinit2.o(.ARM.Collect$$libinit$$0000001B))

<P><STRONG><a name="[1b8]"></a>__rt_lib_init_clock_1</STRONG> (Thumb, 0 bytes, Stack size unknown bytes, libinit2.o(.ARM.Collect$$libinit$$00000021))

<P><STRONG><a name="[1b9]"></a>__rt_lib_init_cpp_1</STRONG> (Thumb, 0 bytes, Stack size unknown bytes, libinit2.o(.ARM.Collect$$libinit$$00000032))

<P><STRONG><a name="[1ba]"></a>__rt_lib_init_exceptions_1</STRONG> (Thumb, 0 bytes, Stack size unknown bytes, libinit2.o(.ARM.Collect$$libinit$$00000030))

<P><STRONG><a name="[1bb]"></a>__rt_lib_init_fp_1</STRONG> (Thumb, 0 bytes, Stack size unknown bytes, libinit2.o(.ARM.Collect$$libinit$$00000002))

<P><STRONG><a name="[1bc]"></a>__rt_lib_init_fp_trap_1</STRONG> (Thumb, 0 bytes, Stack size unknown bytes, libinit2.o(.ARM.Collect$$libinit$$0000001F))

<P><STRONG><a name="[1bd]"></a>__rt_lib_init_getenv_1</STRONG> (Thumb, 0 bytes, Stack size unknown bytes, libinit2.o(.ARM.Collect$$libinit$$00000023))

<P><STRONG><a name="[1be]"></a>__rt_lib_init_heap_1</STRONG> (Thumb, 0 bytes, Stack size unknown bytes, libinit2.o(.ARM.Collect$$libinit$$0000000A))

<P><STRONG><a name="[1bf]"></a>__rt_lib_init_lc_collate_1</STRONG> (Thumb, 0 bytes, Stack size unknown bytes, libinit2.o(.ARM.Collect$$libinit$$00000011))

<P><STRONG><a name="[1c0]"></a>__rt_lib_init_lc_ctype_1</STRONG> (Thumb, 0 bytes, Stack size unknown bytes, libinit2.o(.ARM.Collect$$libinit$$00000013))

<P><STRONG><a name="[1c1]"></a>__rt_lib_init_lc_monetary_1</STRONG> (Thumb, 0 bytes, Stack size unknown bytes, libinit2.o(.ARM.Collect$$libinit$$00000015))

<P><STRONG><a name="[1c2]"></a>__rt_lib_init_lc_numeric_1</STRONG> (Thumb, 0 bytes, Stack size unknown bytes, libinit2.o(.ARM.Collect$$libinit$$00000017))

<P><STRONG><a name="[1c3]"></a>__rt_lib_init_lc_time_1</STRONG> (Thumb, 0 bytes, Stack size unknown bytes, libinit2.o(.ARM.Collect$$libinit$$00000019))

<P><STRONG><a name="[1c4]"></a>__rt_lib_init_preinit_1</STRONG> (Thumb, 0 bytes, Stack size unknown bytes, libinit2.o(.ARM.Collect$$libinit$$00000004))

<P><STRONG><a name="[1c5]"></a>__rt_lib_init_rand_1</STRONG> (Thumb, 0 bytes, Stack size unknown bytes, libinit2.o(.ARM.Collect$$libinit$$0000000E))

<P><STRONG><a name="[1c6]"></a>__rt_lib_init_return</STRONG> (Thumb, 0 bytes, Stack size unknown bytes, libinit2.o(.ARM.Collect$$libinit$$00000033))

<P><STRONG><a name="[1c7]"></a>__rt_lib_init_signal_1</STRONG> (Thumb, 0 bytes, Stack size unknown bytes, libinit2.o(.ARM.Collect$$libinit$$0000001D))

<P><STRONG><a name="[1c8]"></a>__rt_lib_init_stdio_1</STRONG> (Thumb, 0 bytes, Stack size unknown bytes, libinit2.o(.ARM.Collect$$libinit$$00000025))

<P><STRONG><a name="[1c9]"></a>__rt_lib_init_user_alloc_1</STRONG> (Thumb, 0 bytes, Stack size unknown bytes, libinit2.o(.ARM.Collect$$libinit$$0000000C))

<P><STRONG><a name="[5e]"></a>__rt_lib_shutdown</STRONG> (Thumb, 0 bytes, Stack size unknown bytes, libshutdown.o(.ARM.Collect$$libshutdown$$00000000))
<BR><BR>[Called By]<UL><LI><a href="#[5d]">&gt;&gt;</a>&nbsp;&nbsp;&nbsp;__rt_exit_ls
</UL>

<P><STRONG><a name="[1ca]"></a>__rt_lib_shutdown_fp_trap_1</STRONG> (Thumb, 0 bytes, Stack size unknown bytes, libshutdown2.o(.ARM.Collect$$libshutdown$$00000006))

<P><STRONG><a name="[1cb]"></a>__rt_lib_shutdown_heap_1</STRONG> (Thumb, 0 bytes, Stack size unknown bytes, libshutdown2.o(.ARM.Collect$$libshutdown$$0000000E))

<P><STRONG><a name="[1cc]"></a>__rt_lib_shutdown_return</STRONG> (Thumb, 0 bytes, Stack size unknown bytes, libshutdown2.o(.ARM.Collect$$libshutdown$$0000000F))

<P><STRONG><a name="[1cd]"></a>__rt_lib_shutdown_signal_1</STRONG> (Thumb, 0 bytes, Stack size unknown bytes, libshutdown2.o(.ARM.Collect$$libshutdown$$00000009))

<P><STRONG><a name="[1ce]"></a>__rt_lib_shutdown_stdio_1</STRONG> (Thumb, 0 bytes, Stack size unknown bytes, libshutdown2.o(.ARM.Collect$$libshutdown$$00000003))

<P><STRONG><a name="[1cf]"></a>__rt_lib_shutdown_user_alloc_1</STRONG> (Thumb, 0 bytes, Stack size unknown bytes, libshutdown2.o(.ARM.Collect$$libshutdown$$0000000B))

<P><STRONG><a name="[50]"></a>__rt_entry</STRONG> (Thumb, 0 bytes, Stack size unknown bytes, __rtentry.o(.ARM.Collect$$rtentry$$00000000))
<BR><BR>[Called By]<UL><LI><a href="#[4e]">&gt;&gt;</a>&nbsp;&nbsp;&nbsp;__main
<LI><a href="#[51]">&gt;&gt;</a>&nbsp;&nbsp;&nbsp;__scatterload_rt2
</UL>

<P><STRONG><a name="[1d0]"></a>__rt_entry_presh_1</STRONG> (Thumb, 0 bytes, Stack size unknown bytes, __rtentry2.o(.ARM.Collect$$rtentry$$00000002))

<P><STRONG><a name="[56]"></a>__rt_entry_sh</STRONG> (Thumb, 0 bytes, Stack size unknown bytes, __rtentry4.o(.ARM.Collect$$rtentry$$00000004))
<BR><BR>[Stack]<UL><LI>Max Depth = 8 + Unknown Stack Size
<LI>Call Chain = __rt_entry_sh &rArr; __user_setup_stackheap
</UL>
<BR>[Calls]<UL><LI><a href="#[57]">&gt;&gt;</a>&nbsp;&nbsp;&nbsp;__user_setup_stackheap
</UL>

<P><STRONG><a name="[58]"></a>__rt_entry_li</STRONG> (Thumb, 0 bytes, Stack size unknown bytes, __rtentry2.o(.ARM.Collect$$rtentry$$0000000A))
<BR><BR>[Calls]<UL><LI><a href="#[59]">&gt;&gt;</a>&nbsp;&nbsp;&nbsp;__rt_lib_init
</UL>

<P><STRONG><a name="[1d1]"></a>__rt_entry_postsh_1</STRONG> (Thumb, 0 bytes, Stack size unknown bytes, __rtentry2.o(.ARM.Collect$$rtentry$$00000009))

<P><STRONG><a name="[5a]"></a>__rt_entry_main</STRONG> (Thumb, 0 bytes, Stack size unknown bytes, __rtentry2.o(.ARM.Collect$$rtentry$$0000000D))
<BR><BR>[Stack]<UL><LI>Max Depth = 248 + Unknown Stack Size
<LI>Call Chain = __rt_entry_main &rArr; main &rArr; DealNotePass &rArr; billIrad_Judge &rArr; exp &rArr; __kernel_poly &rArr; __aeabi_dmul
</UL>
<BR>[Calls]<UL><LI><a href="#[5b]">&gt;&gt;</a>&nbsp;&nbsp;&nbsp;main
<LI><a href="#[5c]">&gt;&gt;</a>&nbsp;&nbsp;&nbsp;exit
</UL>

<P><STRONG><a name="[1d2]"></a>__rt_entry_postli_1</STRONG> (Thumb, 0 bytes, Stack size unknown bytes, __rtentry2.o(.ARM.Collect$$rtentry$$0000000C))

<P><STRONG><a name="[186]"></a>__rt_exit</STRONG> (Thumb, 0 bytes, Stack size unknown bytes, rtexit.o(.ARM.Collect$$rtexit$$00000000))
<BR><BR>[Called By]<UL><LI><a href="#[5c]">&gt;&gt;</a>&nbsp;&nbsp;&nbsp;exit
</UL>

<P><STRONG><a name="[5d]"></a>__rt_exit_ls</STRONG> (Thumb, 0 bytes, Stack size unknown bytes, rtexit2.o(.ARM.Collect$$rtexit$$00000003))
<BR><BR>[Calls]<UL><LI><a href="#[5e]">&gt;&gt;</a>&nbsp;&nbsp;&nbsp;__rt_lib_shutdown
</UL>

<P><STRONG><a name="[1d3]"></a>__rt_exit_prels_1</STRONG> (Thumb, 0 bytes, Stack size unknown bytes, rtexit2.o(.ARM.Collect$$rtexit$$00000002))

<P><STRONG><a name="[5f]"></a>__rt_exit_exit</STRONG> (Thumb, 0 bytes, Stack size unknown bytes, rtexit2.o(.ARM.Collect$$rtexit$$00000004))
<BR><BR>[Calls]<UL><LI><a href="#[60]">&gt;&gt;</a>&nbsp;&nbsp;&nbsp;_sys_exit
</UL>

<P><STRONG><a name="[1d4]"></a>__get_PSP</STRONG> (Thumb, 6 bytes, Stack size 0 bytes, core_cm3.o(.emb_text), UNUSED)

<P><STRONG><a name="[1d5]"></a>__set_PSP</STRONG> (Thumb, 6 bytes, Stack size 0 bytes, core_cm3.o(.emb_text), UNUSED)

<P><STRONG><a name="[1d6]"></a>__get_MSP</STRONG> (Thumb, 6 bytes, Stack size 0 bytes, core_cm3.o(.emb_text), UNUSED)

<P><STRONG><a name="[10b]"></a>__set_MSP</STRONG> (Thumb, 6 bytes, Stack size 0 bytes, core_cm3.o(.emb_text), UNUSED)
<BR><BR>[Called By]<UL><LI><a href="#[10a]">&gt;&gt;</a>&nbsp;&nbsp;&nbsp;RunProgramme
</UL>

<P><STRONG><a name="[1d7]"></a>__REV16</STRONG> (Thumb, 4 bytes, Stack size 0 bytes, core_cm3.o(.emb_text), UNUSED)

<P><STRONG><a name="[1d8]"></a>__REVSH</STRONG> (Thumb, 4 bytes, Stack size 0 bytes, core_cm3.o(.emb_text), UNUSED)

<P><STRONG><a name="[ea]"></a>delay_Init</STRONG> (Thumb, 74 bytes, Stack size 12 bytes, delay.o(.text))
<BR><BR>[Stack]<UL><LI>Max Depth = 12<LI>Call Chain = delay_Init
</UL>
<BR>[Called By]<UL><LI><a href="#[e4]">&gt;&gt;</a>&nbsp;&nbsp;&nbsp;MainInit
</UL>

<P><STRONG><a name="[88]"></a>delay_DelayMs</STRONG> (Thumb, 20 bytes, Stack size 0 bytes, delay.o(.text))
<BR><BR>[Called By]<UL><LI><a href="#[100]">&gt;&gt;</a>&nbsp;&nbsp;&nbsp;motor1_Break
<LI><a href="#[102]">&gt;&gt;</a>&nbsp;&nbsp;&nbsp;adjustMotorSpeed
<LI><a href="#[5b]">&gt;&gt;</a>&nbsp;&nbsp;&nbsp;main
<LI><a href="#[c3]">&gt;&gt;</a>&nbsp;&nbsp;&nbsp;SystemSelfcheck
<LI><a href="#[be]">&gt;&gt;</a>&nbsp;&nbsp;&nbsp;SampleOneRow
<LI><a href="#[b1]">&gt;&gt;</a>&nbsp;&nbsp;&nbsp;DealNotePass
<LI><a href="#[a2]">&gt;&gt;</a>&nbsp;&nbsp;&nbsp;DealPackageFromUart3
<LI><a href="#[84]">&gt;&gt;</a>&nbsp;&nbsp;&nbsp;SettingParaInc
</UL>

<P><STRONG><a name="[c0]"></a>delay_DelayUs</STRONG> (Thumb, 18 bytes, Stack size 0 bytes, delay.o(.text))
<BR><BR>[Called By]<UL><LI><a href="#[be]">&gt;&gt;</a>&nbsp;&nbsp;&nbsp;SampleOneRow
</UL>

<P><STRONG><a name="[1d9]"></a>delay_DelayCpuTime</STRONG> (Thumb, 12 bytes, Stack size 0 bytes, delay.o(.text), UNUSED)

<P><STRONG><a name="[66]"></a>uart3outfifo_Clear</STRONG> (Thumb, 24 bytes, Stack size 0 bytes, fifo.o(.text))
<BR><BR>[Called By]<UL><LI><a href="#[61]">&gt;&gt;</a>&nbsp;&nbsp;&nbsp;fifo_Init
</UL>

<P><STRONG><a name="[65]"></a>uart3infifo_Clear</STRONG> (Thumb, 18 bytes, Stack size 0 bytes, fifo.o(.text))
<BR><BR>[Called By]<UL><LI><a href="#[61]">&gt;&gt;</a>&nbsp;&nbsp;&nbsp;fifo_Init
</UL>

<P><STRONG><a name="[64]"></a>uart2outfifo_Clear</STRONG> (Thumb, 22 bytes, Stack size 0 bytes, fifo.o(.text))
<BR><BR>[Called By]<UL><LI><a href="#[61]">&gt;&gt;</a>&nbsp;&nbsp;&nbsp;fifo_Init
</UL>

<P><STRONG><a name="[63]"></a>uart1outfifo_Clear</STRONG> (Thumb, 24 bytes, Stack size 0 bytes, fifo.o(.text))
<BR><BR>[Called By]<UL><LI><a href="#[61]">&gt;&gt;</a>&nbsp;&nbsp;&nbsp;fifo_Init
</UL>

<P><STRONG><a name="[62]"></a>uart1infifo_Clear</STRONG> (Thumb, 18 bytes, Stack size 0 bytes, fifo.o(.text))
<BR><BR>[Called By]<UL><LI><a href="#[61]">&gt;&gt;</a>&nbsp;&nbsp;&nbsp;fifo_Init
</UL>

<P><STRONG><a name="[61]"></a>fifo_Init</STRONG> (Thumb, 128 bytes, Stack size 4 bytes, fifo.o(.text))
<BR><BR>[Stack]<UL><LI>Max Depth = 4<LI>Call Chain = fifo_Init
</UL>
<BR>[Calls]<UL><LI><a href="#[62]">&gt;&gt;</a>&nbsp;&nbsp;&nbsp;uart1infifo_Clear
<LI><a href="#[63]">&gt;&gt;</a>&nbsp;&nbsp;&nbsp;uart1outfifo_Clear
<LI><a href="#[64]">&gt;&gt;</a>&nbsp;&nbsp;&nbsp;uart2outfifo_Clear
<LI><a href="#[65]">&gt;&gt;</a>&nbsp;&nbsp;&nbsp;uart3infifo_Clear
<LI><a href="#[66]">&gt;&gt;</a>&nbsp;&nbsp;&nbsp;uart3outfifo_Clear
</UL>
<BR>[Called By]<UL><LI><a href="#[e4]">&gt;&gt;</a>&nbsp;&nbsp;&nbsp;MainInit
</UL>

<P><STRONG><a name="[f2]"></a>fifo_DataIn</STRONG> (Thumb, 96 bytes, Stack size 12 bytes, fifo.o(.text))
<BR><BR>[Stack]<UL><LI>Max Depth = 12<LI>Call Chain = fifo_DataIn
</UL>
<BR>[Called By]<UL><LI><a href="#[f1]">&gt;&gt;</a>&nbsp;&nbsp;&nbsp;ScanKeyDown
</UL>

<P><STRONG><a name="[9c]"></a>fifo_DataOut</STRONG> (Thumb, 94 bytes, Stack size 8 bytes, fifo.o(.text))
<BR><BR>[Stack]<UL><LI>Max Depth = 8<LI>Call Chain = fifo_DataOut
</UL>
<BR>[Called By]<UL><LI><a href="#[9a]">&gt;&gt;</a>&nbsp;&nbsp;&nbsp;DealKeyDown
</UL>

<P><STRONG><a name="[1da]"></a>fifo_DataOut2</STRONG> (Thumb, 76 bytes, Stack size 8 bytes, fifo.o(.text), UNUSED)

<P><STRONG><a name="[1db]"></a>fifo_Clear</STRONG> (Thumb, 48 bytes, Stack size 0 bytes, fifo.o(.text), UNUSED)

<P><STRONG><a name="[9b]"></a>fifo_GetCount</STRONG> (Thumb, 12 bytes, Stack size 0 bytes, fifo.o(.text))
<BR><BR>[Called By]<UL><LI><a href="#[9a]">&gt;&gt;</a>&nbsp;&nbsp;&nbsp;DealKeyDown
</UL>

<P><STRONG><a name="[1dc]"></a>fifo_GetSpace</STRONG> (Thumb, 24 bytes, Stack size 0 bytes, fifo.o(.text), UNUSED)

<P><STRONG><a name="[68]"></a>uart1infifo_GetCount</STRONG> (Thumb, 28 bytes, Stack size 0 bytes, fifo.o(.text))
<BR><BR>[Called By]<UL><LI><a href="#[69]">&gt;&gt;</a>&nbsp;&nbsp;&nbsp;uart1infifo_GetSpace
<LI><a href="#[67]">&gt;&gt;</a>&nbsp;&nbsp;&nbsp;uart1infifo_DataIn
</UL>

<P><STRONG><a name="[67]"></a>uart1infifo_DataIn</STRONG> (Thumb, 44 bytes, Stack size 4 bytes, fifo.o(.text))
<BR><BR>[Stack]<UL><LI>Max Depth = 4<LI>Call Chain = uart1infifo_DataIn
</UL>
<BR>[Calls]<UL><LI><a href="#[68]">&gt;&gt;</a>&nbsp;&nbsp;&nbsp;uart1infifo_GetCount
</UL>
<BR>[Called By]<UL><LI><a href="#[32]">&gt;&gt;</a>&nbsp;&nbsp;&nbsp;USART1_IRQHandler
</UL>

<P><STRONG><a name="[1dd]"></a>uart1infifo_DataOut</STRONG> (Thumb, 46 bytes, Stack size 0 bytes, fifo.o(.text), UNUSED)

<P><STRONG><a name="[69]"></a>uart1infifo_GetSpace</STRONG> (Thumb, 14 bytes, Stack size 4 bytes, fifo.o(.text), UNUSED)
<BR><BR>[Calls]<UL><LI><a href="#[68]">&gt;&gt;</a>&nbsp;&nbsp;&nbsp;uart1infifo_GetCount
</UL>

<P><STRONG><a name="[12c]"></a>uart1outfifo_DataIn</STRONG> (Thumb, 52 bytes, Stack size 0 bytes, fifo.o(.text))
<BR><BR>[Called By]<UL><LI><a href="#[12a]">&gt;&gt;</a>&nbsp;&nbsp;&nbsp;uart_SendDataToUart1
</UL>

<P><STRONG><a name="[10e]"></a>uart1outfifo_DataOut</STRONG> (Thumb, 54 bytes, Stack size 0 bytes, fifo.o(.text))
<BR><BR>[Called By]<UL><LI><a href="#[32]">&gt;&gt;</a>&nbsp;&nbsp;&nbsp;USART1_IRQHandler
</UL>

<P><STRONG><a name="[12b]"></a>uart1outfifo_GetSpace</STRONG> (Thumb, 12 bytes, Stack size 0 bytes, fifo.o(.text))
<BR><BR>[Called By]<UL><LI><a href="#[12a]">&gt;&gt;</a>&nbsp;&nbsp;&nbsp;uart_SendDataToUart1
</UL>

<P><STRONG><a name="[6b]"></a>uart2infifo_GetCount</STRONG> (Thumb, 28 bytes, Stack size 0 bytes, fifo.o(.text), UNUSED)
<BR><BR>[Called By]<UL><LI><a href="#[6c]">&gt;&gt;</a>&nbsp;&nbsp;&nbsp;uart2infifo_GetSpace
<LI><a href="#[6a]">&gt;&gt;</a>&nbsp;&nbsp;&nbsp;uart2infifo_DataIn
</UL>

<P><STRONG><a name="[1de]"></a>uart2infifo_Clear</STRONG> (Thumb, 16 bytes, Stack size 0 bytes, fifo.o(.text), UNUSED)

<P><STRONG><a name="[6a]"></a>uart2infifo_DataIn</STRONG> (Thumb, 42 bytes, Stack size 4 bytes, fifo.o(.text), UNUSED)
<BR><BR>[Calls]<UL><LI><a href="#[6b]">&gt;&gt;</a>&nbsp;&nbsp;&nbsp;uart2infifo_GetCount
</UL>

<P><STRONG><a name="[1df]"></a>uart2infifo_DataOut</STRONG> (Thumb, 48 bytes, Stack size 0 bytes, fifo.o(.text), UNUSED)

<P><STRONG><a name="[6c]"></a>uart2infifo_GetSpace</STRONG> (Thumb, 14 bytes, Stack size 4 bytes, fifo.o(.text), UNUSED)
<BR><BR>[Calls]<UL><LI><a href="#[6b]">&gt;&gt;</a>&nbsp;&nbsp;&nbsp;uart2infifo_GetCount
</UL>

<P><STRONG><a name="[12f]"></a>uart2outfifo_DataIn</STRONG> (Thumb, 140 bytes, Stack size 0 bytes, fifo.o(.text), UNUSED)
<BR><BR>[Called By]<UL><LI><a href="#[12d]">&gt;&gt;</a>&nbsp;&nbsp;&nbsp;uart_SendDataToUart2
</UL>

<P><STRONG><a name="[1e0]"></a>uart2outfifo_DataOut</STRONG> (Thumb, 54 bytes, Stack size 0 bytes, fifo.o(.text), UNUSED)

<P><STRONG><a name="[12e]"></a>uart2outfifo_GetSpace</STRONG> (Thumb, 12 bytes, Stack size 0 bytes, fifo.o(.text), UNUSED)
<BR><BR>[Called By]<UL><LI><a href="#[12d]">&gt;&gt;</a>&nbsp;&nbsp;&nbsp;uart_SendDataToUart2
</UL>

<P><STRONG><a name="[6e]"></a>uart3infifo_GetCount</STRONG> (Thumb, 28 bytes, Stack size 0 bytes, fifo.o(.text))
<BR><BR>[Called By]<UL><LI><a href="#[a2]">&gt;&gt;</a>&nbsp;&nbsp;&nbsp;DealPackageFromUart3
<LI><a href="#[6d]">&gt;&gt;</a>&nbsp;&nbsp;&nbsp;uart3infifo_GetSpace
</UL>

<P><STRONG><a name="[111]"></a>uart3infifo_DataIn</STRONG> (Thumb, 30 bytes, Stack size 0 bytes, fifo.o(.text))
<BR><BR>[Called By]<UL><LI><a href="#[34]">&gt;&gt;</a>&nbsp;&nbsp;&nbsp;USART3_IRQHandler
</UL>

<P><STRONG><a name="[a3]"></a>uart3infifo_DataOut</STRONG> (Thumb, 46 bytes, Stack size 0 bytes, fifo.o(.text))
<BR><BR>[Called By]<UL><LI><a href="#[a2]">&gt;&gt;</a>&nbsp;&nbsp;&nbsp;DealPackageFromUart3
</UL>

<P><STRONG><a name="[6d]"></a>uart3infifo_GetSpace</STRONG> (Thumb, 14 bytes, Stack size 4 bytes, fifo.o(.text), UNUSED)
<BR><BR>[Calls]<UL><LI><a href="#[6e]">&gt;&gt;</a>&nbsp;&nbsp;&nbsp;uart3infifo_GetCount
</UL>

<P><STRONG><a name="[131]"></a>uart3outfifo_DataIn</STRONG> (Thumb, 52 bytes, Stack size 0 bytes, fifo.o(.text))
<BR><BR>[Called By]<UL><LI><a href="#[77]">&gt;&gt;</a>&nbsp;&nbsp;&nbsp;uart_SendDataToUart3
</UL>

<P><STRONG><a name="[112]"></a>uart3outfifo_DataOut</STRONG> (Thumb, 54 bytes, Stack size 0 bytes, fifo.o(.text))
<BR><BR>[Called By]<UL><LI><a href="#[34]">&gt;&gt;</a>&nbsp;&nbsp;&nbsp;USART3_IRQHandler
</UL>

<P><STRONG><a name="[130]"></a>uart3outfifo_GetSpace</STRONG> (Thumb, 12 bytes, Stack size 0 bytes, fifo.o(.text))
<BR><BR>[Called By]<UL><LI><a href="#[77]">&gt;&gt;</a>&nbsp;&nbsp;&nbsp;uart_SendDataToUart3
</UL>

<P><STRONG><a name="[eb]"></a>eeprom_Init</STRONG> (Thumb, 2 bytes, Stack size 0 bytes, flash.o(.text))
<BR><BR>[Called By]<UL><LI><a href="#[e4]">&gt;&gt;</a>&nbsp;&nbsp;&nbsp;MainInit
</UL>

<P><STRONG><a name="[ec]"></a>eeprom_ReadData</STRONG> (Thumb, 26 bytes, Stack size 0 bytes, flash.o(.text))
<BR><BR>[Called By]<UL><LI><a href="#[e4]">&gt;&gt;</a>&nbsp;&nbsp;&nbsp;MainInit
</UL>

<P><STRONG><a name="[6f]"></a>eeprom_SaveData</STRONG> (Thumb, 112 bytes, Stack size 24 bytes, flash.o(.text))
<BR><BR>[Stack]<UL><LI>Max Depth = 48<LI>Call Chain = eeprom_SaveData &rArr; FLASH_ProgramWord &rArr; FLASH_WaitForLastOperation
</UL>
<BR>[Calls]<UL><LI><a href="#[70]">&gt;&gt;</a>&nbsp;&nbsp;&nbsp;FLASH_Unlock
<LI><a href="#[73]">&gt;&gt;</a>&nbsp;&nbsp;&nbsp;FLASH_ProgramWord
<LI><a href="#[72]">&gt;&gt;</a>&nbsp;&nbsp;&nbsp;FLASH_ErasePage
<LI><a href="#[71]">&gt;&gt;</a>&nbsp;&nbsp;&nbsp;FLASH_ClearFlag
</UL>
<BR>[Called By]<UL><LI><a href="#[102]">&gt;&gt;</a>&nbsp;&nbsp;&nbsp;adjustMotorSpeed
<LI><a href="#[e4]">&gt;&gt;</a>&nbsp;&nbsp;&nbsp;MainInit
<LI><a href="#[b0]">&gt;&gt;</a>&nbsp;&nbsp;&nbsp;color_whiteStandard
<LI><a href="#[af]">&gt;&gt;</a>&nbsp;&nbsp;&nbsp;lengthCollabrationProcess
<LI><a href="#[94]">&gt;&gt;</a>&nbsp;&nbsp;&nbsp;DealKeyDownOnMenu1
</UL>

<P><STRONG><a name="[1e1]"></a>flash_ReadUpdateFlag</STRONG> (Thumb, 14 bytes, Stack size 8 bytes, flash.o(.text), UNUSED)

<P><STRONG><a name="[74]"></a>flash_SaveUpdateFlag</STRONG> (Thumb, 68 bytes, Stack size 24 bytes, flash.o(.text))
<BR><BR>[Stack]<UL><LI>Max Depth = 48<LI>Call Chain = flash_SaveUpdateFlag &rArr; FLASH_ProgramWord &rArr; FLASH_WaitForLastOperation
</UL>
<BR>[Calls]<UL><LI><a href="#[70]">&gt;&gt;</a>&nbsp;&nbsp;&nbsp;FLASH_Unlock
<LI><a href="#[73]">&gt;&gt;</a>&nbsp;&nbsp;&nbsp;FLASH_ProgramWord
<LI><a href="#[72]">&gt;&gt;</a>&nbsp;&nbsp;&nbsp;FLASH_ErasePage
<LI><a href="#[71]">&gt;&gt;</a>&nbsp;&nbsp;&nbsp;FLASH_ClearFlag
</UL>
<BR>[Called By]<UL><LI><a href="#[e4]">&gt;&gt;</a>&nbsp;&nbsp;&nbsp;MainInit
<LI><a href="#[84]">&gt;&gt;</a>&nbsp;&nbsp;&nbsp;SettingParaInc
</UL>

<P><STRONG><a name="[75]"></a>OutputMgColorDetailData</STRONG> (Thumb, 498 bytes, Stack size 48 bytes, main_70.o(.text), UNUSED)
<BR><BR>[Calls]<UL><LI><a href="#[77]">&gt;&gt;</a>&nbsp;&nbsp;&nbsp;uart_SendDataToUart3
<LI><a href="#[76]">&gt;&gt;</a>&nbsp;&nbsp;&nbsp;__aeabi_memclr4
</UL>

<P><STRONG><a name="[78]"></a>OutputALLDetailData2</STRONG> (Thumb, 702 bytes, Stack size 72 bytes, main_70.o(.text))
<BR><BR>[Stack]<UL><LI>Max Depth = 108<LI>Call Chain = OutputALLDetailData2 &rArr; uart_SendDataToUart3 &rArr; USART_ITConfig
</UL>
<BR>[Calls]<UL><LI><a href="#[77]">&gt;&gt;</a>&nbsp;&nbsp;&nbsp;uart_SendDataToUart3
<LI><a href="#[79]">&gt;&gt;</a>&nbsp;&nbsp;&nbsp;__aeabi_memclr
</UL>
<BR>[Called By]<UL><LI><a href="#[b1]">&gt;&gt;</a>&nbsp;&nbsp;&nbsp;DealNotePass
<LI><a href="#[a2]">&gt;&gt;</a>&nbsp;&nbsp;&nbsp;DealPackageFromUart3
</UL>

<P><STRONG><a name="[7a]"></a>OutputALLDetailData</STRONG> (Thumb, 576 bytes, Stack size 48 bytes, main_70.o(.text), UNUSED)
<BR><BR>[Calls]<UL><LI><a href="#[77]">&gt;&gt;</a>&nbsp;&nbsp;&nbsp;uart_SendDataToUart3
</UL>

<P><STRONG><a name="[7b]"></a>OutPutPsHWRecordData</STRONG> (Thumb, 232 bytes, Stack size 24 bytes, main_70.o(.text))
<BR><BR>[Stack]<UL><LI>Max Depth = 60<LI>Call Chain = OutPutPsHWRecordData &rArr; uart_SendDataToUart3 &rArr; USART_ITConfig
</UL>
<BR>[Calls]<UL><LI><a href="#[77]">&gt;&gt;</a>&nbsp;&nbsp;&nbsp;uart_SendDataToUart3
</UL>
<BR>[Called By]<UL><LI><a href="#[a2]">&gt;&gt;</a>&nbsp;&nbsp;&nbsp;DealPackageFromUart3
</UL>

<P><STRONG><a name="[7c]"></a>OutputSensorView</STRONG> (Thumb, 66 bytes, Stack size 24 bytes, main_70.o(.text), UNUSED)
<BR><BR>[Calls]<UL><LI><a href="#[77]">&gt;&gt;</a>&nbsp;&nbsp;&nbsp;uart_SendDataToUart3
</UL>

<P><STRONG><a name="[7d]"></a>readKey</STRONG> (Thumb, 128 bytes, Stack size 8 bytes, main_70.o(.text))
<BR><BR>[Stack]<UL><LI>Max Depth = 8<LI>Call Chain = readKey
</UL>
<BR>[Calls]<UL><LI><a href="#[7e]">&gt;&gt;</a>&nbsp;&nbsp;&nbsp;GPIO_ReadInputDataBit
</UL>
<BR>[Called By]<UL><LI><a href="#[f1]">&gt;&gt;</a>&nbsp;&nbsp;&nbsp;ScanKeyDown
</UL>

<P><STRONG><a name="[7f]"></a>DispSettingSelected</STRONG> (Thumb, 330 bytes, Stack size 16 bytes, main_70.o(.text))
<BR><BR>[Stack]<UL><LI>Max Depth = 176 + Unknown Stack Size
<LI>Call Chain = DispSettingSelected &rArr; disp_string &rArr; __2sprintf &rArr; _printf_char_common &rArr; __printf
</UL>
<BR>[Calls]<UL><LI><a href="#[83]">&gt;&gt;</a>&nbsp;&nbsp;&nbsp;disp_string
<LI><a href="#[80]">&gt;&gt;</a>&nbsp;&nbsp;&nbsp;disp_setPenColor
<LI><a href="#[82]">&gt;&gt;</a>&nbsp;&nbsp;&nbsp;disp_setFont
<LI><a href="#[81]">&gt;&gt;</a>&nbsp;&nbsp;&nbsp;disp_setBackColor
</UL>
<BR>[Called By]<UL><LI><a href="#[97]">&gt;&gt;</a>&nbsp;&nbsp;&nbsp;DispMenu1
<LI><a href="#[94]">&gt;&gt;</a>&nbsp;&nbsp;&nbsp;DealKeyDownOnMenu1
</UL>

<P><STRONG><a name="[84]"></a>SettingParaInc</STRONG> (Thumb, 214 bytes, Stack size 8 bytes, main_70.o(.text))
<BR><BR>[Stack]<UL><LI>Max Depth = 56<LI>Call Chain = SettingParaInc &rArr; flash_SaveUpdateFlag &rArr; FLASH_ProgramWord &rArr; FLASH_WaitForLastOperation
</UL>
<BR>[Calls]<UL><LI><a href="#[86]">&gt;&gt;</a>&nbsp;&nbsp;&nbsp;motor1_Stop
<LI><a href="#[85]">&gt;&gt;</a>&nbsp;&nbsp;&nbsp;motor1_ForwardRun
<LI><a href="#[87]">&gt;&gt;</a>&nbsp;&nbsp;&nbsp;motor1_BackwardRun
<LI><a href="#[74]">&gt;&gt;</a>&nbsp;&nbsp;&nbsp;flash_SaveUpdateFlag
<LI><a href="#[88]">&gt;&gt;</a>&nbsp;&nbsp;&nbsp;delay_DelayMs
</UL>
<BR>[Called By]<UL><LI><a href="#[94]">&gt;&gt;</a>&nbsp;&nbsp;&nbsp;DealKeyDownOnMenu1
</UL>

<P><STRONG><a name="[8a]"></a>U16ToStr</STRONG> (Thumb, 80 bytes, Stack size 12 bytes, main_70.o(.text))
<BR><BR>[Stack]<UL><LI>Max Depth = 12<LI>Call Chain = U16ToStr
</UL>
<BR>[Called By]<UL><LI><a href="#[105]">&gt;&gt;</a>&nbsp;&nbsp;&nbsp;DealJamAtOnce
<LI><a href="#[af]">&gt;&gt;</a>&nbsp;&nbsp;&nbsp;lengthCollabrationProcess
<LI><a href="#[9f]">&gt;&gt;</a>&nbsp;&nbsp;&nbsp;U8ToStr
<LI><a href="#[89]">&gt;&gt;</a>&nbsp;&nbsp;&nbsp;DispJamInfo
</UL>

<P><STRONG><a name="[89]"></a>DispJamInfo</STRONG> (Thumb, 106 bytes, Stack size 8 bytes, main_70.o(.text))
<BR><BR>[Stack]<UL><LI>Max Depth = 168 + Unknown Stack Size
<LI>Call Chain = DispJamInfo &rArr; disp_string &rArr; __2sprintf &rArr; _printf_char_common &rArr; __printf
</UL>
<BR>[Calls]<UL><LI><a href="#[83]">&gt;&gt;</a>&nbsp;&nbsp;&nbsp;disp_string
<LI><a href="#[80]">&gt;&gt;</a>&nbsp;&nbsp;&nbsp;disp_setPenColor
<LI><a href="#[82]">&gt;&gt;</a>&nbsp;&nbsp;&nbsp;disp_setFont
<LI><a href="#[81]">&gt;&gt;</a>&nbsp;&nbsp;&nbsp;disp_setBackColor
<LI><a href="#[8a]">&gt;&gt;</a>&nbsp;&nbsp;&nbsp;U16ToStr
</UL>
<BR>[Called By]<UL><LI><a href="#[5b]">&gt;&gt;</a>&nbsp;&nbsp;&nbsp;main
<LI><a href="#[92]">&gt;&gt;</a>&nbsp;&nbsp;&nbsp;DispMainMenu
</UL>

<P><STRONG><a name="[8b]"></a>DispDetailNoteNum</STRONG> (Thumb, 1214 bytes, Stack size 24 bytes, main_70.o(.text))
<BR><BR>[Stack]<UL><LI>Max Depth = 168 + Unknown Stack Size
<LI>Call Chain = DispDetailNoteNum &rArr; disp_DrawPic &rArr; __2sprintf &rArr; _printf_char_common &rArr; __printf
</UL>
<BR>[Calls]<UL><LI><a href="#[8c]">&gt;&gt;</a>&nbsp;&nbsp;&nbsp;disp_DrawPic
</UL>
<BR>[Called By]<UL><LI><a href="#[8f]">&gt;&gt;</a>&nbsp;&nbsp;&nbsp;DispNoteNumValSum
</UL>

<P><STRONG><a name="[8d]"></a>DispNoteSum</STRONG> (Thumb, 112 bytes, Stack size 16 bytes, main_70.o(.text))
<BR><BR>[Stack]<UL><LI>Max Depth = 160 + Unknown Stack Size
<LI>Call Chain = DispNoteSum &rArr; disp_DrawPic &rArr; __2sprintf &rArr; _printf_char_common &rArr; __printf
</UL>
<BR>[Calls]<UL><LI><a href="#[8c]">&gt;&gt;</a>&nbsp;&nbsp;&nbsp;disp_DrawPic
</UL>
<BR>[Called By]<UL><LI><a href="#[8f]">&gt;&gt;</a>&nbsp;&nbsp;&nbsp;DispNoteNumValSum
</UL>

<P><STRONG><a name="[8e]"></a>DispNoteNum</STRONG> (Thumb, 154 bytes, Stack size 16 bytes, main_70.o(.text))
<BR><BR>[Stack]<UL><LI>Max Depth = 160 + Unknown Stack Size
<LI>Call Chain = DispNoteNum &rArr; disp_DrawPic &rArr; __2sprintf &rArr; _printf_char_common &rArr; __printf
</UL>
<BR>[Calls]<UL><LI><a href="#[8c]">&gt;&gt;</a>&nbsp;&nbsp;&nbsp;disp_DrawPic
</UL>
<BR>[Called By]<UL><LI><a href="#[8f]">&gt;&gt;</a>&nbsp;&nbsp;&nbsp;DispNoteNumValSum
</UL>

<P><STRONG><a name="[8f]"></a>DispNoteNumValSum</STRONG> (Thumb, 28 bytes, Stack size 8 bytes, main_70.o(.text))
<BR><BR>[Stack]<UL><LI>Max Depth = 176 + Unknown Stack Size
<LI>Call Chain = DispNoteNumValSum &rArr; DispDetailNoteNum &rArr; disp_DrawPic &rArr; __2sprintf &rArr; _printf_char_common &rArr; __printf
</UL>
<BR>[Calls]<UL><LI><a href="#[8e]">&gt;&gt;</a>&nbsp;&nbsp;&nbsp;DispNoteNum
<LI><a href="#[8d]">&gt;&gt;</a>&nbsp;&nbsp;&nbsp;DispNoteSum
<LI><a href="#[8b]">&gt;&gt;</a>&nbsp;&nbsp;&nbsp;DispDetailNoteNum
</UL>
<BR>[Called By]<UL><LI><a href="#[ff]">&gt;&gt;</a>&nbsp;&nbsp;&nbsp;BatchMotorStop
<LI><a href="#[b1]">&gt;&gt;</a>&nbsp;&nbsp;&nbsp;DealNotePass
<LI><a href="#[99]">&gt;&gt;</a>&nbsp;&nbsp;&nbsp;DealKeyDownOnNormal
<LI><a href="#[92]">&gt;&gt;</a>&nbsp;&nbsp;&nbsp;DispMainMenu
</UL>

<P><STRONG><a name="[90]"></a>DispFunInfo</STRONG> (Thumb, 68 bytes, Stack size 8 bytes, main_70.o(.text))
<BR><BR>[Stack]<UL><LI>Max Depth = 152 + Unknown Stack Size
<LI>Call Chain = DispFunInfo &rArr; disp_DrawPic &rArr; __2sprintf &rArr; _printf_char_common &rArr; __printf
</UL>
<BR>[Calls]<UL><LI><a href="#[8c]">&gt;&gt;</a>&nbsp;&nbsp;&nbsp;disp_DrawPic
</UL>
<BR>[Called By]<UL><LI><a href="#[5b]">&gt;&gt;</a>&nbsp;&nbsp;&nbsp;main
<LI><a href="#[92]">&gt;&gt;</a>&nbsp;&nbsp;&nbsp;DispMainMenu
</UL>

<P><STRONG><a name="[91]"></a>DispMainMenuBackground</STRONG> (Thumb, 240 bytes, Stack size 8 bytes, main_70.o(.text))
<BR><BR>[Stack]<UL><LI>Max Depth = 152 + Unknown Stack Size
<LI>Call Chain = DispMainMenuBackground &rArr; disp_DrawPic &rArr; __2sprintf &rArr; _printf_char_common &rArr; __printf
</UL>
<BR>[Calls]<UL><LI><a href="#[8c]">&gt;&gt;</a>&nbsp;&nbsp;&nbsp;disp_DrawPic
</UL>
<BR>[Called By]<UL><LI><a href="#[92]">&gt;&gt;</a>&nbsp;&nbsp;&nbsp;DispMainMenu
</UL>

<P><STRONG><a name="[92]"></a>DispMainMenu</STRONG> (Thumb, 20 bytes, Stack size 8 bytes, main_70.o(.text))
<BR><BR>[Stack]<UL><LI>Max Depth = 184 + Unknown Stack Size
<LI>Call Chain = DispMainMenu &rArr; DispNoteNumValSum &rArr; DispDetailNoteNum &rArr; disp_DrawPic &rArr; __2sprintf &rArr; _printf_char_common &rArr; __printf
</UL>
<BR>[Calls]<UL><LI><a href="#[91]">&gt;&gt;</a>&nbsp;&nbsp;&nbsp;DispMainMenuBackground
<LI><a href="#[90]">&gt;&gt;</a>&nbsp;&nbsp;&nbsp;DispFunInfo
<LI><a href="#[8f]">&gt;&gt;</a>&nbsp;&nbsp;&nbsp;DispNoteNumValSum
<LI><a href="#[89]">&gt;&gt;</a>&nbsp;&nbsp;&nbsp;DispJamInfo
</UL>
<BR>[Called By]<UL><LI><a href="#[5b]">&gt;&gt;</a>&nbsp;&nbsp;&nbsp;main
<LI><a href="#[a2]">&gt;&gt;</a>&nbsp;&nbsp;&nbsp;DealPackageFromUart3
<LI><a href="#[99]">&gt;&gt;</a>&nbsp;&nbsp;&nbsp;DealKeyDownOnNormal
<LI><a href="#[94]">&gt;&gt;</a>&nbsp;&nbsp;&nbsp;DealKeyDownOnMenu1
</UL>

<P><STRONG><a name="[93]"></a>ClearAllNoteNum</STRONG> (Thumb, 26 bytes, Stack size 8 bytes, main_70.o(.text))
<BR><BR>[Stack]<UL><LI>Max Depth = 8<LI>Call Chain = ClearAllNoteNum
</UL>
<BR>[Calls]<UL><LI><a href="#[79]">&gt;&gt;</a>&nbsp;&nbsp;&nbsp;__aeabi_memclr
</UL>
<BR>[Called By]<UL><LI><a href="#[5b]">&gt;&gt;</a>&nbsp;&nbsp;&nbsp;main
<LI><a href="#[99]">&gt;&gt;</a>&nbsp;&nbsp;&nbsp;DealKeyDownOnNormal
<LI><a href="#[94]">&gt;&gt;</a>&nbsp;&nbsp;&nbsp;DealKeyDownOnMenu1
</UL>

<P><STRONG><a name="[95]"></a>SetSystemState</STRONG> (Thumb, 6 bytes, Stack size 0 bytes, main_70.o(.text))
<BR><BR>[Called By]<UL><LI><a href="#[105]">&gt;&gt;</a>&nbsp;&nbsp;&nbsp;DealJamAtOnce
<LI><a href="#[101]">&gt;&gt;</a>&nbsp;&nbsp;&nbsp;JudgeMotorStop
<LI><a href="#[ff]">&gt;&gt;</a>&nbsp;&nbsp;&nbsp;BatchMotorStop
<LI><a href="#[5b]">&gt;&gt;</a>&nbsp;&nbsp;&nbsp;main
<LI><a href="#[a2]">&gt;&gt;</a>&nbsp;&nbsp;&nbsp;DealPackageFromUart3
<LI><a href="#[99]">&gt;&gt;</a>&nbsp;&nbsp;&nbsp;DealKeyDownOnNormal
<LI><a href="#[94]">&gt;&gt;</a>&nbsp;&nbsp;&nbsp;DealKeyDownOnMenu1
</UL>

<P><STRONG><a name="[94]"></a>DealKeyDownOnMenu1</STRONG> (Thumb, 114 bytes, Stack size 8 bytes, main_70.o(.text))
<BR><BR>[Stack]<UL><LI>Max Depth = 192 + Unknown Stack Size
<LI>Call Chain = DealKeyDownOnMenu1 &rArr; DispMainMenu &rArr; DispNoteNumValSum &rArr; DispDetailNoteNum &rArr; disp_DrawPic &rArr; __2sprintf &rArr; _printf_char_common &rArr; __printf
</UL>
<BR>[Calls]<UL><LI><a href="#[95]">&gt;&gt;</a>&nbsp;&nbsp;&nbsp;SetSystemState
<LI><a href="#[93]">&gt;&gt;</a>&nbsp;&nbsp;&nbsp;ClearAllNoteNum
<LI><a href="#[92]">&gt;&gt;</a>&nbsp;&nbsp;&nbsp;DispMainMenu
<LI><a href="#[84]">&gt;&gt;</a>&nbsp;&nbsp;&nbsp;SettingParaInc
<LI><a href="#[7f]">&gt;&gt;</a>&nbsp;&nbsp;&nbsp;DispSettingSelected
<LI><a href="#[6f]">&gt;&gt;</a>&nbsp;&nbsp;&nbsp;eeprom_SaveData
</UL>
<BR>[Called By]<UL><LI><a href="#[9a]">&gt;&gt;</a>&nbsp;&nbsp;&nbsp;DealKeyDown
</UL>

<P><STRONG><a name="[96]"></a>DispSetting</STRONG> (Thumb, 132 bytes, Stack size 16 bytes, main_70.o(.text))
<BR><BR>[Stack]<UL><LI>Max Depth = 176 + Unknown Stack Size
<LI>Call Chain = DispSetting &rArr; disp_string &rArr; __2sprintf &rArr; _printf_char_common &rArr; __printf
</UL>
<BR>[Calls]<UL><LI><a href="#[83]">&gt;&gt;</a>&nbsp;&nbsp;&nbsp;disp_string
<LI><a href="#[80]">&gt;&gt;</a>&nbsp;&nbsp;&nbsp;disp_setPenColor
<LI><a href="#[82]">&gt;&gt;</a>&nbsp;&nbsp;&nbsp;disp_setFont
<LI><a href="#[81]">&gt;&gt;</a>&nbsp;&nbsp;&nbsp;disp_setBackColor
</UL>
<BR>[Called By]<UL><LI><a href="#[97]">&gt;&gt;</a>&nbsp;&nbsp;&nbsp;DispMenu1
</UL>

<P><STRONG><a name="[97]"></a>DispMenu1</STRONG> (Thumb, 114 bytes, Stack size 8 bytes, main_70.o(.text))
<BR><BR>[Stack]<UL><LI>Max Depth = 184 + Unknown Stack Size
<LI>Call Chain = DispMenu1 &rArr; DispSetting &rArr; disp_string &rArr; __2sprintf &rArr; _printf_char_common &rArr; __printf
</UL>
<BR>[Calls]<UL><LI><a href="#[83]">&gt;&gt;</a>&nbsp;&nbsp;&nbsp;disp_string
<LI><a href="#[80]">&gt;&gt;</a>&nbsp;&nbsp;&nbsp;disp_setPenColor
<LI><a href="#[82]">&gt;&gt;</a>&nbsp;&nbsp;&nbsp;disp_setFont
<LI><a href="#[81]">&gt;&gt;</a>&nbsp;&nbsp;&nbsp;disp_setBackColor
<LI><a href="#[98]">&gt;&gt;</a>&nbsp;&nbsp;&nbsp;disp_clearScreen
<LI><a href="#[96]">&gt;&gt;</a>&nbsp;&nbsp;&nbsp;DispSetting
<LI><a href="#[7f]">&gt;&gt;</a>&nbsp;&nbsp;&nbsp;DispSettingSelected
</UL>
<BR>[Called By]<UL><LI><a href="#[99]">&gt;&gt;</a>&nbsp;&nbsp;&nbsp;DealKeyDownOnNormal
</UL>

<P><STRONG><a name="[99]"></a>DealKeyDownOnNormal</STRONG> (Thumb, 742 bytes, Stack size 8 bytes, main_70.o(.text))
<BR><BR>[Stack]<UL><LI>Max Depth = 192 + Unknown Stack Size
<LI>Call Chain = DealKeyDownOnNormal &rArr; DispMenu1 &rArr; DispSetting &rArr; disp_string &rArr; __2sprintf &rArr; _printf_char_common &rArr; __printf
</UL>
<BR>[Calls]<UL><LI><a href="#[8c]">&gt;&gt;</a>&nbsp;&nbsp;&nbsp;disp_DrawPic
<LI><a href="#[97]">&gt;&gt;</a>&nbsp;&nbsp;&nbsp;DispMenu1
<LI><a href="#[95]">&gt;&gt;</a>&nbsp;&nbsp;&nbsp;SetSystemState
<LI><a href="#[93]">&gt;&gt;</a>&nbsp;&nbsp;&nbsp;ClearAllNoteNum
<LI><a href="#[92]">&gt;&gt;</a>&nbsp;&nbsp;&nbsp;DispMainMenu
<LI><a href="#[8f]">&gt;&gt;</a>&nbsp;&nbsp;&nbsp;DispNoteNumValSum
</UL>
<BR>[Called By]<UL><LI><a href="#[9a]">&gt;&gt;</a>&nbsp;&nbsp;&nbsp;DealKeyDown
</UL>

<P><STRONG><a name="[9a]"></a>DealKeyDown</STRONG> (Thumb, 52 bytes, Stack size 8 bytes, main_70.o(.text))
<BR><BR>[Stack]<UL><LI>Max Depth = 200 + Unknown Stack Size
<LI>Call Chain = DealKeyDown &rArr; DealKeyDownOnNormal &rArr; DispMenu1 &rArr; DispSetting &rArr; disp_string &rArr; __2sprintf &rArr; _printf_char_common &rArr; __printf
</UL>
<BR>[Calls]<UL><LI><a href="#[99]">&gt;&gt;</a>&nbsp;&nbsp;&nbsp;DealKeyDownOnNormal
<LI><a href="#[94]">&gt;&gt;</a>&nbsp;&nbsp;&nbsp;DealKeyDownOnMenu1
<LI><a href="#[9b]">&gt;&gt;</a>&nbsp;&nbsp;&nbsp;fifo_GetCount
<LI><a href="#[9c]">&gt;&gt;</a>&nbsp;&nbsp;&nbsp;fifo_DataOut
</UL>
<BR>[Called By]<UL><LI><a href="#[5b]">&gt;&gt;</a>&nbsp;&nbsp;&nbsp;main
</UL>

<P><STRONG><a name="[9d]"></a>DispString</STRONG> (Thumb, 58 bytes, Stack size 24 bytes, main_70.o(.text))
<BR><BR>[Stack]<UL><LI>Max Depth = 60<LI>Call Chain = DispString &rArr; uart_SendDataToUart3 &rArr; USART_ITConfig
</UL>
<BR>[Calls]<UL><LI><a href="#[77]">&gt;&gt;</a>&nbsp;&nbsp;&nbsp;uart_SendDataToUart3
<LI><a href="#[9e]">&gt;&gt;</a>&nbsp;&nbsp;&nbsp;strlen
</UL>
<BR>[Called By]<UL><LI><a href="#[fc]">&gt;&gt;</a>&nbsp;&nbsp;&nbsp;outputJudgeRlt
<LI><a href="#[b0]">&gt;&gt;</a>&nbsp;&nbsp;&nbsp;color_whiteStandard
<LI><a href="#[af]">&gt;&gt;</a>&nbsp;&nbsp;&nbsp;lengthCollabrationProcess
<LI><a href="#[a2]">&gt;&gt;</a>&nbsp;&nbsp;&nbsp;DealPackageFromUart3
<LI><a href="#[a0]">&gt;&gt;</a>&nbsp;&nbsp;&nbsp;DispSensorViewMenu
</UL>

<P><STRONG><a name="[9f]"></a>U8ToStr</STRONG> (Thumb, 18 bytes, Stack size 12 bytes, main_70.o(.text))
<BR><BR>[Stack]<UL><LI>Max Depth = 24<LI>Call Chain = U8ToStr &rArr; U16ToStr
</UL>
<BR>[Calls]<UL><LI><a href="#[8a]">&gt;&gt;</a>&nbsp;&nbsp;&nbsp;U16ToStr
</UL>
<BR>[Called By]<UL><LI><a href="#[b0]">&gt;&gt;</a>&nbsp;&nbsp;&nbsp;color_whiteStandard
<LI><a href="#[a2]">&gt;&gt;</a>&nbsp;&nbsp;&nbsp;DealPackageFromUart3
<LI><a href="#[a0]">&gt;&gt;</a>&nbsp;&nbsp;&nbsp;DispSensorViewMenu
</UL>

<P><STRONG><a name="[a6]"></a>LongBeep</STRONG> (Thumb, 22 bytes, Stack size 0 bytes, main_70.o(.text))
<BR><BR>[Called By]<UL><LI><a href="#[105]">&gt;&gt;</a>&nbsp;&nbsp;&nbsp;DealJamAtOnce
<LI><a href="#[101]">&gt;&gt;</a>&nbsp;&nbsp;&nbsp;JudgeMotorStop
<LI><a href="#[ff]">&gt;&gt;</a>&nbsp;&nbsp;&nbsp;BatchMotorStop
<LI><a href="#[f1]">&gt;&gt;</a>&nbsp;&nbsp;&nbsp;ScanKeyDown
<LI><a href="#[5b]">&gt;&gt;</a>&nbsp;&nbsp;&nbsp;main
<LI><a href="#[b1]">&gt;&gt;</a>&nbsp;&nbsp;&nbsp;DealNotePass
<LI><a href="#[a2]">&gt;&gt;</a>&nbsp;&nbsp;&nbsp;DealPackageFromUart3
</UL>

<P><STRONG><a name="[a1]"></a>U8ToHexstr</STRONG> (Thumb, 40 bytes, Stack size 8 bytes, main_70.o(.text))
<BR><BR>[Stack]<UL><LI>Max Depth = 8<LI>Call Chain = U8ToHexstr
</UL>
<BR>[Called By]<UL><LI><a href="#[a0]">&gt;&gt;</a>&nbsp;&nbsp;&nbsp;DispSensorViewMenu
</UL>

<P><STRONG><a name="[a0]"></a>DispSensorViewMenu</STRONG> (Thumb, 1332 bytes, Stack size 16 bytes, main_70.o(.text))
<BR><BR>[Stack]<UL><LI>Max Depth = 76<LI>Call Chain = DispSensorViewMenu &rArr; DispString &rArr; uart_SendDataToUart3 &rArr; USART_ITConfig
</UL>
<BR>[Calls]<UL><LI><a href="#[7e]">&gt;&gt;</a>&nbsp;&nbsp;&nbsp;GPIO_ReadInputDataBit
<LI><a href="#[a1]">&gt;&gt;</a>&nbsp;&nbsp;&nbsp;U8ToHexstr
<LI><a href="#[9f]">&gt;&gt;</a>&nbsp;&nbsp;&nbsp;U8ToStr
<LI><a href="#[9d]">&gt;&gt;</a>&nbsp;&nbsp;&nbsp;DispString
</UL>
<BR>[Called By]<UL><LI><a href="#[c1]">&gt;&gt;</a>&nbsp;&nbsp;&nbsp;DispAutoRefreshMenu
<LI><a href="#[a2]">&gt;&gt;</a>&nbsp;&nbsp;&nbsp;DealPackageFromUart3
</UL>

<P><STRONG><a name="[a2]"></a>DealPackageFromUart3</STRONG> (Thumb, 1458 bytes, Stack size 16 bytes, main_70.o(.text))
<BR><BR>[Stack]<UL><LI>Max Depth = 200 + Unknown Stack Size
<LI>Call Chain = DealPackageFromUart3 &rArr; DispMainMenu &rArr; DispNoteNumValSum &rArr; DispDetailNoteNum &rArr; disp_DrawPic &rArr; __2sprintf &rArr; _printf_char_common &rArr; __printf
</UL>
<BR>[Calls]<UL><LI><a href="#[86]">&gt;&gt;</a>&nbsp;&nbsp;&nbsp;motor1_Stop
<LI><a href="#[85]">&gt;&gt;</a>&nbsp;&nbsp;&nbsp;motor1_ForwardRun
<LI><a href="#[87]">&gt;&gt;</a>&nbsp;&nbsp;&nbsp;motor1_BackwardRun
<LI><a href="#[a4]">&gt;&gt;</a>&nbsp;&nbsp;&nbsp;GPIO_SetBits
<LI><a href="#[a5]">&gt;&gt;</a>&nbsp;&nbsp;&nbsp;GPIO_ResetBits
<LI><a href="#[a0]">&gt;&gt;</a>&nbsp;&nbsp;&nbsp;DispSensorViewMenu
<LI><a href="#[a6]">&gt;&gt;</a>&nbsp;&nbsp;&nbsp;LongBeep
<LI><a href="#[9f]">&gt;&gt;</a>&nbsp;&nbsp;&nbsp;U8ToStr
<LI><a href="#[9d]">&gt;&gt;</a>&nbsp;&nbsp;&nbsp;DispString
<LI><a href="#[95]">&gt;&gt;</a>&nbsp;&nbsp;&nbsp;SetSystemState
<LI><a href="#[92]">&gt;&gt;</a>&nbsp;&nbsp;&nbsp;DispMainMenu
<LI><a href="#[7b]">&gt;&gt;</a>&nbsp;&nbsp;&nbsp;OutPutPsHWRecordData
<LI><a href="#[78]">&gt;&gt;</a>&nbsp;&nbsp;&nbsp;OutputALLDetailData2
<LI><a href="#[a3]">&gt;&gt;</a>&nbsp;&nbsp;&nbsp;uart3infifo_DataOut
<LI><a href="#[6e]">&gt;&gt;</a>&nbsp;&nbsp;&nbsp;uart3infifo_GetCount
<LI><a href="#[88]">&gt;&gt;</a>&nbsp;&nbsp;&nbsp;delay_DelayMs
<LI><a href="#[76]">&gt;&gt;</a>&nbsp;&nbsp;&nbsp;__aeabi_memclr4
<LI><a href="#[79]">&gt;&gt;</a>&nbsp;&nbsp;&nbsp;__aeabi_memclr
<LI><a href="#[a8]">&gt;&gt;</a>&nbsp;&nbsp;&nbsp;__aeabi_memset
<LI><a href="#[a7]">&gt;&gt;</a>&nbsp;&nbsp;&nbsp;__aeabi_memcpy
</UL>
<BR>[Called By]<UL><LI><a href="#[5b]">&gt;&gt;</a>&nbsp;&nbsp;&nbsp;main
</UL>

<P><STRONG><a name="[b7]"></a>IncNoteNum</STRONG> (Thumb, 140 bytes, Stack size 0 bytes, main_70.o(.text))
<BR><BR>[Called By]<UL><LI><a href="#[b1]">&gt;&gt;</a>&nbsp;&nbsp;&nbsp;DealNotePass
</UL>

<P><STRONG><a name="[b6]"></a>DealNoteType</STRONG> (Thumb, 1068 bytes, Stack size 0 bytes, main_70.o(.text))
<BR><BR>[Called By]<UL><LI><a href="#[b1]">&gt;&gt;</a>&nbsp;&nbsp;&nbsp;DealNotePass
</UL>

<P><STRONG><a name="[a9]"></a>computeAdjustData</STRONG> (Thumb, 166 bytes, Stack size 48 bytes, main_70.o(.text))
<BR><BR>[Stack]<UL><LI>Max Depth = 64<LI>Call Chain = computeAdjustData &rArr; __aeabi_fmul
</UL>
<BR>[Calls]<UL><LI><a href="#[ae]">&gt;&gt;</a>&nbsp;&nbsp;&nbsp;__aeabi_fmul
<LI><a href="#[aa]">&gt;&gt;</a>&nbsp;&nbsp;&nbsp;__aeabi_ui2f
<LI><a href="#[ac]">&gt;&gt;</a>&nbsp;&nbsp;&nbsp;__aeabi_cfcmpeq
<LI><a href="#[ab]">&gt;&gt;</a>&nbsp;&nbsp;&nbsp;__aeabi_fdiv
<LI><a href="#[ad]">&gt;&gt;</a>&nbsp;&nbsp;&nbsp;__aeabi_fsub
</UL>
<BR>[Called By]<UL><LI><a href="#[5b]">&gt;&gt;</a>&nbsp;&nbsp;&nbsp;main
<LI><a href="#[af]">&gt;&gt;</a>&nbsp;&nbsp;&nbsp;lengthCollabrationProcess
</UL>

<P><STRONG><a name="[af]"></a>lengthCollabrationProcess</STRONG> (Thumb, 854 bytes, Stack size 16 bytes, main_70.o(.text))
<BR><BR>[Stack]<UL><LI>Max Depth = 80 + Unknown Stack Size
<LI>Call Chain = lengthCollabrationProcess &rArr; computeAdjustData &rArr; __aeabi_fmul
</UL>
<BR>[Calls]<UL><LI><a href="#[a9]">&gt;&gt;</a>&nbsp;&nbsp;&nbsp;computeAdjustData
<LI><a href="#[9d]">&gt;&gt;</a>&nbsp;&nbsp;&nbsp;DispString
<LI><a href="#[8a]">&gt;&gt;</a>&nbsp;&nbsp;&nbsp;U16ToStr
<LI><a href="#[6f]">&gt;&gt;</a>&nbsp;&nbsp;&nbsp;eeprom_SaveData
<LI><a href="#[76]">&gt;&gt;</a>&nbsp;&nbsp;&nbsp;__aeabi_memclr4
<LI><a href="#[79]">&gt;&gt;</a>&nbsp;&nbsp;&nbsp;__aeabi_memclr
<LI><a href="#[a8]">&gt;&gt;</a>&nbsp;&nbsp;&nbsp;__aeabi_memset
</UL>
<BR>[Called By]<UL><LI><a href="#[b1]">&gt;&gt;</a>&nbsp;&nbsp;&nbsp;DealNotePass
</UL>

<P><STRONG><a name="[b0]"></a>color_whiteStandard</STRONG> (Thumb, 186 bytes, Stack size 64 bytes, main_70.o(.text))
<BR><BR>[Stack]<UL><LI>Max Depth = 124<LI>Call Chain = color_whiteStandard &rArr; DispString &rArr; uart_SendDataToUart3 &rArr; USART_ITConfig
</UL>
<BR>[Calls]<UL><LI><a href="#[9f]">&gt;&gt;</a>&nbsp;&nbsp;&nbsp;U8ToStr
<LI><a href="#[9d]">&gt;&gt;</a>&nbsp;&nbsp;&nbsp;DispString
<LI><a href="#[6f]">&gt;&gt;</a>&nbsp;&nbsp;&nbsp;eeprom_SaveData
</UL>
<BR>[Called By]<UL><LI><a href="#[b1]">&gt;&gt;</a>&nbsp;&nbsp;&nbsp;DealNotePass
</UL>

<P><STRONG><a name="[b1]"></a>DealNotePass</STRONG> (Thumb, 642 bytes, Stack size 8 bytes, main_70.o(.text))
<BR><BR>[Stack]<UL><LI>Max Depth = 248 + Unknown Stack Size
<LI>Call Chain = DealNotePass &rArr; billIrad_Judge &rArr; exp &rArr; __kernel_poly &rArr; __aeabi_dmul
</UL>
<BR>[Calls]<UL><LI><a href="#[77]">&gt;&gt;</a>&nbsp;&nbsp;&nbsp;uart_SendDataToUart3
<LI><a href="#[85]">&gt;&gt;</a>&nbsp;&nbsp;&nbsp;motor1_ForwardRun
<LI><a href="#[87]">&gt;&gt;</a>&nbsp;&nbsp;&nbsp;motor1_BackwardRun
<LI><a href="#[b2]">&gt;&gt;</a>&nbsp;&nbsp;&nbsp;length_collabrationCompute
<LI><a href="#[8c]">&gt;&gt;</a>&nbsp;&nbsp;&nbsp;disp_DrawPic
<LI><a href="#[b4]">&gt;&gt;</a>&nbsp;&nbsp;&nbsp;billRGB_Judge
<LI><a href="#[b5]">&gt;&gt;</a>&nbsp;&nbsp;&nbsp;billMG_Judge
<LI><a href="#[b3]">&gt;&gt;</a>&nbsp;&nbsp;&nbsp;billIrad_Judge
<LI><a href="#[a4]">&gt;&gt;</a>&nbsp;&nbsp;&nbsp;GPIO_SetBits
<LI><a href="#[a5]">&gt;&gt;</a>&nbsp;&nbsp;&nbsp;GPIO_ResetBits
<LI><a href="#[b0]">&gt;&gt;</a>&nbsp;&nbsp;&nbsp;color_whiteStandard
<LI><a href="#[af]">&gt;&gt;</a>&nbsp;&nbsp;&nbsp;lengthCollabrationProcess
<LI><a href="#[b6]">&gt;&gt;</a>&nbsp;&nbsp;&nbsp;DealNoteType
<LI><a href="#[b7]">&gt;&gt;</a>&nbsp;&nbsp;&nbsp;IncNoteNum
<LI><a href="#[a6]">&gt;&gt;</a>&nbsp;&nbsp;&nbsp;LongBeep
<LI><a href="#[8f]">&gt;&gt;</a>&nbsp;&nbsp;&nbsp;DispNoteNumValSum
<LI><a href="#[78]">&gt;&gt;</a>&nbsp;&nbsp;&nbsp;OutputALLDetailData2
<LI><a href="#[88]">&gt;&gt;</a>&nbsp;&nbsp;&nbsp;delay_DelayMs
</UL>
<BR>[Called By]<UL><LI><a href="#[5b]">&gt;&gt;</a>&nbsp;&nbsp;&nbsp;main
</UL>

<P><STRONG><a name="[b8]"></a>set4051Chanel</STRONG> (Thumb, 248 bytes, Stack size 8 bytes, main_70.o(.text))
<BR><BR>[Stack]<UL><LI>Max Depth = 8<LI>Call Chain = set4051Chanel
</UL>
<BR>[Calls]<UL><LI><a href="#[a4]">&gt;&gt;</a>&nbsp;&nbsp;&nbsp;GPIO_SetBits
<LI><a href="#[a5]">&gt;&gt;</a>&nbsp;&nbsp;&nbsp;GPIO_ResetBits
</UL>
<BR>[Called By]<UL><LI><a href="#[18]">&gt;&gt;</a>&nbsp;&nbsp;&nbsp;DMA1_Channel1_IRQHandler
<LI><a href="#[dc]">&gt;&gt;</a>&nbsp;&nbsp;&nbsp;InitGpioInMain
<LI><a href="#[be]">&gt;&gt;</a>&nbsp;&nbsp;&nbsp;SampleOneRow
</UL>

<P><STRONG><a name="[b9]"></a>ADOneTime2</STRONG> (Thumb, 12 bytes, Stack size 8 bytes, main_70.o(.text))
<BR><BR>[Stack]<UL><LI>Max Depth = 8<LI>Call Chain = ADOneTime2
</UL>
<BR>[Calls]<UL><LI><a href="#[ba]">&gt;&gt;</a>&nbsp;&nbsp;&nbsp;ADC_SoftwareStartConvCmd
</UL>
<BR>[Called By]<UL><LI><a href="#[2b]">&gt;&gt;</a>&nbsp;&nbsp;&nbsp;TIM4_IRQHandler
<LI><a href="#[bb]">&gt;&gt;</a>&nbsp;&nbsp;&nbsp;ADOneTime
</UL>

<P><STRONG><a name="[bb]"></a>ADOneTime</STRONG> (Thumb, 26 bytes, Stack size 8 bytes, main_70.o(.text))
<BR><BR>[Stack]<UL><LI>Max Depth = 16<LI>Call Chain = ADOneTime &rArr; ADOneTime2
</UL>
<BR>[Calls]<UL><LI><a href="#[bc]">&gt;&gt;</a>&nbsp;&nbsp;&nbsp;DMA_GetFlagStatus
<LI><a href="#[bd]">&gt;&gt;</a>&nbsp;&nbsp;&nbsp;DMA_ClearFlag
<LI><a href="#[b9]">&gt;&gt;</a>&nbsp;&nbsp;&nbsp;ADOneTime2
</UL>
<BR>[Called By]<UL><LI><a href="#[be]">&gt;&gt;</a>&nbsp;&nbsp;&nbsp;SampleOneRow
</UL>

<P><STRONG><a name="[be]"></a>SampleOneRow</STRONG> (Thumb, 716 bytes, Stack size 16 bytes, main_70.o(.text))
<BR><BR>[Stack]<UL><LI>Max Depth = 32<LI>Call Chain = SampleOneRow &rArr; ADOneTime &rArr; ADOneTime2
</UL>
<BR>[Calls]<UL><LI><a href="#[bf]">&gt;&gt;</a>&nbsp;&nbsp;&nbsp;DMA_ITConfig
<LI><a href="#[bb]">&gt;&gt;</a>&nbsp;&nbsp;&nbsp;ADOneTime
<LI><a href="#[b8]">&gt;&gt;</a>&nbsp;&nbsp;&nbsp;set4051Chanel
<LI><a href="#[c0]">&gt;&gt;</a>&nbsp;&nbsp;&nbsp;delay_DelayUs
<LI><a href="#[88]">&gt;&gt;</a>&nbsp;&nbsp;&nbsp;delay_DelayMs
</UL>
<BR>[Called By]<UL><LI><a href="#[c1]">&gt;&gt;</a>&nbsp;&nbsp;&nbsp;DispAutoRefreshMenu
</UL>

<P><STRONG><a name="[c1]"></a>DispAutoRefreshMenu</STRONG> (Thumb, 52 bytes, Stack size 8 bytes, main_70.o(.text))
<BR><BR>[Stack]<UL><LI>Max Depth = 84<LI>Call Chain = DispAutoRefreshMenu &rArr; DispSensorViewMenu &rArr; DispString &rArr; uart_SendDataToUart3 &rArr; USART_ITConfig
</UL>
<BR>[Calls]<UL><LI><a href="#[be]">&gt;&gt;</a>&nbsp;&nbsp;&nbsp;SampleOneRow
<LI><a href="#[a0]">&gt;&gt;</a>&nbsp;&nbsp;&nbsp;DispSensorViewMenu
</UL>
<BR>[Called By]<UL><LI><a href="#[5b]">&gt;&gt;</a>&nbsp;&nbsp;&nbsp;main
</UL>

<P><STRONG><a name="[c2]"></a>DealScanEnteracneSensor</STRONG> (Thumb, 198 bytes, Stack size 8 bytes, main_70.o(.text))
<BR><BR>[Stack]<UL><LI>Max Depth = 8<LI>Call Chain = DealScanEnteracneSensor
</UL>
<BR>[Calls]<UL><LI><a href="#[85]">&gt;&gt;</a>&nbsp;&nbsp;&nbsp;motor1_ForwardRun
<LI><a href="#[a4]">&gt;&gt;</a>&nbsp;&nbsp;&nbsp;GPIO_SetBits
<LI><a href="#[a5]">&gt;&gt;</a>&nbsp;&nbsp;&nbsp;GPIO_ResetBits
<LI><a href="#[79]">&gt;&gt;</a>&nbsp;&nbsp;&nbsp;__aeabi_memclr
</UL>
<BR>[Called By]<UL><LI><a href="#[5b]">&gt;&gt;</a>&nbsp;&nbsp;&nbsp;main
</UL>

<P><STRONG><a name="[c3]"></a>SystemSelfcheck</STRONG> (Thumb, 64 bytes, Stack size 8 bytes, main_70.o(.text))
<BR><BR>[Stack]<UL><LI>Max Depth = 8<LI>Call Chain = SystemSelfcheck
</UL>
<BR>[Calls]<UL><LI><a href="#[86]">&gt;&gt;</a>&nbsp;&nbsp;&nbsp;motor1_Stop
<LI><a href="#[85]">&gt;&gt;</a>&nbsp;&nbsp;&nbsp;motor1_ForwardRun
<LI><a href="#[87]">&gt;&gt;</a>&nbsp;&nbsp;&nbsp;motor1_BackwardRun
<LI><a href="#[a4]">&gt;&gt;</a>&nbsp;&nbsp;&nbsp;GPIO_SetBits
<LI><a href="#[88]">&gt;&gt;</a>&nbsp;&nbsp;&nbsp;delay_DelayMs
</UL>
<BR>[Called By]<UL><LI><a href="#[5b]">&gt;&gt;</a>&nbsp;&nbsp;&nbsp;main
</UL>

<P><STRONG><a name="[f0]"></a>UpdateDataFromSavedData</STRONG> (Thumb, 2 bytes, Stack size 0 bytes, main_70.o(.text))
<BR><BR>[Called By]<UL><LI><a href="#[5b]">&gt;&gt;</a>&nbsp;&nbsp;&nbsp;main
</UL>

<P><STRONG><a name="[c4]"></a>InitDMA</STRONG> (Thumb, 62 bytes, Stack size 8 bytes, main_70.o(.text))
<BR><BR>[Stack]<UL><LI>Max Depth = 16<LI>Call Chain = InitDMA &rArr; DMA_Init
</UL>
<BR>[Calls]<UL><LI><a href="#[c6]">&gt;&gt;</a>&nbsp;&nbsp;&nbsp;DMA_Init
<LI><a href="#[c5]">&gt;&gt;</a>&nbsp;&nbsp;&nbsp;DMA_DeInit
</UL>
<BR>[Called By]<UL><LI><a href="#[c7]">&gt;&gt;</a>&nbsp;&nbsp;&nbsp;adc_init
</UL>

<P><STRONG><a name="[c7]"></a>adc_init</STRONG> (Thumb, 476 bytes, Stack size 32 bytes, main_70.o(.text))
<BR><BR>[Stack]<UL><LI>Max Depth = 56<LI>Call Chain = adc_init &rArr; GPIO_Init
</UL>
<BR>[Calls]<UL><LI><a href="#[c8]">&gt;&gt;</a>&nbsp;&nbsp;&nbsp;RCC_APB2PeriphClockCmd
<LI><a href="#[c9]">&gt;&gt;</a>&nbsp;&nbsp;&nbsp;RCC_AHBPeriphClockCmd
<LI><a href="#[cb]">&gt;&gt;</a>&nbsp;&nbsp;&nbsp;NVIC_Init
<LI><a href="#[ca]">&gt;&gt;</a>&nbsp;&nbsp;&nbsp;GPIO_Init
<LI><a href="#[bf]">&gt;&gt;</a>&nbsp;&nbsp;&nbsp;DMA_ITConfig
<LI><a href="#[d6]">&gt;&gt;</a>&nbsp;&nbsp;&nbsp;DMA_Cmd
<LI><a href="#[bd]">&gt;&gt;</a>&nbsp;&nbsp;&nbsp;DMA_ClearFlag
<LI><a href="#[d3]">&gt;&gt;</a>&nbsp;&nbsp;&nbsp;ADC_StartCalibration
<LI><a href="#[d1]">&gt;&gt;</a>&nbsp;&nbsp;&nbsp;ADC_ResetCalibration
<LI><a href="#[ce]">&gt;&gt;</a>&nbsp;&nbsp;&nbsp;ADC_RegularChannelConfig
<LI><a href="#[cd]">&gt;&gt;</a>&nbsp;&nbsp;&nbsp;ADC_Init
<LI><a href="#[d2]">&gt;&gt;</a>&nbsp;&nbsp;&nbsp;ADC_GetResetCalibrationStatus
<LI><a href="#[d4]">&gt;&gt;</a>&nbsp;&nbsp;&nbsp;ADC_GetCalibrationStatus
<LI><a href="#[cf]">&gt;&gt;</a>&nbsp;&nbsp;&nbsp;ADC_ExternalTrigConvCmd
<LI><a href="#[cc]">&gt;&gt;</a>&nbsp;&nbsp;&nbsp;ADC_DeInit
<LI><a href="#[d5]">&gt;&gt;</a>&nbsp;&nbsp;&nbsp;ADC_DMACmd
<LI><a href="#[d0]">&gt;&gt;</a>&nbsp;&nbsp;&nbsp;ADC_Cmd
<LI><a href="#[c4]">&gt;&gt;</a>&nbsp;&nbsp;&nbsp;InitDMA
</UL>
<BR>[Called By]<UL><LI><a href="#[e4]">&gt;&gt;</a>&nbsp;&nbsp;&nbsp;MainInit
</UL>

<P><STRONG><a name="[d7]"></a>tim_init</STRONG> (Thumb, 268 bytes, Stack size 24 bytes, main_70.o(.text))
<BR><BR>[Stack]<UL><LI>Max Depth = 40<LI>Call Chain = tim_init &rArr; NVIC_Init
</UL>
<BR>[Calls]<UL><LI><a href="#[d9]">&gt;&gt;</a>&nbsp;&nbsp;&nbsp;TIM_TimeBaseInit
<LI><a href="#[da]">&gt;&gt;</a>&nbsp;&nbsp;&nbsp;TIM_ITConfig
<LI><a href="#[db]">&gt;&gt;</a>&nbsp;&nbsp;&nbsp;TIM_Cmd
<LI><a href="#[d8]">&gt;&gt;</a>&nbsp;&nbsp;&nbsp;RCC_APB1PeriphClockCmd
<LI><a href="#[cb]">&gt;&gt;</a>&nbsp;&nbsp;&nbsp;NVIC_Init
</UL>
<BR>[Called By]<UL><LI><a href="#[e4]">&gt;&gt;</a>&nbsp;&nbsp;&nbsp;MainInit
</UL>

<P><STRONG><a name="[dc]"></a>InitGpioInMain</STRONG> (Thumb, 372 bytes, Stack size 8 bytes, main_70.o(.text))
<BR><BR>[Stack]<UL><LI>Max Depth = 32<LI>Call Chain = InitGpioInMain &rArr; GPIO_Init
</UL>
<BR>[Calls]<UL><LI><a href="#[a4]">&gt;&gt;</a>&nbsp;&nbsp;&nbsp;GPIO_SetBits
<LI><a href="#[a5]">&gt;&gt;</a>&nbsp;&nbsp;&nbsp;GPIO_ResetBits
<LI><a href="#[dd]">&gt;&gt;</a>&nbsp;&nbsp;&nbsp;GPIO_PinRemapConfig
<LI><a href="#[ca]">&gt;&gt;</a>&nbsp;&nbsp;&nbsp;GPIO_Init
<LI><a href="#[b8]">&gt;&gt;</a>&nbsp;&nbsp;&nbsp;set4051Chanel
</UL>
<BR>[Called By]<UL><LI><a href="#[e4]">&gt;&gt;</a>&nbsp;&nbsp;&nbsp;MainInit
</UL>

<P><STRONG><a name="[e3]"></a>InitUserWorkPara</STRONG> (Thumb, 96 bytes, Stack size 0 bytes, main_70.o(.text))
<BR><BR>[Called By]<UL><LI><a href="#[e4]">&gt;&gt;</a>&nbsp;&nbsp;&nbsp;MainInit
<LI><a href="#[e1]">&gt;&gt;</a>&nbsp;&nbsp;&nbsp;InitAllPara
</UL>

<P><STRONG><a name="[e2]"></a>InitMachineWorkPara</STRONG> (Thumb, 192 bytes, Stack size 0 bytes, main_70.o(.text))
<BR><BR>[Called By]<UL><LI><a href="#[e4]">&gt;&gt;</a>&nbsp;&nbsp;&nbsp;MainInit
<LI><a href="#[e1]">&gt;&gt;</a>&nbsp;&nbsp;&nbsp;InitAllPara
</UL>

<P><STRONG><a name="[df]"></a>InitMotorMuBiaoSpeed</STRONG> (Thumb, 24 bytes, Stack size 0 bytes, main_70.o(.text))
<BR><BR>[Called By]<UL><LI><a href="#[102]">&gt;&gt;</a>&nbsp;&nbsp;&nbsp;adjustMotorSpeed
<LI><a href="#[de]">&gt;&gt;</a>&nbsp;&nbsp;&nbsp;InitMotorSpeedData
</UL>

<P><STRONG><a name="[de]"></a>InitMotorSpeedData</STRONG> (Thumb, 46 bytes, Stack size 4 bytes, main_70.o(.text))
<BR><BR>[Stack]<UL><LI>Max Depth = 4<LI>Call Chain = InitMotorSpeedData
</UL>
<BR>[Calls]<UL><LI><a href="#[df]">&gt;&gt;</a>&nbsp;&nbsp;&nbsp;InitMotorMuBiaoSpeed
</UL>
<BR>[Called By]<UL><LI><a href="#[e0]">&gt;&gt;</a>&nbsp;&nbsp;&nbsp;InitAdjustPara
</UL>

<P><STRONG><a name="[e0]"></a>InitAdjustPara</STRONG> (Thumb, 48 bytes, Stack size 8 bytes, main_70.o(.text))
<BR><BR>[Stack]<UL><LI>Max Depth = 12 + Unknown Stack Size
<LI>Call Chain = InitAdjustPara &rArr; InitMotorSpeedData
</UL>
<BR>[Calls]<UL><LI><a href="#[de]">&gt;&gt;</a>&nbsp;&nbsp;&nbsp;InitMotorSpeedData
<LI><a href="#[79]">&gt;&gt;</a>&nbsp;&nbsp;&nbsp;__aeabi_memclr
<LI><a href="#[a8]">&gt;&gt;</a>&nbsp;&nbsp;&nbsp;__aeabi_memset
</UL>
<BR>[Called By]<UL><LI><a href="#[e1]">&gt;&gt;</a>&nbsp;&nbsp;&nbsp;InitAllPara
</UL>

<P><STRONG><a name="[e1]"></a>InitAllPara</STRONG> (Thumb, 16 bytes, Stack size 8 bytes, main_70.o(.text))
<BR><BR>[Stack]<UL><LI>Max Depth = 20 + Unknown Stack Size
<LI>Call Chain = InitAllPara &rArr; InitAdjustPara &rArr; InitMotorSpeedData
</UL>
<BR>[Calls]<UL><LI><a href="#[e0]">&gt;&gt;</a>&nbsp;&nbsp;&nbsp;InitAdjustPara
<LI><a href="#[e2]">&gt;&gt;</a>&nbsp;&nbsp;&nbsp;InitMachineWorkPara
<LI><a href="#[e3]">&gt;&gt;</a>&nbsp;&nbsp;&nbsp;InitUserWorkPara
</UL>
<BR>[Called By]<UL><LI><a href="#[e4]">&gt;&gt;</a>&nbsp;&nbsp;&nbsp;MainInit
</UL>

<P><STRONG><a name="[e4]"></a>MainInit</STRONG> (Thumb, 286 bytes, Stack size 16 bytes, main_70.o(.text))
<BR><BR>[Stack]<UL><LI>Max Depth = 128 + Unknown Stack Size
<LI>Call Chain = MainInit &rArr; uart_Init &rArr; USART_Init &rArr; RCC_GetClocksFreq
</UL>
<BR>[Calls]<UL><LI><a href="#[e9]">&gt;&gt;</a>&nbsp;&nbsp;&nbsp;uart_Init
<LI><a href="#[ed]">&gt;&gt;</a>&nbsp;&nbsp;&nbsp;motor_Init
<LI><a href="#[4a]">&gt;&gt;</a>&nbsp;&nbsp;&nbsp;SystemInit
<LI><a href="#[e7]">&gt;&gt;</a>&nbsp;&nbsp;&nbsp;RCC_PCLK2Config
<LI><a href="#[e6]">&gt;&gt;</a>&nbsp;&nbsp;&nbsp;RCC_PCLK1Config
<LI><a href="#[c8]">&gt;&gt;</a>&nbsp;&nbsp;&nbsp;RCC_APB2PeriphClockCmd
<LI><a href="#[e8]">&gt;&gt;</a>&nbsp;&nbsp;&nbsp;RCC_ADCCLKConfig
<LI><a href="#[e5]">&gt;&gt;</a>&nbsp;&nbsp;&nbsp;NVIC_SetVectorTable
<LI><a href="#[cb]">&gt;&gt;</a>&nbsp;&nbsp;&nbsp;NVIC_Init
<LI><a href="#[ee]">&gt;&gt;</a>&nbsp;&nbsp;&nbsp;GPIO_EXTILineConfig
<LI><a href="#[ef]">&gt;&gt;</a>&nbsp;&nbsp;&nbsp;EXTI_Init
<LI><a href="#[e1]">&gt;&gt;</a>&nbsp;&nbsp;&nbsp;InitAllPara
<LI><a href="#[e2]">&gt;&gt;</a>&nbsp;&nbsp;&nbsp;InitMachineWorkPara
<LI><a href="#[e3]">&gt;&gt;</a>&nbsp;&nbsp;&nbsp;InitUserWorkPara
<LI><a href="#[dc]">&gt;&gt;</a>&nbsp;&nbsp;&nbsp;InitGpioInMain
<LI><a href="#[d7]">&gt;&gt;</a>&nbsp;&nbsp;&nbsp;tim_init
<LI><a href="#[c7]">&gt;&gt;</a>&nbsp;&nbsp;&nbsp;adc_init
<LI><a href="#[74]">&gt;&gt;</a>&nbsp;&nbsp;&nbsp;flash_SaveUpdateFlag
<LI><a href="#[6f]">&gt;&gt;</a>&nbsp;&nbsp;&nbsp;eeprom_SaveData
<LI><a href="#[ec]">&gt;&gt;</a>&nbsp;&nbsp;&nbsp;eeprom_ReadData
<LI><a href="#[eb]">&gt;&gt;</a>&nbsp;&nbsp;&nbsp;eeprom_Init
<LI><a href="#[61]">&gt;&gt;</a>&nbsp;&nbsp;&nbsp;fifo_Init
<LI><a href="#[ea]">&gt;&gt;</a>&nbsp;&nbsp;&nbsp;delay_Init
</UL>
<BR>[Called By]<UL><LI><a href="#[5b]">&gt;&gt;</a>&nbsp;&nbsp;&nbsp;main
</UL>

<P><STRONG><a name="[5b]"></a>main</STRONG> (Thumb, 442 bytes, Stack size 0 bytes, main_70.o(.text))
<BR><BR>[Stack]<UL><LI>Max Depth = 248 + Unknown Stack Size
<LI>Call Chain = main &rArr; DealNotePass &rArr; billIrad_Judge &rArr; exp &rArr; __kernel_poly &rArr; __aeabi_dmul
</UL>
<BR>[Calls]<UL><LI><a href="#[86]">&gt;&gt;</a>&nbsp;&nbsp;&nbsp;motor1_Stop
<LI><a href="#[87]">&gt;&gt;</a>&nbsp;&nbsp;&nbsp;motor1_BackwardRun
<LI><a href="#[83]">&gt;&gt;</a>&nbsp;&nbsp;&nbsp;disp_string
<LI><a href="#[80]">&gt;&gt;</a>&nbsp;&nbsp;&nbsp;disp_setPenColor
<LI><a href="#[82]">&gt;&gt;</a>&nbsp;&nbsp;&nbsp;disp_setFont
<LI><a href="#[81]">&gt;&gt;</a>&nbsp;&nbsp;&nbsp;disp_setBackColor
<LI><a href="#[98]">&gt;&gt;</a>&nbsp;&nbsp;&nbsp;disp_clearScreen
<LI><a href="#[a4]">&gt;&gt;</a>&nbsp;&nbsp;&nbsp;GPIO_SetBits
<LI><a href="#[a5]">&gt;&gt;</a>&nbsp;&nbsp;&nbsp;GPIO_ResetBits
<LI><a href="#[e4]">&gt;&gt;</a>&nbsp;&nbsp;&nbsp;MainInit
<LI><a href="#[f0]">&gt;&gt;</a>&nbsp;&nbsp;&nbsp;UpdateDataFromSavedData
<LI><a href="#[c3]">&gt;&gt;</a>&nbsp;&nbsp;&nbsp;SystemSelfcheck
<LI><a href="#[c2]">&gt;&gt;</a>&nbsp;&nbsp;&nbsp;DealScanEnteracneSensor
<LI><a href="#[c1]">&gt;&gt;</a>&nbsp;&nbsp;&nbsp;DispAutoRefreshMenu
<LI><a href="#[b1]">&gt;&gt;</a>&nbsp;&nbsp;&nbsp;DealNotePass
<LI><a href="#[a9]">&gt;&gt;</a>&nbsp;&nbsp;&nbsp;computeAdjustData
<LI><a href="#[a2]">&gt;&gt;</a>&nbsp;&nbsp;&nbsp;DealPackageFromUart3
<LI><a href="#[a6]">&gt;&gt;</a>&nbsp;&nbsp;&nbsp;LongBeep
<LI><a href="#[9a]">&gt;&gt;</a>&nbsp;&nbsp;&nbsp;DealKeyDown
<LI><a href="#[95]">&gt;&gt;</a>&nbsp;&nbsp;&nbsp;SetSystemState
<LI><a href="#[93]">&gt;&gt;</a>&nbsp;&nbsp;&nbsp;ClearAllNoteNum
<LI><a href="#[92]">&gt;&gt;</a>&nbsp;&nbsp;&nbsp;DispMainMenu
<LI><a href="#[90]">&gt;&gt;</a>&nbsp;&nbsp;&nbsp;DispFunInfo
<LI><a href="#[89]">&gt;&gt;</a>&nbsp;&nbsp;&nbsp;DispJamInfo
<LI><a href="#[88]">&gt;&gt;</a>&nbsp;&nbsp;&nbsp;delay_DelayMs
<LI><a href="#[a7]">&gt;&gt;</a>&nbsp;&nbsp;&nbsp;__aeabi_memcpy
</UL>
<BR>[Called By]<UL><LI><a href="#[5a]">&gt;&gt;</a>&nbsp;&nbsp;&nbsp;__rt_entry_main
</UL>

<P><STRONG><a name="[f1]"></a>ScanKeyDown</STRONG> (Thumb, 302 bytes, Stack size 8 bytes, main_70.o(.text))
<BR><BR>[Stack]<UL><LI>Max Depth = 20<LI>Call Chain = ScanKeyDown &rArr; fifo_DataIn
</UL>
<BR>[Calls]<UL><LI><a href="#[a6]">&gt;&gt;</a>&nbsp;&nbsp;&nbsp;LongBeep
<LI><a href="#[7d]">&gt;&gt;</a>&nbsp;&nbsp;&nbsp;readKey
<LI><a href="#[f2]">&gt;&gt;</a>&nbsp;&nbsp;&nbsp;fifo_DataIn
</UL>
<BR>[Called By]<UL><LI><a href="#[29]">&gt;&gt;</a>&nbsp;&nbsp;&nbsp;TIM2_IRQHandler
</UL>

<P><STRONG><a name="[f3]"></a>GetAdjustedData</STRONG> (Thumb, 116 bytes, Stack size 32 bytes, main_70.o(.text))
<BR><BR>[Stack]<UL><LI>Max Depth = 64<LI>Call Chain = GetAdjustedData &rArr; __aeabi_cdcmple
</UL>
<BR>[Calls]<UL><LI><a href="#[ae]">&gt;&gt;</a>&nbsp;&nbsp;&nbsp;__aeabi_fmul
<LI><a href="#[aa]">&gt;&gt;</a>&nbsp;&nbsp;&nbsp;__aeabi_ui2f
<LI><a href="#[f8]">&gt;&gt;</a>&nbsp;&nbsp;&nbsp;__aeabi_f2uiz
<LI><a href="#[f4]">&gt;&gt;</a>&nbsp;&nbsp;&nbsp;__aeabi_fadd
<LI><a href="#[f5]">&gt;&gt;</a>&nbsp;&nbsp;&nbsp;__aeabi_f2d
<LI><a href="#[f7]">&gt;&gt;</a>&nbsp;&nbsp;&nbsp;__aeabi_cdrcmple
<LI><a href="#[f6]">&gt;&gt;</a>&nbsp;&nbsp;&nbsp;__aeabi_cdcmple
</UL>
<BR>[Called By]<UL><LI><a href="#[117]">&gt;&gt;</a>&nbsp;&nbsp;&nbsp;DealLengthIrINT
</UL>

<P><STRONG><a name="[f9]"></a>GetCertainStrFromLongStr</STRONG> (Thumb, 350 bytes, Stack size 64 bytes, main_70.o(.text), UNUSED)
<BR><BR>[Calls]<UL><LI><a href="#[76]">&gt;&gt;</a>&nbsp;&nbsp;&nbsp;__aeabi_memclr4
<LI><a href="#[a7]">&gt;&gt;</a>&nbsp;&nbsp;&nbsp;__aeabi_memcpy
<LI><a href="#[9e]">&gt;&gt;</a>&nbsp;&nbsp;&nbsp;strlen
</UL>

<P><STRONG><a name="[fa]"></a>DispClassicBar</STRONG> (Thumb, 78 bytes, Stack size 16 bytes, main_70.o(.text), UNUSED)
<BR><BR>[Calls]<UL><LI><a href="#[fb]">&gt;&gt;</a>&nbsp;&nbsp;&nbsp;disp_drawRectangle
</UL>

<P><STRONG><a name="[fe]"></a>U16ToTimeStr</STRONG> (Thumb, 80 bytes, Stack size 12 bytes, main_70.o(.text), UNUSED)
<BR><BR>[Called By]<UL><LI><a href="#[104]">&gt;&gt;</a>&nbsp;&nbsp;&nbsp;dispSelfcheckError
<LI><a href="#[fc]">&gt;&gt;</a>&nbsp;&nbsp;&nbsp;outputJudgeRlt
</UL>

<P><STRONG><a name="[fd]"></a>U16ToStr04</STRONG> (Thumb, 198 bytes, Stack size 8 bytes, main_70.o(.text), UNUSED)
<BR><BR>[Called By]<UL><LI><a href="#[fc]">&gt;&gt;</a>&nbsp;&nbsp;&nbsp;outputJudgeRlt
</UL>

<P><STRONG><a name="[fc]"></a>outputJudgeRlt</STRONG> (Thumb, 134 bytes, Stack size 8 bytes, main_70.o(.text), UNUSED)
<BR><BR>[Calls]<UL><LI><a href="#[fd]">&gt;&gt;</a>&nbsp;&nbsp;&nbsp;U16ToStr04
<LI><a href="#[fe]">&gt;&gt;</a>&nbsp;&nbsp;&nbsp;U16ToTimeStr
<LI><a href="#[9d]">&gt;&gt;</a>&nbsp;&nbsp;&nbsp;DispString
</UL>

<P><STRONG><a name="[ff]"></a>BatchMotorStop</STRONG> (Thumb, 24 bytes, Stack size 8 bytes, main_70.o(.text), UNUSED)
<BR><BR>[Calls]<UL><LI><a href="#[100]">&gt;&gt;</a>&nbsp;&nbsp;&nbsp;motor1_Break
<LI><a href="#[a6]">&gt;&gt;</a>&nbsp;&nbsp;&nbsp;LongBeep
<LI><a href="#[95]">&gt;&gt;</a>&nbsp;&nbsp;&nbsp;SetSystemState
<LI><a href="#[8f]">&gt;&gt;</a>&nbsp;&nbsp;&nbsp;DispNoteNumValSum
</UL>

<P><STRONG><a name="[101]"></a>JudgeMotorStop</STRONG> (Thumb, 20 bytes, Stack size 8 bytes, main_70.o(.text), UNUSED)
<BR><BR>[Calls]<UL><LI><a href="#[100]">&gt;&gt;</a>&nbsp;&nbsp;&nbsp;motor1_Break
<LI><a href="#[a6]">&gt;&gt;</a>&nbsp;&nbsp;&nbsp;LongBeep
<LI><a href="#[95]">&gt;&gt;</a>&nbsp;&nbsp;&nbsp;SetSystemState
</UL>

<P><STRONG><a name="[102]"></a>adjustMotorSpeed</STRONG> (Thumb, 232 bytes, Stack size 8 bytes, main_70.o(.text), UNUSED)
<BR><BR>[Calls]<UL><LI><a href="#[86]">&gt;&gt;</a>&nbsp;&nbsp;&nbsp;motor1_Stop
<LI><a href="#[103]">&gt;&gt;</a>&nbsp;&nbsp;&nbsp;motor1_SetSpeed
<LI><a href="#[85]">&gt;&gt;</a>&nbsp;&nbsp;&nbsp;motor1_ForwardRun
<LI><a href="#[87]">&gt;&gt;</a>&nbsp;&nbsp;&nbsp;motor1_BackwardRun
<LI><a href="#[df]">&gt;&gt;</a>&nbsp;&nbsp;&nbsp;InitMotorMuBiaoSpeed
<LI><a href="#[6f]">&gt;&gt;</a>&nbsp;&nbsp;&nbsp;eeprom_SaveData
<LI><a href="#[88]">&gt;&gt;</a>&nbsp;&nbsp;&nbsp;delay_DelayMs
</UL>

<P><STRONG><a name="[104]"></a>dispSelfcheckError</STRONG> (Thumb, 26 bytes, Stack size 8 bytes, main_70.o(.text), UNUSED)
<BR><BR>[Calls]<UL><LI><a href="#[fe]">&gt;&gt;</a>&nbsp;&nbsp;&nbsp;U16ToTimeStr
</UL>

<P><STRONG><a name="[1e2]"></a>U8ToStrNoSpace</STRONG> (Thumb, 134 bytes, Stack size 0 bytes, main_70.o(.text), UNUSED)

<P><STRONG><a name="[1e3]"></a>U32ToStr</STRONG> (Thumb, 78 bytes, Stack size 12 bytes, main_70.o(.text), UNUSED)

<P><STRONG><a name="[105]"></a>DealJamAtOnce</STRONG> (Thumb, 124 bytes, Stack size 8 bytes, main_70.o(.text))
<BR><BR>[Stack]<UL><LI>Max Depth = 20<LI>Call Chain = DealJamAtOnce &rArr; U16ToStr
</UL>
<BR>[Calls]<UL><LI><a href="#[86]">&gt;&gt;</a>&nbsp;&nbsp;&nbsp;motor1_Stop
<LI><a href="#[a4]">&gt;&gt;</a>&nbsp;&nbsp;&nbsp;GPIO_SetBits
<LI><a href="#[a5]">&gt;&gt;</a>&nbsp;&nbsp;&nbsp;GPIO_ResetBits
<LI><a href="#[a6]">&gt;&gt;</a>&nbsp;&nbsp;&nbsp;LongBeep
<LI><a href="#[95]">&gt;&gt;</a>&nbsp;&nbsp;&nbsp;SetSystemState
<LI><a href="#[8a]">&gt;&gt;</a>&nbsp;&nbsp;&nbsp;U16ToStr
</UL>
<BR>[Called By]<UL><LI><a href="#[24]">&gt;&gt;</a>&nbsp;&nbsp;&nbsp;EXTI9_5_IRQHandler
<LI><a href="#[29]">&gt;&gt;</a>&nbsp;&nbsp;&nbsp;TIM2_IRQHandler
</UL>

<P><STRONG><a name="[107]"></a>Sqrt</STRONG> (Thumb, 120 bytes, Stack size 20 bytes, main_70.o(.text), UNUSED)
<BR><BR>[Called By]<UL><LI><a href="#[106]">&gt;&gt;</a>&nbsp;&nbsp;&nbsp;ComputeWidth
</UL>

<P><STRONG><a name="[106]"></a>ComputeWidth</STRONG> (Thumb, 24 bytes, Stack size 16 bytes, main_70.o(.text), UNUSED)
<BR><BR>[Calls]<UL><LI><a href="#[107]">&gt;&gt;</a>&nbsp;&nbsp;&nbsp;Sqrt
</UL>

<P><STRONG><a name="[108]"></a>SetSmpleRatioTimer</STRONG> (Thumb, 214 bytes, Stack size 32 bytes, main_70.o(.text))
<BR><BR>[Stack]<UL><LI>Max Depth = 48<LI>Call Chain = SetSmpleRatioTimer &rArr; NVIC_Init
</UL>
<BR>[Calls]<UL><LI><a href="#[d9]">&gt;&gt;</a>&nbsp;&nbsp;&nbsp;TIM_TimeBaseInit
<LI><a href="#[da]">&gt;&gt;</a>&nbsp;&nbsp;&nbsp;TIM_ITConfig
<LI><a href="#[db]">&gt;&gt;</a>&nbsp;&nbsp;&nbsp;TIM_Cmd
<LI><a href="#[d8]">&gt;&gt;</a>&nbsp;&nbsp;&nbsp;RCC_APB1PeriphClockCmd
<LI><a href="#[cb]">&gt;&gt;</a>&nbsp;&nbsp;&nbsp;NVIC_Init
</UL>
<BR>[Called By]<UL><LI><a href="#[103]">&gt;&gt;</a>&nbsp;&nbsp;&nbsp;motor1_SetSpeed
</UL>

<P><STRONG><a name="[109]"></a>ToggleJinChaoFaShe</STRONG> (Thumb, 54 bytes, Stack size 8 bytes, main_70.o(.text))
<BR><BR>[Stack]<UL><LI>Max Depth = 8<LI>Call Chain = ToggleJinChaoFaShe
</UL>
<BR>[Calls]<UL><LI><a href="#[a5]">&gt;&gt;</a>&nbsp;&nbsp;&nbsp;GPIO_ResetBits
</UL>
<BR>[Called By]<UL><LI><a href="#[c]">&gt;&gt;</a>&nbsp;&nbsp;&nbsp;SysTick_Handler
</UL>

<P><STRONG><a name="[10a]"></a>RunProgramme</STRONG> (Thumb, 44 bytes, Stack size 8 bytes, main_70.o(.text), UNUSED)
<BR><BR>[Calls]<UL><LI><a href="#[10b]">&gt;&gt;</a>&nbsp;&nbsp;&nbsp;__set_MSP
</UL>

<P><STRONG><a name="[4]"></a>NMI_Handler</STRONG> (Thumb, 2 bytes, Stack size 0 bytes, main_70.o(.text))
<BR>[Address Reference Count : 1]<UL><LI> startup_stm32f10x_cl.o(RESET)
</UL>
<P><STRONG><a name="[5]"></a>HardFault_Handler</STRONG> (Thumb, 4 bytes, Stack size 0 bytes, main_70.o(.text))
<BR>[Address Reference Count : 1]<UL><LI> startup_stm32f10x_cl.o(RESET)
</UL>
<P><STRONG><a name="[6]"></a>MemManage_Handler</STRONG> (Thumb, 4 bytes, Stack size 0 bytes, main_70.o(.text))
<BR>[Address Reference Count : 1]<UL><LI> startup_stm32f10x_cl.o(RESET)
</UL>
<P><STRONG><a name="[7]"></a>BusFault_Handler</STRONG> (Thumb, 4 bytes, Stack size 0 bytes, main_70.o(.text))
<BR>[Address Reference Count : 1]<UL><LI> startup_stm32f10x_cl.o(RESET)
</UL>
<P><STRONG><a name="[8]"></a>UsageFault_Handler</STRONG> (Thumb, 4 bytes, Stack size 0 bytes, main_70.o(.text))
<BR>[Address Reference Count : 1]<UL><LI> startup_stm32f10x_cl.o(RESET)
</UL>
<P><STRONG><a name="[9]"></a>SVC_Handler</STRONG> (Thumb, 2 bytes, Stack size 0 bytes, main_70.o(.text))
<BR>[Address Reference Count : 1]<UL><LI> startup_stm32f10x_cl.o(RESET)
</UL>
<P><STRONG><a name="[a]"></a>DebugMon_Handler</STRONG> (Thumb, 2 bytes, Stack size 0 bytes, main_70.o(.text))
<BR>[Address Reference Count : 1]<UL><LI> startup_stm32f10x_cl.o(RESET)
</UL>
<P><STRONG><a name="[b]"></a>PendSV_Handler</STRONG> (Thumb, 2 bytes, Stack size 0 bytes, main_70.o(.text))
<BR>[Address Reference Count : 1]<UL><LI> startup_stm32f10x_cl.o(RESET)
</UL>
<P><STRONG><a name="[c]"></a>SysTick_Handler</STRONG> (Thumb, 508 bytes, Stack size 8 bytes, main_70.o(.text))
<BR><BR>[Stack]<UL><LI>Max Depth = 16<LI>Call Chain = SysTick_Handler &rArr; ToggleJinChaoFaShe
</UL>
<BR>[Calls]<UL><LI><a href="#[86]">&gt;&gt;</a>&nbsp;&nbsp;&nbsp;motor1_Stop
<LI><a href="#[109]">&gt;&gt;</a>&nbsp;&nbsp;&nbsp;ToggleJinChaoFaShe
</UL>
<BR>[Address Reference Count : 1]<UL><LI> startup_stm32f10x_cl.o(RESET)
</UL>
<P><STRONG><a name="[32]"></a>USART1_IRQHandler</STRONG> (Thumb, 82 bytes, Stack size 8 bytes, main_70.o(.text))
<BR><BR>[Stack]<UL><LI>Max Depth = 28<LI>Call Chain = USART1_IRQHandler &rArr; USART_ITConfig
</UL>
<BR>[Calls]<UL><LI><a href="#[10f]">&gt;&gt;</a>&nbsp;&nbsp;&nbsp;USART_SendData
<LI><a href="#[10d]">&gt;&gt;</a>&nbsp;&nbsp;&nbsp;USART_ReceiveData
<LI><a href="#[110]">&gt;&gt;</a>&nbsp;&nbsp;&nbsp;USART_ITConfig
<LI><a href="#[10c]">&gt;&gt;</a>&nbsp;&nbsp;&nbsp;USART_GetFlagStatus
<LI><a href="#[10e]">&gt;&gt;</a>&nbsp;&nbsp;&nbsp;uart1outfifo_DataOut
<LI><a href="#[67]">&gt;&gt;</a>&nbsp;&nbsp;&nbsp;uart1infifo_DataIn
</UL>
<BR>[Address Reference Count : 1]<UL><LI> startup_stm32f10x_cl.o(RESET)
</UL>
<P><STRONG><a name="[34]"></a>USART3_IRQHandler</STRONG> (Thumb, 82 bytes, Stack size 8 bytes, main_70.o(.text))
<BR><BR>[Stack]<UL><LI>Max Depth = 28<LI>Call Chain = USART3_IRQHandler &rArr; USART_ITConfig
</UL>
<BR>[Calls]<UL><LI><a href="#[10f]">&gt;&gt;</a>&nbsp;&nbsp;&nbsp;USART_SendData
<LI><a href="#[10d]">&gt;&gt;</a>&nbsp;&nbsp;&nbsp;USART_ReceiveData
<LI><a href="#[110]">&gt;&gt;</a>&nbsp;&nbsp;&nbsp;USART_ITConfig
<LI><a href="#[10c]">&gt;&gt;</a>&nbsp;&nbsp;&nbsp;USART_GetFlagStatus
<LI><a href="#[112]">&gt;&gt;</a>&nbsp;&nbsp;&nbsp;uart3outfifo_DataOut
<LI><a href="#[111]">&gt;&gt;</a>&nbsp;&nbsp;&nbsp;uart3infifo_DataIn
</UL>
<BR>[Address Reference Count : 1]<UL><LI> startup_stm32f10x_cl.o(RESET)
</UL>
<P><STRONG><a name="[2b]"></a>TIM4_IRQHandler</STRONG> (Thumb, 104 bytes, Stack size 8 bytes, main_70.o(.text))
<BR><BR>[Stack]<UL><LI>Max Depth = 16<LI>Call Chain = TIM4_IRQHandler &rArr; ADOneTime2
</UL>
<BR>[Calls]<UL><LI><a href="#[86]">&gt;&gt;</a>&nbsp;&nbsp;&nbsp;motor1_Stop
<LI><a href="#[113]">&gt;&gt;</a>&nbsp;&nbsp;&nbsp;TIM_GetFlagStatus
<LI><a href="#[114]">&gt;&gt;</a>&nbsp;&nbsp;&nbsp;TIM_ClearFlag
<LI><a href="#[b9]">&gt;&gt;</a>&nbsp;&nbsp;&nbsp;ADOneTime2
</UL>
<BR>[Address Reference Count : 1]<UL><LI> startup_stm32f10x_cl.o(RESET)
</UL>
<P><STRONG><a name="[116]"></a>isLengthIrHaveNote</STRONG> (Thumb, 76 bytes, Stack size 8 bytes, main_70.o(.text))
<BR><BR>[Stack]<UL><LI>Max Depth = 8<LI>Call Chain = isLengthIrHaveNote
</UL>
<BR>[Called By]<UL><LI><a href="#[115]">&gt;&gt;</a>&nbsp;&nbsp;&nbsp;DealPS2INT
</UL>

<P><STRONG><a name="[118]"></a>DealPS1INT</STRONG> (Thumb, 578 bytes, Stack size 0 bytes, main_70.o(.text))
<BR><BR>[Called By]<UL><LI><a href="#[18]">&gt;&gt;</a>&nbsp;&nbsp;&nbsp;DMA1_Channel1_IRQHandler
</UL>

<P><STRONG><a name="[115]"></a>DealPS2INT</STRONG> (Thumb, 352 bytes, Stack size 8 bytes, main_70.o(.text))
<BR><BR>[Stack]<UL><LI>Max Depth = 16<LI>Call Chain = DealPS2INT &rArr; isLengthIrHaveNote
</UL>
<BR>[Calls]<UL><LI><a href="#[85]">&gt;&gt;</a>&nbsp;&nbsp;&nbsp;motor1_ForwardRun
<LI><a href="#[116]">&gt;&gt;</a>&nbsp;&nbsp;&nbsp;isLengthIrHaveNote
</UL>
<BR>[Called By]<UL><LI><a href="#[18]">&gt;&gt;</a>&nbsp;&nbsp;&nbsp;DMA1_Channel1_IRQHandler
</UL>

<P><STRONG><a name="[119]"></a>DealPS3INT</STRONG> (Thumb, 240 bytes, Stack size 0 bytes, main_70.o(.text))
<BR><BR>[Called By]<UL><LI><a href="#[18]">&gt;&gt;</a>&nbsp;&nbsp;&nbsp;DMA1_Channel1_IRQHandler
</UL>

<P><STRONG><a name="[117]"></a>DealLengthIrINT</STRONG> (Thumb, 310 bytes, Stack size 8 bytes, main_70.o(.text))
<BR><BR>[Stack]<UL><LI>Max Depth = 72<LI>Call Chain = DealLengthIrINT &rArr; GetAdjustedData &rArr; __aeabi_cdcmple
</UL>
<BR>[Calls]<UL><LI><a href="#[f3]">&gt;&gt;</a>&nbsp;&nbsp;&nbsp;GetAdjustedData
</UL>
<BR>[Called By]<UL><LI><a href="#[18]">&gt;&gt;</a>&nbsp;&nbsp;&nbsp;DMA1_Channel1_IRQHandler
</UL>

[...]
<LI><a href="#[18f]">&gt;&gt;</a>&nbsp;&nbsp;&nbsp;__aeabi_drsub
<LI><a href="#[135]">&gt;&gt;</a>&nbsp;&nbsp;&nbsp;__aeabi_dadd
</UL>
<BR>[Called By]<UL><LI><a href="#[b4]">&gt;&gt;</a>&nbsp;&nbsp;&nbsp;billRGB_Judge
<LI><a href="#[b3]">&gt;&gt;</a>&nbsp;&nbsp;&nbsp;billIrad_Judge
</UL>

<P><STRONG><a name="[135]"></a>__aeabi_dadd</STRONG> (Thumb, 0 bytes, Stack size 16 bytes, daddsub_clz.o(x$fpl$dadd))
<BR><BR>[Stack]<UL><LI>Max Depth = 16<LI>Call Chain = __aeabi_dadd
</UL>
<BR>[Called By]<UL><LI><a href="#[b4]">&gt;&gt;</a>&nbsp;&nbsp;&nbsp;billRGB_Judge
<LI><a href="#[b3]">&gt;&gt;</a>&nbsp;&nbsp;&nbsp;billIrad_Judge
<LI><a href="#[187]">&gt;&gt;</a>&nbsp;&nbsp;&nbsp;__kernel_poly
<LI><a href="#[136]">&gt;&gt;</a>&nbsp;&nbsp;&nbsp;exp
</UL>

<P><STRONG><a name="[191]"></a>_dadd</STRONG> (Thumb, 332 bytes, Stack size 16 bytes, daddsub_clz.o(x$fpl$dadd), UNUSED)
<BR><BR>[Calls]<UL><LI><a href="#[193]">&gt;&gt;</a>&nbsp;&nbsp;&nbsp;__fpl_dretinf
<LI><a href="#[194]">&gt;&gt;</a>&nbsp;&nbsp;&nbsp;__fpl_dnaninf
<LI><a href="#[192]">&gt;&gt;</a>&nbsp;&nbsp;&nbsp;_dsub1
</UL>

<P><STRONG><a name="[195]"></a>__fpl_dcheck_NaN1</STRONG> (Thumb, 10 bytes, Stack size 0 bytes, dcheck1.o(x$fpl$dcheck1))
<BR><BR>[Calls]<UL><LI><a href="#[196]">&gt;&gt;</a>&nbsp;&nbsp;&nbsp;__fpl_return_NaN
</UL>
<BR>[Called By]<UL><LI><a href="#[18a]">&gt;&gt;</a>&nbsp;&nbsp;&nbsp;__ARM_scalbn
</UL>

<P><STRONG><a name="[19a]"></a>__fpl_dcmp_Inf</STRONG> (Thumb, 24 bytes, Stack size 0 bytes, dcmpi.o(x$fpl$dcmpinf), UNUSED)
<BR><BR>[Called By]<UL><LI><a href="#[199]">&gt;&gt;</a>&nbsp;&nbsp;&nbsp;_dcmple
</UL>

<P><STRONG><a name="[134]"></a>__aeabi_ddiv</STRONG> (Thumb, 0 bytes, Stack size 32 bytes, ddiv.o(x$fpl$ddiv))
<BR><BR>[Stack]<UL><LI>Max Depth = 32<LI>Call Chain = __aeabi_ddiv
</UL>
<BR>[Called By]<UL><LI><a href="#[b4]">&gt;&gt;</a>&nbsp;&nbsp;&nbsp;billRGB_Judge
<LI><a href="#[b3]">&gt;&gt;</a>&nbsp;&nbsp;&nbsp;billIrad_Judge
<LI><a href="#[136]">&gt;&gt;</a>&nbsp;&nbsp;&nbsp;exp
</UL>

<P><STRONG><a name="[197]"></a>_ddiv</STRONG> (Thumb, 552 bytes, Stack size 32 bytes, ddiv.o(x$fpl$ddiv), UNUSED)
<BR><BR>[Calls]<UL><LI><a href="#[193]">&gt;&gt;</a>&nbsp;&nbsp;&nbsp;__fpl_dretinf
<LI><a href="#[194]">&gt;&gt;</a>&nbsp;&nbsp;&nbsp;__fpl_dnaninf
</UL>

<P><STRONG><a name="[18e]"></a>__aeabi_d2iz</STRONG> (Thumb, 0 bytes, Stack size 32 bytes, dfix.o(x$fpl$dfix))
<BR><BR>[Stack]<UL><LI>Max Depth = 32<LI>Call Chain = __aeabi_d2iz
</UL>
<BR>[Called By]<UL><LI><a href="#[136]">&gt;&gt;</a>&nbsp;&nbsp;&nbsp;exp
</UL>

<P><STRONG><a name="[198]"></a>_dfix</STRONG> (Thumb, 94 bytes, Stack size 32 bytes, dfix.o(x$fpl$dfix), UNUSED)
<BR><BR>[Calls]<UL><LI><a href="#[194]">&gt;&gt;</a>&nbsp;&nbsp;&nbsp;__fpl_dnaninf
</UL>

<P><STRONG><a name="[133]"></a>__aeabi_i2d</STRONG> (Thumb, 0 bytes, Stack size 0 bytes, dflt_clz.o(x$fpl$dflt))
<BR><BR>[Called By]<UL><LI><a href="#[b4]">&gt;&gt;</a>&nbsp;&nbsp;&nbsp;billRGB_Judge
<LI><a href="#[b3]">&gt;&gt;</a>&nbsp;&nbsp;&nbsp;billIrad_Judge
<LI><a href="#[136]">&gt;&gt;</a>&nbsp;&nbsp;&nbsp;exp
</UL>

<P><STRONG><a name="[2b8]"></a>_dflt</STRONG> (Thumb, 46 bytes, Stack size 0 bytes, dflt_clz.o(x$fpl$dflt), UNUSED)

<P><STRONG><a name="[f6]"></a>__aeabi_cdcmple</STRONG> (Thumb, 0 bytes, Stack size 32 bytes, dleqf.o(x$fpl$dleqf))
<BR><BR>[Stack]<UL><LI>Max Depth = 32<LI>Call Chain = __aeabi_cdcmple
</UL>
<BR>[Called By]<UL><LI><a href="#[b4]">&gt;&gt;</a>&nbsp;&nbsp;&nbsp;billRGB_Judge
<LI><a href="#[b3]">&gt;&gt;</a>&nbsp;&nbsp;&nbsp;billIrad_Judge
<LI><a href="#[f3]">&gt;&gt;</a>&nbsp;&nbsp;&nbsp;GetAdjustedData
<LI><a href="#[136]">&gt;&gt;</a>&nbsp;&nbsp;&nbsp;exp
</UL>

<P><STRONG><a name="[199]"></a>_dcmple</STRONG> (Thumb, 120 bytes, Stack size 32 bytes, dleqf.o(x$fpl$dleqf), UNUSED)
<BR><BR>[Calls]<UL><LI><a href="#[194]">&gt;&gt;</a>&nbsp;&nbsp;&nbsp;__fpl_dnaninf
<LI><a href="#[19a]">&gt;&gt;</a>&nbsp;&nbsp;&nbsp;__fpl_dcmp_Inf
</UL>

<P><STRONG><a name="[19d]"></a>__fpl_dcmple_InfNaN</STRONG> (Thumb, 0 bytes, Stack size unknown bytes, dleqf.o(x$fpl$dleqf), UNUSED)
<BR><BR>[Called By]<UL><LI><a href="#[19c]">&gt;&gt;</a>&nbsp;&nbsp;&nbsp;_drcmple
</UL>

<P><STRONG><a name="[188]"></a>__aeabi_dmul</STRONG> (Thumb, 0 bytes, Stack size 32 bytes, dmul.o(x$fpl$dmul))
<BR><BR>[Stack]<UL><LI>Max Depth = 32<LI>Call Chain = __aeabi_dmul
</UL>
<BR>[Called By]<UL><LI><a href="#[187]">&gt;&gt;</a>&nbsp;&nbsp;&nbsp;__kernel_poly
<LI><a href="#[136]">&gt;&gt;</a>&nbsp;&nbsp;&nbsp;exp
</UL>

<P><STRONG><a name="[19b]"></a>_dmul</STRONG> (Thumb, 332 bytes, Stack size 32 bytes, dmul.o(x$fpl$dmul), UNUSED)
<BR><BR>[Calls]<UL><LI><a href="#[193]">&gt;&gt;</a>&nbsp;&nbsp;&nbsp;__fpl_dretinf
<LI><a href="#[194]">&gt;&gt;</a>&nbsp;&nbsp;&nbsp;__fpl_dnaninf
</UL>

<P><STRONG><a name="[194]"></a>__fpl_dnaninf</STRONG> (Thumb, 156 bytes, Stack size 16 bytes, dnaninf.o(x$fpl$dnaninf), UNUSED)
<BR><BR>[Called By]<UL><LI><a href="#[19b]">&gt;&gt;</a>&nbsp;&nbsp;&nbsp;_dmul
<LI><a href="#[198]">&gt;&gt;</a>&nbsp;&nbsp;&nbsp;_dfix
<LI><a href="#[199]">&gt;&gt;</a>&nbsp;&nbsp;&nbsp;_dcmple
<LI><a href="#[197]">&gt;&gt;</a>&nbsp;&nbsp;&nbsp;_ddiv
<LI><a href="#[1a0]">&gt;&gt;</a>&nbsp;&nbsp;&nbsp;_dsub
<LI><a href="#[191]">&gt;&gt;</a>&nbsp;&nbsp;&nbsp;_dadd
</UL>

<P><STRONG><a name="[193]"></a>__fpl_dretinf</STRONG> (Thumb, 12 bytes, Stack size 0 bytes, dretinf.o(x$fpl$dretinf), UNUSED)
<BR><BR>[Called By]<UL><LI><a href="#[19b]">&gt;&gt;</a>&nbsp;&nbsp;&nbsp;_dmul
<LI><a href="#[1a1]">&gt;&gt;</a>&nbsp;&nbsp;&nbsp;_f2d
<LI><a href="#[197]">&gt;&gt;</a>&nbsp;&nbsp;&nbsp;_ddiv
<LI><a href="#[191]">&gt;&gt;</a>&nbsp;&nbsp;&nbsp;_dadd
</UL>

<P><STRONG><a name="[f7]"></a>__aeabi_cdrcmple</STRONG> (Thumb, 0 bytes, Stack size 16 bytes, drleqf.o(x$fpl$drleqf))
<BR><BR>[Stack]<UL><LI>Max Depth = 16<LI>Call Chain = __aeabi_cdrcmple
</UL>
<BR>[Called By]<UL><LI><a href="#[f3]">&gt;&gt;</a>&nbsp;&nbsp;&nbsp;GetAdjustedData
<LI><a href="#[136]">&gt;&gt;</a>&nbsp;&nbsp;&nbsp;exp
</UL>

<P><STRONG><a name="[19c]"></a>_drcmple</STRONG> (Thumb, 108 bytes, Stack size 16 bytes, drleqf.o(x$fpl$drleqf), UNUSED)
<BR><BR>[Calls]<UL><LI><a href="#[19d]">&gt;&gt;</a>&nbsp;&nbsp;&nbsp;__fpl_dcmple_InfNaN
</UL>

<P><STRONG><a name="[18f]"></a>__aeabi_drsub</STRONG> (Thumb, 0 bytes, Stack size 8 bytes, daddsub_clz.o(x$fpl$drsb))
<BR><BR>[Stack]<UL><LI>Max Depth = 8<LI>Call Chain = __aeabi_drsub
</UL>
<BR>[Called By]<UL><LI><a href="#[136]">&gt;&gt;</a>&nbsp;&nbsp;&nbsp;exp
</UL>

<P><STRONG><a name="[19e]"></a>_drsb</STRONG> (Thumb, 22 bytes, Stack size 8 bytes, daddsub_clz.o(x$fpl$drsb), UNUSED)
<BR><BR>[Calls]<UL><LI><a href="#[192]">&gt;&gt;</a>&nbsp;&nbsp;&nbsp;_dsub1
<LI><a href="#[19f]">&gt;&gt;</a>&nbsp;&nbsp;&nbsp;_dadd1
</UL>

<P><STRONG><a name="[18d]"></a>__aeabi_dsub</STRONG> (Thumb, 0 bytes, Stack size 32 bytes, daddsub_clz.o(x$fpl$dsub))
<BR><BR>[Stack]<UL><LI>Max Depth = 32<LI>Call Chain = __aeabi_dsub
</UL>
<BR>[Called By]<UL><LI><a href="#[136]">&gt;&gt;</a>&nbsp;&nbsp;&nbsp;exp
</UL>

<P><STRONG><a name="[1a0]"></a>_dsub</STRONG> (Thumb, 464 bytes, Stack size 32 bytes, daddsub_clz.o(x$fpl$dsub), UNUSED)
<BR><BR>[Calls]<UL><LI><a href="#[194]">&gt;&gt;</a>&nbsp;&nbsp;&nbsp;__fpl_dnaninf
<LI><a href="#[19f]">&gt;&gt;</a>&nbsp;&nbsp;&nbsp;_dadd1
</UL>

<P><STRONG><a name="[f5]"></a>__aeabi_f2d</STRONG> (Thumb, 0 bytes, Stack size 16 bytes, f2d.o(x$fpl$f2d))
<BR><BR>[Stack]<UL><LI>Max Depth = 16<LI>Call Chain = __aeabi_f2d
</UL>
<BR>[Called By]<UL><LI><a href="#[f3]">&gt;&gt;</a>&nbsp;&nbsp;&nbsp;GetAdjustedData
</UL>

<P><STRONG><a name="[1a1]"></a>_f2d</STRONG> (Thumb, 86 bytes, Stack size 16 bytes, f2d.o(x$fpl$f2d), UNUSED)
<BR><BR>[Calls]<UL><LI><a href="#[1a2]">&gt;&gt;</a>&nbsp;&nbsp;&nbsp;__fpl_fnaninf
<LI><a href="#[193]">&gt;&gt;</a>&nbsp;&nbsp;&nbsp;__fpl_dretinf
</UL>

<P><STRONG><a name="[f4]"></a>__aeabi_fadd</STRONG> (Thumb, 0 bytes, Stack size 16 bytes, faddsub_clz.o(x$fpl$fadd))
<BR><BR>[Stack]<UL><LI>Max Depth = 16<LI>Call Chain = __aeabi_fadd
</UL>
<BR>[Called By]<UL><LI><a href="#[137]">&gt;&gt;</a>&nbsp;&nbsp;&nbsp;LwCalculateLineKD
<LI><a href="#[f3]">&gt;&gt;</a>&nbsp;&nbsp;&nbsp;GetAdjustedData
</UL>

<P><STRONG><a name="[1a3]"></a>_fadd</STRONG> (Thumb, 196 bytes, Stack size 16 bytes, faddsub_clz.o(x$fpl$fadd), UNUSED)
<BR><BR>[Calls]<UL><LI><a href="#[1a5]">&gt;&gt;</a>&nbsp;&nbsp;&nbsp;__fpl_fretinf
<LI><a href="#[1a2]">&gt;&gt;</a>&nbsp;&nbsp;&nbsp;__fpl_fnaninf
<LI><a href="#[1a4]">&gt;&gt;</a>&nbsp;&nbsp;&nbsp;_fsub1
</UL>

<P><STRONG><a name="[1a8]"></a>__fpl_fcmp_Inf</STRONG> (Thumb, 24 bytes, Stack size 0 bytes, fcmpi.o(x$fpl$fcmpinf), UNUSED)
<BR><BR>[Called By]<UL><LI><a href="#[1a7]">&gt;&gt;</a>&nbsp;&nbsp;&nbsp;_fcmpeq
</UL>

<P><STRONG><a name="[ab]"></a>__aeabi_fdiv</STRONG> (Thumb, 0 bytes, Stack size 16 bytes, fdiv.o(x$fpl$fdiv))
<BR><BR>[Stack]<UL><LI>Max Depth = 16<LI>Call Chain = __aeabi_fdiv
</UL>
<BR>[Called By]<UL><LI><a href="#[137]">&gt;&gt;</a>&nbsp;&nbsp;&nbsp;LwCalculateLineKD
<LI><a href="#[a9]">&gt;&gt;</a>&nbsp;&nbsp;&nbsp;computeAdjustData
</UL>

<P><STRONG><a name="[1a6]"></a>_fdiv</STRONG> (Thumb, 384 bytes, Stack size 16 bytes, fdiv.o(x$fpl$fdiv), UNUSED)
<BR><BR>[Calls]<UL><LI><a href="#[1a5]">&gt;&gt;</a>&nbsp;&nbsp;&nbsp;__fpl_fretinf
<LI><a href="#[1a2]">&gt;&gt;</a>&nbsp;&nbsp;&nbsp;__fpl_fnaninf
</UL>

<P><STRONG><a name="[ac]"></a>__aeabi_cfcmpeq</STRONG> (Thumb, 0 bytes, Stack size 16 bytes, feqf.o(x$fpl$feqf))
<BR><BR>[Stack]<UL><LI>Max Depth = 16<LI>Call Chain = __aeabi_cfcmpeq
</UL>
<BR>[Called By]<UL><LI><a href="#[137]">&gt;&gt;</a>&nbsp;&nbsp;&nbsp;LwCalculateLineKD
<LI><a href="#[a9]">&gt;&gt;</a>&nbsp;&nbsp;&nbsp;computeAdjustData
</UL>

<P><STRONG><a name="[1a7]"></a>_fcmpeq</STRONG> (Thumb, 104 bytes, Stack size 16 bytes, feqf.o(x$fpl$feqf), UNUSED)
<BR><BR>[Calls]<UL><LI><a href="#[1a2]">&gt;&gt;</a>&nbsp;&nbsp;&nbsp;__fpl_fnaninf
<LI><a href="#[1a8]">&gt;&gt;</a>&nbsp;&nbsp;&nbsp;__fpl_fcmp_Inf
</UL>

<P><STRONG><a name="[f8]"></a>__aeabi_f2uiz</STRONG> (Thumb, 0 bytes, Stack size 16 bytes, ffixu.o(x$fpl$ffixu))
<BR><BR>[Stack]<UL><LI>Max Depth = 16<LI>Call Chain = __aeabi_f2uiz
</UL>
<BR>[Called By]<UL><LI><a href="#[f3]">&gt;&gt;</a>&nbsp;&nbsp;&nbsp;GetAdjustedData
</UL>

<P><STRONG><a name="[1a9]"></a>_ffixu</STRONG> (Thumb, 62 bytes, Stack size 16 bytes, ffixu.o(x$fpl$ffixu), UNUSED)
<BR><BR>[Calls]<UL><LI><a href="#[1a2]">&gt;&gt;</a>&nbsp;&nbsp;&nbsp;__fpl_fnaninf
</UL>

<P><STRONG><a name="[138]"></a>__aeabi_i2f</STRONG> (Thumb, 0 bytes, Stack size 0 bytes, fflt_clz.o(x$fpl$fflt), UNUSED)
<BR><BR>[Called By]<UL><LI><a href="#[137]">&gt;&gt;</a>&nbsp;&nbsp;&nbsp;LwCalculateLineKD
</UL>

<P><STRONG><a name="[2b9]"></a>_fflt</STRONG> (Thumb, 48 bytes, Stack size 0 bytes, fflt_clz.o(x$fpl$fflt), UNUSED)

<P><STRONG><a name="[aa]"></a>__aeabi_ui2f</STRONG> (Thumb, 0 bytes, Stack size 0 bytes, fflt_clz.o(x$fpl$ffltu))
<BR><BR>[Called By]<UL><LI><a href="#[f3]">&gt;&gt;</a>&nbsp;&nbsp;&nbsp;GetAdjustedData
<LI><a href="#[a9]">&gt;&gt;</a>&nbsp;&nbsp;&nbsp;computeAdjustData
</UL>

<P><STRONG><a name="[2ba]"></a>_ffltu</STRONG> (Thumb, 38 bytes, Stack size 0 bytes, fflt_clz.o(x$fpl$ffltu), UNUSED)

<P><STRONG><a name="[ae]"></a>__aeabi_fmul</STRONG> (Thumb, 0 bytes, Stack size 16 bytes, fmul.o(x$fpl$fmul))
<BR><BR>[Stack]<UL><LI>Max Depth = 16<LI>Call Chain = __aeabi_fmul
</UL>
<BR>[Called By]<UL><LI><a href="#[137]">&gt;&gt;</a>&nbsp;&nbsp;&nbsp;LwCalculateLineKD
<LI><a href="#[f3]">&gt;&gt;</a>&nbsp;&nbsp;&nbsp;GetAdjustedData
<LI><a href="#[a9]">&gt;&gt;</a>&nbsp;&nbsp;&nbsp;computeAdjustData
</UL>

<P><STRONG><a name="[1aa]"></a>_fmul</STRONG> (Thumb, 258 bytes, Stack size 16 bytes, fmul.o(x$fpl$fmul), UNUSED)
<BR><BR>[Calls]<UL><LI><a href="#[1a5]">&gt;&gt;</a>&nbsp;&nbsp;&nbsp;__fpl_fretinf
<LI><a href="#[1a2]">&gt;&gt;</a>&nbsp;&nbsp;&nbsp;__fpl_fnaninf
</UL>

<P><STRONG><a name="[1a2]"></a>__fpl_fnaninf</STRONG> (Thumb, 140 bytes, Stack size 8 bytes, fnaninf.o(x$fpl$fnaninf), UNUSED)
<BR><BR>[Called By]<UL><LI><a href="#[1aa]">&gt;&gt;</a>&nbsp;&nbsp;&nbsp;_fmul
<LI><a href="#[1a9]">&gt;&gt;</a>&nbsp;&nbsp;&nbsp;_ffixu
<LI><a href="#[1a7]">&gt;&gt;</a>&nbsp;&nbsp;&nbsp;_fcmpeq
<LI><a href="#[1a6]">&gt;&gt;</a>&nbsp;&nbsp;&nbsp;_fdiv
<LI><a href="#[1ad]">&gt;&gt;</a>&nbsp;&nbsp;&nbsp;_fsub
<LI><a href="#[1a3]">&gt;&gt;</a>&nbsp;&nbsp;&nbsp;_fadd
<LI><a href="#[1a1]">&gt;&gt;</a>&nbsp;&nbsp;&nbsp;_f2d
</UL>

<P><STRONG><a name="[1a5]"></a>__fpl_fretinf</STRONG> (Thumb, 10 bytes, Stack size 0 bytes, fretinf.o(x$fpl$fretinf), UNUSED)
<BR><BR>[Called By]<UL><LI><a href="#[1aa]">&gt;&gt;</a>&nbsp;&nbsp;&nbsp;_fmul
<LI><a href="#[1a6]">&gt;&gt;</a>&nbsp;&nbsp;&nbsp;_fdiv
<LI><a href="#[1a3]">&gt;&gt;</a>&nbsp;&nbsp;&nbsp;_fadd
</UL>

<P><STRONG><a name="[139]"></a>__aeabi_frsub</STRONG> (Thumb, 0 bytes, Stack size 0 bytes, faddsub_clz.o(x$fpl$frsb), UNUSED)
<BR><BR>[Called By]<UL><LI><a href="#[137]">&gt;&gt;</a>&nbsp;&nbsp;&nbsp;LwCalculateLineKD
</UL>

<P><STRONG><a name="[1ab]"></a>_frsb</STRONG> (Thumb, 20 bytes, Stack size 0 bytes, faddsub_clz.o(x$fpl$frsb), UNUSED)
<BR><BR>[Calls]<UL><LI><a href="#[1a4]">&gt;&gt;</a>&nbsp;&nbsp;&nbsp;_fsub1
<LI><a href="#[1ac]">&gt;&gt;</a>&nbsp;&nbsp;&nbsp;_fadd1
</UL>

<P><STRONG><a name="[ad]"></a>__aeabi_fsub</STRONG> (Thumb, 0 bytes, Stack size 16 bytes, faddsub_clz.o(x$fpl$fsub))
<BR><BR>[Stack]<UL><LI>Max Depth = 16<LI>Call Chain = __aeabi_fsub
</UL>
<BR>[Called By]<UL><LI><a href="#[137]">&gt;&gt;</a>&nbsp;&nbsp;&nbsp;LwCalculateLineKD
<LI><a href="#[a9]">&gt;&gt;</a>&nbsp;&nbsp;&nbsp;computeAdjustData
</UL>

<P><STRONG><a name="[1ad]"></a>_fsub</STRONG> (Thumb, 234 bytes, Stack size 16 bytes, faddsub_clz.o(x$fpl$fsub), UNUSED)
<BR><BR>[Calls]<UL><LI><a href="#[1a2]">&gt;&gt;</a>&nbsp;&nbsp;&nbsp;__fpl_fnaninf
<LI><a href="#[1ac]">&gt;&gt;</a>&nbsp;&nbsp;&nbsp;_fadd1
</UL>

<P><STRONG><a name="[196]"></a>__fpl_return_NaN</STRONG> (Thumb, 100 bytes, Stack size 0 bytes, retnan.o(x$fpl$retnan))
<BR><BR>[Calls]<UL><LI><a href="#[1ae]">&gt;&gt;</a>&nbsp;&nbsp;&nbsp;__fpl_cmpreturn
</UL>
<BR>[Called By]<UL><LI><a href="#[195]">&gt;&gt;</a>&nbsp;&nbsp;&nbsp;__fpl_dcheck_NaN1
</UL>

<P><STRONG><a name="[18a]"></a>__ARM_scalbn</STRONG> (Thumb, 92 bytes, Stack size 0 bytes, scalbn.o(x$fpl$scalbn))
<BR><BR>[Calls]<UL><LI><a href="#[195]">&gt;&gt;</a>&nbsp;&nbsp;&nbsp;__fpl_dcheck_NaN1
</UL>
<BR>[Called By]<UL><LI><a href="#[18c]">&gt;&gt;</a>&nbsp;&nbsp;&nbsp;__mathlib_dbl_underflow
<LI><a href="#[18b]">&gt;&gt;</a>&nbsp;&nbsp;&nbsp;__mathlib_dbl_overflow
<LI><a href="#[189]">&gt;&gt;</a>&nbsp;&nbsp;&nbsp;__mathlib_dbl_infnan
<LI><a href="#[136]">&gt;&gt;</a>&nbsp;&nbsp;&nbsp;exp
</UL>

<P><STRONG><a name="[1ae]"></a>__fpl_cmpreturn</STRONG> (Thumb, 48 bytes, Stack size 0 bytes, trapv.o(x$fpl$trapveneer))
<BR><BR>[Called By]<UL><LI><a href="#[196]">&gt;&gt;</a>&nbsp;&nbsp;&nbsp;__fpl_return_NaN
</UL>
<P>
<H3>
Local Symbols
</H3>
<P><STRONG><a name="[132]"></a>ResizeData</STRONG> (Thumb, 112 bytes, Stack size 32 bytes, bill.o(.text))
<BR><BR>[Stack]<UL><LI>Max Depth = 32<LI>Call Chain = ResizeData
</UL>
<BR>[Called By]<UL><LI><a href="#[b4]">&gt;&gt;</a>&nbsp;&nbsp;&nbsp;billRGB_Judge
</UL>

<P><STRONG><a name="[13a]"></a>ResizeCharImgGray</STRONG> (Thumb, 362 bytes, Stack size 52 bytes, bill.o(.text))
<BR><BR>[Stack]<UL><LI>Max Depth = 52<LI>Call Chain = ResizeCharImgGray
</UL>
<BR>[Called By]<UL><LI><a href="#[b3]">&gt;&gt;</a>&nbsp;&nbsp;&nbsp;billIrad_Judge
</UL>

<P><STRONG><a name="[142]"></a>USB_OTG_BSP_TimeInit</STRONG> (Thumb, 40 bytes, Stack size 8 bytes, user_bsp.o(.text), UNUSED)
<BR><BR>[Calls]<UL><LI><a href="#[d8]">&gt;&gt;</a>&nbsp;&nbsp;&nbsp;RCC_APB1PeriphClockCmd
<LI><a href="#[cb]">&gt;&gt;</a>&nbsp;&nbsp;&nbsp;NVIC_Init
</UL>
<BR>[Called By]<UL><LI><a href="#[143]">&gt;&gt;</a>&nbsp;&nbsp;&nbsp;USB_OTG_BSP_Init
</UL>

<P><STRONG><a name="[145]"></a>BSP_SetTime</STRONG> (Thumb, 106 bytes, Stack size 24 bytes, user_bsp.o(.text), UNUSED)
<BR><BR>[Calls]<UL><LI><a href="#[d9]">&gt;&gt;</a>&nbsp;&nbsp;&nbsp;TIM_TimeBaseInit
<LI><a href="#[da]">&gt;&gt;</a>&nbsp;&nbsp;&nbsp;TIM_ITConfig
<LI><a href="#[db]">&gt;&gt;</a>&nbsp;&nbsp;&nbsp;TIM_Cmd
<LI><a href="#[141]">&gt;&gt;</a>&nbsp;&nbsp;&nbsp;TIM_ClearITPendingBit
<LI><a href="#[146]">&gt;&gt;</a>&nbsp;&nbsp;&nbsp;TIM_ARRPreloadConfig
</UL>
<BR>[Called By]<UL><LI><a href="#[147]">&gt;&gt;</a>&nbsp;&nbsp;&nbsp;BSP_Delay
</UL>

<P><STRONG><a name="[147]"></a>BSP_Delay</STRONG> (Thumb, 36 bytes, Stack size 16 bytes, user_bsp.o(.text), UNUSED)
<BR><BR>[Calls]<UL><LI><a href="#[db]">&gt;&gt;</a>&nbsp;&nbsp;&nbsp;TIM_Cmd
<LI><a href="#[145]">&gt;&gt;</a>&nbsp;&nbsp;&nbsp;BSP_SetTime
</UL>
<BR>[Called By]<UL><LI><a href="#[149]">&gt;&gt;</a>&nbsp;&nbsp;&nbsp;USB_OTG_BSP_uDelay
<LI><a href="#[148]">&gt;&gt;</a>&nbsp;&nbsp;&nbsp;USB_OTG_BSP_mDelay
</UL>

<P><STRONG><a name="[168]"></a>TI4_Config</STRONG> (Thumb, 130 bytes, Stack size 20 bytes, stm32f10x_tim.o(.text), UNUSED)
<BR><BR>[Called By]<UL><LI><a href="#[161]">&gt;&gt;</a>&nbsp;&nbsp;&nbsp;TIM_ICInit
</UL>

<P><STRONG><a name="[166]"></a>TI3_Config</STRONG> (Thumb, 122 bytes, Stack size 20 bytes, stm32f10x_tim.o(.text), UNUSED)
<BR><BR>[Called By]<UL><LI><a href="#[161]">&gt;&gt;</a>&nbsp;&nbsp;&nbsp;TIM_ICInit
</UL>

<P><STRONG><a name="[164]"></a>TI2_Config</STRONG> (Thumb, 130 bytes, Stack size 20 bytes, stm32f10x_tim.o(.text), UNUSED)
<BR><BR>[Called By]<UL><LI><a href="#[16d]">&gt;&gt;</a>&nbsp;&nbsp;&nbsp;TIM_TIxExternalClockConfig
<LI><a href="#[16a]">&gt;&gt;</a>&nbsp;&nbsp;&nbsp;TIM_PWMIConfig
<LI><a href="#[161]">&gt;&gt;</a>&nbsp;&nbsp;&nbsp;TIM_ICInit
</UL>

<P><STRONG><a name="[162]"></a>TI1_Config</STRONG> (Thumb, 108 bytes, Stack size 20 bytes, stm32f10x_tim.o(.text), UNUSED)
<BR><BR>[Called By]<UL><LI><a href="#[16d]">&gt;&gt;</a>&nbsp;&nbsp;&nbsp;TIM_TIxExternalClockConfig
<LI><a href="#[16a]">&gt;&gt;</a>&nbsp;&nbsp;&nbsp;TIM_PWMIConfig
<LI><a href="#[161]">&gt;&gt;</a>&nbsp;&nbsp;&nbsp;TIM_ICInit
</UL>

<P><STRONG><a name="[174]"></a>SetSysClockTo72</STRONG> (Thumb, 262 bytes, Stack size 12 bytes, system_stm32f10x.o(.text))
<BR><BR>[Stack]<UL><LI>Max Depth = 12<LI>Call Chain = SetSysClockTo72
</UL>
<BR>[Called By]<UL><LI><a href="#[173]">&gt;&gt;</a>&nbsp;&nbsp;&nbsp;SetSysClock
</UL>

<P><STRONG><a name="[173]"></a>SetSysClock</STRONG> (Thumb, 8 bytes, Stack size 8 bytes, system_stm32f10x.o(.text))
<BR><BR>[Stack]<UL><LI>Max Depth = 20<LI>Call Chain = SetSysClock &rArr; SetSysClockTo72
</UL>
<BR>[Calls]<UL><LI><a href="#[174]">&gt;&gt;</a>&nbsp;&nbsp;&nbsp;SetSysClockTo72
</UL>
<BR>[Called By]<UL><LI><a href="#[4a]">&gt;&gt;</a>&nbsp;&nbsp;&nbsp;SystemInit
</UL>

<P><STRONG><a name="[19f]"></a>_dadd1</STRONG> (Thumb, 0 bytes, Stack size unknown bytes, daddsub_clz.o(x$fpl$dadd), UNUSED)
<BR><BR>[Called By]<UL><LI><a href="#[1a0]">&gt;&gt;</a>&nbsp;&nbsp;&nbsp;_dsub
<LI><a href="#[19e]">&gt;&gt;</a>&nbsp;&nbsp;&nbsp;_drsb
</UL>

<P><STRONG><a name="[192]"></a>_dsub1</STRONG> (Thumb, 0 bytes, Stack size unknown bytes, daddsub_clz.o(x$fpl$dsub), UNUSED)
<BR><BR>[Called By]<UL><LI><a href="#[19e]">&gt;&gt;</a>&nbsp;&nbsp;&nbsp;_drsb
<LI><a href="#[191]">&gt;&gt;</a>&nbsp;&nbsp;&nbsp;_dadd
</UL>

<P><STRONG><a name="[1ac]"></a>_fadd1</STRONG> (Thumb, 0 bytes, Stack size unknown bytes, faddsub_clz.o(x$fpl$fadd), UNUSED)
<BR><BR>[Called By]<UL><LI><a href="#[1ad]">&gt;&gt;</a>&nbsp;&nbsp;&nbsp;_fsub
<LI><a href="#[1ab]">&gt;&gt;</a>&nbsp;&nbsp;&nbsp;_frsb
</UL>

<P><STRONG><a name="[1a4]"></a>_fsub1</STRONG> (Thumb, 0 bytes, Stack size unknown bytes, faddsub_clz.o(x$fpl$fsub), UNUSED)
<BR><BR>[Called By]<UL><LI><a href="#[1ab]">&gt;&gt;</a>&nbsp;&nbsp;&nbsp;_frsb
<LI><a href="#[1a3]">&gt;&gt;</a>&nbsp;&nbsp;&nbsp;_fadd
</UL>

<P><STRONG><a name="[4d]"></a>_printf_input_char</STRONG> (Thumb, 10 bytes, Stack size 0 bytes, _printf_char_common.o(.text))
<BR>[Address Reference Count : 1]<UL><LI> _printf_char_common.o(.text)
</UL><P>
<H3>
Undefined Global Symbols
</H3><HR></body></html>
