<html>
<body>
<pre>
<h1>礦ision Build Log</h1>
<h2>Project:</h2>
F:\鑫鑫电子\外币一体机程序\CIS\CISA9\A9\CISA9.uvprojx
Project File Date:  09/18/2017

<h2>Output:</h2>
Build target 'CISA9'
linking...
Program Size: Code=76904 RO-data=2464 RW-data=448 ZI-data=12200  
".\obj\CISA9.axf" - 0 Error(s), 0 Warning(s).
Load "F:\\鑫鑫电子\\外币一体机程序\\CIS\\CISA9\\A9\\obj\\CISA9.axf" 
Erase Done.
Programming Done.
Verify OK.
Application running ...
</pre>
</body>
</html>
_spi.c(328): warning:  #167-D: argument of type "u8 *" is incompatible with parameter of type "char *"
                                                r = CreateFileToUdisk(path);
..\UserSoftwareLib\scr\CIS\user_spi.c(339): warning:  #167-D: argument of type "u8 *" is incompatible with parameter of type "char *"
                                                r = SaveFileToUdisk(buffer,13,path);
..\UserSoftwareLib\scr\CIS\user_spi.c(355): warning:  #167-D: argument of type "u8 *" is incompatible with parameter of type "char *"
                                                r = SaveFileToUdisk(pdBigImgDataPkg->picData,pdBigImgDataPkg->len,path);
..\UserSoftwareLib\scr\CIS\user_spi.c(244): warning:  #177-D: variable "d" was declared but never referenced
        u8 d;
..\UserSoftwareLib\scr\CIS\user_spi.c(248): warning:  #177-D: variable "bigImgW" was declared but never referenced
        u16 bigImgW,bigImgH;
..\UserSoftwareLib\scr\CIS\user_spi.c(248): warning:  #177-D: variable "bigImgH" was declared but never referenced
        u16 bigImgW,bigImgH;
..\UserSoftwareLib\scr\CIS\user_spi.c(250): warning:  #550-D: variable "r" was set but never used
        u8 r;
..\UserSoftwareLib\scr\CIS\user_spi.c(251): warning:  #177-D: variable "i" was declared but never referenced
        u32 i;
..\UserSoftwareLib\scr\CIS\user_spi.c(283): warning:  #177-D: label "DEAL_ONE_SPI_DATA" was declared but never referenced
  DEAL_ONE_SPI_DATA:
..\UserSoftwareLib\scr\CIS\user_spi.c(421): warning:  #177-D: label "DEAL_DATA_IS_ERROR" was declared but never referenced
  DEAL_DATA_IS_ERROR:
..\UserSoftwareLib\scr\CIS\user_spi.c: 10 warnings, 0 errors
compiling user_udisc.c...
compiling user_adc.c...
compiling user_beepcon.c...
compiling user_common.c...
compiling user_dam_adc.c...
compiling user_eeprom.c...
compiling user_motor.c...
compiling user_stm32f10x_it.c...
compiling user_sysconfig.c...
compiling user_timer.c...
compiling user_tm1616.c...
compiling user_usart.c...
..\UserHardwareLib\scr\user_usart.c(113): warning:  #550-D: variable "res" was set but never used
        u8 res;
..\UserHardwareLib\scr\user_usart.c: 1 warning, 0 errors
compiling user_voice.c...
linking...
Program Size: Code=77484 RO-data=2464 RW-data=448 ZI-data=12200  
".\obj\CISA9.axf" - 0 Error(s), 11 Warning(s).
e_cm3.c...
compiling system_stm32f10x.c...
assembling startup_stm32f10x_cl.s...
linking...
Program Size: Code=77424 RO-data=2464 RW-data=448 ZI-data=22440  
".\obj\CISA9.axf" - 0 Error(s), 8 Warning(s).
r element 'algorithm'
C:\Keil_v5\ARM\PACK\Keil\GD32F1xx_DFP\1.1.0\Keil.GD32F1xx_DFP.pdsc(398,113): 
Error parsing node '#text' :attribute 'startup' is not declared for element 'algorithm'
C:\Keil_v5\ARM\PACK\Keil\GD32F1xx_DFP\1.1.0\Keil.GD32F1xx_DFP.pdsc(407,113): 
Error parsing node '#text' :attribute 'startup' is not declared for element 'algorithm'
C:\Keil_v5\ARM\PACK\Keil\GD32F1xx_DFP\1.1.0\Keil.GD32F1xx_DFP.pdsc(416,113): 
Error parsing node '#text' :attribute 'startup' is not declared for element 'algorithm'
C:\Keil_v5\ARM\PACK\Keil\GD32F1xx_DFP\1.1.0\Keil.GD32F1xx_DFP.pdsc(425,113): 
Error parsing node '#text' :attribute 'startup' is not declared for element 'algorithm'
C:\Keil_v5\ARM\PACK\Keil\GD32F1xx_DFP\1.1.0\Keil.GD32F1xx_DFP.pdsc(434,113): 
Error parsing node '#text' :attribute 'startup' is not declared for element 'algorithm'
C:\Keil_v5\ARM\PACK\Keil\GD32F1xx_DFP\1.1.0\Keil.GD32F1xx_DFP.pdsc(443,113): 
Error parsing node '#text' :attribute 'startup' is not declared for element 'algorithm'
C:\Keil_v5\ARM\PACK\Keil\GD32F1xx_DFP\1.1.0\Keil.GD32F1xx_DFP.pdsc(452,113): 
Error parsing node '#text' :attribute 'startup' is not declared for element 'algorithm'
C:\Keil_v5\ARM\PACK\Keil\GD32F1xx_DFP\1.1.0\Keil.GD32F1xx_DFP.pdsc(461,113): 
Error parsing node '#text' :attribute 'startup' is not declared for element 'algorithm'
C:\Keil_v5\ARM\PACK\Keil\GD32F1xx_DFP\1.1.0\Keil.GD32F1xx_DFP.pdsc(470,113): 
Error parsing node '#text' :attribute 'startup' is not declared for element 'algorithm'
C:\Keil_v5\ARM\PACK\Keil\GD32F1xx_DFP\1.1.0\Keil.GD32F1xx_DFP.pdsc(479,113): 
Error parsing node '#text' :attribute 'startup' is not declared for element 'algorithm'
C:\Keil_v5\ARM\PACK\Keil\GD32F1xx_DFP\1.1.0\Keil.GD32F1xx_DFP.pdsc(488,113): 
Error parsing node '#text' :attribute 'startup' is not declared for element 'algorithm'
C:\Keil_v5\ARM\PACK\Keil\GD32F1xx_DFP\1.1.0\Keil.GD32F1xx_DFP.pdsc(497,113): 
Error parsing node '#text' :attribute 'startup' is not declared for element 'algorithm'
C:\Keil_v5\ARM\PACK\Keil\GD32F1xx_DFP\1.1.0\Keil.GD32F1xx_DFP.pdsc(506,113): 
Error parsing node '#text' :attribute 'startup' is not declared for element 'algorithm'
C:\Keil_v5\ARM\PACK\Keil\GD32F1xx_DFP\1.1.0\Keil.GD32F1xx_DFP.pdsc(515,113): 
Error parsing node '#text' :attribute 'startup' is not declared for element 'algorithm'
C:\Keil_v5\ARM\PACK\Keil\GD32F1xx_DFP\1.1.0\Keil.GD32F1xx_DFP.pdsc(524,113): 
Error parsing node '#text' :attribute 'startup' is not declared for element 'algorithm'
C:\Keil_v5\ARM\PACK\Keil\GD32F1xx_DFP\1.1.0\Keil.GD32F1xx_DFP.pdsc(533,113): 
Error parsing node '#text' :attribute 'startup' is not declared for element 'algorithm'
C:\Keil_v5\ARM\PACK\Keil\GD32F1xx_DFP\1.1.0\Keil.GD32F1xx_DFP.pdsc(542,113): 
Error parsing node '#text' :attribute 'startup' is not declared for element 'algorithm'
C:\Keil_v5\ARM\PACK\Keil\GD32F1xx_DFP\1.1.0\Keil.GD32F1xx_DFP.pdsc(551,113): 
Error parsing node '#text' :attribute 'startup' is not declared for element 'algorithm'
C:\Keil_v5\ARM\PACK\Keil\GD32F1xx_DFP\1.1.0\Keil.GD32F1xx_DFP.pdsc(560,113): 
Error parsing node '#text' :attribute 'startup' is not declared for element 'algorithm'
C:\Keil_v5\ARM\PACK\Keil\GD32F1xx_DFP\1.1.0\Keil.GD32F1xx_DFP.pdsc(569,113): 
Error parsing node '#text' :attribute 'startup' is not declared for element 'algorithm'
C:\Keil_v5\ARM\PACK\Keil\GD32F1xx_DFP\1.1.0\Keil.GD32F1xx_DFP.pdsc(578,113): 
Error parsing node '#text' :attribute 'startup' is not declared for element 'algorithm'
C:\Keil_v5\ARM\PACK\Keil\GD32F1xx_DFP\1.1.0\Keil.GD32F1xx_DFP.pdsc(587,113): 
Error parsing node '#text' :attribute 'startup' is not declared for element 'algorithm'
C:\Keil_v5\ARM\PACK\Keil\GD32F1xx_DFP\1.1.0\Keil.GD32F1xx_DFP.pdsc(596,113): 
Error parsing node '#text' :attribute 'startup' is not declared for element 'algorithm'
C:\Keil_v5\ARM\PACK\Keil\GD32F1xx_DFP\1.1.0\Keil.GD32F1xx_DFP.pdsc(605,113): 
Error parsing node '#text' :attribute 'startup' is not declared for element 'algorithm'
C:\Keil_v5\ARM\PACK\Keil\GD32F1xx_DFP\1.1.0\Keil.GD32F1xx_DFP.pdsc(614,113): 
Error parsing node '#text' :attribute 'startup' is not declared for element 'algorithm'
C:\Keil_v5\ARM\PACK\Keil\GD32F1xx_DFP\1.1.0\Keil.GD32F1xx_DFP.pdsc(623,113): 
Error parsing node '#text' :attribute 'startup' is not declared for element 'algorithm'
C:\Keil_v5\ARM\PACK\Keil\GD32F1xx_DFP\1.1.0\Keil.GD32F1xx_DFP.pdsc(675,113): 
Error parsing node '#text' :attribute 'startup' is not declared for element 'algorithm'
C:\Keil_v5\ARM\PACK\Keil\GD32F1xx_DFP\1.1.0\Keil.GD32F1xx_DFP.pdsc(684,113): 
Error parsing node '#text' :attribute 'startup' is not declared for element 'algorithm'
C:\Keil_v5\ARM\PACK\Keil\GD32F1xx_DFP\1.1.0\Keil.GD32F1xx_DFP.pdsc(693,113): 
Error parsing node '#text' :attribute 'startup' is not declared for element 'algorithm'
C:\Keil_v5\ARM\PACK\Keil\GD32F1xx_DFP\1.1.0\Keil.GD32F1xx_DFP.pdsc(702,113): 
Error parsing node '#text' :attribute 'startup' is not declared for element 'algorithm'
C:\Keil_v5\ARM\PACK\Keil\GD32F1xx_DFP\1.1.0\Keil.GD32F1xx_DFP.pdsc(711,113): 
Error parsing node '#text' :attribute 'startup' is not declared for element 'algorithm'
C:\Keil_v5\ARM\PACK\Keil\GD32F1xx_DFP\1.1.0\Keil.GD32F1xx_DFP.pdsc(720,113): 
Error parsing node '#text' :attribute 'startup' is not declared for element 'algorithm'
C:\Keil_v5\ARM\PACK\Keil\GD32F1xx_DFP\1.1.0\Keil.GD32F1xx_DFP.pdsc(729,113): 
Error parsing node '#text' :attribute 'startup' is not declared for element 'algorithm'
C:\Keil_v5\ARM\PACK\Keil\GD32F1xx_DFP\1.1.0\Keil.GD32F1xx_DFP.pdsc(738,113): 
Error parsing node '#text' :attribute 'startup' is not declared for element 'algorithm'
C:\Keil_v5\ARM\PACK\Keil\GD32F1xx_DFP\1.1.0\Keil.GD32F1xx_DFP.pdsc(747,113): 
Error parsing node '#text' :attribute 'startup' is not declared for element 'algorithm'
C:\Keil_v5\ARM\PACK\Keil\GD32F1xx_DFP\1.1.0\Keil.GD32F1xx_DFP.pdsc(756,113): 
Error parsing node '#text' :attribute 'startup' is not declared for element 'algorithm'
C:\Keil_v5\ARM\PACK\Keil\GD32F1xx_DFP\1.1.0\Keil.GD32F1xx_DFP.pdsc(765,113): 
Error parsing node '#text' :attribute 'startup' is not declared for element 'algorithm'
C:\Keil_v5\ARM\PACK\Keil\GD32F1xx_DFP\1.1.0\Keil.GD32F1xx_DFP.pdsc(774,113): 
Error parsing node '#text' :attribute 'startup' is not declared for element 'algorithm'
C:\Keil_v5\ARM\PACK\Keil\GD32F1xx_DFP\1.1.0\Keil.GD32F1xx_DFP.pdsc(783,113): 
Error parsing node '#text' :attribute 'startup' is not declared for element 'algorithm'
C:\Keil_v5\ARM\PACK\Keil\GD32F1xx_DFP\1.1.0\Keil.GD32F1xx_DFP.pdsc(792,113): 
Error parsing node '#text' :attribute 'startup' is not declared for element 'algorithm'
C:\Keil_v5\ARM\PACK\Keil\GD32F1xx_DFP\1.1.0\Keil.GD32F1xx_DFP.pdsc(801,113): 
Error parsing node '#text' :attribute 'startup' is not declared for element 'algorithm'
C:\Keil_v5\ARM\PACK\Keil\GD32F1xx_DFP\1.1.0\Keil.GD32F1xx_DFP.pdsc(810,113): 
Error parsing node '#text' :attribute 'startup' is not declared for element 'algorithm'
C:\Keil_v5\ARM\PACK\Keil\GD32F1xx_DFP\1.1.0\Keil.GD32F1xx_DFP.pdsc(819,113): 
Error parsing node '#text' :attribute 'startup' is not declared for element 'algorithm'
C:\Keil_v5\ARM\PACK\Keil\GD32F1xx_DFP\1.1.0\Keil.GD32F1xx_DFP.pdsc(828,113): 
Error parsing node '#text' :attribute 'startup' is not declared for element 'algorithm'
C:\Keil_v5\ARM\PACK\Keil\GD32F1xx_DFP\1.1.0\Keil.GD32F1xx_DFP.pdsc(837,113): 
Error parsing node '#text' :attribute 'startup' is not declared for element 'algorithm'
C:\Keil_v5\ARM\PACK\Keil\GD32F1xx_DFP\1.1.0\Keil.GD32F1xx_DFP.pdsc(846,113): 
Error parsing node '#text' :attribute 'startup' is not declared for element 'algorithm'
C:\Keil_v5\ARM\PACK\Keil\GD32F1xx_DFP\1.1.0\Keil.GD32F1xx_DFP.pdsc(855,113): 
Error parsing node '#text' :attribute 'startup' is not declared for element 'algorithm'
C:\Keil_v5\ARM\PACK\Keil\GD32F1xx_DFP\1.1.0\Keil.GD32F1xx_DFP.pdsc(864,113): 
Error parsing node '#text' :attribute 'startup' is not declared for element 'algorithm'
C:\Keil_v5\ARM\PACK\Keil\GD32F1xx_DFP\1.1.0\Keil.GD32F1xx_DFP.pdsc(873,113): 
Error parsing node '#text' :attribute 'startup' is not declared for element 'algorithm'
C:\Keil_v5\ARM\PACK\Keil\GD32F1xx_DFP\1.1.0\Keil.GD32F1xx_DFP.pdsc(882,113): 
Error parsing node '#text' :attribute 'startup' is not declared for element 'algorithm'
C:\Keil_v5\ARM\PACK\Keil\GD32F1xx_DFP\1.1.0\Keil.GD32F1xx_DFP.pdsc(891,113): 
Error parsing node '#text' :attribute 'startup' is not declared for element 'algorithm'
C:\Keil_v5\ARM\PACK\Keil\GD32F1xx_DFP\1.1.0\Keil.GD32F1xx_DFP.pdsc(900,113): 
Error parsing node '#text' :attribute 'startup' is not declared for element 'algorithm'
C:\Keil_v5\ARM\PACK\Keil\GD32F1xx_DFP\1.1.0\Keil.GD32F1xx_DFP.pdsc(909,113): 
Error parsing node '#text' :attribute 'startup' is not declared for element 'algorithm'
C:\Keil_v5\ARM\PACK\Keil\GD32F1xx_DFP\1.1.0\Keil.GD32F1xx_DFP.pdsc(918,113): 
Error parsing node '#text' :attribute 'startup' is not declared for element 'algorithm'
C:\Keil_v5\ARM\PACK\Keil\GD32F1xx_DFP\1.1.0\Keil.GD32F1xx_DFP.pdsc(927,113): 
Error parsing node '#text' :attribute 'startup' is not declared for element 'algorithm'
C:\Keil_v5\ARM\PACK\Keil\GD32F1xx_DFP\1.1.0\Keil.GD32F1xx_DFP.pdsc(936,113): 
Error parsing node '#text' :attribute 'startup' is not declared for element 'algorithm'
C:\Keil_v5\ARM\PACK\Keil\GD32F1xx_DFP\1.1.0\Keil.GD32F1xx_DFP.pdsc(945,113): 
Error parsing node '#text' :attribute 'startup' is not declared for element 'algorithm'
C:\Keil_v5\ARM\PACK\Keil\GD32F1xx_DFP\1.1.0\Keil.GD32F1xx_DFP.pdsc(954,113): 
Error parsing node '#text' :attribute 'startup' is not declared for element 'algorithm'
C:\Keil_v5\ARM\PACK\Keil\GD32F1xx_DFP\1.1.0\Keil.GD32F1xx_DFP.pdsc(963,113): 
Error parsing node '#text' :attribute 'startup' is not declared for element 'algorithm'
C:\Keil_v5\ARM\PACK\Keil\GD32F1xx_DFP\1.1.0\Keil.GD32F1xx_DFP.pdsc(972,113): 
Error parsing node '#text' :attribute 'startup' is not declared for element 'algorithm'
C:\Keil_v5\ARM\PACK\Keil\GD32F1xx_DFP\1.1.0\Keil.GD32F1xx_DFP.pdsc(981,113): 
Error parsing node '#text' :attribute 'startup' is not declared for element 'algorithm'
C:\Keil_v5\ARM\PACK\Keil\GD32F1xx_DFP\1.1.0\Keil.GD32F1xx_DFP.pdsc(1031,113): 
Error parsing node '#text' :attribute 'startup' is not declared for element 'algorithm'
C:\Keil_v5\ARM\PACK\Keil\GD32F1xx_DFP\1.1.0\Keil.GD32F1xx_DFP.pdsc(1040,113): 
Error parsing node '#text' :attribute 'startup' is not declared for element 'algorithm'
C:\Keil_v5\ARM\PACK\Keil\GD32F1xx_DFP\1.1.0\Keil.GD32F1xx_DFP.pdsc(1049,113): 
Error parsing node '#text' :attribute 'startup' is not declared for element 'algorithm'
C:\Keil_v5\ARM\PACK\Keil\GD32F1xx_DFP\1.1.0\Keil.GD32F1xx_DFP.pdsc(1058,113): 
Error parsing node '#text' :attribute 'startup' is not declared for element 'algorithm'
C:\Keil_v5\ARM\PACK\Keil\GD32F1xx_DFP\1.1.0\Keil.GD32F1xx_DFP.pdsc(1067,113): 
Error parsing node '#text' :attribute 'startup' is not declared for element 'algorithm'
C:\Keil_v5\ARM\PACK\Keil\GD32F1xx_DFP\1.1.0\Keil.GD32F1xx_DFP.pdsc(1076,113): 
Error parsing node '#text' :attribute 'startup' is not declared for element 'algorithm'
C:\Keil_v5\ARM\PACK\Keil\GD32F1xx_DFP\1.1.0\Keil.GD32F1xx_DFP.pdsc(1085,113): 
Error parsing node '#text' :attribute 'startup' is not declared for element 'algorithm'
C:\Keil_v5\ARM\PACK\Keil\GD32F1xx_DFP\1.1.0\Keil.GD32F1xx_DFP.pdsc(1094,113): 
Error parsing node '#text' :attribute 'startup' is not declared for element 'algorithm'
C:\Keil_v5\ARM\PACK\Keil\GD32F1xx_DFP\1.1.0\Keil.GD32F1xx_DFP.pdsc(1103,113): 
Error parsing node '#text' :attribute 'startup' is not declared for element 'algorithm'
C:\Keil_v5\ARM\PACK\Keil\GD32F1xx_DFP\1.1.0\Keil.GD32F1xx_DFP.pdsc(1112,113): 
Error parsing node '#text' :attribute 'startup' is not declared for element 'algorithm'
C:\Keil_v5\ARM\PACK\Keil\GD32F1xx_DFP\1.1.0\Keil.GD32F1xx_DFP.pdsc(1121,113): 
Error parsing node '#text' :attribute 'startup' is not declared for element 'algorithm'
C:\Keil_v5\ARM\PACK\Keil\GD32F1xx_DFP\1.1.0\Keil.GD32F1xx_DFP.pdsc(1130,113): 
Error parsing node '#text' :attribute 'startup' is not declared for element 'algorithm'
C:\Keil_v5\ARM\PACK\Keil\GD32F1xx_DFP\1.1.0\Keil.GD32F1xx_DFP.pdsc(1139,113): 
Error parsing node '#text' :attribute 'startup' is not declared for element 'algorithm'
C:\Keil_v5\ARM\PACK\Keil\GD32F1xx_DFP\1.1.0\Keil.GD32F1xx_DFP.pdsc(1148,113): 
Error parsing node '#text' :attribute 'startup' is not declared for element 'algorithm'
C:\Keil_v5\ARM\PACK\Keil\GD32F1xx_DFP\1.1.0\Keil.GD32F1xx_DFP.pdsc(1157,113): 
Error parsing node '#text' :attribute 'startup' is not declared for element 'algorithm'
C:\Keil_v5\ARM\PACK\Keil\GD32F1xx_DFP\1.1.0\Keil.GD32F1xx_DFP.pdsc(1166,113): 
Error parsing node '#text' :attribute 'startup' is not declared for element 'algorithm'
C:\Keil_v5\ARM\PACK\Keil\GD32F1xx_DFP\1.1.0\Keil.GD32F1xx_DFP.pdsc(1175,113): 
Error parsing node '#text' :attribute 'startup' is not declared for element 'algorithm'
C:\Keil_v5\ARM\PACK\Keil\GD32F1xx_DFP\1.1.0\Keil.GD32F1xx_DFP.pdsc(1184,113): 
Error parsing node '#text' :attribute 'startup' is not declared for element 'algorithm'
C:\Keil_v5\ARM\PACK\Keil\GD32F1xx_DFP\1.1.0\Keil.GD32F1xx_DFP.pdsc(1193,113): 
Error parsing node '#text' :attribute 'startup' is not declared for element 'algorithm'
C:\Keil_v5\ARM\PACK\Keil\GD32F1xx_DFP\1.1.0\Keil.GD32F1xx_DFP.pdsc(1246,113): 
Error parsing node '#text' :attribute 'startup' is not declared for element 'algorithm'
C:\Keil_v5\ARM\PACK\Keil\GD32F1xx_DFP\1.1.0\Keil.GD32F1xx_DFP.pdsc(1255,113): 
Error parsing node '#text' :attribute 'startup' is not declared for element 'algorithm'
C:\Keil_v5\ARM\PACK\Keil\GD32F1xx_DFP\1.1.0\Keil.GD32F1xx_DFP.pdsc(1264,113): 
Error parsing node '#text' :attribute 'startup' is not declared for element 'algorithm'
C:\Keil_v5\ARM\PACK\Keil\GD32F1xx_DFP\1.1.0\Keil.GD32F1xx_DFP.pdsc(1273,113): 
Error parsing node '#text' :attribute 'startup' is not declared for element 'algorithm'
C:\Keil_v5\ARM\PACK\Keil\GD32F1xx_DFP\1.1.0\Keil.GD32F1xx_DFP.pdsc(1282,113): 
Error parsing node '#text' :attribute 'startup' is not declared for element 'algorithm'
C:\Keil_v5\ARM\PACK\Keil\GD32F1xx_DFP\1.1.0\Keil.GD32F1xx_DFP.pdsc(1291,113): 
Error parsing node '#text' :attribute 'startup' is not declared for element 'algorithm'
C:\Keil_v5\ARM\PACK\Keil\GD32F1xx_DFP\1.1.0\Keil.GD32F1xx_DFP.pdsc(1300,113): 
Error parsing node '#text' :attribute 'startup' is not declared for element 'algorithm'
C:\Keil_v5\ARM\PACK\Keil\GD32F1xx_DFP\1.1.0\Keil.GD32F1xx_DFP.pdsc(1309,113): 
Error parsing node '#text' :attribute 'startup' is not declared for element 'algorithm'
C:\Keil_v5\ARM\PACK\Keil\GD32F1xx_DFP\1.1.0\Keil.GD32F1xx_DFP.pdsc(1318,113): 
Error parsing node '#text' :attribute 'startup' is not declared for element 'algorithm'
C:\Keil_v5\ARM\PACK\Keil\GD32F1xx_DFP\1.1.0\Keil.GD32F1xx_DFP.pdsc(1327,113): 
Error parsing node '#text' :attribute 'startup' is not declared for element 'algorithm'
C:\Keil_v5\ARM\PACK\Keil\GD32F1xx_DFP\1.1.0\Keil.GD32F1xx_DFP.pdsc(1336,113): 
Error parsing node '#text' :attribute 'startup' is not declared for element 'algorithm'
C:\Keil_v5\ARM\PACK\Keil\GD32F1xx_DFP\1.1.0\Keil.GD32F1xx_DFP.pdsc(1345,113): 
Error parsing node '#text' :attribute 'startup' is not declared for element 'algorithm'
C:\Keil_v5\ARM\PACK\Keil\GD32F1xx_DFP\1.1.0\Keil.GD32F1xx_DFP.pdsc(1354,113): 
Error parsing node '#text' :attribute 'startup' is not declared for element 'algorithm'
C:\Keil_v5\ARM\PACK\Keil\GD32F1xx_DFP\1.1.0\Keil.GD32F1xx_DFP.pdsc(1363,113): 
Error parsing node '#text' :attribute 'startup' is not declared for element 'algorithm'
C:\Keil_v5\ARM\PACK\Keil\GD32F1xx_DFP\1.1.0\Keil.GD32F1xx_DFP.pdsc(1372,113): 
Error parsing node '#text' :attribute 'startup' is not declared for element 'algorithm'
C:\Keil_v5\ARM\PACK\Keil\GD32F1xx_DFP\1.1.0\Keil.GD32F1xx_DFP.pdsc(1381,113): 
Error parsing node '#text' :attribute 'startup' is not declared for element 'algorithm'
C:\Keil_v5\ARM\PACK\Keil\GD32F1xx_DFP\1.1.0\Keil.GD32F1xx_DFP.pdsc(1390,113): 
Error parsing node '#text' :attribute 'startup' is not declared for element 'algorithm'
C:\Keil_v5\ARM\PACK\Keil\GD32F1xx_DFP\1.1.0\Keil.GD32F1xx_DFP.pdsc(1407,42): 
Error parsing node '#text' :value 'GigaDevice:123' not in enumeration
C:\Keil_v5\ARM\PACK\Keil\GD32F1xx_DFP\1.1.0\Keil.GD32F1xx_DFP.pdsc(1413,42): 
Error parsing node '#text' :value 'GigaDevice:123' not in enumeration
C:\Keil_v5\ARM\PACK\Keil\GD32F1xx_DFP\1.1.0\Keil.GD32F1xx_DFP.pdsc(1419,42): 
Error parsing node '#text' :value 'GigaDevice:123' not in enumeration
C:\Keil_v5\ARM\PACK\Keil\GD32F1xx_DFP\1.1.0\Keil.GD32F1xx_DFP.pdsc(1425,42): 
Error parsing node '#text' :value 'GigaDevice:123' not in enumeration
C:\Keil_v5\ARM\PACK\Keil\GD32F1xx_DFP\1.1.0\Keil.GD32F1xx_DFP.pdsc(1431,42): 
Error parsing node '#text' :value 'GigaDevice:123' not in enumeration
C:\Keil_v5\ARM\PACK\Keil\GD32F1xx_DFP\1.1.0\Keil.GD32F1xx_DFP.pdsc(1522,86): 
Error parsing node '#text' :value 'GigaDevice:123' not in enumeration
C:\Keil_v5\ARM\PACK\Keil\GD32F1xx_DFP\1.1.0\Keil.GD32F1xx_DFP.pdsc(1523,89): 
Error parsing node '#text' :value 'GigaDevice:123' not in enumeration
C:\Keil_v5\ARM\PACK\Keil\MDK-Middleware\6.4.0\Keil.MDK-Middleware.pdsc: Error : cannot read file. Schema version '1.3' is not supported. Maximum supported version is '1.2'. Please update to a newer version of MDK-ARM.
