<html>
<body>
<pre>
<h1>µVision Build Log</h1>
<h2>Tool Versions:</h2>
IDE-Version: ¦ÌVision V5.15
Copyright (C) 2015 ARM Ltd and ARM Germany GmbH. All rights reserved.
License Information: 11 11, 11, LIC=HN0UH-W5MQQ-LNCAA-1Q8GU-1QV6D-ZC0KG
 
Tool Versions:
Toolchain:       MDK-ARM Standard  Version: 5.15.0
Toolchain Path:  C:\Keil_v5\ARM\ARMCC\Bin
C Compiler:      Armcc.exe V5.05 update 2 (build 169)
Assembler:       Armasm.exe V5.05 update 2 (build 169)
Linker/Locator:  ArmLink.exe V5.05 update 2 (build 169)
Library Manager: ArmAr.exe V5.05 update 2 (build 169)
Hex Converter:   FromElf.exe V5.05 update 2 (build 169)
CPU DLL:         SARMCM3.DLL V5.15.0
Dialog DLL:      DCM.DLL V1.13.2.0
Target DLL:      Segger\JL2CM3.dll V2.99.15.0
Dialog DLL:      TCM.DLL V1.14.5.0
 
<h2>Project:</h2>
G:\GitQr\JBY\BOOT\A9\CISA9.uvprojx
Project File Date:  05/17/2018

<h2>Output:</h2>
*** Using Compiler 'V5.05 update 2 (build 169)', folder: 'C:\Keil_v5\ARM\ARMCC\Bin'
Build target 'CISA9'
compiling main_70.C...
..\UserSoftwareLib\JBY_10\src\main_70.C(100): warning:  #177-D: variable "buffer" was declared but never referenced
        u8 buffer[10];
..\UserSoftwareLib\JBY_10\src\main_70.C(101): warning:  #177-D: variable "d" was declared but never referenced
        u8 d;
..\UserSoftwareLib\JBY_10\src\main_70.C(102): warning:  #177-D: variable "j" was declared but never referenced
        u16 j,k;
..\UserSoftwareLib\JBY_10\src\main_70.C(102): warning:  #177-D: variable "k" was declared but never referenced
        u16 j,k;
..\UserSoftwareLib\JBY_10\src\main_70.C(103): warning:  #177-D: variable "sum" was declared but never referenced
        u32 sum;
..\UserSoftwareLib\JBY_10\src\main_70.C(292): warning:  #177-D: variable "i" was declared but never referenced
        u8 i;
..\UserSoftwareLib\JBY_10\src\main_70.C(331): warning:  #69-D: integer conversion resulted in truncation
                                g_maxMpFromEnteranceToLength = 
P_FROM_ENTERANCE_TO_LENGTH;
..\UserSoftwareLib\JBY_10\src\main_70.C(514): warning:  #223-D: function "strlen" declared implicitly
                for(j=2; j<strlen(pd); j++)
..\UserSoftwareLib\JBY_10\src\main_70.C(522): warning:  #223-D: function "memset" declared implicitly
                                        memset(tempString,'\0',sizeof(tempString));
..\UserSoftwareLib\JBY_10\src\main_70.C(529): warning:  #223-D: function "memcpy" declared implicitly
                                                memcpy(pCertainStr,tempString,k+1);
..\UserSoftwareLib\JBY_10\src\main_70.C(536): warning:  #223-D: function "memset" declared implicitly
                                        memset(tempString,'\0',sizeof(tempString));
..\UserSoftwareLib\JBY_10\src\main_70.C(552): warning:  #223-D: function "memcpy" declared implicitly
                                memcpy(pCertainStr,tempString,k+1);
..\UserSoftwareLib\JBY_10\src\main_70.C(557): warning:  #940-D: missing return statement at end of non-void function "GetCertainStrFromLongStr"
  }
..\UserSoftwareLib\JBY_10\src\main_70.C(486): warning:  #177-D: variable "i" was declared but never referenced
        u16 i,j;
..\UserSoftwareLib\JBY_10\src\main_70.C(487): warning:  #177-D: variable "x" was declared but never referenced
        u16 x,y;
..\UserSoftwareLib\JBY_10\src\main_70.C(487): warning:  #177-D: variable "y" was declared but never referenced
        u16 x,y;
..\UserSoftwareLib\JBY_10\src\main_70.C(641): warning:  #223-D: function "strlen" declared implicitly
        len = strlen(str);      
..\UserSoftwareLib\JBY_10\src\main_70.C(723): warning:  #177-D: variable "i" was declared but never referenced
        u8 i;
..\UserSoftwareLib\JBY_10\src\main_70.C(897): warning:  #188-D: enumerated type mixed with another type
        systemState = d;
..\UserSoftwareLib\JBY_10\src\main_70.C(923): warning:  #223-D: function "memset" declared implicitly
        memset(savedPara.adjustPara.irBz40gStandard,0,REAL_IR_NUM*2);
..\UserSoftwareLib\JBY_10\src\main_70.C(1068): warning:  #550-D: variable "g" was set but never used
        u16  g;
..\UserSoftwareLib\JBY_10\src\main_70.C(1165): warning:  #177-D: variable "i" was declared but never referenced
        u8 i;
..\UserSoftwareLib\JBY_10\src\main_70.C(1167): warning:  #177-D: variable "NVIC_InitStructure" was declared but never referenced
        NVIC_InitTypeDef NVIC_InitStructure;    
..\UserSoftwareLib\JBY_10\src\main_70.C(1168): warning:  #177-D: variable "EXTI_InitStructure" was declared but never referenced
        EXTI_InitTypeDef EXTI_InitStructure;
..\UserSoftwareLib\JBY_10\src\main_70.C(1361): warning:  #177-D: variable "k" was declared but never referenced
        u8 i,j,k;
..\UserSoftwareLib\JBY_10\src\main_70.C(1362): warning:  #177-D: variable "index" was declared but never referenced
        u8 index;
..\UserSoftwareLib\JBY_10\src\main_70.C(1363): warning:  #177-D: variable "colorBg" was declared but never referenced
        u8 colorBg;
..\UserSoftwareLib\JBY_10\src\main_70.C(1526): warning:  #550-D: variable "Period" was set but never used
        u16 Period;
..\UserSoftwareLib\JBY_10\src\main_70.C(2110): warning:  #177-D: variable "i" was declared but never referenced
        u8 i;
..\UserSoftwareLib\JBY_10\src\main_70.C: 29 warnings, 0 errors
linking...
Program Size: Code=48852 RO-data=1868 RW-data=468 ZI-data=23340  
FromELF: creating hex file...
After Build - User command #1: fromelf --bin -o "G:\GitQr\JBY\BOOT\A9\obj\CISV41.bin" "G:\GitQr\JBY\BOOT\A9\obj\CISV41.axf"
".\obj\CISV41.axf" - 0 Error(s), 29 Warning(s).

<h2>Collection of Component include folders:</h2>
  G:\GitQr\JBY\BOOT\A9\RTE
  C:\Keil_v5\ARM\PACK\GigaDevice\GD32F10x_DFP\2.0.0\Device\Include

<h2>Collection of Component Files used:</h2>
</pre>
</body>
</html>
