Component: ARM Compiler 5.05 update 2 (build 169) Tool: armlink [4d0f33]

==============================================================================

Section Cross References

    fifo.o(.text) refers to fifo.o(.data) for uart3outfifo_front
    fifo.o(.text) refers to fifo.o(.constdata) for FIFO_PD
    fifo.o(.text) refers to fifo.o(.bss) for allFifo
    fifo.o(.constdata) refers to fifo.o(.bss) for DATA2
    flash.o(.text) refers to stm32f10x_flash.o(.text) for FLASH_Unlock
    flash.o(.text) refers to flash.o(.bss) for savedPara
    main_70.o(.text) refers to stm32f10x_gpio.o(.text) for GPIO_ReadInputDataBit
    main_70.o(.text) refers to fifo.o(.text) for fifo_GetCount
    main_70.o(.text) refers to stm32f10x_rcc.o(.text) for RCC_APB1PeriphClockCmd
    main_70.o(.text) refers to stm32f10x_tim.o(.text) for TIM_TimeBaseInit
    main_70.o(.text) refers to misc.o(.text) for NVIC_Init
    main_70.o(.text) refers to main_70.o(.data) for g_subStateOfNormal
    main_70.o(.text) refers to flash.o(.data) for systemState
    main_70.o(.text) refers to uart_1.o(.data) for gb_needDealUart1Data
    main_70.o(.text) refers to system_stm32f10x.o(.text) for SystemInit
    main_70.o(.text) refers to uart_1.o(.text) for uart_Init
    main_70.o(.text) refers to delay.o(.text) for delay_Init
    main_70.o(.text) refers to motor.o(.text) for motor_Init
    main_70.o(.text) refers to user_udisc.o(.text) for USB_Config
    main_70.o(.text) refers to core_cm3.o(.emb_text) for __set_MSP
    main_70.o(.text) refers to flash.o(.text) for flash_ReadUpdateFlag
    main_70.o(.text) refers to disp.o(.text) for disp_clearScreen
    main_70.o(.text) refers to aeabi_memset.o(.text) for __aeabi_memset
    main_70.o(.text) refers to main_70.o(.bss) for readBuffer
    main_70.o(.text) refers to strlen.o(.text) for strlen
    main_70.o(.text) refers to main_70.o(.constdata) for HEX_CODE
    main_70.o(.text) refers to stm32f10x_usart.o(.text) for USART_GetFlagStatus
    main_70.o(.text) refers to stm32f10x_adc.o(.text) for ADC_GetFlagStatus
    main_70.o(.text) refers to fifo.o(.data) for uart1outfifo_count
    motor.o(.text) refers to stm32f10x_gpio.o(.text) for GPIO_Init
    motor.o(.text) refers to stm32f10x_rcc.o(.text) for RCC_APB1PeriphClockCmd
    motor.o(.text) refers to stm32f10x_tim.o(.text) for TIM_TimeBaseInit
    motor.o(.text) refers to motor.o(.data) for g_motor1State
    uart_1.o(.text) refers to stm32f10x_gpio.o(.text) for GPIO_Init
    uart_1.o(.text) refers to stm32f10x_usart.o(.text) for USART_Init
    uart_1.o(.text) refers to misc.o(.text) for NVIC_PriorityGroupConfig
    uart_1.o(.text) refers to fifo.o(.text) for uart1outfifo_GetSpace
    uart_1.o(.text) refers to uart_1.o(.data) for gb_needDealUart1Data
    disp.o(.text) refers to _printf_percent.o(.ARM.Collect$$_printf_percent$$00000000) for _printf_percent
    disp.o(.text) refers to _printf_d.o(.ARM.Collect$$_printf_percent$$00000009) for _printf_d
    disp.o(.text) refers to _printf_dec.o(.text) for _printf_int_dec
    disp.o(.text) refers to _printf_s.o(.ARM.Collect$$_printf_percent$$00000014) for _printf_s
    disp.o(.text) refers to _printf_str.o(.text) for _printf_str
    disp.o(.text) refers to noretval__2sprintf.o(.text) for __2sprintf
    disp.o(.text) refers to strlen.o(.text) for strlen
    disp.o(.text) refers to uart_1.o(.text) for uart_SendDataToUart1
    disp.o(.text) refers to rt_memcpy_v6.o(.text) for __aeabi_memcpy
    disp.o(.text) refers to disp.o(.bss) for TFTStr
    disp.o(.text) refers to disp.o(.data) for CurrentFont
    user_udisc.o(.text) refers to stm32f10x_rcc.o(.text) for RCC_OTGFSCLKConfig
    user_udisc.o(.text) refers to usbh_core.o(.text) for USBH_Init
    user_udisc.o(.text) refers to ff.o(.text) for f_open
    user_udisc.o(.text) refers to usb_hcd.o(.text) for HCD_IsDeviceConnected
    user_udisc.o(.text) refers to usb_hcd_int.o(.text) for USBH_OTG_ISR_Handler
    user_udisc.o(.text) refers to usbh_msc_usr.o(.data) for USR_MSC_cb
    user_udisc.o(.text) refers to usbh_msc_core.o(.data) for USBH_MSC_cb
    user_udisc.o(.text) refers to usbh_core.o(.bss) for USB_Host
    user_udisc.o(.text) refers to usb_core.o(.bss) for USB_OTG_Core
    user_udisc.o(.text) refers to fatfs_demo.o(.bss) for file
    user_udisc.o(.text) refers to main_70.o(.data) for gb_udsikIsOnLine
    usbh_stdreq.o(.text) refers to usbh_ioreq.o(.text) for USBH_CtlReq
    usbh_stdreq.o(.text) refers to usbh_stdreq.o(.data) for prev_itf
    usbh_stdreq.o(.text) refers to usbh_stdreq.o(.bss) for USBH_CfgDesc
    usbh_ioreq.o(.text) refers to usb_hcd.o(.text) for HCD_SubmitRequest
    usbh_hcs.o(.text) refers to usb_core.o(.text) for USB_OTG_HC_Init
    usbh_core.o(.text) refers to usbh_hcs.o(.text) for USBH_Free_Channel
    usbh_core.o(.text) refers to user_bsp.o(.text) for USB_OTG_BSP_Init
    usbh_core.o(.text) refers to usb_hcd.o(.text) for HCD_Init
    usbh_core.o(.text) refers to usbh_ioreq.o(.text) for USBH_CtlSendSetup
[...]
    eeprom_SaveData                          0x0800095f   Thumb Code   112  flash.o(.text)
    flash_ReadUpdateFlag                     0x080009cf   Thumb Code    14  flash.o(.text)
    flash_SaveUpdateFlag                     0x080009dd   Thumb Code    68  flash.o(.text)
    readKey                                  0x08000a2d   Thumb Code    50  main_70.o(.text)
    DealKeyDownOnNormal                      0x08000a5f   Thumb Code    42  main_70.o(.text)
    DealKeyDown                              0x08000a89   Thumb Code    38  main_70.o(.text)
    DealPackageFromUart1                     0x08000aaf   Thumb Code    68  main_70.o(.text)
    U32ToStr                                 0x08000af3   Thumb Code    78  main_70.o(.text)
    tim_init                                 0x08000b41   Thumb Code    92  main_70.o(.text)
    set4051Chanel                            0x08000b9d   Thumb Code   248  main_70.o(.text)
    InitGpioInMain                           0x08000c95   Thumb Code   452  main_70.o(.text)
    MainInit                                 0x08000e59   Thumb Code    74  main_70.o(.text)
    RunProgramme                             0x08000ea3   Thumb Code    44  main_70.o(.text)
    main                                     0x08000ecf   Thumb Code  1180  main_70.o(.text)
    LongBeep                                 0x0800136b   Thumb Code    12  main_70.o(.text)
    ScanKeyDown                              0x08001377   Thumb Code   302  main_70.o(.text)
    DispString                               0x080014a5   Thumb Code    58  main_70.o(.text)
    UpdateDataFromSavedData                  0x080014df   Thumb Code     2  main_70.o(.text)
    U8ToStrNoSpace                           0x080014e1   Thumb Code   134  main_70.o(.text)
    U16ToTimeStr                             0x08001567   Thumb Code    80  main_70.o(.text)
    U16ToStr04                               0x080015b7   Thumb Code   198  main_70.o(.text)
    U16ToStr                                 0x0800167d   Thumb Code    80  main_70.o(.text)
    U8ToHexstr                               0x080016cd   Thumb Code    40  main_70.o(.text)
    U8ToStr                                  0x080016f5   Thumb Code    18  main_70.o(.text)
    ToggleJinChaoFaShe                       0x08001707   Thumb Code   148  main_70.o(.text)
    NMI_Handler                              0x0800179b   Thumb Code     2  main_70.o(.text)
    HardFault_Handler                        0x0800179d   Thumb Code     4  main_70.o(.text)
    MemManage_Handler                        0x080017a1   Thumb Code     4  main_70.o(.text)
    BusFault_Handler                         0x080017a5   Thumb Code     4  main_70.o(.text)
    UsageFault_Handler                       0x080017a9   Thumb Code     4  main_70.o(.text)
    SVC_Handler                              0x080017ad   Thumb Code     2  main_70.o(.text)
    DebugMon_Handler                         0x080017af   Thumb Code     2  main_70.o(.text)
    PendSV_Handler                           0x080017b1   Thumb Code     2  main_70.o(.text)
    SysTick_Handler                          0x080017b3   Thumb Code    92  main_70.o(.text)
    USART1_IRQHandler                        0x0800180f   Thumb Code    82  main_70.o(.text)
    TIM4_IRQHandler                          0x08001861   Thumb Code    22  main_70.o(.text)
    TIM2_IRQHandler                          0x08001877   Thumb Code   148  main_70.o(.text)
    DealInMp                                 0x0800190b   Thumb Code     2  main_70.o(.text)
    InitCountIr                              0x0800190d   Thumb Code     2  main_70.o(.text)
    ADC1_2_IRQHandler                        0x0800190f   Thumb Code    22  main_70.o(.text)
    motor_Init                               0x08001969   Thumb Code   208  motor.o(.text)
    uart_Init                                0x08001a45   Thumb Code   176  uart_1.o(.text)
    uart_SendDataToUart1                     0x08001af5   Thumb Code    72  uart_1.o(.text)
    uart_SendDataToUart2                     0x08001b3d   Thumb Code    72  uart_1.o(.text)
    uart_SendDataToUart3                     0x08001b85   Thumb Code    72  uart_1.o(.text)
    GetBitNum                                0x08001be5   Thumb Code    46  disp.o(.text)
    disp_Init                                0x08001c13   Thumb Code     2  disp.o(.text)
    disp_clearScreen                         0x08001c15   Thumb Code    32  disp.o(.text)
    disp_setFont                             0x08001c35   Thumb Code     6  disp.o(.text)
    disp_setPenColor                         0x08001c3b   Thumb Code     6  disp.o(.text)
    disp_setBackColor                        0x08001c41   Thumb Code     6  disp.o(.text)
    disp_string                              0x08001c47   Thumb Code   112  disp.o(.text)
    disp_num                                 0x08001cb7   Thumb Code    76  disp.o(.text)
    disp_DrawChart                           0x08001d03   Thumb Code    74  disp.o(.text)
    disp_paraString                          0x08001d4d   Thumb Code     2  disp.o(.text)
    disp_font8String                         0x08001d4f   Thumb Code     2  disp.o(.text)
    disp_font16String                        0x08001d51   Thumb Code     2  disp.o(.text)
    disp_font24String                        0x08001d53   Thumb Code     2  disp.o(.text)
    disp_font32String                        0x08001d55   Thumb Code     2  disp.o(.text)
    disp_font48String                        0x08001d57   Thumb Code     2  disp.o(.text)
    disp_drawCross                           0x08001d59   Thumb Code     2  disp.o(.text)
    disp_drawRectangle                       0x08001d5b   Thumb Code    62  disp.o(.text)
    disp_SetLine                             0x08001d99   Thumb Code     6  disp.o(.text)
    disp_drawRectangleFrame                  0x08001d9f   Thumb Code     6  disp.o(.text)
    disp_progressRect                        0x08001da5   Thumb Code     2  disp.o(.text)
    disp_progress                            0x08001da7   Thumb Code     2  disp.o(.text)
    disp_DrawCircle                          0x08001da9   Thumb Code     2  disp.o(.text)
    disp_DrawFullCircle                      0x08001dab   Thumb Code     2  disp.o(.text)
    disp_DrawRoundRect                       0x08001dad   Thumb Code     8  disp.o(.text)
    disp_DrawPic                             0x08001db5   Thumb Code     6  disp.o(.text)
    USB_Config                               0x08001e81   Thumb Code    34  user_udisc.o(.text)
    SaveFileToUdisk                          0x08001ea3   Thumb Code    52  user_udisc.o(.text)
    USB_CheckReady                           0x08001ed7   Thumb Code    72  user_udisc.o(.text)
    CreateFileToUdisk                        0x08001f1f   Thumb Code    28  user_udisc.o(.text)
    ReadUdiskFileSize                        0x08001f3b   Thumb Code    36  user_udisc.o(.text)
    ReadUdiskFile                            0x08001f5f   Thumb Code    58  user_udisc.o(.text)
    OTG_FS_IRQHandler                        0x08001f99   Thumb Code    10  user_udisc.o(.text)
    USBH_GetDescriptor                       0x08002031   Thumb Code    68  usbh_stdreq.o(.text)
    USBH_Get_DevDesc                         0x08002075   Thumb Code    56  usbh_stdreq.o(.text)
    USBH_GetNextDesc                         0x080020f3   Thumb Code    18  usbh_stdreq.o(.text)
    USBH_Get_CfgDesc                         0x08002217   Thumb Code    88  usbh_stdreq.o(.text)
    USBH_Get_StringDesc                      0x080022a5   Thumb Code    60  usbh_stdreq.o(.text)
    USBH_SetAddress                          0x080022e1   Thumb Code    38  usbh_stdreq.o(.text)
    USBH_SetCfg                              0x08002307   Thumb Code    38  usbh_stdreq.o(.text)
    USBH_SetInterface                        0x0800232d   Thumb Code    44  usbh_stdreq.o(.text)
    USBH_ClrFeature                          0x08002359   Thumb Code    76  usbh_stdreq.o(.text)
    USBH_CtlReq                              0x080023c9   Thumb Code   100  usbh_ioreq.o(.text)
    USBH_CtlSendSetup                        0x0800242d   Thumb Code    66  usbh_ioreq.o(.text)
    USBH_CtlSendData                         0x0800246f   Thumb Code   110  usbh_ioreq.o(.text)
    USBH_CtlReceiveData                      0x080024dd   Thumb Code    70  usbh_ioreq.o(.text)
    USBH_BulkSendData                        0x08002523   Thumb Code    94  usbh_ioreq.o(.text)
    USBH_BulkReceiveData                     0x08002581   Thumb Code    96  usbh_ioreq.o(.text)
    USBH_InterruptReceiveData                0x080025e1   Thumb Code   120  usbh_ioreq.o(.text)
    USBH_InterruptSendData                   0x08002659   Thumb Code   118  usbh_ioreq.o(.text)
    USBH_IsocReceiveData                     0x080026cf   Thumb Code    70  usbh_ioreq.o(.text)
    USBH_IsocSendData                        0x08002715   Thumb Code    68  usbh_ioreq.o(.text)
    USBH_Open_Channel                        0x08002759   Thumb Code   154  usbh_hcs.o(.text)
    USBH_Modify_Channel                      0x080027f3   Thumb Code   100  usbh_hcs.o(.text)
    USBH_Alloc_Channel                       0x0800287f   Thumb Code    38  usbh_hcs.o(.text)
    USBH_Free_Channel                        0x080028a5   Thumb Code    30  usbh_hcs.o(.text)
    USBH_DeAllocate_AllChannel               0x080028c3   Thumb Code    28  usbh_hcs.o(.text)
    USBH_Connected                           0x080028e1   Thumb Code    12  usbh_core.o(.text)
    USBH_Disconnected                        0x080028ed   Thumb Code    12  usbh_core.o(.text)
    USBH_SOF                                 0x080028f9   Thumb Code     6  usbh_core.o(.text)
    USBH_DeInit                              0x080028ff   Thumb Code    58  usbh_core.o(.text)
    USBH_Init                                0x08002939   Thumb Code    62  usbh_core.o(.text)
    USBH_HandleControl                       0x08002977   Thumb Code   544  usbh_core.o(.text)
    USBH_ErrorHandle                         0x08002b97   Thumb Code    46  usbh_core.o(.text)
    USBH_Process                             0x08002d9d   Thumb Code   412  usbh_core.o(.text)
    USBH_MSC_Init                            0x08002f39   Thumb Code    44  usbh_msc_bot.o(.text)
    USBH_MSC_BOT_Abort                       0x08002f65   Thumb Code    86  usbh_msc_bot.o(.text)
    USBH_MSC_DecodeCSW                       0x08002fbb   Thumb Code   108  usbh_msc_bot.o(.text)
    USBH_MSC_HandleBOTXfer                   0x08003027   Thumb Code   866  usbh_msc_bot.o(.text)
    USBH_MSC_ErrorHandle                     0x080034a3   Thumb Code    58  usbh_msc_core.o(.text)
    USBH_MSC_TestUnitReady                   0x080036b1   Thumb Code   162  usbh_msc_scsi.o(.text)
    USBH_MSC_ReadCapacity10                  0x08003753   Thumb Code   202  usbh_msc_scsi.o(.text)
    USBH_MSC_ModeSense6                      0x0800381d   Thumb Code   192  usbh_msc_scsi.o(.text)
    USBH_MSC_RequestSense                    0x080038dd   Thumb Code   208  usbh_msc_scsi.o(.text)
    USBH_MSC_Write10                         0x080039ad   Thumb Code   218  usbh_msc_scsi.o(.text)
    USBH_MSC_Read10                          0x08003a87   Thumb Code   272  usbh_msc_scsi.o(.text)
    USB_OTG_WritePacket                      0x08003c45   Thumb Code    64  usb_core.o(.text)
    USB_OTG_ReadPacket                       0x08003c85   Thumb Code    40  usb_core.o(.text)
    USB_OTG_SelectCore                       0x08003cad   Thumb Code   204  usb_core.o(.text)
    USB_OTG_CoreInit                         0x08003d79   Thumb Code   294  usb_core.o(.text)
    USB_OTG_EnableGlobalInt                  0x08003e9f   Thumb Code    34  usb_core.o(.text)
    USB_OTG_DisableGlobalInt                 0x08003ec1   Thumb Code    34  usb_core.o(.text)
    USB_OTG_FlushTxFifo                      0x08003ee3   Thumb Code    80  usb_core.o(.text)
    USB_OTG_FlushRxFifo                      0x08003f33   Thumb Code    70  usb_core.o(.text)
    USB_OTG_SetCurrentMode                   0x08003f79   Thumb Code    78  usb_core.o(.text)
    USB_OTG_GetMode                          0x08003fc7   Thumb Code    22  usb_core.o(.text)
    USB_OTG_IsDeviceMode                     0x08003fdd   Thumb Code    22  usb_core.o(.text)
    USB_OTG_IsHostMode                       0x08003ff3   Thumb Code    20  usb_core.o(.text)
    USB_OTG_ReadCoreItr                      0x08004007   Thumb Code    16  usb_core.o(.text)
    USB_OTG_ReadOtgItr                       0x08004017   Thumb Code     8  usb_core.o(.text)
    USB_OTG_EnableHostInt                    0x0800401f   Thumb Code   116  usb_core.o(.text)
    USB_OTG_ReadHPRT0                        0x08004093   Thumb Code    48  usb_core.o(.text)
    USB_OTG_DriveVbus                        0x080040c3   Thumb Code    92  usb_core.o(.text)
    USB_OTG_ResetPort                        0x0800411f   Thumb Code    64  usb_core.o(.text)
    USB_OTG_InitFSLSPClkSel                  0x0800415f   Thumb Code    24  usb_core.o(.text)
    USB_OTG_CoreInitHost                     0x08004177   Thumb Code   214  usb_core.o(.text)
    USB_OTG_IsEvenFrame                      0x0800424d   Thumb Code    16  usb_core.o(.text)
    USB_OTG_ReadHostAllChannels_intr         0x0800425d   Thumb Code     8  usb_core.o(.text)
    USB_OTG_HC_Init                          0x08004265   Thumb Code   568  usb_core.o(.text)
    USB_OTG_HC_StartXfer                     0x0800449d   Thumb Code   502  usb_core.o(.text)
    USB_OTG_HC_Halt                          0x08004693   Thumb Code   130  usb_core.o(.text)
    USB_OTG_HC_DoPing                        0x08004715   Thumb Code    90  usb_core.o(.text)
    USB_OTG_StopHost                         0x0800476f   Thumb Code    96  usb_core.o(.text)
    HCD_Init                                 0x080047cf   Thumb Code    96  usb_hcd.o(.text)
    HCD_GetCurrentSpeed                      0x0800482f   Thumb Code    20  usb_hcd.o(.text)
    HCD_ResetPort                            0x08004843   Thumb Code    14  usb_hcd.o(.text)
    HCD_IsDeviceConnected                    0x08004851   Thumb Code     8  usb_hcd.o(.text)
    HCD_GetCurrentFrame                      0x08004859   Thumb Code    10  usb_hcd.o(.text)
    HCD_GetURB_State                         0x08004863   Thumb Code    10  usb_hcd.o(.text)
    HCD_GetXferCnt                           0x0800486d   Thumb Code    12  usb_hcd.o(.text)
    HCD_GetHCState                           0x08004879   Thumb Code    10  usb_hcd.o(.text)
    HCD_HC_Init                              0x08004883   Thumb Code    16  usb_hcd.o(.text)
    HCD_SubmitRequest                        0x08004893   Thumb Code    32  usb_hcd.o(.text)
    USBH_OTG_ISR_Handler                     0x0800567b   Thumb Code   168  usb_hcd_int.o(.text)
    USB_OTG_BSP_TimerIRQ                     0x08005729   Thumb Code    48  user_bsp.o(.text)
    USB_OTG_BSP_Init                         0x08005781   Thumb Code    10  user_bsp.o(.text)
    USB_OTG_BSP_EnableInterrupt              0x0800578b   Thumb Code    34  user_bsp.o(.text)
    USB_OTG_BSP_DriveVBUS                    0x080057ad   Thumb Code     2  user_bsp.o(.text)
    USB_OTG_BSP_ConfigVBUS                   0x080057af   Thumb Code     2  user_bsp.o(.text)
    USB_OTG_BSP_mDelay                       0x0800583f   Thumb Code    14  user_bsp.o(.text)
    USB_OTG_BSP_uDelay                       0x0800584d   Thumb Code    14  user_bsp.o(.text)
    TIM6_IRQHandler                          0x0800585b   Thumb Code     8  user_bsp.o(.text)
    USBH_USR_Init                            0x0800586d   Thumb Code     2  usbh_msc_usr.o(.text)
    USBH_USR_DeviceAttached                  0x0800586f   Thumb Code     2  usbh_msc_usr.o(.text)
    USBH_USR_UnrecoveredError                0x08005871   Thumb Code     2  usbh_msc_usr.o(.text)
    USBH_USR_DeviceDisconnected              0x08005873   Thumb Code     8  usbh_msc_usr.o(.text)
    USBH_USR_ResetDevice                     0x0800587b   Thumb Code     2  usbh_msc_usr.o(.text)
    USBH_USR_DeviceSpeedDetected             0x0800587d   Thumb Code    10  usbh_msc_usr.o(.text)
    USBH_USR_Device_DescAvailable            0x08005887   Thumb Code     2  usbh_msc_usr.o(.text)
    USBH_USR_DeviceAddressAssigned           0x08005889   Thumb Code     2  usbh_msc_usr.o(.text)
    USBH_USR_Configuration_DescAvailable     0x0800588b   Thumb Code    16  usbh_msc_usr.o(.text)
    USBH_USR_Manufacturer_String             0x0800589b   Thumb Code     2  usbh_msc_usr.o(.text)
    USBH_USR_Product_String                  0x0800589d   Thumb Code     2  usbh_msc_usr.o(.text)
    USBH_USR_SerialNum_String                0x0800589f   Thumb Code     2  usbh_msc_usr.o(.text)
    USBH_USR_EnumerationDone                 0x080058a1   Thumb Code     8  usbh_msc_usr.o(.text)
    USBH_USR_DeviceNotSupported              0x080058a9   Thumb Code     2  usbh_msc_usr.o(.text)
    USBH_USR_UserInput                       0x080058ab   Thumb Code     4  usbh_msc_usr.o(.text)
    USBH_USR_OverCurrentDetected             0x080058af   Thumb Code     2  usbh_msc_usr.o(.text)
    USBH_USR_MSC_Application                 0x080058b1   Thumb Code    42  usbh_msc_usr.o(.text)
    USBH_USR_DeInit                          0x080058db   Thumb Code     8  usbh_msc_usr.o(.text)
    clust2sect                               0x08005aab   Thumb Code    26  ff.o(.text)
    get_fat                                  0x08005ac5   Thumb Code   242  ff.o(.text)
    put_fat                                  0x08005bb7   Thumb Code   322  ff.o(.text)
    f_mount                                  0x080070a7   Thumb Code    86  ff.o(.text)
    f_open                                   0x080070fd   Thumb Code   360  ff.o(.text)
    f_read                                   0x08007265   Thumb Code   454  ff.o(.text)
    f_write                                  0x0800742b   Thumb Code   490  ff.o(.text)
    f_sync                                   0x08007615   Thumb Code   176  ff.o(.text)
    f_close                                  0x080076c5   Thumb Code    32  ff.o(.text)
    f_chdrive                                0x080076e5   Thumb Code    26  ff.o(.text)
    f_chdir                                  0x080076ff   Thumb Code    88  ff.o(.text)
    f_getcwd                                 0x08007757   Thumb Code   310  ff.o(.text)
    f_lseek                                  0x0800788d   Thumb Code   694  ff.o(.text)
    f_opendir                                0x08007b43   Thumb Code   114  ff.o(.text)
    f_closedir                               0x08007bb5   Thumb Code    22  ff.o(.text)
    f_readdir                                0x08007bcb   Thumb Code    92  ff.o(.text)
    f_findnext                               0x08007c27   Thumb Code    74  ff.o(.text)
    f_findfirst                              0x08007c71   Thumb Code    42  ff.o(.text)
    f_stat                                   0x08007c9b   Thumb Code    64  ff.o(.text)
    f_getfree                                0x08007cdb   Thumb Code   258  ff.o(.text)
    f_truncate                               0x08007ddd   Thumb Code   184  ff.o(.text)
    f_unlink                                 0x08007e95   Thumb Code   200  ff.o(.text)
    f_mkdir                                  0x08007f5d   Thumb Code   368  ff.o(.text)
    f_chmod                                  0x080080cd   Thumb Code   100  ff.o(.text)
    f_rename                                 0x08008131   Thumb Code   274  ff.o(.text)
    f_utime                                  0x08008243   Thumb Code   102  ff.o(.text)
    f_getlabel                               0x080082a9   Thumb Code   196  ff.o(.text)
    f_setlabel                               0x0800836d   Thumb Code   480  ff.o(.text)
    f_gets                                   0x0800854d   Thumb Code    86  ff.o(.text)
    f_putc                                   0x080085f1   Thumb Code    64  ff.o(.text)
    f_puts                                   0x08008631   Thumb Code    74  ff.o(.text)
    f_printf                                 0x0800867b   Thumb Code   648  ff.o(.text)
    disk_initialize                          0x08008905   Thumb Code    44  diskio_msc&sd.o(.text)
    disk_status                              0x08008931   Thumb Code    34  diskio_msc&sd.o(.text)
    disk_read                                0x08008953   Thumb Code   124  diskio_msc&sd.o(.text)
    disk_write                               0x080089cf   Thumb Code   138  diskio_msc&sd.o(.text)
    disk_ioctl                               0x08008a59   Thumb Code   100  diskio_msc&sd.o(.text)
    get_fattime                              0x08008abd   Thumb Code     4  diskio_msc&sd.o(.text)
    ff_convert                               0x08008ad5   Thumb Code     4  cc932.o(.text)
    ff_wtoupper                              0x08008ad9   Thumb Code    46  cc932.o(.text)
    NVIC_PriorityGroupConfig                 0x08008b11   Thumb Code    10  misc.o(.text)
    NVIC_Init                                0x08008b1b   Thumb Code   100  misc.o(.text)
    NVIC_SetVectorTable                      0x08008b7f   Thumb Code    14  misc.o(.text)
    NVIC_SystemLPConfig                      0x08008b8d   Thumb Code    34  misc.o(.text)
    SysTick_CLKSourceConfig                  0x08008baf   Thumb Code    40  misc.o(.text)
    ADC_DeInit                               0x08008bed   Thumb Code    78  stm32f10x_adc.o(.text)
    ADC_Init                                 0x08008c3b   Thumb Code    70  stm32f10x_adc.o(.text)
    ADC_StructInit                           0x08008c81   Thumb Code    18  stm32f10x_adc.o(.text)
    ADC_Cmd                                  0x08008c93   Thumb Code    22  stm32f10x_adc.o(.text)
    ADC_DMACmd                               0x08008ca9   Thumb Code    22  stm32f10x_adc.o(.text)
    ADC_ITConfig                             0x08008cbf   Thumb Code    24  stm32f10x_adc.o(.text)
    ADC_ResetCalibration                     0x08008cd7   Thumb Code    10  stm32f10x_adc.o(.text)
    ADC_GetResetCalibrationStatus            0x08008ce1   Thumb Code    20  stm32f10x_adc.o(.text)
    ADC_StartCalibration                     0x08008cf5   Thumb Code    10  stm32f10x_adc.o(.text)
    ADC_GetCalibrationStatus                 0x08008cff   Thumb Code    20  stm32f10x_adc.o(.text)
    ADC_SoftwareStartConvCmd                 0x08008d13   Thumb Code    22  stm32f10x_adc.o(.text)
    ADC_GetSoftwareStartConvStatus           0x08008d29   Thumb Code    20  stm32f10x_adc.o(.text)
    ADC_DiscModeChannelCountConfig           0x08008d3d   Thumb Code    24  stm32f10x_adc.o(.text)
    ADC_DiscModeCmd                          0x08008d55   Thumb Code    22  stm32f10x_adc.o(.text)
    ADC_RegularChannelConfig                 0x08008d6b   Thumb Code   184  stm32f10x_adc.o(.text)
    ADC_ExternalTrigConvCmd                  0x08008e23   Thumb Code    22  stm32f10x_adc.o(.text)
    ADC_GetConversionValue                   0x08008e39   Thumb Code     8  stm32f10x_adc.o(.text)
    ADC_GetDualModeConversionValue           0x08008e41   Thumb Code     8  stm32f10x_adc.o(.text)
    ADC_AutoInjectedConvCmd                  0x08008e49   Thumb Code    22  stm32f10x_adc.o(.text)
    ADC_InjectedDiscModeCmd                  0x08008e5f   Thumb Code    22  stm32f10x_adc.o(.text)
    ADC_ExternalTrigInjectedConvConfig       0x08008e75   Thumb Code    16  stm32f10x_adc.o(.text)
    ADC_ExternalTrigInjectedConvCmd          0x08008e85   Thumb Code    22  stm32f10x_adc.o(.text)
    ADC_SoftwareStartInjectedConvCmd         0x08008e9b   Thumb Code    22  stm32f10x_adc.o(.text)
    ADC_GetSoftwareStartInjectedConvCmdStatus 0x08008eb1   Thumb Code    20  stm32f10x_adc.o(.text)
    ADC_InjectedChannelConfig                0x08008ec5   Thumb Code   130  stm32f10x_adc.o(.text)
    ADC_InjectedSequencerLengthConfig        0x08008f47   Thumb Code    24  stm32f10x_adc.o(.text)
    ADC_SetInjectedOffset                    0x08008f5f   Thumb Code    20  stm32f10x_adc.o(.text)
    ADC_GetInjectedConversionValue           0x08008f73   Thumb Code    28  stm32f10x_adc.o(.text)
    ADC_AnalogWatchdogCmd                    0x08008f8f   Thumb Code    16  stm32f10x_adc.o(.text)
    ADC_AnalogWatchdogThresholdsConfig       0x08008f9f   Thumb Code     6  stm32f10x_adc.o(.text)
    ADC_AnalogWatchdogSingleChannelConfig    0x08008fa5   Thumb Code    16  stm32f10x_adc.o(.text)
    ADC_TempSensorVrefintCmd                 0x08008fb5   Thumb Code    64  stm32f10x_adc.o(.text)
    ADC_GetFlagStatus                        0x08008ff5   Thumb Code    18  stm32f10x_adc.o(.text)
    ADC_ClearFlag                            0x08009007   Thumb Code     6  stm32f10x_adc.o(.text)
    ADC_GetITStatus                          0x0800900d   Thumb Code    36  stm32f10x_adc.o(.text)
    ADC_ClearITPendingBit                    0x08009031   Thumb Code    10  stm32f10x_adc.o(.text)
    FLASH_SetLatency                         0x0800903d   Thumb Code    18  stm32f10x_flash.o(.text)
    FLASH_HalfCycleAccessCmd                 0x0800904f   Thumb Code    22  stm32f10x_flash.o(.text)
    FLASH_PrefetchBufferCmd                  0x08009065   Thumb Code    22  stm32f10x_flash.o(.text)
    FLASH_Unlock                             0x0800907b   Thumb Code    12  stm32f10x_flash.o(.text)
    FLASH_UnlockBank1                        0x08009087   Thumb Code    12  stm32f10x_flash.o(.text)
    FLASH_Lock                               0x08009093   Thumb Code    14  stm32f10x_flash.o(.text)
    FLASH_LockBank1                          0x080090a1   Thumb Code    14  stm32f10x_flash.o(.text)
    FLASH_GetBank1Status                     0x080090af   Thumb Code    48  stm32f10x_flash.o(.text)
    FLASH_WaitForLastOperation               0x080090df   Thumb Code    38  stm32f10x_flash.o(.text)
    FLASH_ErasePage                          0x08009105   Thumb Code    72  stm32f10x_flash.o(.text)
    FLASH_EraseAllPages                      0x0800914d   Thumb Code    68  stm32f10x_flash.o(.text)
    FLASH_WaitForLastBank1Operation          0x08009191   Thumb Code    38  stm32f10x_flash.o(.text)
    FLASH_EraseAllBank1Pages                 0x080091b7   Thumb Code    68  stm32f10x_flash.o(.text)
    FLASH_GetReadOutProtectionStatus         0x080091fb   Thumb Code    20  stm32f10x_flash.o(.text)
    FLASH_EraseOptionBytes                   0x0800920f   Thumb Code   150  stm32f10x_flash.o(.text)
    FLASH_ProgramWord                        0x080092a5   Thumb Code   102  stm32f10x_flash.o(.text)
    FLASH_ProgramHalfWord                    0x0800930b   Thumb Code    60  stm32f10x_flash.o(.text)
    FLASH_ProgramOptionByteData              0x08009347   Thumb Code    72  stm32f10x_flash.o(.text)
    FLASH_EnableWriteProtection              0x0800938f   Thumb Code   200  stm32f10x_flash.o(.text)
    FLASH_ReadOutProtection                  0x08009457   Thumb Code   156  stm32f10x_flash.o(.text)
    FLASH_UserOptionByteConfig               0x080094f3   Thumb Code    88  stm32f10x_flash.o(.text)
    FLASH_GetUserOptionByte                  0x0800954b   Thumb Code     8  stm32f10x_flash.o(.text)
    FLASH_GetWriteProtectionOptionByte       0x08009553   Thumb Code     6  stm32f10x_flash.o(.text)
    FLASH_GetPrefetchBufferStatus            0x08009559   Thumb Code    20  stm32f10x_flash.o(.text)
    FLASH_ITConfig                           0x0800956d   Thumb Code    26  stm32f10x_flash.o(.text)
    FLASH_GetFlagStatus                      0x08009587   Thumb Code    42  stm32f10x_flash.o(.text)
    FLASH_ClearFlag                          0x080095b1   Thumb Code     6  stm32f10x_flash.o(.text)
    FLASH_GetStatus                          0x080095b7   Thumb Code    48  stm32f10x_flash.o(.text)
    GPIO_DeInit                              0x080095f9   Thumb Code   172  stm32f10x_gpio.o(.text)
    GPIO_AFIODeInit                          0x080096a5   Thumb Code    20  stm32f10x_gpio.o(.text)
    GPIO_Init                                0x080096b9   Thumb Code   278  stm32f10x_gpio.o(.text)
    GPIO_StructInit                          0x080097cf   Thumb Code    16  stm32f10x_gpio.o(.text)
    GPIO_ReadInputDataBit                    0x080097df   Thumb Code    18  stm32f10x_gpio.o(.text)
    GPIO_ReadInputData                       0x080097f1   Thumb Code     8  stm32f10x_gpio.o(.text)
    GPIO_ReadOutputDataBit                   0x080097f9   Thumb Code    18  stm32f10x_gpio.o(.text)
    GPIO_ReadOutputData                      0x0800980b   Thumb Code     8  stm32f10x_gpio.o(.text)
    GPIO_SetBits                             0x08009813   Thumb Code     4  stm32f10x_gpio.o(.text)
    GPIO_ResetBits                           0x08009817   Thumb Code     4  stm32f10x_gpio.o(.text)
    GPIO_WriteBit                            0x0800981b   Thumb Code    10  stm32f10x_gpio.o(.text)
    GPIO_Write                               0x08009825   Thumb Code     4  stm32f10x_gpio.o(.text)
    GPIO_PinLockConfig                       0x08009829   Thumb Code    18  stm32f10x_gpio.o(.text)
    GPIO_EventOutputConfig                   0x0800983b   Thumb Code    26  stm32f10x_gpio.o(.text)
    GPIO_EventOutputCmd                      0x08009855   Thumb Code     6  stm32f10x_gpio.o(.text)
    GPIO_PinRemapConfig                      0x0800985b   Thumb Code   138  stm32f10x_gpio.o(.text)
    GPIO_EXTILineConfig                      0x080098e5   Thumb Code    66  stm32f10x_gpio.o(.text)
    GPIO_ETH_MediaInterfaceConfig            0x08009927   Thumb Code     8  stm32f10x_gpio.o(.text)
    RCC_DeInit                               0x08009955   Thumb Code    78  stm32f10x_rcc.o(.text)
    RCC_HSEConfig                            0x080099a3   Thumb Code    70  stm32f10x_rcc.o(.text)
    RCC_GetFlagStatus                        0x080099e9   Thumb Code    56  stm32f10x_rcc.o(.text)
    RCC_WaitForHSEStartUp                    0x08009a21   Thumb Code    56  stm32f10x_rcc.o(.text)
    RCC_AdjustHSICalibrationValue            0x08009a59   Thumb Code    20  stm32f10x_rcc.o(.text)
    RCC_HSICmd                               0x08009a6d   Thumb Code     6  stm32f10x_rcc.o(.text)
    RCC_PLLConfig                            0x08009a73   Thumb Code    24  stm32f10x_rcc.o(.text)
    RCC_PLLCmd                               0x08009a8b   Thumb Code     6  stm32f10x_rcc.o(.text)
    RCC_PREDIV1Config                        0x08009a91   Thumb Code    24  stm32f10x_rcc.o(.text)
    RCC_PREDIV2Config                        0x08009aa9   Thumb Code    18  stm32f10x_rcc.o(.text)
    RCC_PLL2Config                           0x08009abb   Thumb Code    18  stm32f10x_rcc.o(.text)
    RCC_PLL2Cmd                              0x08009acd   Thumb Code     6  stm32f10x_rcc.o(.text)
    RCC_PLL3Config                           0x08009ad3   Thumb Code    18  stm32f10x_rcc.o(.text)
    RCC_PLL3Cmd                              0x08009ae5   Thumb Code     6  stm32f10x_rcc.o(.text)
    RCC_SYSCLKConfig                         0x08009aeb   Thumb Code    18  stm32f10x_rcc.o(.text)
    RCC_GetSYSCLKSource                      0x08009afd   Thumb Code    10  stm32f10x_rcc.o(.text)
    RCC_HCLKConfig                           0x08009b07   Thumb Code    18  stm32f10x_rcc.o(.text)
    RCC_PCLK1Config                          0x08009b19   Thumb Code    18  stm32f10x_rcc.o(.text)
    RCC_PCLK2Config                          0x08009b2b   Thumb Code    20  stm32f10x_rcc.o(.text)
    RCC_ITConfig                             0x08009b3f   Thumb Code    26  stm32f10x_rcc.o(.text)
    RCC_OTGFSCLKConfig                       0x08009b59   Thumb Code     8  stm32f10x_rcc.o(.text)
    RCC_ADCCLKConfig                         0x08009b61   Thumb Code    18  stm32f10x_rcc.o(.text)
    RCC_I2S2CLKConfig                        0x08009b73   Thumb Code     6  stm32f10x_rcc.o(.text)
    RCC_I2S3CLKConfig                        0x08009b79   Thumb Code     8  stm32f10x_rcc.o(.text)
    RCC_LSEConfig                            0x08009b81   Thumb Code    50  stm32f10x_rcc.o(.text)
    RCC_LSICmd                               0x08009bb3   Thumb Code     6  stm32f10x_rcc.o(.text)
    RCC_RTCCLKConfig                         0x08009bb9   Thumb Code    12  stm32f10x_rcc.o(.text)
    RCC_RTCCLKCmd                            0x08009bc5   Thumb Code     8  stm32f10x_rcc.o(.text)
    RCC_GetClocksFreq                        0x08009bcd   Thumb Code   420  stm32f10x_rcc.o(.text)
    RCC_AHBPeriphClockCmd                    0x08009d71   Thumb Code    26  stm32f10x_rcc.o(.text)
    RCC_APB2PeriphClockCmd                   0x08009d8b   Thumb Code    26  stm32f10x_rcc.o(.text)
    RCC_APB1PeriphClockCmd                   0x08009da5   Thumb Code    26  stm32f10x_rcc.o(.text)
    RCC_AHBPeriphResetCmd                    0x08009dbf   Thumb Code    26  stm32f10x_rcc.o(.text)
    RCC_APB2PeriphResetCmd                   0x08009dd9   Thumb Code    26  stm32f10x_rcc.o(.text)
    RCC_APB1PeriphResetCmd                   0x08009df3   Thumb Code    26  stm32f10x_rcc.o(.text)
    RCC_BackupResetCmd                       0x08009e0d   Thumb Code     6  stm32f10x_rcc.o(.text)
    RCC_ClockSecuritySystemCmd               0x08009e13   Thumb Code     6  stm32f10x_rcc.o(.text)
    RCC_MCOConfig                            0x08009e19   Thumb Code     6  stm32f10x_rcc.o(.text)
    RCC_ClearFlag                            0x08009e1f   Thumb Code    14  stm32f10x_rcc.o(.text)
    RCC_GetITStatus                          0x08009e2d   Thumb Code    20  stm32f10x_rcc.o(.text)
    RCC_ClearITPendingBit                    0x08009e41   Thumb Code     6  stm32f10x_rcc.o(.text)
    TIM_DeInit                               0x08009e55   Thumb Code   424  stm32f10x_tim.o(.text)
    TIM_TimeBaseInit                         0x08009ffd   Thumb Code   122  stm32f10x_tim.o(.text)
    TIM_OC1Init                              0x0800a077   Thumb Code   132  stm32f10x_tim.o(.text)
    TIM_OC2Init                              0x0800a0fb   Thumb Code   154  stm32f10x_tim.o(.text)
    TIM_OC3Init                              0x0800a195   Thumb Code   150  stm32f10x_tim.o(.text)
    TIM_OC4Init                              0x0800a22b   Thumb Code   182  stm32f10x_tim.o(.text)
    TIM_SetIC4Prescaler                      0x0800a2e1   Thumb Code    26  stm32f10x_tim.o(.text)
    TIM_SetIC3Prescaler                      0x0800a37d   Thumb Code    18  stm32f10x_tim.o(.text)
    TIM_SetIC2Prescaler                      0x0800a409   Thumb Code    26  stm32f10x_tim.o(.text)
    TIM_SetIC1Prescaler                      0x0800a4a5   Thumb Code    18  stm32f10x_tim.o(.text)
    TIM_ICInit                               0x0800a523   Thumb Code   150  stm32f10x_tim.o(.text)
    TIM_PWMIConfig                           0x0800a5b9   Thumb Code   124  stm32f10x_tim.o(.text)
    TIM_BDTRConfig                           0x0800a635   Thumb Code    32  stm32f10x_tim.o(.text)
    TIM_TimeBaseStructInit                   0x0800a655   Thumb Code    18  stm32f10x_tim.o(.text)
    TIM_OCStructInit                         0x0800a667   Thumb Code    20  stm32f10x_tim.o(.text)
    TIM_ICStructInit                         0x0800a67b   Thumb Code    18  stm32f10x_tim.o(.text)
    TIM_BDTRStructInit                       0x0800a68d   Thumb Code    40  stm32f10x_tim.o(.text)
    TIM_Cmd                                  0x0800a6b5   Thumb Code    24  stm32f10x_tim.o(.text)
    TIM_CtrlPWMOutputs                       0x0800a6cd   Thumb Code    30  stm32f10x_tim.o(.text)
    TIM_ITConfig                             0x0800a6eb   Thumb Code    18  stm32f10x_tim.o(.text)
    TIM_GenerateEvent                        0x0800a6fd   Thumb Code     4  stm32f10x_tim.o(.text)
    TIM_DMAConfig                            0x0800a701   Thumb Code    10  stm32f10x_tim.o(.text)
    TIM_DMACmd                               0x0800a70b   Thumb Code    18  stm32f10x_tim.o(.text)
    TIM_InternalClockConfig                  0x0800a71d   Thumb Code    12  stm32f10x_tim.o(.text)
    TIM_SelectInputTrigger                   0x0800a729   Thumb Code    18  stm32f10x_tim.o(.text)
    TIM_ITRxExternalClockConfig              0x0800a73b   Thumb Code    24  stm32f10x_tim.o(.text)
    TIM_TIxExternalClockConfig               0x0800a753   Thumb Code    62  stm32f10x_tim.o(.text)
    TIM_ETRConfig                            0x0800a791   Thumb Code    28  stm32f10x_tim.o(.text)
    TIM_ETRClockMode1Config                  0x0800a7ad   Thumb Code    54  stm32f10x_tim.o(.text)
    TIM_ETRClockMode2Config                  0x0800a7e3   Thumb Code    32  stm32f10x_tim.o(.text)
    TIM_PrescalerConfig                      0x0800a803   Thumb Code     6  stm32f10x_tim.o(.text)
    TIM_CounterModeConfig                    0x0800a809   Thumb Code    18  stm32f10x_tim.o(.text)
    TIM_EncoderInterfaceConfig               0x0800a81b   Thumb Code    66  stm32f10x_tim.o(.text)
    TIM_ForcedOC1Config                      0x0800a85d   Thumb Code    18  stm32f10x_tim.o(.text)
    TIM_ForcedOC2Config                      0x0800a86f   Thumb Code    26  stm32f10x_tim.o(.text)
    TIM_ForcedOC3Config                      0x0800a889   Thumb Code    18  stm32f10x_tim.o(.text)
    TIM_ForcedOC4Config                      0x0800a89b   Thumb Code    26  stm32f10x_tim.o(.text)
    TIM_ARRPreloadConfig                     0x0800a8b5   Thumb Code    24  stm32f10x_tim.o(.text)
    TIM_SelectCOM                            0x0800a8cd   Thumb Code    24  stm32f10x_tim.o(.text)
    TIM_SelectCCDMA                          0x0800a8e5   Thumb Code    24  stm32f10x_tim.o(.text)
    TIM_CCPreloadControl                     0x0800a8fd   Thumb Code    24  stm32f10x_tim.o(.text)
    TIM_OC1PreloadConfig                     0x0800a915   Thumb Code    18  stm32f10x_tim.o(.text)
    TIM_OC2PreloadConfig                     0x0800a927   Thumb Code    26  stm32f10x_tim.o(.text)
    TIM_OC3PreloadConfig                     0x0800a941   Thumb Code    18  stm32f10x_tim.o(.text)
    TIM_OC4PreloadConfig                     0x0800a953   Thumb Code    26  stm32f10x_tim.o(.text)
    TIM_OC1FastConfig                        0x0800a96d   Thumb Code    18  stm32f10x_tim.o(.text)
    TIM_OC2FastConfig                        0x0800a97f   Thumb Code    26  stm32f10x_tim.o(.text)
    TIM_OC3FastConfig                        0x0800a999   Thumb Code    18  stm32f10x_tim.o(.text)
    TIM_OC4FastConfig                        0x0800a9ab   Thumb Code    26  stm32f10x_tim.o(.text)
    TIM_ClearOC1Ref                          0x0800a9c5   Thumb Code    18  stm32f10x_tim.o(.text)
    TIM_ClearOC2Ref                          0x0800a9d7   Thumb Code    24  stm32f10x_tim.o(.text)
    TIM_ClearOC3Ref                          0x0800a9ef   Thumb Code    18  stm32f10x_tim.o(.text)
    TIM_ClearOC4Ref                          0x0800aa01   Thumb Code    24  stm32f10x_tim.o(.text)
    TIM_OC1PolarityConfig                    0x0800aa19   Thumb Code    18  stm32f10x_tim.o(.text)
    TIM_OC1NPolarityConfig                   0x0800aa2b   Thumb Code    18  stm32f10x_tim.o(.text)
    TIM_OC2PolarityConfig                    0x0800aa3d   Thumb Code    26  stm32f10x_tim.o(.text)
    TIM_OC2NPolarityConfig                   0x0800aa57   Thumb Code    26  stm32f10x_tim.o(.text)
    TIM_OC3PolarityConfig                    0x0800aa71   Thumb Code    26  stm32f10x_tim.o(.text)
    TIM_OC3NPolarityConfig                   0x0800aa8b   Thumb Code    26  stm32f10x_tim.o(.text)
    TIM_OC4PolarityConfig                    0x0800aaa5   Thumb Code    26  stm32f10x_tim.o(.text)
    TIM_CCxCmd                               0x0800aabf   Thumb Code    30  stm32f10x_tim.o(.text)
    TIM_CCxNCmd                              0x0800aadd   Thumb Code    30  stm32f10x_tim.o(.text)
    TIM_SelectOCxM                           0x0800aafb   Thumb Code    82  stm32f10x_tim.o(.text)
    TIM_UpdateDisableConfig                  0x0800ab4d   Thumb Code    24  stm32f10x_tim.o(.text)
    TIM_UpdateRequestConfig                  0x0800ab65   Thumb Code    24  stm32f10x_tim.o(.text)
    TIM_SelectHallSensor                     0x0800ab7d   Thumb Code    24  stm32f10x_tim.o(.text)
    TIM_SelectOnePulseMode                   0x0800ab95   Thumb Code    18  stm32f10x_tim.o(.text)
    TIM_SelectOutputTrigger                  0x0800aba7   Thumb Code    18  stm32f10x_tim.o(.text)
    TIM_SelectSlaveMode                      0x0800abb9   Thumb Code    18  stm32f10x_tim.o(.text)
    TIM_SelectMasterSlaveMode                0x0800abcb   Thumb Code    18  stm32f10x_tim.o(.text)
    TIM_SetCounter                           0x0800abdd   Thumb Code     4  stm32f10x_tim.o(.text)
    TIM_SetAutoreload                        0x0800abe1   Thumb Code     4  stm32f10x_tim.o(.text)
    TIM_SetCompare1                          0x0800abe5   Thumb Code     4  stm32f10x_tim.o(.text)
    TIM_SetCompare2                          0x0800abe9   Thumb Code     4  stm32f10x_tim.o(.text)
    TIM_SetCompare3                          0x0800abed   Thumb Code     4  stm32f10x_tim.o(.text)
    TIM_SetCompare4                          0x0800abf1   Thumb Code     6  stm32f10x_tim.o(.text)
    TIM_SetClockDivision                     0x0800abf7   Thumb Code    18  stm32f10x_tim.o(.text)
    TIM_GetCapture1                          0x0800ac09   Thumb Code     6  stm32f10x_tim.o(.text)
    TIM_GetCapture2                          0x0800ac0f   Thumb Code     6  stm32f10x_tim.o(.text)
    TIM_GetCapture3                          0x0800ac15   Thumb Code     6  stm32f10x_tim.o(.text)
    TIM_GetCapture4                          0x0800ac1b   Thumb Code     8  stm32f10x_tim.o(.text)
    TIM_GetCounter                           0x0800ac23   Thumb Code     6  stm32f10x_tim.o(.text)
    TIM_GetPrescaler                         0x0800ac29   Thumb Code     6  stm32f10x_tim.o(.text)
    TIM_GetFlagStatus                        0x0800ac2f   Thumb Code    18  stm32f10x_tim.o(.text)
    TIM_ClearFlag                            0x0800ac41   Thumb Code     6  stm32f10x_tim.o(.text)
    TIM_GetITStatus                          0x0800ac47   Thumb Code    34  stm32f10x_tim.o(.text)
    TIM_ClearITPendingBit                    0x0800ac69   Thumb Code     6  stm32f10x_tim.o(.text)
    USART_DeInit                             0x0800ac71   Thumb Code   134  stm32f10x_usart.o(.text)
    USART_Init                               0x0800acf7   Thumb Code   210  stm32f10x_usart.o(.text)
    USART_StructInit                         0x0800adc9   Thumb Code    24  stm32f10x_usart.o(.text)
    USART_ClockInit                          0x0800ade1   Thumb Code    34  stm32f10x_usart.o(.text)
    USART_ClockStructInit                    0x0800ae03   Thumb Code    12  stm32f10x_usart.o(.text)
    USART_Cmd                                0x0800ae0f   Thumb Code    24  stm32f10x_usart.o(.text)
    USART_ITConfig                           0x0800ae27   Thumb Code    74  stm32f10x_usart.o(.text)
    USART_DMACmd                             0x0800ae71   Thumb Code    18  stm32f10x_usart.o(.text)
    USART_SetAddress                         0x0800ae83   Thumb Code    18  stm32f10x_usart.o(.text)
    USART_WakeUpConfig                       0x0800ae95   Thumb Code    18  stm32f10x_usart.o(.text)
    USART_ReceiverWakeUpCmd                  0x0800aea7   Thumb Code    24  stm32f10x_usart.o(.text)
    USART_LINBreakDetectLengthConfig         0x0800aebf   Thumb Code    18  stm32f10x_usart.o(.text)
    USART_LINCmd                             0x0800aed1   Thumb Code    24  stm32f10x_usart.o(.text)
    USART_SendData                           0x0800aee9   Thumb Code     8  stm32f10x_usart.o(.text)
    USART_ReceiveData                        0x0800aef1   Thumb Code    10  stm32f10x_usart.o(.text)
    USART_SendBreak                          0x0800aefb   Thumb Code    10  stm32f10x_usart.o(.text)
    USART_SetGuardTime                       0x0800af05   Thumb Code    16  stm32f10x_usart.o(.text)
    USART_SetPrescaler                       0x0800af15   Thumb Code    16  stm32f10x_usart.o(.text)
    USART_SmartCardCmd                       0x0800af25   Thumb Code    24  stm32f10x_usart.o(.text)
    USART_SmartCardNACKCmd                   0x0800af3d   Thumb Code    24  stm32f10x_usart.o(.text)
    USART_HalfDuplexCmd                      0x0800af55   Thumb Code    24  stm32f10x_usart.o(.text)
    USART_OverSampling8Cmd                   0x0800af6d   Thumb Code    22  stm32f10x_usart.o(.text)
    USART_OneBitMethodCmd                    0x0800af83   Thumb Code    24  stm32f10x_usart.o(.text)
    USART_IrDAConfig                         0x0800af9b   Thumb Code    18  stm32f10x_usart.o(.text)
    USART_IrDACmd                            0x0800afad   Thumb Code    24  stm32f10x_usart.o(.text)
    USART_GetFlagStatus                      0x0800afc5   Thumb Code    26  stm32f10x_usart.o(.text)
    USART_ClearFlag                          0x0800afdf   Thumb Code    18  stm32f10x_usart.o(.text)
    USART_GetITStatus                        0x0800aff1   Thumb Code    84  stm32f10x_usart.o(.text)
    USART_ClearITPendingBit                  0x0800b045   Thumb Code    52  stm32f10x_usart.o(.text)
    SystemInit                               0x0800b187   Thumb Code    92  system_stm32f10x.o(.text)
    SystemCoreClockUpdate                    0x0800b1e3   Thumb Code   232  system_stm32f10x.o(.text)
    Reset_Handler                            0x0800b2f5   Thumb Code     8  startup_stm32f10x_cl.o(.text)
    CAN1_RX0_IRQHandler                      0x0800b30f   Thumb Code     0  startup_stm32f10x_cl.o(.text)
    CAN1_RX1_IRQHandler                      0x0800b30f   Thumb Code     0  startup_stm32f10x_cl.o(.text)
    CAN1_SCE_IRQHandler                      0x0800b30f   Thumb Code     0  startup_stm32f10x_cl.o(.text)
    CAN1_TX_IRQHandler                       0x0800b30f   Thumb Code     0  startup_stm32f10x_cl.o(.text)
    CAN2_RX0_IRQHandler                      0x0800b30f   Thumb Code     0  startup_stm32f10x_cl.o(.text)
    CAN2_RX1_IRQHandler                      0x0800b30f   Thumb Code     0  startup_stm32f10x_cl.o(.text)
    CAN2_SCE_IRQHandler                      0x0800b30f   Thumb Code     0  startup_stm32f10x_cl.o(.text)
    CAN2_TX_IRQHandler                       0x0800b30f   Thumb Code     0  startup_stm32f10x_cl.o(.text)
    DMA1_Channel1_IRQHandler                 0x0800b30f   Thumb Code     0  startup_stm32f10x_cl.o(.text)
    DMA1_Channel2_IRQHandler                 0x0800b30f   Thumb Code     0  startup_stm32f10x_cl.o(.text)
    DMA1_Channel3_IRQHandler                 0x0800b30f   Thumb Code     0  startup_stm32f10x_cl.o(.text)
    DMA1_Channel4_IRQHandler                 0x0800b30f   Thumb Code     0  startup_stm32f10x_cl.o(.text)
    DMA1_Channel5_IRQHandler                 0x0800b30f   Thumb Code     0  startup_stm32f10x_cl.o(.text)
    DMA1_Channel6_IRQHandler                 0x0800b30f   Thumb Code     0  startup_stm32f10x_cl.o(.text)
    DMA1_Channel7_IRQHandler                 0x0800b30f   Thumb Code     0  startup_stm32f10x_cl.o(.text)
    DMA2_Channel1_IRQHandler                 0x0800b30f   Thumb Code     0  startup_stm32f10x_cl.o(.text)
    DMA2_Channel2_IRQHandler                 0x0800b30f   Thumb Code     0  startup_stm32f10x_cl.o(.text)
    DMA2_Channel3_IRQHandler                 0x0800b30f   Thumb Code     0  startup_stm32f10x_cl.o(.text)
    DMA2_Channel4_IRQHandler                 0x0800b30f   Thumb Code     0  startup_stm32f10x_cl.o(.text)
    DMA2_Channel5_IRQHandler                 0x0800b30f   Thumb Code     0  startup_stm32f10x_cl.o(.text)
    ETH_IRQHandler                           0x0800b30f   Thumb Code     0  startup_stm32f10x_cl.o(.text)
    ETH_WKUP_IRQHandler                      0x0800b30f   Thumb Code     0  startup_stm32f10x_cl.o(.text)
    EXTI0_IRQHandler                         0x0800b30f   Thumb Code     0  startup_stm32f10x_cl.o(.text)
    EXTI15_10_IRQHandler                     0x0800b30f   Thumb Code     0  startup_stm32f10x_cl.o(.text)
    EXTI1_IRQHandler                         0x0800b30f   Thumb Code     0  startup_stm32f10x_cl.o(.text)
    EXTI2_IRQHandler                         0x0800b30f   Thumb Code     0  startup_stm32f10x_cl.o(.text)
    EXTI3_IRQHandler                         0x0800b30f   Thumb Code     0  startup_stm32f10x_cl.o(.text)
    EXTI4_IRQHandler                         0x0800b30f   Thumb Code     0  startup_stm32f10x_cl.o(.text)
    EXTI9_5_IRQHandler                       0x0800b30f   Thumb Code     0  startup_stm32f10x_cl.o(.text)
    FLASH_IRQHandler                         0x0800b30f   Thumb Code     0  startup_stm32f10x_cl.o(.text)
    I2C1_ER_IRQHandler                       0x0800b30f   Thumb Code     0  startup_stm32f10x_cl.o(.text)
    I2C1_EV_IRQHandler                       0x0800b30f   Thumb Code     0  startup_stm32f10x_cl.o(.text)
    I2C2_ER_IRQHandler                       0x0800b30f   Thumb Code     0  startup_stm32f10x_cl.o(.text)
    I2C2_EV_IRQHandler                       0x0800b30f   Thumb Code     0  startup_stm32f10x_cl.o(.text)
    OTG_FS_WKUP_IRQHandler                   0x0800b30f   Thumb Code     0  startup_stm32f10x_cl.o(.text)
    PVD_IRQHandler                           0x0800b30f   Thumb Code     0  startup_stm32f10x_cl.o(.text)
    RCC_IRQHandler                           0x0800b30f   Thumb Code     0  startup_stm32f10x_cl.o(.text)
    RTCAlarm_IRQHandler                      0x0800b30f   Thumb Code     0  startup_stm32f10x_cl.o(.text)
    RTC_IRQHandler                           0x0800b30f   Thumb Code     0  startup_stm32f10x_cl.o(.text)
    SPI1_IRQHandler                          0x0800b30f   Thumb Code     0  startup_stm32f10x_cl.o(.text)
    SPI2_IRQHandler                          0x0800b30f   Thumb Code     0  startup_stm32f10x_cl.o(.text)
    SPI3_IRQHandler                          0x0800b30f   Thumb Code     0  startup_stm32f10x_cl.o(.text)
    TAMPER_IRQHandler                        0x0800b30f   Thumb Code     0  startup_stm32f10x_cl.o(.text)
    TIM1_BRK_IRQHandler                      0x0800b30f   Thumb Code     0  startup_stm32f10x_cl.o(.text)
    TIM1_CC_IRQHandler                       0x0800b30f   Thumb Code     0  startup_stm32f10x_cl.o(.text)
    TIM1_TRG_COM_IRQHandler                  0x0800b30f   Thumb Code     0  startup_stm32f10x_cl.o(.text)
    TIM1_UP_IRQHandler                       0x0800b30f   Thumb Code     0  startup_stm32f10x_cl.o(.text)
    TIM3_IRQHandler                          0x0800b30f   Thumb Code     0  startup_stm32f10x_cl.o(.text)
    TIM5_IRQHandler                          0x0800b30f   Thumb Code     0  startup_stm32f10x_cl.o(.text)
    TIM7_IRQHandler                          0x0800b30f   Thumb Code     0  startup_stm32f10x_cl.o(.text)
    UART4_IRQHandler                         0x0800b30f   Thumb Code     0  startup_stm32f10x_cl.o(.text)
    UART5_IRQHandler                         0x0800b30f   Thumb Code     0  startup_stm32f10x_cl.o(.text)
    USART2_IRQHandler                        0x0800b30f   Thumb Code     0  startup_stm32f10x_cl.o(.text)
    USART3_IRQHandler                        0x0800b30f   Thumb Code     0  startup_stm32f10x_cl.o(.text)
    WWDG_IRQHandler                          0x0800b30f   Thumb Code     0  startup_stm32f10x_cl.o(.text)
    __user_initial_stackheap                 0x0800b311   Thumb Code     0  startup_stm32f10x_cl.o(.text)
    __2sprintf                               0x0800b335   Thumb Code    34  noretval__2sprintf.o(.text)
    __printf                                 0x0800b35d   Thumb Code   104  __printf.o(.text)
    _printf_str                              0x0800b3c5   Thumb Code    82  _printf_str.o(.text)
    _printf_int_dec                          0x0800b419   Thumb Code   104  _printf_dec.o(.text)
    strlen                                   0x0800b491   Thumb Code    62  strlen.o(.text)
    __aeabi_memcpy                           0x0800b4cf   Thumb Code     0  rt_memcpy_v6.o(.text)
    __rt_memcpy                              0x0800b4cf   Thumb Code   138  rt_memcpy_v6.o(.text)
    _memcpy_lastbytes                        0x0800b535   Thumb Code     0  rt_memcpy_v6.o(.text)
    __aeabi_memset                           0x0800b559   Thumb Code    16  aeabi_memset.o(.text)
    __use_two_region_memory                  0x0800b569   Thumb Code     2  heapauxi.o(.text)
    __rt_heap_escrow$2region                 0x0800b56b   Thumb Code     2  heapauxi.o(.text)
    __rt_heap_expand$2region                 0x0800b56d   Thumb Code     2  heapauxi.o(.text)
    _printf_int_common                       0x0800b56f   Thumb Code   178  _printf_intcommon.o(.text)
    _printf_char_common                      0x0800b62b   Thumb Code    32  _printf_char_common.o(.text)
    _sputc                                   0x0800b651   Thumb Code    10  _sputc.o(.text)
    _printf_cs_common                        0x0800b65b   Thumb Code    20  _printf_char.o(.text)
    _printf_char                             0x0800b66f   Thumb Code    16  _printf_char.o(.text)
    _printf_string                           0x0800b67f   Thumb Code     8  _printf_char.o(.text)
    __aeabi_memcpy4                          0x0800b687   Thumb Code     0  rt_memcpy_w.o(.text)
    __aeabi_memcpy8                          0x0800b687   Thumb Code     0  rt_memcpy_w.o(.text)
    __rt_memcpy_w                            0x0800b687   Thumb Code   100  rt_memcpy_w.o(.text)
    _memcpy_lastbytes_aligned                0x0800b6cf   Thumb Code     0  rt_memcpy_w.o(.text)
    __aeabi_memclr                           0x0800b6eb   Thumb Code     0  rt_memclr.o(.text)
    __rt_memclr                              0x0800b6eb   Thumb Code    68  rt_memclr.o(.text)
    _memset                                  0x0800b6ef   Thumb Code     0  rt_memclr.o(.text)
    __aeabi_memclr4                          0x0800b72f   Thumb Code     0  rt_memclr_w.o(.text)
    __aeabi_memclr8                          0x0800b72f   Thumb Code     0  rt_memclr_w.o(.text)
    __rt_memclr_w                            0x0800b72f   Thumb Code    78  rt_memclr_w.o(.text)
    _memset_w                                0x0800b733   Thumb Code     0  rt_memclr_w.o(.text)
    __user_setup_stackheap                   0x0800b77d   Thumb Code    74  sys_stackheap_outer.o(.text)
    exit                                     0x0800b7c7   Thumb Code    12  exit.o(.text)
    __user_libspace                          0x0800b7d5   Thumb Code     8  libspace.o(.text)
    __user_perproc_libspace                  0x0800b7d5   Thumb Code     0  libspace.o(.text)
    __user_perthread_libspace                0x0800b7d5   Thumb Code     0  libspace.o(.text)
    _sys_exit                                0x0800b7dd   Thumb Code     8  sys_exit.o(.text)
    __I$use$semihosting                      0x0800b7e9   Thumb Code     0  use_no_semi.o(.text)
    __use_no_semihosting_swi                 0x0800b7e9   Thumb Code     2  use_no_semi.o(.text)
    __semihosting_library_function           0x0800b7eb   Thumb Code     0  indicate_semi.o(.text)
    BATCH_NUM                                0x0800b828   Data           5  main_70.o(.constdata)
    CHUANGSHU_MOTOR_PWM_PARA                 0x0800b82d   Data           4  main_70.o(.constdata)
    CSMP_NUM_IN_50MS                         0x0800b831   Data           4  main_70.o(.constdata)
    VAL_FEN_GE                               0x0800b835   Data          30  main_70.o(.constdata)
    LONG_LCD_KEY_ADDVAL                      0x0800b853   Data           1  main_70.o(.constdata)
    RMB_NOTE_VALUE                           0x0800b854   Data          10  main_70.o(.constdata)
    USD_NOTE_VALUE                           0x0800b85e   Data          10  main_70.o(.constdata)
    HEX_CODE                                 0x0800b868   Data          16  main_70.o(.constdata)
    SEND                                     0x0800b878   Data           5  main_70.o(.constdata)
    Region$$Table$$Base                      0x0800bc4c   Number         0  anon$$obj.o(Region$$Table)
    Region$$Table$$Limit                     0x0800bc6c   Number         0  anon$$obj.o(Region$$Table)
    uart1infifo_front                        0x20000000   Data           2  fifo.o(.data)
    uart1infifo_rear                         0x20000002   Data           2  fifo.o(.data)
    uart1outfifo_count                       0x20000004   Data           2  fifo.o(.data)
    uart1outfifo_front                       0x20000006   Data           2  fifo.o(.data)
    uart1outfifo_rear                        0x20000008   Data           2  fifo.o(.data)
    uart2infifo_front                        0x2000000a   Data           2  fifo.o(.data)
    uart2infifo_rear                         0x2000000c   Data           2  fifo.o(.data)
    uart2outfifo_count                       0x2000000e   Data           2  fifo.o(.data)
    uart2outfifo_front                       0x20000010   Data           2  fifo.o(.data)
    uart2outfifo_rear                        0x20000012   Data           2  fifo.o(.data)
    uart3infifo_front                        0x20000014   Data           2  fifo.o(.data)
    uart3infifo_rear                         0x20000016   Data           2  fifo.o(.data)
    uart3outfifo_count                       0x20000018   Data           2  fifo.o(.data)
    uart3outfifo_front                       0x2000001a   Data           2  fifo.o(.data)
    uart3outfifo_rear                        0x2000001c   Data           2  fifo.o(.data)
    systemState                              0x2000001e   Data           1  flash.o(.data)
    gb_hwVccIsOn                             0x20000020   Data           1  main_70.o(.data)
    gb_uvVccIsOn                             0x20000021   Data           1  main_70.o(.data)
    gb_jinChaoFaSheIsOn                      0x20000022   Data           1  main_70.o(.data)
    g_colorFsRGB                             0x20000023   Data           1  main_70.o(.data)
    chanelIndexOf4051                        0x20000024   Data           1  main_70.o(.data)
    g_colorFsStopWork                        0x20000025   Data           1  main_70.o(.data)
    fbPosition                               0x20000026   Data           1  main_70.o(.data)
    fbInUse                                  0x20000027   Data           1  main_70.o(.data)
    adData                                   0x20000028   Data           6  main_70.o(.data)
    gb_uartWorkMode                          0x2000002e   Data           1  main_70.o(.data)
    dispIndex                                0x2000002f   Data           1  main_70.o(.data)
    gb_udsikIsOnLine                         0x20000030   Data           1  main_70.o(.data)
    gb_udiskPlugIn                           0x20000031   Data           1  main_70.o(.data)
    upgradeFileName                          0x20000032   Data          15  main_70.o(.data)
    upgradeFileSize                          0x20000044   Data           4  main_70.o(.data)
    currentReadLen                           0x20000048   Data           4  main_70.o(.data)
    readLen                                  0x2000004c   Data           4  main_70.o(.data)
    currentWriteLen                          0x20000050   Data           4  main_70.o(.data)
    g_workMode                               0x20000054   Data           1  main_70.o(.data)
    gb_needStopCsddj                         0x20000055   Data           1  main_70.o(.data)
    g_yuZhiNum                               0x20000056   Data           1  main_70.o(.data)
    g_btachNumIndex                          0x20000057   Data           1  main_70.o(.data)
    gb_batchIsOn                             0x20000058   Data           1  main_70.o(.data)
    gb_inDispBatch                           0x20000059   Data           1  main_70.o(.data)
    gb_work                                  0x2000005a   Data           1  main_70.o(.data)
    gb_oneSec                                0x2000005b   Data           1  main_70.o(.data)
    gb_oneSecAutoRefresh                     0x2000005c   Data           1  main_70.o(.data)
    gb_keyFuWeiDown                          0x2000005d   Data           1  main_70.o(.data)
    gb_runInManual                           0x2000005e   Data           1  main_70.o(.data)
    g_turnOffHwfsDelayTimer                  0x20000060   Data           2  main_70.o(.data)
    gb_needTurnOffLed                        0x20000062   Data           1  main_70.o(.data)
    g_haveNoNoteCounter                      0x20000064   Data           2  main_70.o(.data)
    gb_inSelfcheck                           0x20000066   Data           1  main_70.o(.data)
    selfcheckResult                          0x20000067   Data           1  main_70.o(.data)
    beepTimes                                0x20000068   Data           1  main_70.o(.data)
    beepType                                 0x20000069   Data           1  main_70.o(.data)
    timerForBeep                             0x2000006a   Data           1  main_70.o(.data)
    outputDeatalDataCnt                      0x2000006b   Data           1  main_70.o(.data)
    gb_autoOutputDetailData                  0x2000006c   Data           1  main_70.o(.data)
    gb_lengthInOriginData                    0x2000006d   Data           1  main_70.o(.data)
    gb_colorInOriginData                     0x2000006e   Data           1  main_70.o(.data)
    gb_isJammed                              0x2000006f   Data           1  main_70.o(.data)
    gb_dispJamInfo                           0x20000070   Data           1  main_70.o(.data)
    csddjJamTimes                            0x20000072   Data           2  main_70.o(.data)
    g_machineTestMode                        0x20000074   Data           1  main_70.o(.data)
    maxSampleNumOneMp                        0x20000075   Data           1  main_70.o(.data)
    selectedItemIndex                        0x20000076   Data           1  main_70.o(.data)
    lastSelectedItemIndex                    0x20000077   Data           1  main_70.o(.data)
    gb_paraChanged                           0x20000078   Data           1  main_70.o(.data)
    noteState                                0x2000007a   Data           2  main_70.o(.data)
    g_maxMpFromEnteranceToLength             0x2000007c   Data           1  main_70.o(.data)
    g_maxMpFromLengthToEnterance             0x2000007d   Data           1  main_70.o(.data)
    g_maxMpFromLengthToLeave                 0x2000007e   Data           1  main_70.o(.data)
    g_maxMpFromComputeToLength               0x2000007f   Data           1  main_70.o(.data)
    gb_noteBackLeave                         0x20000080   Data           1  main_70.o(.data)
    gb_needStopMotor                         0x20000081   Data           1  main_70.o(.data)
    laoHuaSingleTime                         0x20000082   Data           1  main_70.o(.data)
    laoHuaTime                               0x20000084   Data           2  main_70.o(.data)
    gb_inLaoHua                              0x20000086   Data           1  main_70.o(.data)
    oneMinLaoHuaTime                         0x20000087   Data           1  main_70.o(.data)
    shortLcdKeyTimer                         0x20000088   Data           1  main_70.o(.data)
    enterLongLcdKeyTimer                     0x20000089   Data           1  main_70.o(.data)
    longLcdKeyIntervalTimer                  0x2000008a   Data           1  main_70.o(.data)
    shortLcdKey                              0x2000008b   Data           1  main_70.o(.data)
    longLcdKey                               0x2000008c   Data           1  main_70.o(.data)
    gb_longLcdKey                            0x2000008d   Data           1  main_70.o(.data)
    gb_needCheckKey                          0x2000008e   Data           1  main_70.o(.data)
    gb_needCheckTpClick                      0x2000008f   Data           1  main_70.o(.data)
    checkKeyCnt                              0x20000090   Data           1  main_70.o(.data)
    currentLcdKey                            0x20000091   Data           1  main_70.o(.data)
    lastLcdKey                               0x20000092   Data           1  main_70.o(.data)
    keyFlag                                  0x20000093   Data           1  main_70.o(.data)
    g_subStateOfNormal                       0x20000094   Data           1  main_70.o(.data)
    noteNum                                  0x20000098   Data           4  main_70.o(.data)
    noteSum                                  0x2000009c   Data           4  main_70.o(.data)
    noteDenoValue                            0x200000a0   Data           2  main_70.o(.data)
    TimingDelay                              0x200000a2   Data           2  main_70.o(.data)
    motorTest                                0x200000a4   Data           1  main_70.o(.data)
    ctlSend                                  0x200000a5   Data           1  main_70.o(.data)
    oneSecCnt                                0x200000b0   Data           2  main_70.o(.data)
    fiveMsCnt                                0x200000b2   Data           1  main_70.o(.data)
    g_motor1State                            0x200000b4   Data           1  motor.o(.data)
    currentSpeed                             0x200000b5   Data           1  motor.o(.data)
    g_motorSpeedCountVal                     0x200000b6   Data           2  motor.o(.data)
    g_codePanCountForCsMp                    0x200000b8   Data           2  motor.o(.data)
    forwardPwmValue                          0x200000ba   Data           1  motor.o(.data)
    backwardPwmValue                         0x200000bb   Data           1  motor.o(.data)
    gb_needDealUart1Data                     0x200000bc   Data           1  uart_1.o(.data)
    uart1DelayTimer                          0x200000bd   Data           1  uart_1.o(.data)
    gb_needDealUart3Data                     0x200000be   Data           1  uart_1.o(.data)
    uart3DelayTimer                          0x200000bf   Data           1  uart_1.o(.data)
    currentProgress                          0x200000c0   Data           1  disp.o(.data)
    progressX                                0x200000c2   Data           2  disp.o(.data)
    progressY                                0x200000c4   Data           2  disp.o(.data)
    progressW                                0x200000c6   Data           2  disp.o(.data)
    progressH                                0x200000c8   Data           2  disp.o(.data)
    progressBackColor                        0x200000ca   Data           2  disp.o(.data)
    progressFrontColor                       0x200000cc   Data           2  disp.o(.data)
    CurrentFont                              0x200000ce   Data           1  disp.o(.data)
    CurrentBackColor                         0x200000d0   Data           2  disp.o(.data)
    CurrentPenColor                          0x200000d2   Data           2  disp.o(.data)
    LastFont                                 0x200000d4   Data           1  disp.o(.data)
    lastProgress                             0x200000d5   Data           1  disp.o(.data)
    USBH_HCD_INT_cb                          0x200000dc   Data          12  usbh_core.o(.data)
    USBH_HCD_INT_fops                        0x200000e8   Data           4  usbh_core.o(.data)
    MSC_Setup                                0x20000104   Data           8  usbh_msc_core.o(.data)
    MSCErrorCount                            0x2000010c   Data           1  usbh_msc_core.o(.data)
    USBH_MSC_cb                              0x20000110   Data          16  usbh_msc_core.o(.data)
    HSEStartUpStatus                         0x20000124   Data           1  user_bsp.o(.data)
    BSP_delay                                0x20000128   Data           4  user_bsp.o(.data)
    USBH_MSC_EnumDone                        0x2000012c   Data           1  usbh_msc_usr.o(.data)
    USBH_USR_ApplicationState                0x2000012d   Data           1  usbh_msc_usr.o(.data)
    USR_MSC_cb                               0x20000130   Data          72  usbh_msc_usr.o(.data)
    SystemCoreClock                          0x20000198   Data           4  system_stm32f10x.o(.data)
    AHBPrescTable                            0x2000019c   Data          16  system_stm32f10x.o(.data)
    uart1infifo_data                         0x200001ac   Data        1000  fifo.o(.bss)
    uart1outfifo_data                        0x20000594   Data        1000  fifo.o(.bss)
    uart2infifo_data                         0x2000097c   Data          20  fifo.o(.bss)
    uart2outfifo_data                        0x20000990   Data          20  fifo.o(.bss)
    uart3infifo_data                         0x200009a4   Data          10  fifo.o(.bss)
    uart3outfifo_data                        0x200009ae   Data          10  fifo.o(.bss)
    DATA2                                    0x200009b8   Data          10  fifo.o(.bss)
    DATA7                                    0x200009c2   Data          10  fifo.o(.bss)
    DATA8                                    0x200009cc   Data          10  fifo.o(.bss)
    DATA9                                    0x200009d6   Data          10  fifo.o(.bss)
    DATA10                                   0x200009e0   Data          10  fifo.o(.bss)
    DATA11                                   0x200009ea   Data          10  fifo.o(.bss)
    DATA12                                   0x200009f4   Data          10  fifo.o(.bss)
    DATA13                                   0x200009fe   Data          10  fifo.o(.bss)
    DATA14                                   0x20000a08   Data          10  fifo.o(.bss)
    DATA15                                   0x20000a12   Data          10  fifo.o(.bss)
    allFifo                                  0x20000a1c   Data         160  fifo.o(.bss)
    savedPara                                0x20000abc   Data         356  flash.o(.bss)
    DMA_InitStructure                        0x20000c20   Data          44  main_70.o(.bss)
    adcResult                                0x20000c4c   Data          12  main_70.o(.bss)
    readBuffer                               0x20000c58   Data       65536  main_70.o(.bss)
    flashBuffer                              0x20010c58   Data        2048  main_70.o(.bss)
    dispStr                                  0x20011458   Data         100  main_70.o(.bss)
    denoNoteNum                              0x200114bc   Data          20  main_70.o(.bss)
    TFTStr                                   0x200114d0   Data         300  disp.o(.bss)
    TFTTmpStr                                0x200115fc   Data         300  disp.o(.bss)
    USBH_CfgDesc                             0x20011728   Data         512  usbh_stdreq.o(.bss)
    USB_Host                                 0x20011928   Data         132  usbh_core.o(.bss)
    USBH_MSC_CBWData                         0x200119ac   Data          32  usbh_msc_bot.o(.bss)
    USBH_MSC_CSWData                         0x200119cc   Data          16  usbh_msc_bot.o(.bss)
    USBH_MSC_BOTXferParam                    0x200119dc   Data          16  usbh_msc_bot.o(.bss)
    MSC_Machine                              0x200119ec   Data         522  usbh_msc_core.o(.bss)
    USBH_MSC_Param                           0x20011bf8   Data          16  usbh_msc_scsi.o(.bss)
    USBH_DataInBuffer                        0x20011c08   Data         512  usbh_msc_scsi.o(.bss)
    USBH_DataOutBuffer                       0x20011e08   Data         512  usbh_msc_scsi.o(.bss)
    USB_OTG_Core                             0x20012008   Data        1452  usb_core.o(.bss)
    fs                                       0x200125b4   Data         564  fatfs_demo.o(.bss)
    file                                     0x200127e8   Data         552  fatfs_demo.o(.bss)
    pathname                                 0x20012a10   Data          51  fatfs_demo.o(.bss)
    g_TestBuf                                0x20012a43   Data         512  fatfs_demo.o(.bss)
    __libspace_start                         0x20012cdc   Data          96  libspace.o(.bss)
    __temporary_stack_top$libspace           0x20012d3c   Data           0  libspace.o(.bss)



==============================================================================

Memory Map of the image

  Image Entry point : 0x08000151

  Load Region LR_IROM1 (Base: 0x08000000, Size: 0x0000be18, Max: 0x00100000, ABSOLUTE, COMPRESSED[0x0000bcfc])

    Execution Region ER_IROM1 (Base: 0x08000000, Size: 0x0000bc6c, Max: 0x00100000, ABSOLUTE)

    Base Addr    Size         Type   Attr      Idx    E Section Name        Object

    0x08000000   0x00000150   Data   RO          859    RESET               startup_stm32f10x_cl.o
    0x08000150   0x00000008   Code   RO          909  * !!!main             c_w.l(__main.o)
    0x08000158   0x00000034   Code   RO         1084    !!!scatter          c_w.l(__scatter.o)
    0x0800018c   0x0000005a   Code   RO         1082    !!dczerorl2         c_w.l(__dczerorl2.o)
    0x080001e6   0x00000002   PAD
    0x080001e8   0x0000001c   Code   RO         1086    !!handler_zi        c_w.l(__scatter_zi.o)
    0x08000204   0x00000000   Code   RO          898    .ARM.Collect$$_printf_percent$$00000000  c_w.l(_printf_percent.o)
    0x08000204   0x00000006   Code   RO          897    .ARM.Collect$$_printf_percent$$00000009  c_w.l(_printf_d.o)
    0x0800020a   0x00000006   Code   RO          896    .ARM.Collect$$_printf_percent$$00000014  c_w.l(_printf_s.o)
    0x08000210   0x00000004   Code   RO          920    .ARM.Collect$$_printf_percent$$00000017  c_w.l(_printf_percent_end.o)
    0x08000214   0x00000002   Code   RO          953    .ARM.Collect$$libinit$$00000000  c_w.l(libinit.o)
    0x08000216   0x00000000   Code   RO          960    .ARM.Collect$$libinit$$00000002  c_w.l(libinit2.o)
    0x08000216   0x00000000   Code   RO          962    .ARM.Collect$$libinit$$00000004  c_w.l(libinit2.o)
    0x08000216   0x00000000   Code   RO          965    .ARM.Collect$$libinit$$0000000A  c_w.l(libinit2.o)
    0x08000216   0x00000000   Code   RO          967    .ARM.Collect$$libinit$$0000000C  c_w.l(libinit2.o)
    0x08000216   0x00000000   Code   RO          969    .ARM.Collect$$libinit$$0000000E  c_w.l(libinit2.o)
    0x08000216   0x00000000   Code   RO          972    .ARM.Collect$$libinit$$00000011  c_w.l(libinit2.o)
    0x08000216   0x00000000   Code   RO          974    .ARM.Collect$$libinit$$00000013  c_w.l(libinit2.o)
    0x08000216   0x00000000   Code   RO          976    .ARM.Collect$$libinit$$00000015  c_w.l(libinit2.o)
    0x08000216   0x00000000   Code   RO          978    .ARM.Collect$$libinit$$00000017  c_w.l(libinit2.o)
    0x08000216   0x00000000   Code   RO          980    .ARM.Collect$$libinit$$00000019  c_w.l(libinit2.o)
    0x08000216   0x00000000   Code   RO          982    .ARM.Collect$$libinit$$0000001B  c_w.l(libinit2.o)
    0x08000216   0x00000000   Code   RO          984    .ARM.Collect$$libinit$$0000001D  c_w.l(libinit2.o)
    0x08000216   0x00000000   Code   RO          986    .ARM.Collect$$libinit$$0000001F  c_w.l(libinit2.o)
    0x08000216   0x00000000   Code   RO          988    .ARM.Collect$$libinit$$00000021  c_w.l(libinit2.o)
    0x08000216   0x00000000   Code   RO          990    .ARM.Collect$$libinit$$00000023  c_w.l(libinit2.o)
    0x08000216   0x00000000   Code   RO          992    .ARM.Collect$$libinit$$00000025  c_w.l(libinit2.o)
    0x08000216   0x00000000   Code   RO          996    .ARM.Collect$$libinit$$0000002C  c_w.l(libinit2.o)
    0x08000216   0x00000000   Code   RO          998    .ARM.Collect$$libinit$$0000002E  c_w.l(libinit2.o)
    0x08000216   0x00000000   Code   RO         1000    .ARM.Collect$$libinit$$00000030  c_w.l(libinit2.o)
    0x08000216   0x00000000   Code   RO         1002    .ARM.Collect$$libinit$$00000032  c_w.l(libinit2.o)
    0x08000216   0x00000002   Code   RO         1003    .ARM.Collect$$libinit$$00000033  c_w.l(libinit2.o)
    0x08000218   0x00000002   Code   RO         1023    .ARM.Collect$$libshutdown$$00000000  c_w.l(libshutdown.o)
    0x0800021a   0x00000000   Code   RO         1037    .ARM.Collect$$libshutdown$$00000003  c_w.l(libshutdown2.o)
    0x0800021a   0x00000000   Code   RO         1040    .ARM.Collect$$libshutdown$$00000006  c_w.l(libshutdown2.o)
    0x0800021a   0x00000000   Code   RO         1043    .ARM.Collect$$libshutdown$$00000009  c_w.l(libshutdown2.o)
    0x0800021a   0x00000000   Code   RO         1045    .ARM.Collect$$libshutdown$$0000000B  c_w.l(libshutdown2.o)
    0x0800021a   0x00000000   Code   RO         1048    .ARM.Collect$$libshutdown$$0000000E  c_w.l(libshutdown2.o)
    0x0800021a   0x00000002   Code   RO         1049    .ARM.Collect$$libshutdown$$0000000F  c_w.l(libshutdown2.o)
    0x0800021c   0x00000000   Code   RO          911    .ARM.Collect$$rtentry$$00000000  c_w.l(__rtentry.o)
    0x0800021c   0x00000000   Code   RO          926    .ARM.Collect$$rtentry$$00000002  c_w.l(__rtentry2.o)
    0x0800021c   0x00000006   Code   RO          938    .ARM.Collect$$rtentry$$00000004  c_w.l(__rtentry4.o)
    0x08000222   0x00000000   Code   RO          928    .ARM.Collect$$rtentry$$00000009  c_w.l(__rtentry2.o)
    0x08000222   0x00000004   Code   RO          929    .ARM.Collect$$rtentry$$0000000A  c_w.l(__rtentry2.o)
    0x08000226   0x00000000   Code   RO          931    .ARM.Collect$$rtentry$$0000000C  c_w.l(__rtentry2.o)
    0x08000226   0x00000008   Code   RO          932    .ARM.Collect$$rtentry$$0000000D  c_w.l(__rtentry2.o)
    0x0800022e   0x00000002   Code   RO          957    .ARM.Collect$$rtexit$$00000000  c_w.l(rtexit.o)
    0x08000230   0x00000000   Code   RO         1005    .ARM.Collect$$rtexit$$00000002  c_w.l(rtexit2.o)
    0x08000230   0x00000004   Code   RO         1006    .ARM.Collect$$rtexit$$00000003  c_w.l(rtexit2.o)
    0x08000234   0x00000006   Code   RO         1007    .ARM.Collect$$rtexit$$00000004  c_w.l(rtexit2.o)
    0x0800023a   0x00000002   PAD
    0x0800023c   0x00000020   Code   RO          828    .emb_text           core_cm3.o
    0x0800025c   0x00000088   Code   RO            1    .text               delay.o
    0x080002e4   0x000005b0   Code   RO           79    .text               fifo.o
    0x08000894   0x00000198   Code   RO          106    .text               flash.o
    0x08000a2c   0x00000f3c   Code   RO          128    .text               main_70.o
    0x08001968   0x000000dc   Code   RO          258    .text               motor.o
    0x08001a44   0x000001a0   Code   RO          280    .text               uart_1.o
    0x08001be4   0x0000029c   Code   RO          301    .text               disp.o
    0x08001e80   0x00000158   Code   RO          323    .text               user_udisc.o
    0x08001fd8   0x000003d8   Code   RO          339    .text               usbh_stdreq.o
    0x080023b0   0x000003a8   Code   RO          393    .text               usbh_ioreq.o
    0x08002758   0x00000186   Code   RO          405    .text               usbh_hcs.o
    0x080028de   0x00000002   PAD
    0x080028e0   0x00000658   Code   RO          417    .text               usbh_core.o
    0x08002f38   0x00000454   Code   RO          439    .text               usbh_msc_bot.o
    0x0800338c   0x00000324   Code   RO          462    .text               usbh_msc_core.o
    0x080036b0   0x000004f4   Code   RO          481    .text               usbh_msc_scsi.o
    0x08003ba4   0x00000c2a   Code   RO          500    .text               usb_core.o
    0x080047ce   0x000000e4   Code   RO          518    .text               usb_hcd.o
    0x080048b2   0x00000002   PAD
    0x080048b4   0x00000e74   Code   RO          530    .text               usb_hcd_int.o
    0x08005728   0x00000144   Code   RO          542    .text               user_bsp.o
    0x0800586c   0x00000088   Code   RO          577    .text               usbh_msc_usr.o
    0x080058f4   0x0000300e   Code   RO          636    .text               ff.o
    0x08008902   0x00000002   PAD
    0x08008904   0x000001d0   Code   RO          658    .text               diskio_msc&sd.o
    0x08008ad4   0x0000003c   Code   RO          672    .text               cc932.o
    0x08008b10   0x000000dc   Code   RO          694    .text               misc.o
    0x08008bec   0x0000044e   Code   RO          706    .text               stm32f10x_adc.o
    0x0800903a   0x00000002   PAD
    0x0800903c   0x000005bc   Code   RO          742    .text               stm32f10x_flash.o
    0x080095f8   0x0000035c   Code   RO          754    .text               stm32f10x_gpio.o
    0x08009954   0x00000500   Code   RO          778    .text               stm32f10x_rcc.o
    0x08009e54   0x00000e1a   Code   RO          804    .text               stm32f10x_tim.o
    0x0800ac6e   0x00000002   PAD
    0x0800ac70   0x00000408   Code   RO          816    .text               stm32f10x_usart.o
    0x0800b078   0x0000027c   Code   RO          839    .text               system_stm32f10x.o
    0x0800b2f4   0x00000040   Code   RO          860    .text               startup_stm32f10x_cl.o
    0x0800b334   0x00000028   Code   RO          868    .text               c_w.l(noretval__2sprintf.o)
    0x0800b35c   0x00000068   Code   RO          870    .text               c_w.l(__printf.o)
    0x0800b3c4   0x00000052   Code   RO          872    .text               c_w.l(_printf_str.o)
    0x0800b416   0x00000002   PAD
    0x0800b418   0x00000078   Code   RO          874    .text               c_w.l(_printf_dec.o)
    0x0800b490   0x0000003e   Code   RO          901    .text               c_w.l(strlen.o)
    0x0800b4ce   0x0000008a   Code   RO          903    .text               c_w.l(rt_memcpy_v6.o)
    0x0800b558   0x00000010   Code   RO          905    .text               c_w.l(aeabi_memset.o)
    0x0800b568   0x00000006   Code   RO          907    .text               c_w.l(heapauxi.o)
    0x0800b56e   0x000000b2   Code   RO          912    .text               c_w.l(_printf_intcommon.o)
    0x0800b620   0x00000030   Code   RO          914    .text               c_w.l(_printf_char_common.o)
    0x0800b650   0x0000000a   Code   RO          916    .text               c_w.l(_sputc.o)
    0x0800b65a   0x0000002c   Code   RO          918    .text               c_w.l(_printf_char.o)
    0x0800b686   0x00000064   Code   RO          921    .text               c_w.l(rt_memcpy_w.o)
    0x0800b6ea   0x00000044   Code   RO          923    .text               c_w.l(rt_memclr.o)
    0x0800b72e   0x0000004e   Code   RO          942    .text               c_w.l(rt_memclr_w.o)
    0x0800b77c   0x0000004a   Code   RO          944    .text               c_w.l(sys_stackheap_outer.o)
    0x0800b7c6   0x0000000c   Code   RO          946    .text               c_w.l(exit.o)
    0x0800b7d2   0x00000002   PAD
    0x0800b7d4   0x00000008   Code   RO          954    .text               c_w.l(libspace.o)
    0x0800b7dc   0x0000000c   Code   RO         1015    .text               c_w.l(sys_exit.o)
    0x0800b7e8   0x00000002   Code   RO         1026    .text               c_w.l(use_no_semi.o)
    0x0800b7ea   0x00000000   Code   RO         1028    .text               c_w.l(indicate_semi.o)
    0x0800b7ea   0x00000002   PAD
    0x0800b7ec   0x0000003c   Data   RO           81    .constdata          fifo.o
    0x0800b828   0x00000055   Data   RO          130    .constdata          main_70.o
    0x0800b87d   0x0000000d   Data   RO          638    .constdata          ff.o
    0x0800b88a   0x000003c0   Data   RO          673    .constdata          cc932.o
    0x0800bc4a   0x00000002   PAD
    0x0800bc4c   0x00000020   Data   RO         1080    Region$$Table       anon$$obj.o


    Execution Region RW_IRAM1 (Base: 0x20000000, Size: 0x00013340, Max: 0x00018000, ABSOLUTE, COMPRESSED[0x00000090])

    Base Addr    Size         Type   Attr      Idx    E Section Name        Object

    0x20000000   0x0000001e   Data   RW           82    .data               fifo.o
    0x2000001e   0x00000001   Data   RW          108    .data               flash.o
    0x2000001f   0x00000001   PAD
    0x20000020   0x00000093   Data   RW          131    .data               main_70.o
    0x200000b3   0x00000001   PAD
    0x200000b4   0x00000008   Data   RW          259    .data               motor.o
    0x200000bc   0x00000004   Data   RW          281    .data               uart_1.o
    0x200000c0   0x00000016   Data   RW          303    .data               disp.o
    0x200000d6   0x00000003   Data   RW          341    .data               usbh_stdreq.o
    0x200000d9   0x00000003   PAD
    0x200000dc   0x00000012   Data   RW          419    .data               usbh_core.o
    0x200000ee   0x00000002   PAD
    0x200000f0   0x00000011   Data   RW          441    .data               usbh_msc_bot.o
    0x20000101   0x00000003   PAD
    0x20000104   0x0000001d   Data   RW          464    .data               usbh_msc_core.o
    0x20000121   0x00000001   Data   RW          483    .data               usbh_msc_scsi.o
    0x20000122   0x00000002   PAD
    0x20000124   0x00000008   Data   RW          543    .data               user_bsp.o
    0x2000012c   0x0000004c   Data   RW          578    .data               usbh_msc_usr.o
    0x20000178   0x0000000b   Data   RW          639    .data               ff.o
    0x20000183   0x00000001   Data   RW          659    .data               diskio_msc&sd.o
    0x20000184   0x00000014   Data   RW          779    .data               stm32f10x_rcc.o
    0x20000198   0x00000014   Data   RW          840    .data               system_stm32f10x.o
    0x200001ac   0x00000910   Zero   RW           80    .bss                fifo.o
    0x20000abc   0x00000164   Zero   RW          107    .bss                flash.o
    0x20000c20   0x000108b0   Zero   RW          129    .bss                main_70.o
    0x200114d0   0x00000258   Zero   RW          302    .bss                disp.o
    0x20011728   0x00000200   Zero   RW          340    .bss                usbh_stdreq.o
    0x20011928   0x00000084   Zero   RW          418    .bss                usbh_core.o
    0x200119ac   0x00000040   Zero   RW          440    .bss                usbh_msc_bot.o
    0x200119ec   0x0000020a   Zero   RW          463    .bss                usbh_msc_core.o
    0x20011bf6   0x00000002   PAD
    0x20011bf8   0x00000410   Zero   RW          482    .bss                usbh_msc_scsi.o
    0x20012008   0x000005ac   Zero   RW          501    .bss                usb_core.o
    0x200125b4   0x000006c2   Zero   RW          608    .bss                fatfs_demo.o
    0x20012c76   0x00000066   Zero   RW          637    .bss                ff.o
    0x20012cdc   0x00000060   Zero   RW          955    .bss                c_w.l(libspace.o)
    0x20012d3c   0x00000004   PAD
    0x20012d40   0x00000200   Zero   RW          858    HEAP                startup_stm32f10x_cl.o
    0x20012f40   0x00000400   Zero   RW          857    STACK               startup_stm32f10x_cl.o


==============================================================================

Image component sizes


      Code (inc. data)   RO Data    RW Data    ZI Data      Debug   Object Name

        60         10        960          0          0       1593   cc932.o
        32          0          0          0          0        596   core_cm3.o
       136         12          0          0          0     309315   delay.o
       464         20          0          1          0       2862   diskio_msc&sd.o
       668        198          0         22        600       7494   disp.o
         0          0          0          0       1730       5423   fatfs_demo.o
     12302        102         13         11        102      34645   ff.o
      1456        134         60         30       2320      10035   fifo.o
       408         12          0          1        356       4991   flash.o
      3900        344         85        147      67760      59583   main_70.o
       220         22          0          0          0       1865   misc.o
       220         12          0          8          0       1202   motor.o
        64         26        336          0       1536        880   startup_stm32f10x_cl.o
      1102         26          0          0          0      10901   stm32f10x_adc.o
      1468         34          0          0          0       8094   stm32f10x_flash.o
       860         38          0          0          0       5713   stm32f10x_gpio.o
      1280         60          0         20          0      11250   stm32f10x_rcc.o
      3610         88          0          0          0      22200   stm32f10x_tim.o
      1032         22          0          0          0       8432   stm32f10x_usart.o
       636         42          0         20          0       2143   system_stm32f10x.o
       416         24          0          4          0       2179   uart_1.o
      3114         10          0          0       1452      14293   usb_core.o
       228          0          0          0          0       2960   usb_hcd.o
      3700         10          0          0          0       6575   usb_hcd_int.o
      1624         42          0         18        132       8932   usbh_core.o
       390          0          0          0          0       2444   usbh_hcs.o
       936          0          0          0          0       4288   usbh_ioreq.o
      1108         68          0         17         64       5255   usbh_msc_bot.o
       804         28          0         29        522       3885   usbh_msc_core.o
      1268         40          0          1       1040       4934   usbh_msc_scsi.o
       136         18          0         76          0       4018   usbh_msc_usr.o
       984         12          0          3        512     243956   usbh_stdreq.o
       324         10          0          8          0       2996   user_bsp.o
       344         54          0          0          0       2284   user_udisc.o

    ----------------------------------------------------------------------
     45304       1518       1488        428      78128     818216   Object Totals
         0          0         32          0          0          0   (incl. Generated)
        10          0          2         12          2          0   (incl. Padding)

    ----------------------------------------------------------------------

      Code (inc. data)   RO Data    RW Data    ZI Data      Debug   Library Member Name

        90          0          0          0          0          0   __dczerorl2.o
         8          0          0          0          0         68   __main.o
       104          0          0          0          0         84   __printf.o
         0          0          0          0          0          0   __rtentry.o
        12          0          0          0          0          0   __rtentry2.o
         6          0          0          0          0          0   __rtentry4.o
        52          8          0          0          0          0   __scatter.o
        28          0          0          0          0          0   __scatter_zi.o
        44          0          0          0          0        108   _printf_char.o
        48          6          0          0          0         96   _printf_char_common.o
         6          0          0          0          0          0   _printf_d.o
       120         16          0          0          0         92   _printf_dec.o
       178          0          0          0          0         88   _printf_intcommon.o
         0          0          0          0          0          0   _printf_percent.o
         4          0          0          0          0          0   _printf_percent_end.o
         6          0          0          0          0          0   _printf_s.o
        82          0          0          0          0         80   _printf_str.o
        10          0          0          0          0         68   _sputc.o
        16          0          0          0          0         68   aeabi_memset.o
        12          0          0          0          0         72   exit.o
         6          0          0          0          0        152   heapauxi.o
         0          0          0          0          0          0   indicate_semi.o
         2          0          0          0          0          0   libinit.o
         2          0          0          0          0          0   libinit2.o
         2          0          0          0          0          0   libshutdown.o
         2          0          0          0          0          0   libshutdown2.o
         8          4          0          0         96         68   libspace.o
        40          6          0          0          0         84   noretval__2sprintf.o
        68          0          0          0          0         68   rt_memclr.o
        78          0          0          0          0         80   rt_memclr_w.o
       138          0          0          0          0         68   rt_memcpy_v6.o
       100          0          0          0          0         80   rt_memcpy_w.o
         2          0          0          0          0          0   rtexit.o
        10          0          0          0          0          0   rtexit2.o
        62          0          0          0          0         76   strlen.o
        12          4          0          0          0         68   sys_exit.o
        74          0          0          0          0         80   sys_stackheap_outer.o
         2          0          0          0          0         68   use_no_semi.o

    ----------------------------------------------------------------------
      1444         44          0          0        100       1716   Library Totals
        10          0          0          0          4          0   (incl. Padding)

    ----------------------------------------------------------------------

      Code (inc. data)   RO Data    RW Data    ZI Data      Debug   Library Name

      1434         44          0          0         96       1716   c_w.l

    ----------------------------------------------------------------------
      1444         44          0          0        100       1716   Library Totals

    ----------------------------------------------------------------------

==============================================================================


      Code (inc. data)   RO Data    RW Data    ZI Data      Debug   

     46748       1562       1488        428      78228     815456   Grand Totals
     46748       1562       1488        144      78228     815456   ELF Image Totals (compressed)
     46748       1562       1488        144          0          0   ROM Totals

==============================================================================

    Total RO  Size (Code + RO Data)                48236 (  47.11kB)
    Total RW  Size (RW Data + ZI Data)             78656 (  76.81kB)
    Total ROM Size (Code + RO Data + RW Data)      48380 (  47.25kB)

==============================================================================

