Product: MDK-ARM Standard 5.10
Component: ARM Compiler 5.04 update 1 (build 49)
Tool: armlink [5040049]

==============================================================================

Section Cross References

    user_main.o(.text) refers to user_sysconfig.o(.text) for RCC_Config
    user_main.o(.text) refers to user_motor.o(.text) for Motor_Config
    user_main.o(.text) refers to user_adc.o(.text) for ADC_Config
    user_main.o(.text) refers to user_dam_adc.o(.text) for DMA_Config
    user_main.o(.text) refers to user_display.o(.text) for LCD_Config
    user_main.o(.text) refers to user_voice.o(.text) for Voice_Init
    user_main.o(.text) refers to user_eeprom.o(.text) for First_Use
    user_main.o(.text) refers to user_timer.o(.text) for Timer_Config
    user_main.o(.text) refers to user_key_0832_12key.o(.text) for OffPowerKeyAnalysis
    user_main.o(.text) refers to user_sensor.o(.text) for Test
    user_main.o(.text) refers to user_beepcon.o(.text) for Beepcon
    user_main.o(.text) refers to user_union.o(.text) for DealBill
    user_main.o(.text) refers to user_disp_0832.o(.text) for Display
    user_main.o(.text) refers to user_sysconfig.o(.bss) for g_SysType
    user_main.o(.text) refers to user_key_0832_12key.o(.bss) for g_KeyType
    user_union.o(.text) refers to user_disp_0832.o(.text) for Display
    user_union.o(.text) refers to user_motor.o(.text) for Motor_On
    user_union.o(.text) refers to user_common.o(.text) for ScopeAnalysis
    user_union.o(.text) refers to user_voice.o(.text) for VoiceHALF
    user_union.o(.text) refers to user_key_0832_12key.o(.text) for ReadKey
    user_union.o(.text) refers to user_beepcon.o(.text) for Beepcon
    user_union.o(.text) refers to user_sensor.o(.text) for CheckReset
    user_union.o(.text) refers to user_disp_tm1620.o(.text) for Disp_TM1620
    user_union.o(.text) refers to user_sysconfig.o(.bss) for g_SysType
    user_union.o(.text) refers to user_key_0832_12key.o(.bss) for g_KeyType
    user_union.o(.text) refers to user_disp_0832.o(.bss) for g_LCD
    user_union.o(.text) refers to user_adc.o(.bss) for ADCConvertedValue
    user_union.o(.text) refers to user_eeprom.o(.bss) for g_Sensitivity
    user_union.o(.text) refers to user_voice.o(.bss) for g_VoiceType
    user_union.o(.text) refers to user_sensor.o(.bss) for g_SensorTestTYPE
    user_sensor.o(.text) refers to memseta.o(.text) for __aeabi_memclr
    user_sensor.o(.text) refers to user_sysconfig.o(.text) for MP_ENABLE
    user_sensor.o(.text) refers to user_timer.o(.text) for OpenLight
    user_sensor.o(.text) refers to user_display.o(.text) for DispOpenBL
    user_sensor.o(.text) refers to user_motor.o(.text) for Motor_On
    user_sensor.o(.text) refers to user_voice.o(.text) for VoiceNums
    user_sensor.o(.text) refers to dflti.o(.text) for __aeabi_i2d
    user_sensor.o(.text) refers to dfixi.o(.text) for __aeabi_d2iz
    user_sensor.o(.text) refers to user_sysconfig.o(.bss) for g_SysType
    user_sensor.o(.text) refers to user_voice.o(.bss) for g_VoiceType
    user_sensor.o(.text) refers to user_key_0832_12key.o(.bss) for g_KeyType
    user_sensor.o(.text) refers to user_sensor.o(.bss) for g_SensorTestTYPE
    user_sensor.o(.text) refers to user_disp_0832.o(.bss) for g_LCD
    user_sensor.o(.text) refers to user_eeprom.o(.bss) for g_Sensitivity
    user_sensor.o(.text) refers to user_adc.o(.bss) for ADCConvertedValue
    user_sensor.o(.text) refers to user_sensor.o(.data) for outn2
    user_sensor.o(.text) refers to dadd.o(.text) for __aeabi_dadd
    user_sensor.o(.text) refers to user_disp_0832.o(.text) for ClearLCDData
    user_sensor.o(.text) refers to user_disp_tm1620.o(.text) for Disp_TM1620
    user_sensor.o(.text) refers to user_adc.o(.text) for Read_CN
    user_disp_0832.o(.text) refers to user_sysconfig.o(.text) for DelayUS
    user_disp_0832.o(.text) refers to user_disp_0832.o(.bss) for g_LCD
    user_disp_0832.o(.text) refers to user_disp_0832.o(.constdata) for LED1_7
    user_disp_0832.o(.text) refers to user_sysconfig.o(.bss) for g_SysType
    user_disp_0832.o(.text) refers to memseta.o(.text) for __aeabi_memclr
    user_disp_0832.o(.text) refers to user_key_0832_12key.o(.bss) for g_KeyType
    user_disp_0832.o(.text) refers to user_disp_tm1620.o(.text) for Disp_TM1620
    user_disp_0832.o(.constdata) refers to user_eeprom.o(.bss) for g_Sensitivity
    user_disp_tm1620.o(.text) refers to stm32f10x_gpio.o(.text) for GPIO_Init
    user_disp_tm1620.o(.text) refers to user_tm1616.o(.text) for TM1616_Config
    user_disp_tm1620.o(.text) refers to user_sysconfig.o(.text) for DelayUS
    user_disp_tm1620.o(.text) refers to user_disp_tm1620.o(.constdata) for LED_7
    user_disp_tm1620.o(.text) refers to user_disp_tm1620.o(.bss) for g_LCD1629A
    user_disp_tm1620.o(.text) refers to user_disp_0832.o(.bss) for g_LCD
    user_disp_tm1620.o(.text) refers to user_sysconfig.o(.bss) for g_SysType
    user_disp_tm1620.o(.text) refers to user_eeprom.o(.bss) for g_Sensitivity
[...]

    ../clib/microlib/init/entry.s            0x00000000   Number         0  entry10b.o ABSOLUTE
    ../clib/microlib/init/entry.s            0x00000000   Number         0  entry11a.o ABSOLUTE
    ../clib/microlib/init/entry.s            0x00000000   Number         0  entry.o ABSOLUTE
    ../clib/microlib/init/entry.s            0x00000000   Number         0  entry2.o ABSOLUTE
    ../clib/microlib/init/entry.s            0x00000000   Number         0  entry5.o ABSOLUTE
    ../clib/microlib/init/entry.s            0x00000000   Number         0  entry9a.o ABSOLUTE
    ../clib/microlib/init/entry.s            0x00000000   Number         0  entry7a.o ABSOLUTE
    ../clib/microlib/init/entry.s            0x00000000   Number         0  entry7b.o ABSOLUTE
    ../clib/microlib/init/entry.s            0x00000000   Number         0  entry8a.o ABSOLUTE
    ../clib/microlib/init/entry.s            0x00000000   Number         0  entry8b.o ABSOLUTE
    ../clib/microlib/init/entry.s            0x00000000   Number         0  entry11b.o ABSOLUTE
    ../clib/microlib/init/entry.s            0x00000000   Number         0  entry9b.o ABSOLUTE
    ../clib/microlib/init/entry.s            0x00000000   Number         0  entry10a.o ABSOLUTE
    ../clib/microlib/longlong.c              0x00000000   Number         0  llsshr.o ABSOLUTE
    ../clib/microlib/longlong.c              0x00000000   Number         0  llushr.o ABSOLUTE
    ../clib/microlib/longlong.c              0x00000000   Number         0  llshl.o ABSOLUTE
    ../clib/microlib/string/memset.c         0x00000000   Number         0  memseta.o ABSOLUTE
    ../clib/microlib/stubs.s                 0x00000000   Number         0  useno.o ABSOLUTE
    ../clib/microlib/stubs.s                 0x00000000   Number         0  iusefp.o ABSOLUTE
    ../fplib/microlib/fpadd.c                0x00000000   Number         0  dadd.o ABSOLUTE
    ../fplib/microlib/fpdiv.c                0x00000000   Number         0  fdiv.o ABSOLUTE
    ../fplib/microlib/fpepilogue.c           0x00000000   Number         0  depilogue.o ABSOLUTE
    ../fplib/microlib/fpepilogue.c           0x00000000   Number         0  fepilogue.o ABSOLUTE
    ../fplib/microlib/fpfix.c                0x00000000   Number         0  dfixi.o ABSOLUTE
    ../fplib/microlib/fpfix.c                0x00000000   Number         0  ffixui.o ABSOLUTE
    ../fplib/microlib/fpflt.c                0x00000000   Number         0  ffltui.o ABSOLUTE
    ../fplib/microlib/fpflt.c                0x00000000   Number         0  dflti.o ABSOLUTE
    ../fplib/microlib/fpmul.c                0x00000000   Number         0  fmul.o ABSOLUTE
    ..\Libraries\CMSIS\CM3\CoreSupport\core_cm3.c 0x00000000   Number         0  core_cm3.o ABSOLUTE
    ..\Libraries\CMSIS\CM3\DeviceSupport\ST\STM32F10x\startup\arm\startup_stm32f10x_cl.s 0x00000000   Number         0  startup_stm32f10x_cl.o ABSOLUTE
    ..\Libraries\CMSIS\CM3\DeviceSupport\ST\STM32F10x\system_stm32f10x.c 0x00000000   Number         0  system_stm32f10x.o ABSOLUTE
    ..\Libraries\STM32F10x_StdPeriph_Driver\src\misc.c 0x00000000   Number         0  misc.o ABSOLUTE
    ..\Libraries\STM32F10x_StdPeriph_Driver\src\stm32f10x_adc.c 0x00000000   Number         0  stm32f10x_adc.o ABSOLUTE
    ..\Libraries\STM32F10x_StdPeriph_Driver\src\stm32f10x_dma.c 0x00000000   Number         0  stm32f10x_dma.o ABSOLUTE
    ..\Libraries\STM32F10x_StdPeriph_Driver\src\stm32f10x_exti.c 0x00000000   Number         0  stm32f10x_exti.o ABSOLUTE
    ..\Libraries\STM32F10x_StdPeriph_Driver\src\stm32f10x_flash.c 0x00000000   Number         0  stm32f10x_flash.o ABSOLUTE
    ..\Libraries\STM32F10x_StdPeriph_Driver\src\stm32f10x_gpio.c 0x00000000   Number         0  stm32f10x_gpio.o ABSOLUTE
    ..\Libraries\STM32F10x_StdPeriph_Driver\src\stm32f10x_rcc.c 0x00000000   Number         0  stm32f10x_rcc.o ABSOLUTE
    ..\Libraries\STM32F10x_StdPeriph_Driver\src\stm32f10x_tim.c 0x00000000   Number         0  stm32f10x_tim.o ABSOLUTE
    ..\Libraries\STM32F10x_StdPeriph_Driver\src\stm32f10x_usart.c 0x00000000   Number         0  stm32f10x_usart.o ABSOLUTE
    ..\UserHardwareLib\scr\user_adc.c        0x00000000   Number         0  user_adc.o ABSOLUTE
    ..\UserHardwareLib\scr\user_beepcon.c    0x00000000   Number         0  user_beepcon.o ABSOLUTE
    ..\UserHardwareLib\scr\user_common.c     0x00000000   Number         0  user_common.o ABSOLUTE
    ..\UserHardwareLib\scr\user_dam_adc.c    0x00000000   Number         0  user_dam_adc.o ABSOLUTE
    ..\UserHardwareLib\scr\user_eeprom.c     0x00000000   Number         0  user_eeprom.o ABSOLUTE
    ..\UserHardwareLib\scr\user_motor.c      0x00000000   Number         0  user_motor.o ABSOLUTE
    ..\UserHardwareLib\scr\user_stm32f10x_it.c 0x00000000   Number         0  user_stm32f10x_it.o ABSOLUTE
    ..\UserHardwareLib\scr\user_sysconfig.c  0x00000000   Number         0  user_sysconfig.o ABSOLUTE
    ..\UserHardwareLib\scr\user_timer.c      0x00000000   Number         0  user_timer.o ABSOLUTE
    ..\UserHardwareLib\scr\user_tm1616.c     0x00000000   Number         0  user_tm1616.o ABSOLUTE
    ..\UserHardwareLib\scr\user_usart.c      0x00000000   Number         0  user_usart.o ABSOLUTE
    ..\UserHardwareLib\scr\user_voice.c      0x00000000   Number         0  user_voice.o ABSOLUTE
    ..\UserSoftwareLib\scr\A9B(0832)\user_disp_0832.c 0x00000000   Number         0  user_disp_0832.o ABSOLUTE
    ..\UserSoftwareLib\scr\A9B(0832)\user_disp_tm1620.c 0x00000000   Number         0  user_disp_tm1620.o ABSOLUTE
    ..\UserSoftwareLib\scr\A9B(0832)\user_display.c 0x00000000   Number         0  user_display.o ABSOLUTE
    ..\UserSoftwareLib\scr\A9B(0832)\user_key_0832_12key.c 0x00000000   Number         0  user_key_0832_12key.o ABSOLUTE
    ..\UserSoftwareLib\scr\Common\user_sensor.c 0x00000000   Number         0  user_sensor.o ABSOLUTE
    ..\\Libraries\\CMSIS\\CM3\\CoreSupport\\core_cm3.c 0x00000000   Number         0  core_cm3.o ABSOLUTE
    User\scr\user_main.c                     0x00000000   Number         0  user_main.o ABSOLUTE
    User\scr\user_union.c                    0x00000000   Number         0  user_union.o ABSOLUTE
    dc.s                                     0x00000000   Number         0  dc.o ABSOLUTE
    handlers.s                               0x00000000   Number         0  handlers.o ABSOLUTE
    init.s                                   0x00000000   Number         0  init.o ABSOLUTE
    RESET                                    0x08000000   Section      336  startup_stm32f10x_cl.o(RESET)
    .ARM.Collect$$$$00000000                 0x08000150   Section        0  entry.o(.ARM.Collect$$$$00000000)
    .ARM.Collect$$$$00000001                 0x08000150   Section        4  entry2.o(.ARM.Collect$$$$00000001)
    .ARM.Collect$$$$00000004                 0x08000154   Section        4  entry5.o(.ARM.Collect$$$$00000004)
    .ARM.Collect$$$$00000008                 0x08000158   Section        0  entry7b.o(.ARM.Collect$$$$00000008)
    .ARM.Collect$$$$0000000A                 0x08000158   Section        0  entry8b.o(.ARM.Collect$$$$0000000A)
    .ARM.Collect$$$$0000000B                 0x08000158   Section        8  entry9a.o(.ARM.Collect$$$$0000000B)
    .ARM.Collect$$$$0000000D                 0x08000160   Section        0  entry10a.o(.ARM.Collect$$$$0000000D)
    .ARM.Collect$$$$0000000F                 0x08000160   Section        0  entry11a.o(.ARM.Collect$$$$0000000F)
    .ARM.Collect$$$$00002712                 0x08000160   Section        4  entry2.o(.ARM.Collect$$$$00002712)
    __lit__00000000                          0x08000160   Data           4  entry2.o(.ARM.Collect$$$$00002712)
    .text                                    0x08000164   Section        0  user_main.o(.text)
    .text                                    0x08000220   Section        0  user_union.o(.text)
    .text                                    0x08000618   Section        0  user_sensor.o(.text)
    .text                                    0x080010a0   Section        0  user_disp_0832.o(.text)
    .text                                    0x080029f0   Section        0  user_disp_tm1620.o(.text)
    .text                                    0x080032c4   Section        0  user_display.o(.text)
    .text                                    0x08003df8   Section        0  user_key_0832_12key.o(.text)
    read_data                                0x08003e23   Thumb Code    94  user_key_0832_12key.o(.text)
    write                                    0x08003e81   Thumb Code    84  user_key_0832_12key.o(.text)
    .text                                    0x08004cd4   Section        0  user_adc.o(.text)
    .text                                    0x08004e34   Section        0  user_beepcon.o(.text)
    .text                                    0x08004fdc   Section        0  user_common.o(.text)
    .text                                    0x0800554c   Section        0  user_dam_adc.o(.text)
    .text                                    0x080055c4   Section        0  user_eeprom.o(.text)
    .text                                    0x08005ce0   Section        0  user_motor.o(.text)
    .text                                    0x08005dd0   Section        0  user_stm32f10x_it.o(.text)
    .text                                    0x08005f74   Section        0  user_sysconfig.o(.text)
    .text                                    0x08006240   Section        0  user_timer.o(.text)
    TIM_OCPWMConfig                          0x0800628d   Thumb Code    94  user_timer.o(.text)
    .text                                    0x080063e0   Section        0  user_usart.o(.text)
    .text                                    0x08006610   Section        0  user_voice.o(.text)
    .text                                    0x08006cf8   Section        0  user_tm1616.o(.text)
    .text                                    0x080071ec   Section        0  misc.o(.text)
    .text                                    0x080072c8   Section        0  stm32f10x_adc.o(.text)
    .text                                    0x08007718   Section        0  stm32f10x_dma.o(.text)
    .text                                    0x0800796c   Section        0  stm32f10x_exti.o(.text)
    .text                                    0x08007a88   Section        0  stm32f10x_flash.o(.text)
    .text                                    0x08008044   Section        0  stm32f10x_gpio.o(.text)
    .text                                    0x080083a0   Section        0  stm32f10x_rcc.o(.text)
    .text                                    0x08008820   Section        0  stm32f10x_tim.o(.text)
    TI4_Config                               0x08008cc7   Thumb Code   130  stm32f10x_tim.o(.text)
    TI3_Config                               0x08008d5b   Thumb Code   122  stm32f10x_tim.o(.text)
    TI2_Config                               0x08008def   Thumb Code   130  stm32f10x_tim.o(.text)
    TI1_Config                               0x08008e83   Thumb Code   108  stm32f10x_tim.o(.text)
    .text                                    0x0800963c   Section        0  stm32f10x_usart.o(.text)
    .text                                    0x08009a44   Section        0  system_stm32f10x.o(.text)
    SetSysClockTo72                          0x08009a45   Thumb Code   264  system_stm32f10x.o(.text)
    SetSysClock                              0x08009b4d   Thumb Code     8  system_stm32f10x.o(.text)
    .text                                    0x08009cc4   Section       36  startup_stm32f10x_cl.o(.text)
    .text                                    0x08009ce8   Section        0  memseta.o(.text)
    .text                                    0x08009d0c   Section        0  fmul.o(.text)
    .text                                    0x08009d70   Section        0  fdiv.o(.text)
    .text                                    0x08009dec   Section        0  dadd.o(.text)
    .text                                    0x08009f3a   Section        0  ffltui.o(.text)
    .text                                    0x08009f44   Section        0  dflti.o(.text)
    .text                                    0x08009f66   Section        0  ffixui.o(.text)
    .text                                    0x08009f8e   Section        0  dfixi.o(.text)
    .text                                    0x08009fcc   Section        0  llshl.o(.text)
    .text                                    0x08009fea   Section        0  llushr.o(.text)
    .text                                    0x0800a00a   Section        0  llsshr.o(.text)
    .text                                    0x0800a02e   Section        0  iusefp.o(.text)
    .text                                    0x0800a02e   Section        0  fepilogue.o(.text)
    .text                                    0x0800a09c   Section        0  depilogue.o(.text)
    .text                                    0x0800a154   Section       36  init.o(.text)
    i.__scatterload_copy                     0x0800a178   Section       14  handlers.o(i.__scatterload_copy)
    i.__scatterload_null                     0x0800a186   Section        2  handlers.o(i.__scatterload_null)
    i.__scatterload_zeroinit                 0x0800a188   Section       14  handlers.o(i.__scatterload_zeroinit)
    .constdata                               0x0800a196   Section       58  user_main.o(.constdata)
    .constdata                               0x0800a1d0   Section      244  user_disp_0832.o(.constdata)
    .constdata                               0x0800a2c4   Section       29  user_disp_tm1620.o(.constdata)
    LED_7                                    0x0800a2c4   Data          29  user_disp_tm1620.o(.constdata)
    .constdata                               0x0800a2e4   Section      156  user_display.o(.constdata)
    .constdata                               0x0800a380   Section      490  user_common.o(.constdata)
    .constdata                               0x0800a56a   Section       87  user_tm1616.o(.constdata)
    LED_7                                    0x0800a56a   Data          29  user_tm1616.o(.constdata)
    .data                                    0x20000000   Section       12  user_sensor.o(.data)
    outn1                                    0x20000000   Data           1  user_sensor.o(.data)
    outn2                                    0x20000001   Data           1  user_sensor.o(.data)
    rstn1                                    0x20000002   Data           2  user_sensor.o(.data)
    rstn2                                    0x20000004   Data           2  user_sensor.o(.data)
    PreVal                                   0x20000008   Data           4  user_sensor.o(.data)
    .data                                    0x2000000c   Section      108  user_key_0832_12key.o(.data)
    key_state                                0x20000070   Data           1  user_key_0832_12key.o(.data)
    short_key_value                          0x20000071   Data           1  user_key_0832_12key.o(.data)
    long_key_value                           0x20000072   Data           1  user_key_0832_12key.o(.data)
    key_return                               0x20000073   Data           1  user_key_0832_12key.o(.data)
    key_state2_value                         0x20000074   Data           1  user_key_0832_12key.o(.data)
    key_time                                 0x20000076   Data           2  user_key_0832_12key.o(.data)
    .data                                    0x20000078   Section       10  user_eeprom.o(.data)
    .data                                    0x20000084   Section       12  user_stm32f10x_it.o(.data)
    Time200ms                                0x20000084   Data           2  user_stm32f10x_it.o(.data)
    BreakTimes                               0x20000086   Data           2  user_stm32f10x_it.o(.data)
    Time2s                                   0x20000088   Data           2  user_stm32f10x_it.o(.data)
    Time1ms                                  0x2000008a   Data           2  user_stm32f10x_it.o(.data)
    count_1s                                 0x2000008c   Data           4  user_stm32f10x_it.o(.data)
    .data                                    0x20000090   Section        8  user_sysconfig.o(.data)
    .data                                    0x20000098   Section        4  user_voice.o(.data)
    PreVal                                   0x20000098   Data           4  user_voice.o(.data)
    .data                                    0x2000009c   Section       24  stm32f10x_rcc.o(.data)
    APBAHBPrescTable                         0x2000009c   Data          16  stm32f10x_rcc.o(.data)
    ADCPrescTable                            0x200000ac   Data           8  stm32f10x_rcc.o(.data)
    .data                                    0x200000b4   Section       20  system_stm32f10x.o(.data)
    .bss                                     0x200000c8   Section      320  user_union.o(.bss)
    .bss                                     0x20000208   Section      144  user_sensor.o(.bss)
    .bss                                     0x20000298   Section       64  user_disp_0832.o(.bss)
    .bss                                     0x200002d8   Section       26  user_disp_tm1620.o(.bss)
    .bss                                     0x200002f2   Section       46  user_key_0832_12key.o(.bss)
    .bss                                     0x20000320   Section       38  user_adc.o(.bss)
    .bss                                     0x20000348   Section       44  user_dam_adc.o(.bss)
    .bss                                     0x20000374   Section       62  user_eeprom.o(.bss)
    .bss                                     0x200003b4   Section      332  user_sysconfig.o(.bss)
    .bss                                     0x20000500   Section       26  user_timer.o(.bss)
    .bss                                     0x2000051a   Section       10  user_voice.o(.bss)
    .bss                                     0x20000524   Section       16  user_tm1616.o(.bss)
    STACK                                    0x20000538   Section     1024  startup_stm32f10x_cl.o(STACK)

    Global Symbols

    Symbol Name                              Value     Ov Type        Size  Object(Section)

    BuildAttributes$$THM_ISAv4$P$D$K$B$S$PE$A:L22UL41UL21$X:L11$S22US41US21$IEEE1$IW$USESV6$~STKCKD$USESV7$~SHL$OTIME$ROPI$EBA8$MICROLIB$REQ8$PRES8$EABIv2 0x00000000   Number         0  anon$$obj.o ABSOLUTE
    __ARM_use_no_argv                        0x00000000   Number         0  user_main.o ABSOLUTE
    __use_no_errno                           0x00000000   Number         0  useno.o ABSOLUTE
    __use_no_exception_handling              0x00000000   Number         0  useno.o ABSOLUTE
    __use_no_fp                              0x00000000   Number         0  useno.o ABSOLUTE
    __use_no_heap                            0x00000000   Number         0  useno.o ABSOLUTE
    __use_no_heap_region                     0x00000000   Number         0  useno.o ABSOLUTE
    __use_no_semihosting                     0x00000000   Number         0  useno.o ABSOLUTE
    __use_no_semihosting_swi                 0x00000000   Number         0  useno.o ABSOLUTE
    __use_no_signal_handling                 0x00000000   Number         0  useno.o ABSOLUTE
    __cpp_initialize__aeabi_                  - Undefined Weak Reference
    __cxa_finalize                            - Undefined Weak Reference
    __decompress                              - Undefined Weak Reference
    _clock_init                               - Undefined Weak Reference
    _microlib_exit                            - Undefined Weak Reference
    __Vectors_Size                           0x00000150   Number         0  startup_stm32f10x_cl.o ABSOLUTE
    __Vectors                                0x08000000   Data           4  startup_stm32f10x_cl.o(RESET)
    __Vectors_End                            0x08000150   Data           0  startup_stm32f10x_cl.o(RESET)
    __main                                   0x08000151   Thumb Code     0  entry.o(.ARM.Collect$$$$00000000)
    _main_stk                                0x08000151   Thumb Code     0  entry2.o(.ARM.Collect$$$$00000001)
    _main_scatterload                        0x08000155   Thumb Code     0  entry5.o(.ARM.Collect$$$$00000004)
    __main_after_scatterload                 0x08000159   Thumb Code     0  entry5.o(.ARM.Collect$$$$00000004)
    _main_clock                              0x08000159   Thumb Code     0  entry7b.o(.ARM.Collect$$$$00000008)
    _main_cpp_init                           0x08000159   Thumb Code     0  entry8b.o(.ARM.Collect$$$$0000000A)
    _main_init                               0x08000159   Thumb Code     0  entry9a.o(.ARM.Collect$$$$0000000B)
    __rt_final_cpp                           0x08000161   Thumb Code     0  entry10a.o(.ARM.Collect$$$$0000000D)
    __rt_final_exit                          0x08000161   Thumb Code     0  entry11a.o(.ARM.Collect$$$$0000000F)
    main                                     0x08000165   Thumb Code   178  user_main.o(.text)
    YesResetRun                              0x08000221   Thumb Code   172  user_union.o(.text)
    clr_buff1                                0x080002cd   Thumb Code    94  user_union.o(.text)
    DataAnalysis                             0x0800032b   Thumb Code     2  user_union.o(.text)
    EndMeasure                               0x0800032d   Thumb Code   564  user_union.o(.text)
    MultipleDeal                             0x08000561   Thumb Code   104  user_union.o(.text)
    DealBill                                 0x080005c9   Thumb Code    34  user_union.o(.text)
    clr_buff0                                0x08000619   Thumb Code    68  user_sensor.o(.text)
    StartRun                                 0x0800065d   Thumb Code   108  user_sensor.o(.text)
    StopRun                                  0x080006c9   Thumb Code   128  user_sensor.o(.text)
    OutBill                                  0x08000749   Thumb Code   120  user_sensor.o(.text)
    CheckReset                               0x080007c1   Thumb Code   184  user_sensor.o(.text)
    CheckStar                                0x08000879   Thumb Code   528  user_sensor.o(.text)
    SensorTest                               0x08000a89   Thumb Code   584  user_sensor.o(.text)
    Test                                     0x08000cd1   Thumb Code   126  user_sensor.o(.text)
    DealJS                                   0x08000d4f   Thumb Code   470  user_sensor.o(.text)
    DealJS_Left                              0x08000f25   Thumb Code   182  user_sensor.o(.text)
    DealJS_Right                             0x08000fdb   Thumb Code   182  user_sensor.o(.text)
    SendDataBit                              0x080010a1   Thumb Code    68  user_disp_0832.o(.text)
    Send1621Command                          0x080010e5   Thumb Code    58  user_disp_0832.o(.text)
    Send1621Data                             0x0800111f   Thumb Code    70  user_disp_0832.o(.text)
    Disp_HT1622                              0x08001165   Thumb Code  2334  user_disp_0832.o(.text)
    LCD_Init                                 0x08001a83   Thumb Code    56  user_disp_0832.o(.text)
    LCD_Set_Disp                             0x08001abb   Thumb Code     8  user_disp_0832.o(.text)
    LCD_Write_Yuzhi                          0x08001ac3   Thumb Code   308  user_disp_0832.o(.text)
    LCD_Write_Total                          0x08001bf7   Thumb Code   346  user_disp_0832.o(.text)
    LCD_Write_Jishu                          0x08001d51   Thumb Code   204  user_disp_0832.o(.text)
    ClearLCDData                             0x08001e1d   Thumb Code    26  user_disp_0832.o(.text)
    FillLCDData                              0x08001e37   Thumb Code    20  user_disp_0832.o(.text)
    Normal_Display                           0x08001e4b   Thumb Code  2548  user_disp_0832.o(.text)
    Display                                  0x0800283f   Thumb Code   408  user_disp_0832.o(.text)
    RefreshLCD                               0x080029d7   Thumb Code     8  user_disp_0832.o(.text)
    TM1620_Config                            0x080029f1   Thumb Code    62  user_disp_tm1620.o(.text)
    DISP_TM1620_Config                       0x08002a2f   Thumb Code    12  user_disp_tm1620.o(.text)
    write1620                                0x08002a3b   Thumb Code    86  user_disp_tm1620.o(.text)
    Disp_3NumC                               0x08002a91   Thumb Code   138  user_disp_tm1620.o(.text)
    SendDataTM1629A                          0x08002b1b   Thumb Code    96  user_disp_tm1620.o(.text)
    DispTM1629A                              0x08002b7b   Thumb Code   308  user_disp_tm1620.o(.text)
    Disp_TotalC                              0x08002caf   Thumb Code  1000  user_disp_tm1620.o(.text)
    Disp_TM1620                              0x08003097   Thumb Code   218  user_disp_tm1620.o(.text)
    Fill_TotalC                              0x08003171   Thumb Code    90  user_disp_tm1620.o(.text)
    Fill_3NumC                               0x080031cb   Thumb Code   108  user_disp_tm1620.o(.text)
    FillTM1620                               0x08003237   Thumb Code   140  user_disp_tm1620.o(.text)
    LCD_Config                               0x080032c5   Thumb Code    50  user_display.o(.text)
    DisplayID                                0x080032f7   Thumb Code   128  user_display.o(.text)
    DispOpenBL                               0x08003377   Thumb Code    42  user_display.o(.text)
    DispSetManualYes                         0x080033a1   Thumb Code   120  user_display.o(.text)
    DispSetManualNo                          0x08003419   Thumb Code   118  user_display.o(.text)
    DispTotalList                            0x0800348f   Thumb Code   360  user_display.o(.text)
    Login_Display                            0x080035f7   Thumb Code    88  user_display.o(.text)
    ERR_Display                              0x0800364f   Thumb Code   308  user_display.o(.text)
    DispVolIR                                0x08003783   Thumb Code   196  user_display.o(.text)
    DispVolRGB                               0x08003847   Thumb Code   200  user_display.o(.text)
    DispVolLen                               0x0800390f   Thumb Code   196  user_display.o(.text)
    DispCalibOK                              0x080039d3   Thumb Code   130  user_display.o(.text)
    DispCalibErr                             0x08003a55   Thumb Code   130  user_display.o(.text)
    DispRestoreTip                           0x08003ad7   Thumb Code   152  user_display.o(.text)
    DispAdjustTip                            0x08003b6f   Thumb Code   130  user_display.o(.text)
    DispVolTip                               0x08003bf1   Thumb Code   498  user_display.o(.text)
    FillDisplay                              0x08003de3   Thumb Code    12  user_display.o(.text)
    KEY_DIO_Config                           0x08003df9   Thumb Code    42  user_key_0832_12key.o(.text)
    KeyDown                                  0x08003ed5   Thumb Code   112  user_key_0832_12key.o(.text)
    ScanKey                                  0x08003f45   Thumb Code   196  user_key_0832_12key.o(.text)
    ReadKey                                  0x08004009   Thumb Code   314  user_key_0832_12key.o(.text)
    KeyAuto_1                                0x08004143   Thumb Code   160  user_key_0832_12key.o(.text)
    KeyManual_2                              0x080041e3   Thumb Code   240  user_key_0832_12key.o(.text)
    KeyIR_3                                  0x080042d3   Thumb Code   194  user_key_0832_12key.o(.text)
    KeyPlus_4                                0x08004395   Thumb Code   148  user_key_0832_12key.o(.text)
    KeyUV_5                                  0x08004429   Thumb Code   228  user_key_0832_12key.o(.text)
    KeyTotal_6                               0x0800450d   Thumb Code   240  user_key_0832_12key.o(.text)
    KeyCount_7                               0x080045fd   Thumb Code   174  user_key_0832_12key.o(.text)
    KeySub_8                                 0x080046ab   Thumb Code   148  user_key_0832_12key.o(.text)
    KeySet_9                                 0x0800473f   Thumb Code   236  user_key_0832_12key.o(.text)
    KeyAdd_0                                 0x0800482b   Thumb Code   208  user_key_0832_12key.o(.text)
    KeyPre_C                                 0x080048fb   Thumb Code   250  user_key_0832_12key.o(.text)
    KeyReset                                 0x080049f5   Thumb Code   192  user_key_0832_12key.o(.text)
    LongAuto_1                               0x08004ab5   Thumb Code     2  user_key_0832_12key.o(.text)
    LongManual_2                             0x08004ab7   Thumb Code     2  user_key_0832_12key.o(.text)
    LongIR_3                                 0x08004ab9   Thumb Code     2  user_key_0832_12key.o(.text)
    LongPlus_4                               0x08004abb   Thumb Code    14  user_key_0832_12key.o(.text)
    LongUV_5                                 0x08004ac9   Thumb Code     2  user_key_0832_12key.o(.text)
    LongTotal_6                              0x08004acb   Thumb Code     2  user_key_0832_12key.o(.text)
    LongCount_7                              0x08004acd   Thumb Code     2  user_key_0832_12key.o(.text)
    LongSub_8                                0x08004acf   Thumb Code    14  user_key_0832_12key.o(.text)
    LongSet_9                                0x08004add   Thumb Code    58  user_key_0832_12key.o(.text)
    LongAdd_0                                0x08004b17   Thumb Code    30  user_key_0832_12key.o(.text)
    LongPre_C                                0x08004b35   Thumb Code     2  user_key_0832_12key.o(.text)
    LongReset                                0x08004b37   Thumb Code     2  user_key_0832_12key.o(.text)
    SplitKeyCode                             0x08004b39   Thumb Code    48  user_key_0832_12key.o(.text)
    T_Key                                    0x08004b69   Thumb Code    96  user_key_0832_12key.o(.text)
    OffPowerKeyAnalysis                      0x08004bc9   Thumb Code   240  user_key_0832_12key.o(.text)
    ADC_Config                               0x08004cd5   Thumb Code   328  user_adc.o(.text)
    Read_CN                                  0x08004e1d   Thumb Code     2  user_adc.o(.text)
    Beepcon_Beep                             0x08004e35   Thumb Code     2  user_beepcon.o(.text)
    Beepcon_OTY                              0x08004e37   Thumb Code   396  user_beepcon.o(.text)
    Beepcon                                  0x08004fc3   Thumb Code     8  user_beepcon.o(.text)
    IF_ERR_SEROR                             0x08004fdd   Thumb Code    90  user_common.o(.text)
    Add_js                                   0x08005037   Thumb Code    80  user_common.o(.text)
    stbj                                     0x08005087   Thumb Code    38  user_common.o(.text)
    WidthAnaly                               0x080050ad   Thumb Code   124  user_common.o(.text)
    ScopeAnalysis                            0x08005129   Thumb Code   552  user_common.o(.text)
    SwitchDecSensitivity                     0x08005351   Thumb Code   164  user_common.o(.text)
    SwitchAddSensitivity                     0x080053f5   Thumb Code   120  user_common.o(.text)
    CheckOld                                 0x0800546d   Thumb Code   208  user_common.o(.text)
    DMA_Config                               0x0800554d   Thumb Code    74  user_dam_adc.o(.text)
    UsartDMA_Enable                          0x08005597   Thumb Code    30  user_dam_adc.o(.text)
    GetCheck                                 0x080055c5   Thumb Code    30  user_eeprom.o(.text)
    Save_Sensitivity                         0x080055e3   Thumb Code   498  user_eeprom.o(.text)
    Read_CS                                  0x080057d5   Thumb Code    48  user_eeprom.o(.text)
    Save_EEPROM                              0x08005805   Thumb Code   106  user_eeprom.o(.text)
    Restore_CS                               0x0800586f   Thumb Code    44  user_eeprom.o(.text)
    First_Use                                0x0800589b   Thumb Code    80  user_eeprom.o(.text)
    CalibrPWM                                0x080058eb   Thumb Code   974  user_eeprom.o(.text)
    Motor_Config                             0x08005ce1   Thumb Code    82  user_motor.o(.text)
    Motor_On                                 0x08005d33   Thumb Code    40  user_motor.o(.text)
    Motor_Stop                               0x08005d5b   Thumb Code    22  user_motor.o(.text)
    Motor_AutoStop                           0x08005d71   Thumb Code    28  user_motor.o(.text)
    Motor_Break                              0x08005d8d   Thumb Code    48  user_motor.o(.text)
    NMI_Handler                              0x08005dd1   Thumb Code     2  user_stm32f10x_it.o(.text)
    HardFault_Handler                        0x08005dd3   Thumb Code     4  user_stm32f10x_it.o(.text)
    MemManage_Handler                        0x08005dd7   Thumb Code     4  user_stm32f10x_it.o(.text)
    BusFault_Handler                         0x08005ddb   Thumb Code     4  user_stm32f10x_it.o(.text)
    UsageFault_Handler                       0x08005ddf   Thumb Code     4  user_stm32f10x_it.o(.text)
    DebugMon_Handler                         0x08005de3   Thumb Code     2  user_stm32f10x_it.o(.text)
    SVC_Handler                              0x08005de5   Thumb Code     2  user_stm32f10x_it.o(.text)
    PendSV_Handler                           0x08005de7   Thumb Code     2  user_stm32f10x_it.o(.text)
    SysTick_Handler                          0x08005de9   Thumb Code   264  user_stm32f10x_it.o(.text)
    RTC_IRQHandler                           0x08005ef1   Thumb Code     2  user_stm32f10x_it.o(.text)
    EXTI0_IRQHandler                         0x08005ef3   Thumb Code     2  user_stm32f10x_it.o(.text)
    EXTI2_IRQHandler                         0x08005ef5   Thumb Code     2  user_stm32f10x_it.o(.text)
    EXTI3_IRQHandler                         0x08005ef7   Thumb Code     2  user_stm32f10x_it.o(.text)
    EXTI4_IRQHandler                         0x08005ef9   Thumb Code     2  user_stm32f10x_it.o(.text)
    EXTI15_10_IRQHandler                     0x08005efb   Thumb Code    28  user_stm32f10x_it.o(.text)
    TIM2_IRQHandler                          0x08005f17   Thumb Code    24  user_stm32f10x_it.o(.text)
    DMA1_Channel1_IRQHandler                 0x08005f2f   Thumb Code    18  user_stm32f10x_it.o(.text)
    DelayUS                                  0x08005f75   Thumb Code    48  user_sysconfig.o(.text)
    DelayMs                                  0x08005fa5   Thumb Code    34  user_sysconfig.o(.text)
    InterruptConfig                          0x08005fc7   Thumb Code    22  user_sysconfig.o(.text)
    RCC_Config                               0x08005fdd   Thumb Code    60  user_sysconfig.o(.text)
    SysHardwave_Config                       0x08006019   Thumb Code   290  user_sysconfig.o(.text)
    MP_DISABLE                               0x0800613b   Thumb Code    26  user_sysconfig.o(.text)
    MP_ENABLE                                0x08006155   Thumb Code    28  user_sysconfig.o(.text)
    Systick_Config                           0x08006171   Thumb Code    84  user_sysconfig.o(.text)
    SYSTICK_IT_DISABLE                       0x080061c5   Thumb Code    12  user_sysconfig.o(.text)
    SYSTICK_IT_ENABLE                        0x080061d1   Thumb Code    14  user_sysconfig.o(.text)
    Struct_Init                              0x080061df   Thumb Code    36  user_sysconfig.o(.text)
    TIM2_Int_Init                            0x08006241   Thumb Code    76  user_timer.o(.text)
    OpenLight                                0x080062eb   Thumb Code    30  user_timer.o(.text)
    Timer_Config                             0x08006309   Thumb Code   158  user_timer.o(.text)
    CloseLight                               0x080063a7   Thumb Code    30  user_timer.o(.text)
    _sys_exit                                0x080063e1   Thumb Code     6  user_usart.o(.text)
    fputc                                    0x080063e7   Thumb Code    24  user_usart.o(.text)
    SendChar                                 0x080063ff   Thumb Code    28  user_usart.o(.text)
    USART1_Config                            0x0800641b   Thumb Code   108  user_usart.o(.text)
    SendStr                                  0x08006487   Thumb Code    22  user_usart.o(.text)
    SendADStr                                0x0800649d   Thumb Code    74  user_usart.o(.text)
    SendIntStr                               0x080064e7   Thumb Code   200  user_usart.o(.text)
    SendValueStr                             0x080065af   Thumb Code    84  user_usart.o(.text)
    Delay100us                               0x08006611   Thumb Code    40  user_voice.o(.text)
    VoiceReset                               0x08006639   Thumb Code    22  user_voice.o(.text)
    Voice_CheckStar                          0x0800664f   Thumb Code   142  user_voice.o(.text)
    WAIT_BUSY                                0x080066dd   Thumb Code   142  user_voice.o(.text)
    Voice_Init                               0x0800676b   Thumb Code    68  user_voice.o(.text)
    VoiceSeg                                 0x080067af   Thumb Code    90  user_voice.o(.text)
    VoiceWelcome                             0x08006809   Thumb Code    32  user_voice.o(.text)
    VoiceASK                                 0x08006829   Thumb Code    26  user_voice.o(.text)
    VoiceERR                                 0x08006843   Thumb Code    26  user_voice.o(.text)
    VoiceHALF                                0x0800685d   Thumb Code    26  user_voice.o(.text)
    VoiceLIAN                                0x08006877   Thumb Code    26  user_voice.o(.text)
    VoiceDOUBLE                              0x08006891   Thumb Code    26  user_voice.o(.text)
    PlayGe                                   0x080068ab   Thumb Code    30  user_voice.o(.text)
    PlayShi                                  0x080068c9   Thumb Code    38  user_voice.o(.text)
    PlayBai                                  0x080068ef   Thumb Code    70  user_voice.o(.text)
    PlayQian                                 0x08006935   Thumb Code   148  user_voice.o(.text)
    NumToVoice                               0x080069c9   Thumb Code   120  user_voice.o(.text)
    VoiceNums                                0x08006a41   Thumb Code   326  user_voice.o(.text)
    VoicePre                                 0x08006b87   Thumb Code   210  user_voice.o(.text)
    VoiceMG                                  0x08006c59   Thumb Code    36  user_voice.o(.text)
    VoiceACC                                 0x08006c7d   Thumb Code    36  user_voice.o(.text)
    VoiceUV                                  0x08006ca1   Thumb Code    36  user_voice.o(.text)
    VoiceBeepTimes                           0x08006cc5   Thumb Code    32  user_voice.o(.text)
    TM1616_Config                            0x08006cf9   Thumb Code   120  user_tm1616.o(.text)
    write1616                                0x08006d71   Thumb Code    90  user_tm1616.o(.text)
    SendDataTM1629                           0x08006dcb   Thumb Code    96  user_tm1616.o(.text)
    Disp_3NumW                               0x08006e2b   Thumb Code   138  user_tm1616.o(.text)
    Disp_TotalW                              0x08006eb5   Thumb Code   436  user_tm1616.o(.text)
    Disp_Static                              0x08007069   Thumb Code   160  user_tm1616.o(.text)
    Fill_Static                              0x08007109   Thumb Code    34  user_tm1616.o(.text)
    Fill_3NumW                               0x0800712b   Thumb Code    92  user_tm1616.o(.text)
    Fill_TotalW                              0x08007187   Thumb Code    92  user_tm1616.o(.text)
    NVIC_PriorityGroupConfig                 0x080071ed   Thumb Code    10  misc.o(.text)
    NVIC_Init                                0x080071f7   Thumb Code   100  misc.o(.text)
    NVIC_SetVectorTable                      0x0800725b   Thumb Code    14  misc.o(.text)
    NVIC_SystemLPConfig                      0x08007269   Thumb Code    34  misc.o(.text)
    SysTick_CLKSourceConfig                  0x0800728b   Thumb Code    40  misc.o(.text)
    ADC_DeInit                               0x080072c9   Thumb Code    78  stm32f10x_adc.o(.text)
    ADC_Init                                 0x08007317   Thumb Code    70  stm32f10x_adc.o(.text)
    ADC_StructInit                           0x0800735d   Thumb Code    18  stm32f10x_adc.o(.text)
    ADC_Cmd                                  0x0800736f   Thumb Code    22  stm32f10x_adc.o(.text)
    ADC_DMACmd                               0x08007385   Thumb Code    22  stm32f10x_adc.o(.text)
    ADC_ITConfig                             0x0800739b   Thumb Code    24  stm32f10x_adc.o(.text)
    ADC_ResetCalibration                     0x080073b3   Thumb Code    10  stm32f10x_adc.o(.text)
    ADC_GetResetCalibrationStatus            0x080073bd   Thumb Code    20  stm32f10x_adc.o(.text)
    ADC_StartCalibration                     0x080073d1   Thumb Code    10  stm32f10x_adc.o(.text)
    ADC_GetCalibrationStatus                 0x080073db   Thumb Code    20  stm32f10x_adc.o(.text)
    ADC_SoftwareStartConvCmd                 0x080073ef   Thumb Code    22  stm32f10x_adc.o(.text)
    ADC_GetSoftwareStartConvStatus           0x08007405   Thumb Code    20  stm32f10x_adc.o(.text)
    ADC_DiscModeChannelCountConfig           0x08007419   Thumb Code    24  stm32f10x_adc.o(.text)
    ADC_DiscModeCmd                          0x08007431   Thumb Code    22  stm32f10x_adc.o(.text)
    ADC_RegularChannelConfig                 0x08007447   Thumb Code   184  stm32f10x_adc.o(.text)
    ADC_ExternalTrigConvCmd                  0x080074ff   Thumb Code    22  stm32f10x_adc.o(.text)
    ADC_GetConversionValue                   0x08007515   Thumb Code     8  stm32f10x_adc.o(.text)
    ADC_GetDualModeConversionValue           0x0800751d   Thumb Code     8  stm32f10x_adc.o(.text)
    ADC_AutoInjectedConvCmd                  0x08007525   Thumb Code    22  stm32f10x_adc.o(.text)
    ADC_InjectedDiscModeCmd                  0x0800753b   Thumb Code    22  stm32f10x_adc.o(.text)
    ADC_ExternalTrigInjectedConvConfig       0x08007551   Thumb Code    16  stm32f10x_adc.o(.text)
    ADC_ExternalTrigInjectedConvCmd          0x08007561   Thumb Code    22  stm32f10x_adc.o(.text)
    ADC_SoftwareStartInjectedConvCmd         0x08007577   Thumb Code    22  stm32f10x_adc.o(.text)
    ADC_GetSoftwareStartInjectedConvCmdStatus 0x0800758d   Thumb Code    20  stm32f10x_adc.o(.text)
    ADC_InjectedChannelConfig                0x080075a1   Thumb Code   130  stm32f10x_adc.o(.text)
    ADC_InjectedSequencerLengthConfig        0x08007623   Thumb Code    24  stm32f10x_adc.o(.text)
    ADC_SetInjectedOffset                    0x0800763b   Thumb Code    20  stm32f10x_adc.o(.text)
    ADC_GetInjectedConversionValue           0x0800764f   Thumb Code    28  stm32f10x_adc.o(.text)
    ADC_AnalogWatchdogCmd                    0x0800766b   Thumb Code    16  stm32f10x_adc.o(.text)
    ADC_AnalogWatchdogThresholdsConfig       0x0800767b   Thumb Code     6  stm32f10x_adc.o(.text)
    ADC_AnalogWatchdogSingleChannelConfig    0x08007681   Thumb Code    16  stm32f10x_adc.o(.text)
    ADC_TempSensorVrefintCmd                 0x08007691   Thumb Code    64  stm32f10x_adc.o(.text)
    ADC_GetFlagStatus                        0x080076d1   Thumb Code    18  stm32f10x_adc.o(.text)
    ADC_ClearFlag                            0x080076e3   Thumb Code     6  stm32f10x_adc.o(.text)
    ADC_GetITStatus                          0x080076e9   Thumb Code    36  stm32f10x_adc.o(.text)
    ADC_ClearITPendingBit                    0x0800770d   Thumb Code    10  stm32f10x_adc.o(.text)
    DMA_DeInit                               0x08007719   Thumb Code   324  stm32f10x_dma.o(.text)
    DMA_Init                                 0x0800785d   Thumb Code    60  stm32f10x_dma.o(.text)
    DMA_StructInit                           0x08007899   Thumb Code    26  stm32f10x_dma.o(.text)
    DMA_Cmd                                  0x080078b3   Thumb Code    24  stm32f10x_dma.o(.text)
    DMA_ITConfig                             0x080078cb   Thumb Code    18  stm32f10x_dma.o(.text)
    DMA_SetCurrDataCounter                   0x080078dd   Thumb Code     4  stm32f10x_dma.o(.text)
    DMA_GetCurrDataCounter                   0x080078e1   Thumb Code     8  stm32f10x_dma.o(.text)
    DMA_GetFlagStatus                        0x080078e9   Thumb Code    40  stm32f10x_dma.o(.text)
    DMA_ClearFlag                            0x08007911   Thumb Code    22  stm32f10x_dma.o(.text)
    DMA_GetITStatus                          0x08007927   Thumb Code    40  stm32f10x_dma.o(.text)
    DMA_ClearITPendingBit                    0x0800794f   Thumb Code    22  stm32f10x_dma.o(.text)
    EXTI_DeInit                              0x0800796d   Thumb Code    28  stm32f10x_exti.o(.text)
    EXTI_Init                                0x08007989   Thumb Code   142  stm32f10x_exti.o(.text)
    EXTI_StructInit                          0x08007a17   Thumb Code    16  stm32f10x_exti.o(.text)
    EXTI_GenerateSWInterrupt                 0x08007a27   Thumb Code    16  stm32f10x_exti.o(.text)
    EXTI_GetFlagStatus                       0x08007a37   Thumb Code    22  stm32f10x_exti.o(.text)
    EXTI_ClearFlag                           0x08007a4d   Thumb Code     8  stm32f10x_exti.o(.text)
    EXTI_GetITStatus                         0x08007a55   Thumb Code    34  stm32f10x_exti.o(.text)
    EXTI_ClearITPendingBit                   0x08007a77   Thumb Code     8  stm32f10x_exti.o(.text)
    FLASH_SetLatency                         0x08007a89   Thumb Code    18  stm32f10x_flash.o(.text)
    FLASH_HalfCycleAccessCmd                 0x08007a9b   Thumb Code    22  stm32f10x_flash.o(.text)
    FLASH_PrefetchBufferCmd                  0x08007ab1   Thumb Code    22  stm32f10x_flash.o(.text)
    FLASH_Unlock                             0x08007ac7   Thumb Code    12  stm32f10x_flash.o(.text)
    FLASH_UnlockBank1                        0x08007ad3   Thumb Code    12  stm32f10x_flash.o(.text)
    FLASH_Lock                               0x08007adf   Thumb Code    14  stm32f10x_flash.o(.text)
    FLASH_LockBank1                          0x08007aed   Thumb Code    14  stm32f10x_flash.o(.text)
    FLASH_GetBank1Status                     0x08007afb   Thumb Code    48  stm32f10x_flash.o(.text)
    FLASH_WaitForLastOperation               0x08007b2b   Thumb Code    38  stm32f10x_flash.o(.text)
    FLASH_ErasePage                          0x08007b51   Thumb Code    72  stm32f10x_flash.o(.text)
    FLASH_EraseAllPages                      0x08007b99   Thumb Code    68  stm32f10x_flash.o(.text)
    FLASH_WaitForLastBank1Operation          0x08007bdd   Thumb Code    38  stm32f10x_flash.o(.text)
    FLASH_EraseAllBank1Pages                 0x08007c03   Thumb Code    68  stm32f10x_flash.o(.text)
    FLASH_GetReadOutProtectionStatus         0x08007c47   Thumb Code    20  stm32f10x_flash.o(.text)
    FLASH_EraseOptionBytes                   0x08007c5b   Thumb Code   150  stm32f10x_flash.o(.text)
    FLASH_ProgramWord                        0x08007cf1   Thumb Code   102  stm32f10x_flash.o(.text)
    FLASH_ProgramHalfWord                    0x08007d57   Thumb Code    60  stm32f10x_flash.o(.text)
    FLASH_ProgramOptionByteData              0x08007d93   Thumb Code    72  stm32f10x_flash.o(.text)
    FLASH_EnableWriteProtection              0x08007ddb   Thumb Code   200  stm32f10x_flash.o(.text)
    FLASH_ReadOutProtection                  0x08007ea3   Thumb Code   156  stm32f10x_flash.o(.text)
    FLASH_UserOptionByteConfig               0x08007f3f   Thumb Code    88  stm32f10x_flash.o(.text)
    FLASH_GetUserOptionByte                  0x08007f97   Thumb Code     8  stm32f10x_flash.o(.text)
    FLASH_GetWriteProtectionOptionByte       0x08007f9f   Thumb Code     6  stm32f10x_flash.o(.text)
    FLASH_GetPrefetchBufferStatus            0x08007fa5   Thumb Code    20  stm32f10x_flash.o(.text)
    FLASH_ITConfig                           0x08007fb9   Thumb Code    26  stm32f10x_flash.o(.text)
    FLASH_GetFlagStatus                      0x08007fd3   Thumb Code    42  stm32f10x_flash.o(.text)
    FLASH_ClearFlag                          0x08007ffd   Thumb Code     6  stm32f10x_flash.o(.text)
    FLASH_GetStatus                          0x08008003   Thumb Code    48  stm32f10x_flash.o(.text)
    GPIO_DeInit                              0x08008045   Thumb Code   172  stm32f10x_gpio.o(.text)
    GPIO_AFIODeInit                          0x080080f1   Thumb Code    20  stm32f10x_gpio.o(.text)
    GPIO_Init                                0x08008105   Thumb Code   278  stm32f10x_gpio.o(.text)
    GPIO_StructInit                          0x0800821b   Thumb Code    16  stm32f10x_gpio.o(.text)
    GPIO_ReadInputDataBit                    0x0800822b   Thumb Code    18  stm32f10x_gpio.o(.text)
    GPIO_ReadInputData                       0x0800823d   Thumb Code     8  stm32f10x_gpio.o(.text)
    GPIO_ReadOutputDataBit                   0x08008245   Thumb Code    18  stm32f10x_gpio.o(.text)
    GPIO_ReadOutputData                      0x08008257   Thumb Code     8  stm32f10x_gpio.o(.text)
    GPIO_SetBits                             0x0800825f   Thumb Code     4  stm32f10x_gpio.o(.text)
    GPIO_ResetBits                           0x08008263   Thumb Code     4  stm32f10x_gpio.o(.text)
    GPIO_WriteBit                            0x08008267   Thumb Code    10  stm32f10x_gpio.o(.text)
    GPIO_Write                               0x08008271   Thumb Code     4  stm32f10x_gpio.o(.text)
    GPIO_PinLockConfig                       0x08008275   Thumb Code    18  stm32f10x_gpio.o(.text)
    GPIO_EventOutputConfig                   0x08008287   Thumb Code    26  stm32f10x_gpio.o(.text)
    GPIO_EventOutputCmd                      0x080082a1   Thumb Code     6  stm32f10x_gpio.o(.text)
    GPIO_PinRemapConfig                      0x080082a7   Thumb Code   138  stm32f10x_gpio.o(.text)
    GPIO_EXTILineConfig                      0x08008331   Thumb Code    66  stm32f10x_gpio.o(.text)
    GPIO_ETH_MediaInterfaceConfig            0x08008373   Thumb Code     8  stm32f10x_gpio.o(.text)
    RCC_DeInit                               0x080083a1   Thumb Code    78  stm32f10x_rcc.o(.text)
    RCC_HSEConfig                            0x080083ef   Thumb Code    70  stm32f10x_rcc.o(.text)
    RCC_GetFlagStatus                        0x08008435   Thumb Code    56  stm32f10x_rcc.o(.text)
    RCC_WaitForHSEStartUp                    0x0800846d   Thumb Code    58  stm32f10x_rcc.o(.text)
    RCC_AdjustHSICalibrationValue            0x080084a7   Thumb Code    20  stm32f10x_rcc.o(.text)
    RCC_HSICmd                               0x080084bb   Thumb Code     6  stm32f10x_rcc.o(.text)
    RCC_PLLConfig                            0x080084c1   Thumb Code    24  stm32f10x_rcc.o(.text)
    RCC_PLLCmd                               0x080084d9   Thumb Code     6  stm32f10x_rcc.o(.text)
    RCC_PREDIV1Config                        0x080084df   Thumb Code    24  stm32f10x_rcc.o(.text)
    RCC_PREDIV2Config                        0x080084f7   Thumb Code    18  stm32f10x_rcc.o(.text)
    RCC_PLL2Config                           0x08008509   Thumb Code    18  stm32f10x_rcc.o(.text)
    RCC_PLL2Cmd                              0x0800851b   Thumb Code     6  stm32f10x_rcc.o(.text)
    RCC_PLL3Config                           0x08008521   Thumb Code    18  stm32f10x_rcc.o(.text)
    RCC_PLL3Cmd                              0x08008533   Thumb Code     6  stm32f10x_rcc.o(.text)
    RCC_SYSCLKConfig                         0x08008539   Thumb Code    18  stm32f10x_rcc.o(.text)
    RCC_GetSYSCLKSource                      0x0800854b   Thumb Code    10  stm32f10x_rcc.o(.text)
    RCC_HCLKConfig                           0x08008555   Thumb Code    18  stm32f10x_rcc.o(.text)
    RCC_PCLK1Config                          0x08008567   Thumb Code    18  stm32f10x_rcc.o(.text)
    RCC_PCLK2Config                          0x08008579   Thumb Code    20  stm32f10x_rcc.o(.text)
    RCC_ITConfig                             0x0800858d   Thumb Code    26  stm32f10x_rcc.o(.text)
    RCC_OTGFSCLKConfig                       0x080085a7   Thumb Code     8  stm32f10x_rcc.o(.text)
    RCC_ADCCLKConfig                         0x080085af   Thumb Code    20  stm32f10x_rcc.o(.text)
    RCC_I2S2CLKConfig                        0x080085c3   Thumb Code     6  stm32f10x_rcc.o(.text)
    RCC_I2S3CLKConfig                        0x080085c9   Thumb Code     8  stm32f10x_rcc.o(.text)
    RCC_LSEConfig                            0x080085d1   Thumb Code    50  stm32f10x_rcc.o(.text)
    RCC_LSICmd                               0x08008603   Thumb Code     6  stm32f10x_rcc.o(.text)
    RCC_RTCCLKConfig                         0x08008609   Thumb Code    12  stm32f10x_rcc.o(.text)
    RCC_RTCCLKCmd                            0x08008615   Thumb Code     8  stm32f10x_rcc.o(.text)
    RCC_GetClocksFreq                        0x0800861d   Thumb Code   228  stm32f10x_rcc.o(.text)
    RCC_AHBPeriphClockCmd                    0x08008701   Thumb Code    26  stm32f10x_rcc.o(.text)
    RCC_APB2PeriphClockCmd                   0x0800871b   Thumb Code    26  stm32f10x_rcc.o(.text)
    RCC_APB1PeriphClockCmd                   0x08008735   Thumb Code    26  stm32f10x_rcc.o(.text)
    RCC_AHBPeriphResetCmd                    0x0800874f   Thumb Code    26  stm32f10x_rcc.o(.text)
    RCC_APB2PeriphResetCmd                   0x08008769   Thumb Code    88  stm32f10x_rcc.o(.text)
    RCC_APB1PeriphResetCmd                   0x080087c1   Thumb Code    26  stm32f10x_rcc.o(.text)
    RCC_BackupResetCmd                       0x080087db   Thumb Code     6  stm32f10x_rcc.o(.text)
    RCC_ClockSecuritySystemCmd               0x080087e1   Thumb Code     6  stm32f10x_rcc.o(.text)
    RCC_MCOConfig                            0x080087e7   Thumb Code     6  stm32f10x_rcc.o(.text)
    RCC_ClearFlag                            0x080087ed   Thumb Code    14  stm32f10x_rcc.o(.text)
    RCC_GetITStatus                          0x080087fb   Thumb Code    20  stm32f10x_rcc.o(.text)
    RCC_ClearITPendingBit                    0x0800880f   Thumb Code     6  stm32f10x_rcc.o(.text)
    TIM_DeInit                               0x08008821   Thumb Code   424  stm32f10x_tim.o(.text)
    TIM_TimeBaseInit                         0x080089c9   Thumb Code   122  stm32f10x_tim.o(.text)
    TIM_OC1Init                              0x08008a43   Thumb Code   132  stm32f10x_tim.o(.text)
    TIM_OC2Init                              0x08008ac7   Thumb Code   154  stm32f10x_tim.o(.text)
    TIM_OC3Init                              0x08008b61   Thumb Code   150  stm32f10x_tim.o(.text)
    TIM_OC4Init                              0x08008bf7   Thumb Code   182  stm32f10x_tim.o(.text)
    TIM_SetIC4Prescaler                      0x08008cad   Thumb Code    26  stm32f10x_tim.o(.text)
    TIM_SetIC3Prescaler                      0x08008d49   Thumb Code    18  stm32f10x_tim.o(.text)
    TIM_SetIC2Prescaler                      0x08008dd5   Thumb Code    26  stm32f10x_tim.o(.text)
    TIM_SetIC1Prescaler                      0x08008e71   Thumb Code    18  stm32f10x_tim.o(.text)
    TIM_ICInit                               0x08008eef   Thumb Code   150  stm32f10x_tim.o(.text)
    TIM_PWMIConfig                           0x08008f85   Thumb Code   124  stm32f10x_tim.o(.text)
    TIM_BDTRConfig                           0x08009001   Thumb Code    32  stm32f10x_tim.o(.text)
    TIM_TimeBaseStructInit                   0x08009021   Thumb Code    18  stm32f10x_tim.o(.text)
    TIM_OCStructInit                         0x08009033   Thumb Code    20  stm32f10x_tim.o(.text)
    TIM_ICStructInit                         0x08009047   Thumb Code    18  stm32f10x_tim.o(.text)
    TIM_BDTRStructInit                       0x08009059   Thumb Code    40  stm32f10x_tim.o(.text)
    TIM_Cmd                                  0x08009081   Thumb Code    24  stm32f10x_tim.o(.text)
    TIM_CtrlPWMOutputs                       0x08009099   Thumb Code    30  stm32f10x_tim.o(.text)
    TIM_ITConfig                             0x080090b7   Thumb Code    18  stm32f10x_tim.o(.text)
    TIM_GenerateEvent                        0x080090c9   Thumb Code     4  stm32f10x_tim.o(.text)
    TIM_DMAConfig                            0x080090cd   Thumb Code    10  stm32f10x_tim.o(.text)
    TIM_DMACmd                               0x080090d7   Thumb Code    18  stm32f10x_tim.o(.text)
    TIM_InternalClockConfig                  0x080090e9   Thumb Code    12  stm32f10x_tim.o(.text)
    TIM_SelectInputTrigger                   0x080090f5   Thumb Code    18  stm32f10x_tim.o(.text)
    TIM_ITRxExternalClockConfig              0x08009107   Thumb Code    24  stm32f10x_tim.o(.text)
    TIM_TIxExternalClockConfig               0x0800911f   Thumb Code    62  stm32f10x_tim.o(.text)
    TIM_ETRConfig                            0x0800915d   Thumb Code    28  stm32f10x_tim.o(.text)
    TIM_ETRClockMode1Config                  0x08009179   Thumb Code    54  stm32f10x_tim.o(.text)
    TIM_ETRClockMode2Config                  0x080091af   Thumb Code    32  stm32f10x_tim.o(.text)
    TIM_PrescalerConfig                      0x080091cf   Thumb Code     6  stm32f10x_tim.o(.text)
    TIM_CounterModeConfig                    0x080091d5   Thumb Code    18  stm32f10x_tim.o(.text)
    TIM_EncoderInterfaceConfig               0x080091e7   Thumb Code    66  stm32f10x_tim.o(.text)
    TIM_ForcedOC1Config                      0x08009229   Thumb Code    18  stm32f10x_tim.o(.text)
    TIM_ForcedOC2Config                      0x0800923b   Thumb Code    26  stm32f10x_tim.o(.text)
    TIM_ForcedOC3Config                      0x08009255   Thumb Code    18  stm32f10x_tim.o(.text)
    TIM_ForcedOC4Config                      0x08009267   Thumb Code    26  stm32f10x_tim.o(.text)
    TIM_ARRPreloadConfig                     0x08009281   Thumb Code    24  stm32f10x_tim.o(.text)
    TIM_SelectCOM                            0x08009299   Thumb Code    24  stm32f10x_tim.o(.text)
    TIM_SelectCCDMA                          0x080092b1   Thumb Code    24  stm32f10x_tim.o(.text)
    TIM_CCPreloadControl                     0x080092c9   Thumb Code    24  stm32f10x_tim.o(.text)
    TIM_OC1PreloadConfig                     0x080092e1   Thumb Code    18  stm32f10x_tim.o(.text)
    TIM_OC2PreloadConfig                     0x080092f3   Thumb Code    26  stm32f10x_tim.o(.text)
    TIM_OC3PreloadConfig                     0x0800930d   Thumb Code    18  stm32f10x_tim.o(.text)
    TIM_OC4PreloadConfig                     0x0800931f   Thumb Code    26  stm32f10x_tim.o(.text)
    TIM_OC1FastConfig                        0x08009339   Thumb Code    18  stm32f10x_tim.o(.text)
    TIM_OC2FastConfig                        0x0800934b   Thumb Code    26  stm32f10x_tim.o(.text)
    TIM_OC3FastConfig                        0x08009365   Thumb Code    18  stm32f10x_tim.o(.text)
    TIM_OC4FastConfig                        0x08009377   Thumb Code    26  stm32f10x_tim.o(.text)
    TIM_ClearOC1Ref                          0x08009391   Thumb Code    18  stm32f10x_tim.o(.text)
    TIM_ClearOC2Ref                          0x080093a3   Thumb Code    24  stm32f10x_tim.o(.text)
    TIM_ClearOC3Ref                          0x080093bb   Thumb Code    18  stm32f10x_tim.o(.text)
    TIM_ClearOC4Ref                          0x080093cd   Thumb Code    24  stm32f10x_tim.o(.text)
    TIM_OC1PolarityConfig                    0x080093e5   Thumb Code    18  stm32f10x_tim.o(.text)
    TIM_OC1NPolarityConfig                   0x080093f7   Thumb Code    18  stm32f10x_tim.o(.text)
    TIM_OC2PolarityConfig                    0x08009409   Thumb Code    26  stm32f10x_tim.o(.text)
    TIM_OC2NPolarityConfig                   0x08009423   Thumb Code    26  stm32f10x_tim.o(.text)
    TIM_OC3PolarityConfig                    0x0800943d   Thumb Code    26  stm32f10x_tim.o(.text)
    TIM_OC3NPolarityConfig                   0x08009457   Thumb Code    26  stm32f10x_tim.o(.text)
    TIM_OC4PolarityConfig                    0x08009471   Thumb Code    26  stm32f10x_tim.o(.text)
    TIM_CCxCmd                               0x0800948b   Thumb Code    30  stm32f10x_tim.o(.text)
    TIM_CCxNCmd                              0x080094a9   Thumb Code    30  stm32f10x_tim.o(.text)
    TIM_SelectOCxM                           0x080094c7   Thumb Code    82  stm32f10x_tim.o(.text)
    TIM_UpdateDisableConfig                  0x08009519   Thumb Code    24  stm32f10x_tim.o(.text)
    TIM_UpdateRequestConfig                  0x08009531   Thumb Code    24  stm32f10x_tim.o(.text)
    TIM_SelectHallSensor                     0x08009549   Thumb Code    24  stm32f10x_tim.o(.text)
    TIM_SelectOnePulseMode                   0x08009561   Thumb Code    18  stm32f10x_tim.o(.text)
    TIM_SelectOutputTrigger                  0x08009573   Thumb Code    18  stm32f10x_tim.o(.text)
    TIM_SelectSlaveMode                      0x08009585   Thumb Code    18  stm32f10x_tim.o(.text)
    TIM_SelectMasterSlaveMode                0x08009597   Thumb Code    18  stm32f10x_tim.o(.text)
    TIM_SetCounter                           0x080095a9   Thumb Code     4  stm32f10x_tim.o(.text)
    TIM_SetAutoreload                        0x080095ad   Thumb Code     4  stm32f10x_tim.o(.text)
    TIM_SetCompare1                          0x080095b1   Thumb Code     4  stm32f10x_tim.o(.text)
    TIM_SetCompare2                          0x080095b5   Thumb Code     4  stm32f10x_tim.o(.text)
    TIM_SetCompare3                          0x080095b9   Thumb Code     4  stm32f10x_tim.o(.text)
    TIM_SetCompare4                          0x080095bd   Thumb Code     6  stm32f10x_tim.o(.text)
    TIM_SetClockDivision                     0x080095c3   Thumb Code    18  stm32f10x_tim.o(.text)
    TIM_GetCapture1                          0x080095d5   Thumb Code     6  stm32f10x_tim.o(.text)
    TIM_GetCapture2                          0x080095db   Thumb Code     6  stm32f10x_tim.o(.text)
    TIM_GetCapture3                          0x080095e1   Thumb Code     6  stm32f10x_tim.o(.text)
    TIM_GetCapture4                          0x080095e7   Thumb Code     8  stm32f10x_tim.o(.text)
    TIM_GetCounter                           0x080095ef   Thumb Code     6  stm32f10x_tim.o(.text)
    TIM_GetPrescaler                         0x080095f5   Thumb Code     6  stm32f10x_tim.o(.text)
    TIM_GetFlagStatus                        0x080095fb   Thumb Code    18  stm32f10x_tim.o(.text)
    TIM_ClearFlag                            0x0800960d   Thumb Code     6  stm32f10x_tim.o(.text)
    TIM_GetITStatus                          0x08009613   Thumb Code    34  stm32f10x_tim.o(.text)
    TIM_ClearITPendingBit                    0x08009635   Thumb Code     6  stm32f10x_tim.o(.text)
    USART_DeInit                             0x0800963d   Thumb Code   134  stm32f10x_usart.o(.text)
    USART_Init                               0x080096c3   Thumb Code   210  stm32f10x_usart.o(.text)
    USART_StructInit                         0x08009795   Thumb Code    24  stm32f10x_usart.o(.text)
    USART_ClockInit                          0x080097ad   Thumb Code    34  stm32f10x_usart.o(.text)
    USART_ClockStructInit                    0x080097cf   Thumb Code    12  stm32f10x_usart.o(.text)
    USART_Cmd                                0x080097db   Thumb Code    24  stm32f10x_usart.o(.text)
    USART_ITConfig                           0x080097f3   Thumb Code    74  stm32f10x_usart.o(.text)
    USART_DMACmd                             0x0800983d   Thumb Code    18  stm32f10x_usart.o(.text)
    USART_SetAddress                         0x0800984f   Thumb Code    18  stm32f10x_usart.o(.text)
    USART_WakeUpConfig                       0x08009861   Thumb Code    18  stm32f10x_usart.o(.text)
    USART_ReceiverWakeUpCmd                  0x08009873   Thumb Code    24  stm32f10x_usart.o(.text)
    USART_LINBreakDetectLengthConfig         0x0800988b   Thumb Code    18  stm32f10x_usart.o(.text)
    USART_LINCmd                             0x0800989d   Thumb Code    24  stm32f10x_usart.o(.text)
    USART_SendData                           0x080098b5   Thumb Code     8  stm32f10x_usart.o(.text)
    USART_ReceiveData                        0x080098bd   Thumb Code    10  stm32f10x_usart.o(.text)
    USART_SendBreak                          0x080098c7   Thumb Code    10  stm32f10x_usart.o(.text)
    USART_SetGuardTime                       0x080098d1   Thumb Code    16  stm32f10x_usart.o(.text)
    USART_SetPrescaler                       0x080098e1   Thumb Code    16  stm32f10x_usart.o(.text)
    USART_SmartCardCmd                       0x080098f1   Thumb Code    24  stm32f10x_usart.o(.text)
    USART_SmartCardNACKCmd                   0x08009909   Thumb Code    24  stm32f10x_usart.o(.text)
    USART_HalfDuplexCmd                      0x08009921   Thumb Code    24  stm32f10x_usart.o(.text)
    USART_OverSampling8Cmd                   0x08009939   Thumb Code    22  stm32f10x_usart.o(.text)
    USART_OneBitMethodCmd                    0x0800994f   Thumb Code    24  stm32f10x_usart.o(.text)
    USART_IrDAConfig                         0x08009967   Thumb Code    18  stm32f10x_usart.o(.text)
    USART_IrDACmd                            0x08009979   Thumb Code    24  stm32f10x_usart.o(.text)
    USART_GetFlagStatus                      0x08009991   Thumb Code    26  stm32f10x_usart.o(.text)
    USART_ClearFlag                          0x080099ab   Thumb Code    18  stm32f10x_usart.o(.text)
    USART_GetITStatus                        0x080099bd   Thumb Code    84  stm32f10x_usart.o(.text)
    USART_ClearITPendingBit                  0x08009a11   Thumb Code    52  stm32f10x_usart.o(.text)
    SystemInit                               0x08009b55   Thumb Code    92  system_stm32f10x.o(.text)
    SystemCoreClockUpdate                    0x08009bb1   Thumb Code   232  system_stm32f10x.o(.text)
    Reset_Handler                            0x08009cc5   Thumb Code     8  startup_stm32f10x_cl.o(.text)
    ADC1_2_IRQHandler                        0x08009cdf   Thumb Code     0  startup_stm32f10x_cl.o(.text)
    CAN1_RX0_IRQHandler                      0x08009cdf   Thumb Code     0  startup_stm32f10x_cl.o(.text)
    CAN1_RX1_IRQHandler                      0x08009cdf   Thumb Code     0  startup_stm32f10x_cl.o(.text)
    CAN1_SCE_IRQHandler                      0x08009cdf   Thumb Code     0  startup_stm32f10x_cl.o(.text)
    CAN1_TX_IRQHandler                       0x08009cdf   Thumb Code     0  startup_stm32f10x_cl.o(.text)
    CAN2_RX0_IRQHandler                      0x08009cdf   Thumb Code     0  startup_stm32f10x_cl.o(.text)
    CAN2_RX1_IRQHandler                      0x08009cdf   Thumb Code     0  startup_stm32f10x_cl.o(.text)
    CAN2_SCE_IRQHandler                      0x08009cdf   Thumb Code     0  startup_stm32f10x_cl.o(.text)
    CAN2_TX_IRQHandler                       0x08009cdf   Thumb Code     0  startup_stm32f10x_cl.o(.text)
    DMA1_Channel2_IRQHandler                 0x08009cdf   Thumb Code     0  startup_stm32f10x_cl.o(.text)
    DMA1_Channel3_IRQHandler                 0x08009cdf   Thumb Code     0  startup_stm32f10x_cl.o(.text)
    DMA1_Channel4_IRQHandler                 0x08009cdf   Thumb Code     0  startup_stm32f10x_cl.o(.text)
    DMA1_Channel5_IRQHandler                 0x08009cdf   Thumb Code     0  startup_stm32f10x_cl.o(.text)
    DMA1_Channel6_IRQHandler                 0x08009cdf   Thumb Code     0  startup_stm32f10x_cl.o(.text)
    DMA1_Channel7_IRQHandler                 0x08009cdf   Thumb Code     0  startup_stm32f10x_cl.o(.text)
    DMA2_Channel1_IRQHandler                 0x08009cdf   Thumb Code     0  startup_stm32f10x_cl.o(.text)
    DMA2_Channel2_IRQHandler                 0x08009cdf   Thumb Code     0  startup_stm32f10x_cl.o(.text)
    DMA2_Channel3_IRQHandler                 0x08009cdf   Thumb Code     0  startup_stm32f10x_cl.o(.text)
    DMA2_Channel4_IRQHandler                 0x08009cdf   Thumb Code     0  startup_stm32f10x_cl.o(.text)
    DMA2_Channel5_IRQHandler                 0x08009cdf   Thumb Code     0  startup_stm32f10x_cl.o(.text)
    ETH_IRQHandler                           0x08009cdf   Thumb Code     0  startup_stm32f10x_cl.o(.text)
    ETH_WKUP_IRQHandler                      0x08009cdf   Thumb Code     0  startup_stm32f10x_cl.o(.text)
    EXTI1_IRQHandler                         0x08009cdf   Thumb Code     0  startup_stm32f10x_cl.o(.text)
    EXTI9_5_IRQHandler                       0x08009cdf   Thumb Code     0  startup_stm32f10x_cl.o(.text)
    FLASH_IRQHandler                         0x08009cdf   Thumb Code     0  startup_stm32f10x_cl.o(.text)
    I2C1_ER_IRQHandler                       0x08009cdf   Thumb Code     0  startup_stm32f10x_cl.o(.text)
    I2C1_EV_IRQHandler                       0x08009cdf   Thumb Code     0  startup_stm32f10x_cl.o(.text)
    I2C2_ER_IRQHandler                       0x08009cdf   Thumb Code     0  startup_stm32f10x_cl.o(.text)
    I2C2_EV_IRQHandler                       0x08009cdf   Thumb Code     0  startup_stm32f10x_cl.o(.text)
    OTG_FS_IRQHandler                        0x08009cdf   Thumb Code     0  startup_stm32f10x_cl.o(.text)
    OTG_FS_WKUP_IRQHandler                   0x08009cdf   Thumb Code     0  startup_stm32f10x_cl.o(.text)
    PVD_IRQHandler                           0x08009cdf   Thumb Code     0  startup_stm32f10x_cl.o(.text)
    RCC_IRQHandler                           0x08009cdf   Thumb Code     0  startup_stm32f10x_cl.o(.text)
    RTCAlarm_IRQHandler                      0x08009cdf   Thumb Code     0  startup_stm32f10x_cl.o(.text)
    SPI1_IRQHandler                          0x08009cdf   Thumb Code     0  startup_stm32f10x_cl.o(.text)
    SPI2_IRQHandler                          0x08009cdf   Thumb Code     0  startup_stm32f10x_cl.o(.text)
    SPI3_IRQHandler                          0x08009cdf   Thumb Code     0  startup_stm32f10x_cl.o(.text)
    TAMPER_IRQHandler                        0x08009cdf   Thumb Code     0  startup_stm32f10x_cl.o(.text)
    TIM1_BRK_IRQHandler                      0x08009cdf   Thumb Code     0  startup_stm32f10x_cl.o(.text)
    TIM1_CC_IRQHandler                       0x08009cdf   Thumb Code     0  startup_stm32f10x_cl.o(.text)
    TIM1_TRG_COM_IRQHandler                  0x08009cdf   Thumb Code     0  startup_stm32f10x_cl.o(.text)
    TIM1_UP_IRQHandler                       0x08009cdf   Thumb Code     0  startup_stm32f10x_cl.o(.text)
    TIM3_IRQHandler                          0x08009cdf   Thumb Code     0  startup_stm32f10x_cl.o(.text)
    TIM4_IRQHandler                          0x08009cdf   Thumb Code     0  startup_stm32f10x_cl.o(.text)
    TIM5_IRQHandler                          0x08009cdf   Thumb Code     0  startup_stm32f10x_cl.o(.text)
    TIM6_IRQHandler                          0x08009cdf   Thumb Code     0  startup_stm32f10x_cl.o(.text)
    TIM7_IRQHandler                          0x08009cdf   Thumb Code     0  startup_stm32f10x_cl.o(.text)
    UART4_IRQHandler                         0x08009cdf   Thumb Code     0  startup_stm32f10x_cl.o(.text)
    UART5_IRQHandler                         0x08009cdf   Thumb Code     0  startup_stm32f10x_cl.o(.text)
    USART1_IRQHandler                        0x08009cdf   Thumb Code     0  startup_stm32f10x_cl.o(.text)
    USART2_IRQHandler                        0x08009cdf   Thumb Code     0  startup_stm32f10x_cl.o(.text)
    USART3_IRQHandler                        0x08009cdf   Thumb Code     0  startup_stm32f10x_cl.o(.text)
    WWDG_IRQHandler                          0x08009cdf   Thumb Code     0  startup_stm32f10x_cl.o(.text)
    __aeabi_memset                           0x08009ce9   Thumb Code    14  memseta.o(.text)
    __aeabi_memset4                          0x08009ce9   Thumb Code     0  memseta.o(.text)
    __aeabi_memset8                          0x08009ce9   Thumb Code     0  memseta.o(.text)
    __aeabi_memclr                           0x08009cf7   Thumb Code     4  memseta.o(.text)
    __aeabi_memclr4                          0x08009cf7   Thumb Code     0  memseta.o(.text)
    __aeabi_memclr8                          0x08009cf7   Thumb Code     0  memseta.o(.text)
    _memset$wrapper                          0x08009cfb   Thumb Code    18  memseta.o(.text)
    __aeabi_fmul                             0x08009d0d   Thumb Code   100  fmul.o(.text)
    __aeabi_fdiv                             0x08009d71   Thumb Code   124  fdiv.o(.text)
    __aeabi_dadd                             0x08009ded   Thumb Code   322  dadd.o(.text)
    __aeabi_dsub                             0x08009f2f   Thumb Code     6  dadd.o(.text)
    __aeabi_drsub                            0x08009f35   Thumb Code     6  dadd.o(.text)
    __aeabi_ui2f                             0x08009f3b   Thumb Code    10  ffltui.o(.text)
    __aeabi_i2d                              0x08009f45   Thumb Code    34  dflti.o(.text)
    __aeabi_f2uiz                            0x08009f67   Thumb Code    40  ffixui.o(.text)
    __aeabi_d2iz                             0x08009f8f   Thumb Code    62  dfixi.o(.text)
    __aeabi_llsl                             0x08009fcd   Thumb Code    30  llshl.o(.text)
    _ll_shift_l                              0x08009fcd   Thumb Code     0  llshl.o(.text)
    __aeabi_llsr                             0x08009feb   Thumb Code    32  llushr.o(.text)
    _ll_ushift_r                             0x08009feb   Thumb Code     0  llushr.o(.text)
    __aeabi_lasr                             0x0800a00b   Thumb Code    36  llsshr.o(.text)
    _ll_sshift_r                             0x0800a00b   Thumb Code     0  llsshr.o(.text)
    __I$use$fp                               0x0800a02f   Thumb Code     0  iusefp.o(.text)
    _float_round                             0x0800a02f   Thumb Code    18  fepilogue.o(.text)
    _float_epilogue                          0x0800a041   Thumb Code    92  fepilogue.o(.text)
    _double_round                            0x0800a09d   Thumb Code    26  depilogue.o(.text)
    _double_epilogue                         0x0800a0b7   Thumb Code   156  depilogue.o(.text)
    __scatterload                            0x0800a155   Thumb Code    28  init.o(.text)
    __scatterload_rt2                        0x0800a155   Thumb Code     0  init.o(.text)
    __scatterload_copy                       0x0800a179   Thumb Code    14  handlers.o(i.__scatterload_copy)
    __scatterload_null                       0x0800a187   Thumb Code     2  handlers.o(i.__scatterload_null)
    __scatterload_zeroinit                   0x0800a189   Thumb Code    14  handlers.o(i.__scatterload_zeroinit)
    DATA_RESTORE                             0x0800a196   Data          58  user_main.o(.constdata)
    LED2_7                                   0x0800a1d0   Data          29  user_disp_0832.o(.constdata)
    LED1_7                                   0x0800a1ed   Data          29  user_disp_0832.o(.constdata)
    g_DispSetSensitivity                     0x0800a20c   Data         184  user_disp_0832.o(.constdata)
    g_DispTotalList                          0x0800a2e4   Data          48  user_display.o(.constdata)
    DispErrCode                              0x0800a314   Data          60  user_display.o(.constdata)
    g_DispVol                                0x0800a350   Data          48  user_display.o(.constdata)
    g_KeySetSensitivity                      0x0800a380   Data         184  user_common.o(.constdata)
    mpgs_tab                                 0x0800a438   Data         306  user_common.o(.constdata)
    LED_JS                                   0x0800a587   Data          29  user_tm1616.o(.constdata)
    LED_TOL                                  0x0800a5a4   Data          29  user_tm1616.o(.constdata)
    Region$$Table$$Base                      0x0800a5c4   Number         0  anon$$obj.o(Region$$Table)
    Region$$Table$$Limit                     0x0800a5e4   Number         0  anon$$obj.o(Region$$Table)
    temp1                                    0x2000000c   Data           1  user_key_0832_12key.o(.data)
    temp2                                    0x2000000d   Data           1  user_key_0832_12key.o(.data)
    temp3                                    0x2000000e   Data           1  user_key_0832_12key.o(.data)
    KeyFunc                                  0x20000010   Data          48  user_key_0832_12key.o(.data)
    LongFunc                                 0x20000040   Data          48  user_key_0832_12key.o(.data)
    EraseCounter                             0x20000078   Data           4  user_eeprom.o(.data)
    Address                                  0x2000007c   Data           4  user_eeprom.o(.data)
    FLASHStatus                              0x20000080   Data           1  user_eeprom.o(.data)
    MemoryProgramStatus                      0x20000081   Data           1  user_eeprom.o(.data)
    EXTI_InitStruct                          0x20000090   Data           8  user_sysconfig.o(.data)
    SystemCoreClock                          0x200000b4   Data           4  system_stm32f10x.o(.data)
    AHBPrescTable                            0x200000b8   Data          16  system_stm32f10x.o(.data)
    UsartDmaSendBuff                         0x200000c8   Data         320  user_union.o(.bss)
    g_SensorTestTYPE                         0x20000208   Data         144  user_sensor.o(.bss)
    g_LCD                                    0x20000298   Data          32  user_disp_0832.o(.bss)
    g_LCDDISP                                0x200002b8   Data          32  user_disp_0832.o(.bss)
    g_LCD1629A                               0x200002d8   Data          13  user_disp_tm1620.o(.bss)
    g_LCDDISP1629A                           0x200002e5   Data          13  user_disp_tm1620.o(.bss)
    g_KeyType                                0x200002f2   Data          36  user_key_0832_12key.o(.bss)
    g_KeyDebugType                           0x20000316   Data          10  user_key_0832_12key.o(.bss)
    ADC_InitStruct                           0x20000320   Data          20  user_adc.o(.bss)
    ADCConvertedValue                        0x20000334   Data          18  user_adc.o(.bss)
    DMA_InitStruct                           0x20000348   Data          44  user_dam_adc.o(.bss)
    g_Sensitivity                            0x20000374   Data          62  user_eeprom.o(.bss)
    g_MPType                                 0x200003b4   Data          42  user_sysconfig.o(.bss)
    g_InfType                                0x200003de   Data          42  user_sysconfig.o(.bss)
    g_SysType                                0x20000408   Data         248  user_sysconfig.o(.bss)
    TIM_TimeBaseStruct                       0x20000500   Data          10  user_timer.o(.bss)
    TIM_OCInitStruct                         0x2000050a   Data          16  user_timer.o(.bss)
    g_VoiceType                              0x2000051a   Data          10  user_voice.o(.bss)
    g_LEDW1629                               0x20000524   Data          16  user_tm1616.o(.bss)
    __initial_sp                             0x20000938   Data           0  startup_stm32f10x_cl.o(STACK)



==============================================================================

Memory Map of the image

  Image Entry point : 0x08000151

  Load Region LR_IROM1 (Base: 0x08000000, Size: 0x0000a6ac, Max: 0x00040000, ABSOLUTE)

    Execution Region ER_IROM1 (Base: 0x08000000, Size: 0x0000a5e4, Max: 0x00040000, ABSOLUTE)

    Base Addr    Size         Type   Attr      Idx    E Section Name        Object

    0x08000000   0x00000150   Data   RO          604    RESET               startup_stm32f10x_cl.o
    0x08000150   0x00000000   Code   RO          609  * .ARM.Collect$$$$00000000  mc_w.l(entry.o)
    0x08000150   0x00000004   Code   RO          628    .ARM.Collect$$$$00000001  mc_w.l(entry2.o)
    0x08000154   0x00000004   Code   RO          631    .ARM.Collect$$$$00000004  mc_w.l(entry5.o)
    0x08000158   0x00000000   Code   RO          633    .ARM.Collect$$$$00000008  mc_w.l(entry7b.o)
    0x08000158   0x00000000   Code   RO          635    .ARM.Collect$$$$0000000A  mc_w.l(entry8b.o)
    0x08000158   0x00000008   Code   RO          636    .ARM.Collect$$$$0000000B  mc_w.l(entry9a.o)
    0x08000160   0x00000000   Code   RO          638    .ARM.Collect$$$$0000000D  mc_w.l(entry10a.o)
    0x08000160   0x00000000   Code   RO          640    .ARM.Collect$$$$0000000F  mc_w.l(entry11a.o)
    0x08000160   0x00000004   Code   RO          629    .ARM.Collect$$$$00002712  mc_w.l(entry2.o)
    0x08000164   0x000000bc   Code   RO            1    .text               user_main.o
    0x08000220   0x000003f8   Code   RO          145    .text               user_union.o
    0x08000618   0x00000a88   Code   RO          167    .text               user_sensor.o
    0x080010a0   0x00001950   Code   RO          187    .text               user_disp_0832.o
    0x080029f0   0x000008d2   Code   RO          206    .text               user_disp_tm1620.o
    0x080032c2   0x00000002   PAD
    0x080032c4   0x00000b34   Code   RO          225    .text               user_display.o
    0x08003df8   0x00000edc   Code   RO          240    .text               user_key_0832_12key.o
    0x08004cd4   0x00000160   Code   RO          263    .text               user_adc.o
    0x08004e34   0x000001a8   Code   RO          282    .text               user_beepcon.o
    0x08004fdc   0x00000570   Code   RO          294    .text               user_common.o
    0x0800554c   0x00000078   Code   RO          309    .text               user_dam_adc.o
    0x080055c4   0x0000071c   Code   RO          324    .text               user_eeprom.o
    0x08005ce0   0x000000f0   Code   RO          344    .text               user_motor.o
    0x08005dd0   0x000001a4   Code   RO          356    .text               user_stm32f10x_it.o
    0x08005f74   0x000002cc   Code   RO          369    .text               user_sysconfig.o
    0x08006240   0x000001a0   Code   RO          393    .text               user_timer.o
    0x080063e0   0x00000230   Code   RO          408    .text               user_usart.o
    0x08006610   0x000006e8   Code   RO          427    .text               user_voice.o
    0x08006cf8   0x000004f4   Code   RO          447    .text               user_tm1616.o
    0x080071ec   0x000000dc   Code   RO          463    .text               misc.o
    0x080072c8   0x0000044e   Code   RO          475    .text               stm32f10x_adc.o
    0x08007716   0x00000002   PAD
    0x08007718   0x00000254   Code   RO          487    .text               stm32f10x_dma.o
    0x0800796c   0x0000011c   Code   RO          499    .text               stm32f10x_exti.o
    0x08007a88   0x000005bc   Code   RO          511    .text               stm32f10x_flash.o
    0x08008044   0x0000035c   Code   RO          523    .text               stm32f10x_gpio.o
    0x080083a0   0x00000480   Code   RO          535    .text               stm32f10x_rcc.o
    0x08008820   0x00000e1a   Code   RO          549    .text               stm32f10x_tim.o
    0x0800963a   0x00000002   PAD
    0x0800963c   0x00000408   Code   RO          561    .text               stm32f10x_usart.o
    0x08009a44   0x00000280   Code   RO          584    .text               system_stm32f10x.o
    0x08009cc4   0x00000024   Code   RO          605    .text               startup_stm32f10x_cl.o
    0x08009ce8   0x00000024   Code   RO          612    .text               mc_w.l(memseta.o)
    0x08009d0c   0x00000064   Code   RO          614    .text               mf_w.l(fmul.o)
    0x08009d70   0x0000007c   Code   RO          616    .text               mf_w.l(fdiv.o)
    0x08009dec   0x0000014e   Code   RO          618    .text               mf_w.l(dadd.o)
    0x08009f3a   0x0000000a   Code   RO          620    .text               mf_w.l(ffltui.o)
    0x08009f44   0x00000022   Code   RO          622    .text               mf_w.l(dflti.o)
    0x08009f66   0x00000028   Code   RO          624    .text               mf_w.l(ffixui.o)
    0x08009f8e   0x0000003e   Code   RO          626    .text               mf_w.l(dfixi.o)
    0x08009fcc   0x0000001e   Code   RO          642    .text               mc_w.l(llshl.o)
    0x08009fea   0x00000020   Code   RO          644    .text               mc_w.l(llushr.o)
    0x0800a00a   0x00000024   Code   RO          646    .text               mc_w.l(llsshr.o)
    0x0800a02e   0x00000000   Code   RO          648    .text               mc_w.l(iusefp.o)
    0x0800a02e   0x0000006e   Code   RO          649    .text               mf_w.l(fepilogue.o)
    0x0800a09c   0x000000b6   Code   RO          651    .text               mf_w.l(depilogue.o)
    0x0800a152   0x00000002   PAD
    0x0800a154   0x00000024   Code   RO          653    .text               mc_w.l(init.o)
    0x0800a178   0x0000000e   Code   RO          657    i.__scatterload_copy  mc_w.l(handlers.o)
    0x0800a186   0x00000002   Code   RO          658    i.__scatterload_null  mc_w.l(handlers.o)
    0x0800a188   0x0000000e   Code   RO          659    i.__scatterload_zeroinit  mc_w.l(handlers.o)
    0x0800a196   0x0000003a   Data   RO            2    .constdata          user_main.o
    0x0800a1d0   0x000000f4   Data   RO          189    .constdata          user_disp_0832.o
    0x0800a2c4   0x0000001d   Data   RO          208    .constdata          user_disp_tm1620.o
    0x0800a2e1   0x00000003   PAD
    0x0800a2e4   0x0000009c   Data   RO          226    .constdata          user_display.o
    0x0800a380   0x000001ea   Data   RO          295    .constdata          user_common.o
    0x0800a56a   0x00000057   Data   RO          449    .constdata          user_tm1616.o
    0x0800a5c1   0x00000003   PAD
    0x0800a5c4   0x00000020   Data   RO          655    Region$$Table       anon$$obj.o


    Execution Region RW_IRAM1 (Base: 0x20000000, Size: 0x00000938, Max: 0x00010000, ABSOLUTE)

    Base Addr    Size         Type   Attr      Idx    E Section Name        Object

    0x20000000   0x0000000c   Data   RW          169    .data               user_sensor.o
    0x2000000c   0x0000006c   Data   RW          242    .data               user_key_0832_12key.o
    0x20000078   0x0000000a   Data   RW          326    .data               user_eeprom.o
    0x20000082   0x00000002   PAD
    0x20000084   0x0000000c   Data   RW          357    .data               user_stm32f10x_it.o
    0x20000090   0x00000008   Data   RW          371    .data               user_sysconfig.o
    0x20000098   0x00000004   Data   RW          429    .data               user_voice.o
    0x2000009c   0x00000018   Data   RW          536    .data               stm32f10x_rcc.o
    0x200000b4   0x00000014   Data   RW          585    .data               system_stm32f10x.o
    0x200000c8   0x00000140   Zero   RW          146    .bss                user_union.o
    0x20000208   0x00000090   Zero   RW          168    .bss                user_sensor.o
    0x20000298   0x00000040   Zero   RW          188    .bss                user_disp_0832.o
    0x200002d8   0x0000001a   Zero   RW          207    .bss                user_disp_tm1620.o
    0x200002f2   0x0000002e   Zero   RW          241    .bss                user_key_0832_12key.o
    0x20000320   0x00000026   Zero   RW          264    .bss                user_adc.o
    0x20000346   0x00000002   PAD
    0x20000348   0x0000002c   Zero   RW          310    .bss                user_dam_adc.o
    0x20000374   0x0000003e   Zero   RW          325    .bss                user_eeprom.o
    0x200003b2   0x00000002   PAD
    0x200003b4   0x0000014c   Zero   RW          370    .bss                user_sysconfig.o
    0x20000500   0x0000001a   Zero   RW          394    .bss                user_timer.o
    0x2000051a   0x0000000a   Zero   RW          428    .bss                user_voice.o
    0x20000524   0x00000010   Zero   RW          448    .bss                user_tm1616.o
    0x20000534   0x00000004   PAD
    0x20000538   0x00000400   Zero   RW          602    STACK               startup_stm32f10x_cl.o


==============================================================================

Image component sizes


      Code (inc. data)   RO Data    RW Data    ZI Data      Debug   Object Name

         0          0          0          0          0         32   core_cm3.o
       220         22          0          0          0       1905   misc.o
        36          8        336          0       1024        876   startup_stm32f10x_cl.o
      1102         26          0          0          0      10937   stm32f10x_adc.o
       596          8          0          0          0       4434   stm32f10x_dma.o
       284         10          0          0          0       2339   stm32f10x_exti.o
      1468         34          0          0          0       8134   stm32f10x_flash.o
       860         38          0          0          0       5749   stm32f10x_gpio.o
      1152         74          0         24          0      11174   stm32f10x_rcc.o
      3610         88          0          0          0      22236   stm32f10x_tim.o
      1032         22          0          0          0       8472   stm32f10x_usart.o
       640         44          0         20          0       2203   system_stm32f10x.o
       352         22          0          0         38       1572   user_adc.o
       424         18          0          0          0        983   user_beepcon.o
      1392         60        490          0          0       2662   user_common.o
       120         16          0          0         44        946   user_dam_adc.o
      6480        172        244          0         64       9561   user_disp_0832.o
      2258        114         29          0         26       5110   user_disp_tm1620.o
      2868         56        156          0          0       4280   user_display.o
      1820        136          0         10         62       6039   user_eeprom.o
      3804        124          0        108         46      13336   user_key_0832_12key.o
       188         10         58          0          0     308788   user_main.o
       240         20          0          0          0       1022   user_motor.o
      2696        118          0         12        144       9569   user_sensor.o
       420         52          0         12          0       2463   user_stm32f10x_it.o
       716         62          0          8        332      23491   user_sysconfig.o
       416         28          0          0         26       2088   user_timer.o
      1268         62         87          0         16       2983   user_tm1616.o
      1016         46          0          0        320       2281   user_union.o
       560         14          0          0          0       3478   user_usart.o
      1768         60          0          4         10      11094   user_voice.o

    ----------------------------------------------------------------------
     39812       1564       1438        200       2160     490237   Object Totals
         0          0         32          0          0          0   (incl. Generated)
         6          0          6          2          8          0   (incl. Padding)

    ----------------------------------------------------------------------

      Code (inc. data)   RO Data    RW Data    ZI Data      Debug   Library Member Name

         0          0          0          0          0          0   entry.o
         0          0          0          0          0          0   entry10a.o
         0          0          0          0          0          0   entry11a.o
         8          4          0          0          0          0   entry2.o
         4          0          0          0          0          0   entry5.o
         0          0          0          0          0          0   entry7b.o
         0          0          0          0          0          0   entry8b.o
         8          4          0          0          0          0   entry9a.o
        30          0          0          0          0          0   handlers.o
        36          8          0          0          0         68   init.o
         0          0          0          0          0          0   iusefp.o
        30          0          0          0          0         68   llshl.o
        36          0          0          0          0         68   llsshr.o
        32          0          0          0          0         68   llushr.o
        36          0          0          0          0        108   memseta.o
       334          0          0          0          0        148   dadd.o
       182          0          0          0          0        176   depilogue.o
        62          0          0          0          0         80   dfixi.o
        34          0          0          0          0         76   dflti.o
       124          0          0          0          0         88   fdiv.o
       110          0          0          0          0        168   fepilogue.o
        40          0          0          0          0         68   ffixui.o
        10          0          0          0          0         68   ffltui.o
       100          0          0          0          0         76   fmul.o

    ----------------------------------------------------------------------
      1218         16          0          0          0       1328   Library Totals
         2          0          0          0          0          0   (incl. Padding)

    ----------------------------------------------------------------------

      Code (inc. data)   RO Data    RW Data    ZI Data      Debug   Library Name

       220         16          0          0          0        380   mc_w.l
       996          0          0          0          0        948   mf_w.l

    ----------------------------------------------------------------------
      1218         16          0          0          0       1328   Library Totals

    ----------------------------------------------------------------------

==============================================================================


      Code (inc. data)   RO Data    RW Data    ZI Data      Debug   

     41030       1580       1438        200       2160     487817   Grand Totals
     41030       1580       1438        200       2160     487817   ELF Image Totals
     41030       1580       1438        200          0          0   ROM Totals

==============================================================================

    Total RO  Size (Code + RO Data)                42468 (  41.47kB)
    Total RW  Size (RW Data + ZI Data)              2360 (   2.30kB)
    Total ROM Size (Code + RO Data + RW Data)      42668 (  41.67kB)

==============================================================================

